 PhysX3CookingDEBUG_x86

 Timestamp is 58ca8083 (Thu Mar 16 12:09:39 2017)

 Preferred load address is 10000000

 Start         Length     Name                   Class
 0001:00000000 0000a390H .text$di                CODE
 0001:0000a390 000dc460H .text$mn                CODE
 0001:000e67f0 000010e8H .text$x                 CODE
 0002:00000000 00000104H .CRT$XCA                DATA
 0002:00000104 000001f4H .CRT$XCU                DATA
 0002:000002f8 00000104H .CRT$XCZ                DATA
 0002:000003fc 00000104H .CRT$XIA                DATA
 0002:00000500 00000110H .CRT$XIC                DATA
 0002:00000610 00000104H .CRT$XIZ                DATA
 0002:00000714 00000104H .CRT$XPA                DATA
 0002:00000818 0000010cH .CRT$XPX                DATA
 0002:00000924 00000104H .CRT$XPXA               DATA
 0002:00000a28 00000104H .CRT$XPZ                DATA
 0002:00000b2c 00000104H .CRT$XTA                DATA
 0002:00000c30 00000110H .CRT$XTZ                DATA
 0002:00000d40 00029c94H .rdata                  DATA
 0002:0002a9d4 0000050cH .rdata$r                DATA
 0002:0002aee0 0000012cH .rdata$sxdata           DATA
 0002:0002b00c 00000194H .rdata$zzzdbg           DATA
 0002:0002b1a0 00000104H .rtc$IAA                DATA
 0002:0002b2a4 0000015cH .rtc$IMZ                DATA
 0002:0002b400 00000104H .rtc$IZZ                DATA
 0002:0002b504 00000104H .rtc$TAA                DATA
 0002:0002b608 0000015cH .rtc$TMZ                DATA
 0002:0002b764 00000104H .rtc$TZZ                DATA
 0002:0002b868 00000ed8H .xdata$x                DATA
 0002:0002c740 000001a0H .edata                  DATA
 0003:00000000 00000ab0H .data                   DATA
 0003:00000ab0 000005e0H .data$r                 DATA
 0003:00001090 00001ca8H .bss                    DATA
 0004:00000000 000001e0H .idata$5                DATA
 0004:000001e0 00000014H .idata$2                DATA
 0004:000001f4 00000014H .idata$3                DATA
 0004:00000208 000001e0H .idata$4                DATA
 0004:000003e8 00000875H .idata$6                DATA
 0005:00000000 00000040H .didat$2                DATA
 0005:00000040 00000020H .didat$3                DATA
 0005:00000060 00000150H .didat$4                DATA
 0005:000001b0 00000150H .didat$5                DATA
 0005:00000300 00000be8H .didat$6                DATA
 0005:00000ee8 000001edH .didat$7                DATA
 0006:00000000 00000208H .gfids$x                DATA
 0006:00000208 00000202H .gfids$y                DATA
 0007:00000000 00000104H .00cfg                  DATA
 0008:00000000 000001c0H .rsrc$01                DATA
 0008:000001c0 000006a9H .rsrc$02                DATA

  Address         Publics by Value              Rva+Base       Lib:Object

 0000:00000000       ___dynamic_value_reloc_table 00000000     <absolute>
 0000:00000000       ___guard_iat_table         00000000     <absolute>
 0000:00000000       ___guard_fids_table        00000000     <absolute>
 0000:00000000       ___guard_iat_count         00000000     <absolute>
 0000:00000000       ___guard_longjmp_count     00000000     <absolute>
 0000:00000000       ___guard_fids_count        00000000     <absolute>
 0000:00000000       __except_list              00000000     <absolute>
 0000:00000000       ___guard_longjmp_table     00000000     <absolute>
 0000:00000009       ___safe_se_handler_count   00000009     <absolute>
 0000:00000100       ___guard_flags             00000100     <absolute>
 0000:00000000       ___ImageBase               10000000     <linker-defined>
 0001:0000a390       _PxSetPhysXCookingDelayLoadHook 1000b390 f   WindowsCookingDelayLoadHook.obj
 0001:0000a3a0       ?delayHook@@YGP6GHXZIPAUDelayLoadInfo@@@Z 1000b3a0 f   WindowsCookingDelayLoadHook.obj
 0001:0000a420       ?foundationDliNotePreLoadLibrary@shdfnd@physx@@YGP6GHXZPBDPBVPxFoundationDelayLoadHook@2@@Z 1000b420 f i WindowsCookingDelayLoadHook.obj
 0001:0000a530       ?loadLibrary@Cm@physx@@YGPAUHINSTANCE__@@PBD@Z 1000b530 f i WindowsCookingDelayLoadHook.obj
 0001:0000a550       ?physXCommonDliNotePreLoadLibrary@Cm@physx@@YGP6GHXZPBDPBVPxDelayLoadHook@2@@Z 1000b550 f i WindowsCookingDelayLoadHook.obj
 0001:0000a770       ?saveHeightField@physx@@YA_NABVHeightField@Gu@1@AAVPxOutputStream@1@_N@Z 1000b770 f   HeightFieldCooking.obj
 0001:0000ab20       ??APxVec3@physx@@QBEABMI@Z 1000bb20 f i HeightFieldCooking.obj
 0001:0000ab90       ??B?$PxFlags@W4Enum@PxHeightFieldFlag@physx@@G@physx@@QBEGXZ 1000bb90 f i HeightFieldCooking.obj
 0001:0000abb0       ?__empty_global_delete@@YAXPAX@Z 1000bbb0 f i HeightFieldCooking.obj
 0001:0000abc0       ?__empty_global_delete@@YAXPAXI@Z 1000bbc0 f i HeightFieldCooking.obj
 0001:0000abc0       ?__global_delete@@YAXPAXI@Z 1000bbc0 f i HeightFieldCooking.obj
 0001:0000abc0       ?__global_array_delete@@YAXPAXI@Z 1000bbc0 f i HeightFieldCooking.obj
 0001:0000abd0       ?getData@HeightField@Gu@physx@@QBEABUHeightFieldData@23@XZ 1000bbd0 f i HeightFieldCooking.obj
 0001:0000abf0       ?getMax@CenterExtents@Gu@physx@@QBEMI@Z 1000bbf0 f i HeightFieldCooking.obj
 0001:0000ac40       ?getMin@CenterExtents@Gu@physx@@QBEMI@Z 1000bc40 f i HeightFieldCooking.obj
 0001:0000ac90       ?buildFromTriangles@RTreeCooker@physx@@SAXAAURTree@Gu@2@PBVPxVec3@2@IPBGPBIIAAV?$Array@IVNamedAllocator@shdfnd@physx@@@shdfnd@2@PAURemapCallback@12@MW4Enum@PxMeshCookingHint@2@@Z 1000bc90 f   RTreeCooking.obj
 0001:0000c010       ??$PX_UNUSED@I@@YAXABI@Z   1000d010 f i RTreeCooking.obj
 0001:0000c020       ??$PX_UNUSED@M@@YAXABM@Z   1000d020 f i RTreeCooking.obj
 0001:0000c030       ??$PX_UNUSED@PAURTreeNodeNQ@physx@@@@YAXABQAURTreeNodeNQ@physx@@@Z 1000d030 f i RTreeCooking.obj
 0001:0000c040       ??$PX_UNUSED@URTreeNodeNQ@physx@@@@YAXABURTreeNodeNQ@physx@@@Z 1000d040 f i RTreeCooking.obj
 0001:0000c050       ??$PxMax@H@physx@@YAHHH@Z  1000d050 f i RTreeCooking.obj
 0001:0000c080       ??$PxMax@I@physx@@YAIII@Z  1000d080 f i RTreeCooking.obj
 0001:0000c0b0       ??$PxMax@M@physx@@YAMMM@Z  1000d0b0 f i RTreeCooking.obj
 0001:0000c0e0       ??$PxMin@I@physx@@YAIII@Z  1000d0e0 f i RTreeCooking.obj
 0001:0000c110       ??$PxMin@M@physx@@YAMMM@Z  1000d110 f i RTreeCooking.obj
 0001:0000c140       ??$median3@I$$CBU?$Less@I@shdfnd@physx@@@internal@shdfnd@physx@@YAXPAIHHABU?$Less@I@12@@Z 1000d140 f i RTreeCooking.obj
 0001:0000c270       ??$median3@I$$CBUSortBoundsPredicate@physx@@@internal@shdfnd@physx@@YAXPAIHHABUSortBoundsPredicate@2@@Z 1000d270 f i RTreeCooking.obj
 0001:0000c3a0       ??$partition@I$$CBU?$Less@I@shdfnd@physx@@@internal@shdfnd@physx@@YAHPAIHHABU?$Less@I@12@@Z 1000d3a0 f i RTreeCooking.obj
 0001:0000c560       ??$partition@I$$CBUSortBoundsPredicate@physx@@@internal@shdfnd@physx@@YAHPAIHHABUSortBoundsPredicate@2@@Z 1000d560 f i RTreeCooking.obj
 0001:0000c720       ??$partition@UBoundsLTE@physx@@@quickSelect@physx@@YAIPIAIIIIABUBoundsLTE@1@@Z 1000d720 f i RTreeCooking.obj
 0001:0000c9b0       ??$quickSelectFirstK@UBoundsLTE@physx@@@quickSelect@physx@@YAXPIAIIIIABUBoundsLTE@1@@Z 1000d9b0 f i RTreeCooking.obj
 0001:0000cae0       ??$smallSort@I$$CBU?$Less@I@shdfnd@physx@@@internal@shdfnd@physx@@YAXPAIHHABU?$Less@I@12@@Z 1000dae0 f i RTreeCooking.obj
 0001:0000cba0       ??$smallSort@I$$CBUSortBoundsPredicate@physx@@@internal@shdfnd@physx@@YAXPAIHHABUSortBoundsPredicate@2@@Z 1000dba0 f i RTreeCooking.obj
 0001:0000cc60       ??$sort@I@shdfnd@physx@@YAXPAII@Z 1000dc60 f i RTreeCooking.obj
 0001:0000cca0       ??$sort@IU?$Less@I@shdfnd@physx@@VNamedAllocator@23@@shdfnd@physx@@YAXPAIIABU?$Less@I@01@ABVNamedAllocator@01@I@Z 1000dca0 f i RTreeCooking.obj
 0001:0000cf60       ??$sort@IUSortBoundsPredicate@physx@@@shdfnd@physx@@YAXPAIIABUSortBoundsPredicate@1@@Z 1000df60 f i RTreeCooking.obj
 0001:0000cfa0       ??$sort@IUSortBoundsPredicate@physx@@VNamedAllocator@shdfnd@2@@shdfnd@physx@@YAXPAIIABUSortBoundsPredicate@1@ABVNamedAllocator@01@I@Z 1000dfa0 f i RTreeCooking.obj
 0001:0000d260       ??$swap@I@shdfnd@physx@@YAXAAI0@Z 1000e260 f i RTreeCooking.obj
 0001:0000d290       ??0?$AlignedAllocator@$0IA@VNonTrackingAllocator@shdfnd@physx@@@shdfnd@physx@@QAE@ABVNonTrackingAllocator@12@@Z 1000e290 f i RTreeCooking.obj
 0001:0000d2b0       ??0?$Array@IVNamedAllocator@shdfnd@physx@@@shdfnd@physx@@QAE@IABIABVNamedAllocator@12@@Z 1000e2b0 f i RTreeCooking.obj
 0001:0000d310       ??0?$Array@UInterval@physx@@V?$InlineAllocator@$0CA@VNamedAllocator@shdfnd@physx@@@shdfnd@2@@shdfnd@physx@@QAE@ABV?$InlineAllocator@$0CA@VNamedAllocator@shdfnd@physx@@@12@@Z 1000e310 f i RTreeCooking.obj
 0001:0000d360       ??0?$Array@UPxBounds3V@physx@@VNamedAllocator@shdfnd@2@@shdfnd@physx@@QAE@ABVNamedAllocator@12@@Z 1000e360 f i RTreeCooking.obj
 0001:0000d3b0       ??0?$Array@URTreeNodeNQ@physx@@VNamedAllocator@shdfnd@2@@shdfnd@physx@@QAE@ABVNamedAllocator@12@@Z 1000e3b0 f i RTreeCooking.obj
 0001:0000d400       ??0?$Array@URTreeNodeQ@Gu@physx@@VNamedAllocator@shdfnd@3@@shdfnd@physx@@QAE@ABVNamedAllocator@12@@Z 1000e400 f i RTreeCooking.obj
 0001:0000d450       ??0?$Array@VPxVec3@physx@@VNamedAllocator@shdfnd@2@@shdfnd@physx@@QAE@ABVNamedAllocator@12@@Z 1000e450 f i RTreeCooking.obj
 0001:0000d4a0       ??0?$InlineAllocator@$0CA@VNamedAllocator@shdfnd@physx@@@shdfnd@physx@@QAE@ABV012@@Z 1000e4a0 f i RTreeCooking.obj
 0001:0000d4d0       ??0?$InlineAllocator@$0CA@VNamedAllocator@shdfnd@physx@@@shdfnd@physx@@QAE@ABVNamedAllocator@12@@Z 1000e4d0 f i RTreeCooking.obj
 0001:0000d500       ??0?$InlineArray@UInterval@physx@@$03VNamedAllocator@shdfnd@2@@shdfnd@physx@@QAE@ABVNamedAllocator@12@@Z 1000e500 f i RTreeCooking.obj
 0001:0000d560       ??0?$ScopedPointer@HVTempAllocator@shdfnd@physx@@@shdfnd@physx@@QAE@XZ 1000e560 f i RTreeCooking.obj
 0001:0000d580       ??0?$Stack@VNamedAllocator@shdfnd@physx@@@internal@shdfnd@physx@@QAE@PAHIABVNamedAllocator@23@@Z 1000e580 f i RTreeCooking.obj
 0001:0000d5d0       ??0BoundsLTE@physx@@QAE@IPBVPxVec3@1@@Z 1000e5d0 f i RTreeCooking.obj
 0001:0000d600       ??0Interval@physx@@QAE@II@Z 1000e600 f i RTreeCooking.obj
 0001:0000d630       ??0NonTrackingAllocator@shdfnd@physx@@QAE@PBD@Z 1000e630 f i RTreeCooking.obj
 0001:0000d650       ??0PxBounds3@physx@@QAE@ABV01@@Z 1000e650 f i RTreeCooking.obj
 0001:0000d690       ??0PxBounds3@physx@@QAE@ABVPxVec3@1@0@Z 1000e690 f i RTreeCooking.obj
 0001:0000d6d0       ??0PxBounds3V@physx@@QAE@AAT__m128@@0@Z 1000e6d0 f i RTreeCooking.obj
 0001:0000d710       ??0PxBounds3V@physx@@QAE@UU@01@@Z 1000e710 f i RTreeCooking.obj
 0001:0000d730       ??0PxVec3@physx@@QAE@ABV01@@Z 1000e730 f i RTreeCooking.obj
 0001:0000d770       ??0PxVec3@physx@@QAE@M@Z   1000e770 f i RTreeCooking.obj
 0001:0000d7c0       ??0PxVec3@physx@@QAE@MMM@Z 1000e7c0 f i RTreeCooking.obj
 0001:0000d810       ??0PxVec3@physx@@QAE@XZ    1000e810 f i RTreeCooking.obj
 0001:0000d830       ??0PxVec4@physx@@QAE@ABVPxVec3@1@M@Z 1000e830 f i RTreeCooking.obj
 0001:0000d880       ??0PxVec4@physx@@QAE@M@Z   1000e880 f i RTreeCooking.obj
 0001:0000d8e0       ??0PxVec4@physx@@QAE@MMMM@Z 1000e8e0 f i RTreeCooking.obj
 0001:0000d940       ??0RTreeNodeNQ@physx@@QAE@ABU01@@Z 1000e940 f i RTreeCooking.obj
 0001:0000d990       ??0RTreeNodeNQ@physx@@QAE@XZ 1000e990 f i RTreeCooking.obj
 0001:0000d9d0       ??0SortBoundsPredicate@physx@@QAE@IPBUPxBounds3V@1@@Z 1000e9d0 f i RTreeCooking.obj
 0001:0000da00       ??0SubSortQuick@physx@@QAE@PAIPBUPxBounds3V@1@IM@Z 1000ea00 f i RTreeCooking.obj
 0001:0000db60       ??0SubSortSAH@physx@@QAE@PAIPBUPxBounds3V@1@IPBI22222M@Z 1000eb60 f i RTreeCooking.obj
 0001:0000dd00       ??0TempAllocator@shdfnd@physx@@QAE@PBD@Z 1000ed00 f i RTreeCooking.obj
 0001:0000dd20       ??1?$Array@IVNamedAllocator@shdfnd@physx@@@shdfnd@physx@@QAE@XZ 1000ed20 f i RTreeCooking.obj
 0001:0000dd90       ??1?$Array@UInterval@physx@@V?$InlineAllocator@$0CA@VNamedAllocator@shdfnd@physx@@@shdfnd@2@@shdfnd@physx@@QAE@XZ 1000ed90 f i RTreeCooking.obj
 0001:0000de00       ??1?$Array@UPxBounds3V@physx@@VNamedAllocator@shdfnd@2@@shdfnd@physx@@QAE@XZ 1000ee00 f i RTreeCooking.obj
 0001:0000de70       ??1?$Array@URTreeNodeNQ@physx@@VNamedAllocator@shdfnd@2@@shdfnd@physx@@QAE@XZ 1000ee70 f i RTreeCooking.obj
 0001:0000dee0       ??1?$Array@URTreeNodeQ@Gu@physx@@VNamedAllocator@shdfnd@3@@shdfnd@physx@@QAE@XZ 1000eee0 f i RTreeCooking.obj
 0001:0000df50       ??1?$Array@VPxVec3@physx@@VNamedAllocator@shdfnd@2@@shdfnd@physx@@QAE@XZ 1000ef50 f i RTreeCooking.obj
 0001:0000dfc0       ??1?$InlineAllocator@$0CA@VNamedAllocator@shdfnd@physx@@@shdfnd@physx@@QAE@XZ 1000efc0 f i RTreeCooking.obj
 0001:0000dfe0       ??1?$InlineArray@UInterval@physx@@$03VNamedAllocator@shdfnd@2@@shdfnd@physx@@QAE@XZ 1000efe0 f i RTreeCooking.obj
 0001:0000e000       ??1?$ScopedPointer@HVTempAllocator@shdfnd@physx@@@shdfnd@physx@@QAE@XZ 1000f000 f i RTreeCooking.obj
 0001:0000e030       ??1?$Stack@VNamedAllocator@shdfnd@physx@@@internal@shdfnd@physx@@QAE@XZ 1000f030 f i RTreeCooking.obj
 0001:0000e070       ??1SubSortQuick@physx@@QAE@XZ 1000f070 f i RTreeCooking.obj
 0001:0000e090       ??1SubSortSAH@physx@@QAE@XZ 1000f090 f i RTreeCooking.obj
 0001:0000e140       ??2@YAPAXIPAX@Z            1000f140 f i RTreeCooking.obj
 0001:0000e150       ??4PxVec3@physx@@QAEAAV01@ABV01@@Z 1000f150 f i RTreeCooking.obj
 0001:0000e190       ??4PxVec4@physx@@QAEAAV01@ABV01@@Z 1000f190 f i RTreeCooking.obj
 0001:0000e1e0       ??A?$Array@IVNamedAllocator@shdfnd@physx@@@shdfnd@physx@@QAEAAII@Z 1000f1e0 f i RTreeCooking.obj
 0001:0000e250       ??A?$Array@UInterval@physx@@V?$InlineAllocator@$0CA@VNamedAllocator@shdfnd@physx@@@shdfnd@2@@shdfnd@physx@@QAEAAUInterval@2@I@Z 1000f250 f i RTreeCooking.obj
 0001:0000e2d0       ??A?$Array@URTreeNodeNQ@physx@@VNamedAllocator@shdfnd@2@@shdfnd@physx@@QAEAAURTreeNodeNQ@2@I@Z 1000f2d0 f i RTreeCooking.obj
 0001:0000e340       ??A?$Array@URTreeNodeQ@Gu@physx@@VNamedAllocator@shdfnd@3@@shdfnd@physx@@QAEAAURTreeNodeQ@Gu@2@I@Z 1000f340 f i RTreeCooking.obj
 0001:0000e3b0       ??B?$ScopedPointer@HVTempAllocator@shdfnd@physx@@@shdfnd@physx@@QBEPAHXZ 1000f3b0 f i RTreeCooking.obj
 0001:0000e3d0       ??GPxVec4@physx@@QBE?AV01@ABV01@@Z 1000f3d0 f i RTreeCooking.obj
 0001:0000e460       ??HPxVec3@physx@@QBE?AV01@ABV01@@Z 1000f460 f i RTreeCooking.obj
 0001:0000e4d0       ??KPxVec4@physx@@QBE?AV01@M@Z 1000f4d0 f i RTreeCooking.obj
 0001:0000e570       ??R?$Less@I@shdfnd@physx@@QBE_NABI0@Z 1000f570 f i RTreeCooking.obj
 0001:0000e5b0       ??RBoundsLTE@physx@@QBE_NABI0@Z 1000f5b0 f i RTreeCooking.obj
 0001:0000e640       ??RSortBoundsPredicate@physx@@QBE_NABI0@Z 1000f640 f i RTreeCooking.obj
 0001:0000e770       ??_H@YGXPAXIIP6EPAX0@Z@Z   1000f770 f i RTreeCooking.obj
 0001:0000e7d0       ?FLoad@aos@shdfnd@physx@@YA?AT__m128@@M@Z 1000f7d0 f i RTreeCooking.obj
 0001:0000e810       ?FMax@aos@shdfnd@physx@@YA?AT__m128@@XZ 1000f810 f i RTreeCooking.obj
 0001:0000e860       ?FNegMax@aos@shdfnd@physx@@YA?AT__m128@@XZ 1000f860 f i RTreeCooking.obj
 0001:0000e8b0       ?FStore@aos@shdfnd@physx@@YAXT__m128@@PIAM@Z 1000f8b0 f i RTreeCooking.obj
 0001:0000e950       ?PxAbs@physx@@YAHH@Z       1000f950 f i RTreeCooking.obj
 0001:0000e970       ?PxAbs@physx@@YAMM@Z       1000f970 f i RTreeCooking.obj
 0001:0000e990       ?PxIsFinite@physx@@YA_NM@Z 1000f990 f i RTreeCooking.obj
 0001:0000e9b0       ?PxMemCopy@physx@@YAPAXPIAXPIBXI@Z 1000f9b0 f i RTreeCooking.obj
 0001:0000e9d0       ?V3Add@aos@shdfnd@physx@@YA?AT__m128@@T4@0@Z 1000f9d0 f i RTreeCooking.obj
 0001:0000ead0       ?V3Dot@aos@shdfnd@physx@@YA?AT__m128@@T4@0@Z 1000fad0 f i RTreeCooking.obj
 0001:0000ec50       ?V3Load@aos@shdfnd@physx@@YA?AT__m128@@M@Z 1000fc50 f i RTreeCooking.obj
 0001:0000ecb0       ?V3LoadU@aos@shdfnd@physx@@YA?AT__m128@@ABVPxVec3@3@@Z 1000fcb0 f i RTreeCooking.obj
 0001:0000ed10       ?V3Max@aos@shdfnd@physx@@YA?AT__m128@@T4@0@Z 1000fd10 f i RTreeCooking.obj
 0001:0000ee10       ?V3Min@aos@shdfnd@physx@@YA?AT__m128@@T4@0@Z 1000fe10 f i RTreeCooking.obj
 0001:0000ef10       ?V3PermZXY@aos@shdfnd@physx@@YA?AT__m128@@T4@@Z 1000ff10 f i RTreeCooking.obj
 0001:0000efb0       ?V3ReadXYZ@aos@shdfnd@physx@@YAABVPxVec3@3@ABT__m128@@@Z 1000ffb0 f i RTreeCooking.obj
 0001:0000efc0       ?V3Splat@aos@shdfnd@physx@@YA?AT__m128@@T4@@Z 1000ffc0 f i RTreeCooking.obj
 0001:0000f090       ?V3StoreA@aos@shdfnd@physx@@YAXT__m128@@AAVPxVec3@3@@Z 10010090 f i RTreeCooking.obj
 0001:0000f180       ?V3StoreU@aos@shdfnd@physx@@YAXT__m128@@AAVPxVec3@3@@Z 10010180 f i RTreeCooking.obj
 0001:0000f220       ?V3Sub@aos@shdfnd@physx@@YA?AT__m128@@T4@0@Z 10010220 f i RTreeCooking.obj
 0001:0000f320       ?V3Zero@aos@shdfnd@physx@@YA?AT__m128@@XZ 10010320 f i RTreeCooking.obj
 0001:0000f360       ?V4ClearW@aos@shdfnd@physx@@YA?AT__m128@@T4@@Z 10010360 f i RTreeCooking.obj
 0001:0000f3b0       ?V4Load@aos@shdfnd@physx@@YA?AT__m128@@M@Z 100103b0 f i RTreeCooking.obj
 0001:0000f3f0       ?V4ReadW@aos@shdfnd@physx@@YAMABT__m128@@@Z 100103f0 f i RTreeCooking.obj
 0001:0000f400       ?V4ReadX@aos@shdfnd@physx@@YAMABT__m128@@@Z 10010400 f i RTreeCooking.obj
 0001:0000f410       ?V4ReadY@aos@shdfnd@physx@@YAMABT__m128@@@Z 10010410 f i RTreeCooking.obj
 0001:0000f420       ?V4ReadZ@aos@shdfnd@physx@@YAMABT__m128@@@Z 10010420 f i RTreeCooking.obj
 0001:0000f430       ?V4StoreA@aos@shdfnd@physx@@YAXT__m128@@PAM@Z 10010430 f i RTreeCooking.obj
 0001:0000f4d0       ?Vec3V_From_FloatV@aos@shdfnd@physx@@YA?AT__m128@@T4@@Z 100104d0 f i RTreeCooking.obj
 0001:0000f530       ?Vec3V_From_Vec4V@aos@shdfnd@physx@@YA?AT__m128@@T4@@Z 10010530 f i RTreeCooking.obj
 0001:0000f580       ?Vec4V_From_FloatV@aos@shdfnd@physx@@YA?AT__m128@@T4@@Z 10010580 f i RTreeCooking.obj
 0001:0000f5c0       ?abs@intrinsics@physx@@YAMM@Z 100105c0 f i RTreeCooking.obj
 0001:0000f5e0       ?allocate@?$AlignedAllocator@$0IA@VNonTrackingAllocator@shdfnd@physx@@@shdfnd@physx@@QAEPAXIPBDH@Z 100105e0 f i RTreeCooking.obj
 0001:0000f660       ?allocate@?$Array@IVNamedAllocator@shdfnd@physx@@@shdfnd@physx@@IAEPAII@Z 10010660 f i RTreeCooking.obj
 0001:0000f6e0       ?allocate@?$Array@UInterval@physx@@V?$InlineAllocator@$0CA@VNamedAllocator@shdfnd@physx@@@shdfnd@2@@shdfnd@physx@@IAEPAUInterval@3@I@Z 100106e0 f i RTreeCooking.obj
 0001:0000f760       ?allocate@?$Array@UPxBounds3V@physx@@VNamedAllocator@shdfnd@2@@shdfnd@physx@@IAEPAUPxBounds3V@3@I@Z 10010760 f i RTreeCooking.obj
 0001:0000f7e0       ?allocate@?$Array@URTreeNodeNQ@physx@@VNamedAllocator@shdfnd@2@@shdfnd@physx@@IAEPAURTreeNodeNQ@3@I@Z 100107e0 f i RTreeCooking.obj
 0001:0000f860       ?allocate@?$Array@URTreeNodeQ@Gu@physx@@VNamedAllocator@shdfnd@3@@shdfnd@physx@@IAEPAURTreeNodeQ@Gu@3@I@Z 10010860 f i RTreeCooking.obj
 0001:0000f8e0       ?allocate@?$Array@VPxVec3@physx@@VNamedAllocator@shdfnd@2@@shdfnd@physx@@IAEPAVPxVec3@3@I@Z 100108e0 f i RTreeCooking.obj
 0001:0000f960       ?allocate@?$InlineAllocator@$0CA@VNamedAllocator@shdfnd@physx@@@shdfnd@physx@@QAEPAXIPBDH@Z 10010960 f i RTreeCooking.obj
 0001:0000f9b0       ?allocate@NonTrackingAllocator@shdfnd@physx@@QAEPAXIPBDH@Z 100109b0 f i RTreeCooking.obj
 0001:0000fa10       ?begin@?$Array@IVNamedAllocator@shdfnd@physx@@@shdfnd@physx@@QAEPAIXZ 10010a10 f i RTreeCooking.obj
 0001:0000fa30       ?begin@?$Array@UPxBounds3V@physx@@VNamedAllocator@shdfnd@2@@shdfnd@physx@@QAEPAUPxBounds3V@3@XZ 10010a30 f i RTreeCooking.obj
 0001:0000fa50       ?begin@?$Array@VPxVec3@physx@@VNamedAllocator@shdfnd@2@@shdfnd@physx@@QAEPAVPxVec3@3@XZ 10010a50 f i RTreeCooking.obj
 0001:0000fa70       ?capacity@?$Array@IVNamedAllocator@shdfnd@physx@@@shdfnd@physx@@QBEIXZ 10010a70 f i RTreeCooking.obj
 0001:0000fa90       ?capacity@?$Array@UInterval@physx@@V?$InlineAllocator@$0CA@VNamedAllocator@shdfnd@physx@@@shdfnd@2@@shdfnd@physx@@QBEIXZ 10010a90 f i RTreeCooking.obj
 0001:0000fab0       ?capacity@?$Array@UPxBounds3V@physx@@VNamedAllocator@shdfnd@2@@shdfnd@physx@@QBEIXZ 10010ab0 f i RTreeCooking.obj
 0001:0000fad0       ?capacity@?$Array@URTreeNodeNQ@physx@@VNamedAllocator@shdfnd@2@@shdfnd@physx@@QBEIXZ 10010ad0 f i RTreeCooking.obj
 0001:0000faf0       ?capacity@?$Array@URTreeNodeQ@Gu@physx@@VNamedAllocator@shdfnd@3@@shdfnd@physx@@QBEIXZ 10010af0 f i RTreeCooking.obj
 0001:0000fb10       ?capacity@?$Array@VPxVec3@physx@@VNamedAllocator@shdfnd@2@@shdfnd@physx@@QBEIXZ 10010b10 f i RTreeCooking.obj
 0001:0000fb30       ?capacityIncrement@?$Array@IVNamedAllocator@shdfnd@physx@@@shdfnd@physx@@IBEIXZ 10010b30 f i RTreeCooking.obj
 0001:0000fb70       ?capacityIncrement@?$Array@UInterval@physx@@V?$InlineAllocator@$0CA@VNamedAllocator@shdfnd@physx@@@shdfnd@2@@shdfnd@physx@@IBEIXZ 10010b70 f i RTreeCooking.obj
 0001:0000fbb0       ?capacityIncrement@?$Array@UPxBounds3V@physx@@VNamedAllocator@shdfnd@2@@shdfnd@physx@@IBEIXZ 10010bb0 f i RTreeCooking.obj
 0001:0000fbf0       ?capacityIncrement@?$Array@URTreeNodeNQ@physx@@VNamedAllocator@shdfnd@2@@shdfnd@physx@@IBEIXZ 10010bf0 f i RTreeCooking.obj
 0001:0000fc30       ?capacityIncrement@?$Array@URTreeNodeQ@Gu@physx@@VNamedAllocator@shdfnd@3@@shdfnd@physx@@IBEIXZ 10010c30 f i RTreeCooking.obj
 0001:0000fc70       ?capacityIncrement@?$Array@VPxVec3@physx@@VNamedAllocator@shdfnd@2@@shdfnd@physx@@IBEIXZ 10010c70 f i RTreeCooking.obj
 0001:0000fcb0       ?computeSA@SubSortSAH@physx@@QAEMPBIABUInterval@2@@Z 10010cb0 f i RTreeCooking.obj
 0001:0000fe30       ?copy@?$Array@IVNamedAllocator@shdfnd@physx@@@shdfnd@physx@@KAXPAI0PBI@Z 10010e30 f i RTreeCooking.obj
 0001:0000fee0       ?copy@?$Array@UInterval@physx@@V?$InlineAllocator@$0CA@VNamedAllocator@shdfnd@physx@@@shdfnd@2@@shdfnd@physx@@KAXPAUInterval@3@0PBU43@@Z 10010ee0 f i RTreeCooking.obj
 0001:0000ffa0       ?copy@?$Array@UPxBounds3V@physx@@VNamedAllocator@shdfnd@2@@shdfnd@physx@@KAXPAUPxBounds3V@3@0PBU43@@Z 10010fa0 f i RTreeCooking.obj
 0001:00010060       ?copy@?$Array@URTreeNodeNQ@physx@@VNamedAllocator@shdfnd@2@@shdfnd@physx@@KAXPAURTreeNodeNQ@3@0PBU43@@Z 10011060 f i RTreeCooking.obj
 0001:00010110       ?copy@?$Array@URTreeNodeQ@Gu@physx@@VNamedAllocator@shdfnd@3@@shdfnd@physx@@KAXPAURTreeNodeQ@Gu@3@0PBU453@@Z 10011110 f i RTreeCooking.obj
 0001:000101e0       ?copy@?$Array@VPxVec3@physx@@VNamedAllocator@shdfnd@2@@shdfnd@physx@@KAXPAVPxVec3@3@0PBV43@@Z 100111e0 f i RTreeCooking.obj
 0001:000102a0       ?create@?$Array@IVNamedAllocator@shdfnd@physx@@@shdfnd@physx@@KAXPAI0ABI@Z 100112a0 f i RTreeCooking.obj
 0001:00010350       ?deallocate@?$Array@IVNamedAllocator@shdfnd@physx@@@shdfnd@physx@@IAEXPAX@Z 10011350 f i RTreeCooking.obj
 0001:00010370       ?deallocate@?$Array@UInterval@physx@@V?$InlineAllocator@$0CA@VNamedAllocator@shdfnd@physx@@@shdfnd@2@@shdfnd@physx@@IAEXPAX@Z 10011370 f i RTreeCooking.obj
 0001:00010390       ?deallocate@?$Array@UPxBounds3V@physx@@VNamedAllocator@shdfnd@2@@shdfnd@physx@@IAEXPAX@Z 10011390 f i RTreeCooking.obj
 0001:000103b0       ?deallocate@?$Array@URTreeNodeNQ@physx@@VNamedAllocator@shdfnd@2@@shdfnd@physx@@IAEXPAX@Z 100113b0 f i RTreeCooking.obj
 0001:000103d0       ?deallocate@?$Array@URTreeNodeQ@Gu@physx@@VNamedAllocator@shdfnd@3@@shdfnd@physx@@IAEXPAX@Z 100113d0 f i RTreeCooking.obj
 0001:000103f0       ?deallocate@?$Array@VPxVec3@physx@@VNamedAllocator@shdfnd@2@@shdfnd@physx@@IAEXPAX@Z 100113f0 f i RTreeCooking.obj
 0001:00010410       ?deallocate@?$InlineAllocator@$0CA@VNamedAllocator@shdfnd@physx@@@shdfnd@physx@@QAEXPAX@Z 10011410 f i RTreeCooking.obj
 0001:00010450       ?destroy@?$Array@IVNamedAllocator@shdfnd@physx@@@shdfnd@physx@@KAXPAI0@Z 10011450 f i RTreeCooking.obj
 0001:00010480       ?destroy@?$Array@UInterval@physx@@V?$InlineAllocator@$0CA@VNamedAllocator@shdfnd@physx@@@shdfnd@2@@shdfnd@physx@@KAXPAUInterval@3@0@Z 10011480 f i RTreeCooking.obj
 0001:000104b0       ?destroy@?$Array@UPxBounds3V@physx@@VNamedAllocator@shdfnd@2@@shdfnd@physx@@KAXPAUPxBounds3V@3@0@Z 100114b0 f i RTreeCooking.obj
 0001:000104e0       ?destroy@?$Array@URTreeNodeNQ@physx@@VNamedAllocator@shdfnd@2@@shdfnd@physx@@KAXPAURTreeNodeNQ@3@0@Z 100114e0 f i RTreeCooking.obj
 0001:00010510       ?destroy@?$Array@URTreeNodeQ@Gu@physx@@VNamedAllocator@shdfnd@3@@shdfnd@physx@@KAXPAURTreeNodeQ@Gu@3@0@Z 10011510 f i RTreeCooking.obj
 0001:00010540       ?destroy@?$Array@VPxVec3@physx@@VNamedAllocator@shdfnd@2@@shdfnd@physx@@KAXPAVPxVec3@3@0@Z 10011540 f i RTreeCooking.obj
 0001:00010570       ?empty@?$Stack@VNamedAllocator@shdfnd@physx@@@internal@shdfnd@physx@@QAE_NXZ 10011570 f i RTreeCooking.obj
 0001:000105b0       ?empty@PxBounds3@physx@@SA?AV12@XZ 100115b0 f i RTreeCooking.obj
 0001:00010610       ?getExtents@PxBounds3V@physx@@QBE?AT__m128@@XZ 10011610 f i RTreeCooking.obj
 0001:00010670       ?getMaxVec3@PxBounds3V@physx@@QBE?BVPxVec3@2@XZ 10011670 f i RTreeCooking.obj
 0001:000106c0       ?getMinVec3@PxBounds3V@physx@@QBE?BVPxVec3@2@XZ 100116c0 f i RTreeCooking.obj
 0001:00010710       ?grow@?$Array@IVNamedAllocator@shdfnd@physx@@@shdfnd@physx@@IAEXI@Z 10011710 f i RTreeCooking.obj
 0001:00010790       ?grow@?$Array@UPxBounds3V@physx@@VNamedAllocator@shdfnd@2@@shdfnd@physx@@IAEXI@Z 10011790 f i RTreeCooking.obj
 0001:00010810       ?grow@?$Array@URTreeNodeNQ@physx@@VNamedAllocator@shdfnd@2@@shdfnd@physx@@IAEXI@Z 10011810 f i RTreeCooking.obj
 0001:00010890       ?grow@?$Array@URTreeNodeQ@Gu@physx@@VNamedAllocator@shdfnd@3@@shdfnd@physx@@IAEXI@Z 10011890 f i RTreeCooking.obj
 0001:00010910       ?grow@?$Array@VPxVec3@physx@@VNamedAllocator@shdfnd@2@@shdfnd@physx@@IAEXI@Z 10011910 f i RTreeCooking.obj
 0001:00010990       ?grow@?$Stack@VNamedAllocator@shdfnd@physx@@@internal@shdfnd@physx@@QAEXXZ 10011990 f i RTreeCooking.obj
 0001:00010a40       ?growAndPushBack@?$Array@IVNamedAllocator@shdfnd@physx@@@shdfnd@physx@@IAEAAIABI@Z 10011a40 f i RTreeCooking.obj
 0001:00010bd0       ?growAndPushBack@?$Array@UInterval@physx@@V?$InlineAllocator@$0CA@VNamedAllocator@shdfnd@physx@@@shdfnd@2@@shdfnd@physx@@IAEAAUInterval@3@ABU43@@Z 10011bd0 f i RTreeCooking.obj
 0001:00010d70       ?growAndPushBack@?$Array@UPxBounds3V@physx@@VNamedAllocator@shdfnd@2@@shdfnd@physx@@IAEAAUPxBounds3V@3@ABU43@@Z 10011d70 f i RTreeCooking.obj
 0001:00010f00       ?growAndPushBack@?$Array@URTreeNodeNQ@physx@@VNamedAllocator@shdfnd@2@@shdfnd@physx@@IAEAAURTreeNodeNQ@3@ABU43@@Z 10011f00 f i RTreeCooking.obj
 0001:00011090       ?growAndPushBack@?$Array@URTreeNodeQ@Gu@physx@@VNamedAllocator@shdfnd@3@@shdfnd@physx@@IAEAAURTreeNodeQ@Gu@3@ABU453@@Z 10012090 f i RTreeCooking.obj
 0001:00011220       ?growAndPushBack@?$Array@VPxVec3@physx@@VNamedAllocator@shdfnd@2@@shdfnd@physx@@IAEAAVPxVec3@3@ABV43@@Z 10012220 f i RTreeCooking.obj
 0001:000113a0       ?include@PxBounds3V@physx@@QAEXABU12@@Z 100123a0 f i RTreeCooking.obj
 0001:00011420       ?isAligned16@aos@shdfnd@physx@@YA_NPAX@Z 10012420 f i RTreeCooking.obj
 0001:00011450       ?isArrayOfPOD@?$Array@IVNamedAllocator@shdfnd@physx@@@shdfnd@physx@@SA_NXZ 10012450 f i RTreeCooking.obj
 0001:00011460       ?isArrayOfPOD@?$Array@UInterval@physx@@V?$InlineAllocator@$0CA@VNamedAllocator@shdfnd@physx@@@shdfnd@2@@shdfnd@physx@@SA_NXZ 10012460 f i RTreeCooking.obj
 0001:00011470       ?isArrayOfPOD@?$Array@UPxBounds3V@physx@@VNamedAllocator@shdfnd@2@@shdfnd@physx@@SA_NXZ 10012470 f i RTreeCooking.obj
 0001:00011480       ?isArrayOfPOD@?$Array@URTreeNodeNQ@physx@@VNamedAllocator@shdfnd@2@@shdfnd@physx@@SA_NXZ 10012480 f i RTreeCooking.obj
 0001:00011490       ?isArrayOfPOD@?$Array@URTreeNodeQ@Gu@physx@@VNamedAllocator@shdfnd@3@@shdfnd@physx@@SA_NXZ 10012490 f i RTreeCooking.obj
 0001:000114a0       ?isArrayOfPOD@?$Array@VPxVec3@physx@@VNamedAllocator@shdfnd@2@@shdfnd@physx@@SA_NXZ 100124a0 f i RTreeCooking.obj
 0001:000114b0       ?isFinite@PxBounds3@physx@@QBE_NXZ 100124b0 f i RTreeCooking.obj
 0001:00011510       ?isFinite@PxVec3@physx@@QBE_NXZ 10012510 f i RTreeCooking.obj
 0001:000115b0       ?isFinite@intrinsics@physx@@YA_NM@Z 100125b0 f i RTreeCooking.obj
 0001:00011600       ?isInUserMemory@?$Array@IVNamedAllocator@shdfnd@physx@@@shdfnd@physx@@QBEIXZ 10012600 f i RTreeCooking.obj
 0001:00011620       ?isInUserMemory@?$Array@UInterval@physx@@V?$InlineAllocator@$0CA@VNamedAllocator@shdfnd@physx@@@shdfnd@2@@shdfnd@physx@@QBEIXZ 10012620 f i RTreeCooking.obj
 0001:00011640       ?isInUserMemory@?$Array@UPxBounds3V@physx@@VNamedAllocator@shdfnd@2@@shdfnd@physx@@QBEIXZ 10012640 f i RTreeCooking.obj
 0001:00011660       ?isInUserMemory@?$Array@URTreeNodeNQ@physx@@VNamedAllocator@shdfnd@2@@shdfnd@physx@@QBEIXZ 10012660 f i RTreeCooking.obj
 0001:00011680       ?isInUserMemory@?$Array@URTreeNodeQ@Gu@physx@@VNamedAllocator@shdfnd@3@@shdfnd@physx@@QBEIXZ 10012680 f i RTreeCooking.obj
 0001:000116a0       ?isInUserMemory@?$Array@VPxVec3@physx@@VNamedAllocator@shdfnd@2@@shdfnd@physx@@QBEIXZ 100126a0 f i RTreeCooking.obj
 0001:000116c0       ?isInside@PxBounds3@physx@@QBE_NABV12@@Z 100126c0 f i RTreeCooking.obj
 0001:000117e0       ?isLeaf@RTreeNodeQ@Gu@physx@@QBEIXZ 100127e0 f i RTreeCooking.obj
 0001:00011800       ?isValid@PxBounds3@physx@@QBE_NXZ 10012800 f i RTreeCooking.obj
 0001:00011920       ?isValidFloatV@aos@shdfnd@physx@@YA_NT__m128@@@Z 10012920 f i RTreeCooking.obj
 0001:00011af0       ?isValidVec3V@aos@shdfnd@physx@@YA_NT__m128@@@Z 10012af0 f i RTreeCooking.obj
 0001:00011b70       ?isZeroInit@?$Array@IVNamedAllocator@shdfnd@physx@@@shdfnd@physx@@KA_NABI@Z 10012b70 f i RTreeCooking.obj
 0001:00011bd0       ?memCopy@intrinsics@physx@@YAPAXPIAXPIBXI@Z 10012bd0 f i RTreeCooking.obj
 0001:00011bf0       ?memZero@intrinsics@physx@@YAPAXPAXI@Z 10012bf0 f i RTreeCooking.obj
 0001:00011c10       ?pop@?$Stack@VNamedAllocator@shdfnd@physx@@@internal@shdfnd@physx@@QAEXAAH0@Z 10012c10 f i RTreeCooking.obj
 0001:00011ce0       ?popBack@?$Array@IVNamedAllocator@shdfnd@physx@@@shdfnd@physx@@QAEIXZ 10012ce0 f i RTreeCooking.obj
 0001:00011da0       ?push@?$Stack@VNamedAllocator@shdfnd@physx@@@internal@shdfnd@physx@@QAEXHH@Z 10012da0 f i RTreeCooking.obj
 0001:00011e30       ?pushBack@?$Array@IVNamedAllocator@shdfnd@physx@@@shdfnd@physx@@QAEAAIABI@Z 10012e30 f i RTreeCooking.obj
 0001:00011ee0       ?pushBack@?$Array@UInterval@physx@@V?$InlineAllocator@$0CA@VNamedAllocator@shdfnd@physx@@@shdfnd@2@@shdfnd@physx@@QAEAAUInterval@3@ABU43@@Z 10012ee0 f i RTreeCooking.obj
 0001:00011fa0       ?pushBack@?$Array@UPxBounds3V@physx@@VNamedAllocator@shdfnd@2@@shdfnd@physx@@QAEAAUPxBounds3V@3@ABU43@@Z 10012fa0 f i RTreeCooking.obj
 0001:00012060       ?pushBack@?$Array@URTreeNodeNQ@physx@@VNamedAllocator@shdfnd@2@@shdfnd@physx@@QAEAAURTreeNodeNQ@3@ABU43@@Z 10013060 f i RTreeCooking.obj
 0001:00012110       ?pushBack@?$Array@URTreeNodeQ@Gu@physx@@VNamedAllocator@shdfnd@3@@shdfnd@physx@@QAEAAURTreeNodeQ@Gu@3@ABU453@@Z 10013110 f i RTreeCooking.obj
 0001:000121d0       ?pushBack@?$Array@VPxVec3@physx@@VNamedAllocator@shdfnd@2@@shdfnd@physx@@QAEAAVPxVec3@3@ABV43@@Z 100131d0 f i RTreeCooking.obj
 0001:00012280       ?recreate@?$Array@IVNamedAllocator@shdfnd@physx@@@shdfnd@physx@@IAEXI@Z 10013280 f i RTreeCooking.obj
 0001:00012390       ?recreate@?$Array@UPxBounds3V@physx@@VNamedAllocator@shdfnd@2@@shdfnd@physx@@IAEXI@Z 10013390 f i RTreeCooking.obj
 0001:000124a0       ?recreate@?$Array@URTreeNodeNQ@physx@@VNamedAllocator@shdfnd@2@@shdfnd@physx@@IAEXI@Z 100134a0 f i RTreeCooking.obj
 0001:000125b0       ?recreate@?$Array@URTreeNodeQ@Gu@physx@@VNamedAllocator@shdfnd@3@@shdfnd@physx@@IAEXI@Z 100135b0 f i RTreeCooking.obj
 0001:000126b0       ?recreate@?$Array@VPxVec3@physx@@VNamedAllocator@shdfnd@2@@shdfnd@physx@@IAEXI@Z 100136b0 f i RTreeCooking.obj
 0001:000127b0       ?replaceWithLast@?$Array@UInterval@physx@@V?$InlineAllocator@$0CA@VNamedAllocator@shdfnd@physx@@@shdfnd@2@@shdfnd@physx@@QAEXI@Z 100137b0 f i RTreeCooking.obj
 0001:00012860       ?reserve@?$Array@IVNamedAllocator@shdfnd@physx@@@shdfnd@physx@@QAEXI@Z 10013860 f i RTreeCooking.obj
 0001:00012890       ?reserve@?$Array@UPxBounds3V@physx@@VNamedAllocator@shdfnd@2@@shdfnd@physx@@QAEXI@Z 10013890 f i RTreeCooking.obj
 0001:000128c0       ?reserve@?$Array@URTreeNodeNQ@physx@@VNamedAllocator@shdfnd@2@@shdfnd@physx@@QAEXI@Z 100138c0 f i RTreeCooking.obj
 0001:000128f0       ?reserve@?$Array@URTreeNodeQ@Gu@physx@@VNamedAllocator@shdfnd@3@@shdfnd@physx@@QAEXI@Z 100138f0 f i RTreeCooking.obj
 0001:00012920       ?reserve@?$Array@VPxVec3@physx@@VNamedAllocator@shdfnd@2@@shdfnd@physx@@QAEXI@Z 10013920 f i RTreeCooking.obj
 0001:00012950       ?resize@?$Array@IVNamedAllocator@shdfnd@physx@@@shdfnd@physx@@QAEXIABI@Z 10013950 f i RTreeCooking.obj
 0001:000129e0       ?resizeUninitialized@?$Array@URTreeNodeNQ@physx@@VNamedAllocator@shdfnd@2@@shdfnd@physx@@QAEXI@Z 100139e0 f i RTreeCooking.obj
 0001:00012a10       ?selectMax@intrinsics@physx@@YAMMM@Z 10013a10 f i RTreeCooking.obj
 0001:00012a50       ?selectMin@intrinsics@physx@@YAMMM@Z 10013a50 f i RTreeCooking.obj
 0001:00012a90       ?setEmpty@PxBounds3@physx@@QAEXXZ 10013a90 f i RTreeCooking.obj
 0001:00012b00       ?setLeaf@RTreeNodeQ@Gu@physx@@QAEX_N@Z 10013b00 f i RTreeCooking.obj
 0001:00012b50       ?size@?$Array@IVNamedAllocator@shdfnd@physx@@@shdfnd@physx@@QBEIXZ 10013b50 f i RTreeCooking.obj
 0001:00012b70       ?size@?$Array@UInterval@physx@@V?$InlineAllocator@$0CA@VNamedAllocator@shdfnd@physx@@@shdfnd@2@@shdfnd@physx@@QBEIXZ 10013b70 f i RTreeCooking.obj
 0001:00012b90       ?size@?$Array@URTreeNodeNQ@physx@@VNamedAllocator@shdfnd@2@@shdfnd@physx@@QBEIXZ 10013b90 f i RTreeCooking.obj
 0001:00012bb0       ?size@?$Array@URTreeNodeQ@Gu@physx@@VNamedAllocator@shdfnd@3@@shdfnd@physx@@QBEIXZ 10013bb0 f i RTreeCooking.obj
 0001:00012bd0       ?size@?$Array@VPxVec3@physx@@VNamedAllocator@shdfnd@2@@shdfnd@physx@@QBEIXZ 10013bd0 f i RTreeCooking.obj
 0001:00012bf0       ?sort4@SubSortQuick@physx@@QAEXPIAIIAAV?$Array@URTreeNodeNQ@physx@@VNamedAllocator@shdfnd@2@@shdfnd@2@AAIAAUPxBounds3V@2@I@Z 10013bf0 f i RTreeCooking.obj
 0001:00013460       ?sort4@SubSortSAH@physx@@QAEXPAIIAAV?$Array@URTreeNodeNQ@physx@@VNamedAllocator@shdfnd@2@@shdfnd@2@AAIIPAURTreeNodeNQ@2@@Z 10014460 f i RTreeCooking.obj
 0001:00014210       ?split@SubSortSAH@physx@@QAEIPAII@Z 10015210 f i RTreeCooking.obj
 0001:00014e90       _fabsf                     10015e90 f i RTreeCooking.obj
 0001:00014ec0       ??0TriangleMeshBuilder@physx@@QAE@AAVTriangleMeshData@Gu@1@ABUPxCookingParams@1@@Z 10015ec0 f   TriangleMeshBuilder.obj
 0001:00014f00       ??1TriangleMeshBuilder@physx@@UAE@XZ 10015f00 f   TriangleMeshBuilder.obj
 0001:00014f20       ?cleanMesh@TriangleMeshBuilder@physx@@QAE_N_NPAW4Enum@PxTriangleMeshCookingResult@2@@Z 10015f20 f   TriangleMeshBuilder.obj
 0001:000154c0       ?remapTopology@TriangleMeshBuilder@physx@@QAEXPBI@Z 100164c0 f   TriangleMeshBuilder.obj
 0001:00015760       ?createSharedEdgeData@TriangleMeshBuilder@physx@@QAEX_N0@Z 10016760 f   TriangleMeshBuilder.obj
 0001:00015d50       ?recordTriangleIndices@TriangleMeshBuilder@physx@@QAEXXZ 10016d50 f   TriangleMeshBuilder.obj
 0001:00015ea0       ?createGRBMidPhaseAndData@TriangleMeshBuilder@physx@@QAEXI@Z 10016ea0 f   TriangleMeshBuilder.obj
 0001:000160f0       ?createGRBData@TriangleMeshBuilder@physx@@QAEXXZ 100170f0 f   TriangleMeshBuilder.obj
 0001:000163a0       ?loadFromDesc@TriangleMeshBuilder@physx@@QAE_NABVPxTriangleMeshDesc@2@PAW4Enum@PxTriangleMeshCookingResult@2@_N@Z 100173a0 f   TriangleMeshBuilder.obj
 0001:000165a0       ?save@TriangleMeshBuilder@physx@@QBE_NAAVPxOutputStream@2@_NABUPxCookingParams@2@@Z 100175a0 f   TriangleMeshBuilder.obj
 0001:00016cb0       ?checkMeshIndicesSize@TriangleMeshBuilder@physx@@QAEXXZ 10017cb0 f   TriangleMeshBuilder.obj
 0001:00016e40       ?computeLocalBounds@TriangleMeshBuilder@physx@@IAEXXZ 10017e40 f   TriangleMeshBuilder.obj
 0001:00016f50       ?importMesh@TriangleMeshBuilder@physx@@IAE_NABVPxTriangleMeshDesc@2@ABUPxCookingParams@2@PAW4Enum@PxTriangleMeshCookingResult@2@_N@Z 10017f50 f   TriangleMeshBuilder.obj
 0001:000173c0       ?releaseEdgeList@TriangleMeshBuilder@physx@@IAEXXZ 100183c0 f   TriangleMeshBuilder.obj
 0001:00017410       ?createEdgeList@TriangleMeshBuilder@physx@@IAEXXZ 10018410 f   TriangleMeshBuilder.obj
 0001:00017520       ??0RTreeTriangleMeshBuilder@physx@@QAE@ABUPxCookingParams@1@@Z 10018520 f   TriangleMeshBuilder.obj
 0001:00017560       ??1RTreeTriangleMeshBuilder@physx@@UAE@XZ 10018560 f   TriangleMeshBuilder.obj
 0001:00017590       ?createMidPhaseStructure@RTreeTriangleMeshBuilder@physx@@UAEXXZ 10018590 f   TriangleMeshBuilder.obj
 0001:00017740       ?saveMidPhaseStructure@RTreeTriangleMeshBuilder@physx@@UBEXAAVPxOutputStream@2@@Z 10018740 f   TriangleMeshBuilder.obj
 0001:00017770       ??0BV4TriangleMeshBuilder@physx@@QAE@ABUPxCookingParams@1@@Z 10018770 f   TriangleMeshBuilder.obj
 0001:000177b0       ??1BV4TriangleMeshBuilder@physx@@UAE@XZ 100187b0 f   TriangleMeshBuilder.obj
 0001:000177e0       ?createMidPhaseStructure@BV4TriangleMeshBuilder@physx@@UAEXXZ 100187e0 f   TriangleMeshBuilder.obj
 0001:00017af0       ?saveMidPhaseStructure@BV4TriangleMeshBuilder@physx@@UBEXAAVPxOutputStream@2@@Z 10018af0 f   TriangleMeshBuilder.obj
 0001:00017d50       ?onMeshIndexFormatChange@BV4TriangleMeshBuilder@physx@@UAEXXZ 10018d50 f   TriangleMeshBuilder.obj
 0001:00017dc0       ?createMidPhaseStructure@BV32TriangleMeshBuilder@physx@@SAXABUPxCookingParams@2@AAVTriangleMeshData@Gu@2@AAVBV32Tree@52@@Z 10018dc0 f   TriangleMeshBuilder.obj
 0001:00017fc0       ?saveMidPhaseStructure@BV32TriangleMeshBuilder@physx@@SAXPAVBV32Tree@Gu@2@AAVPxOutputStream@2@@Z 10018fc0 f   TriangleMeshBuilder.obj
 0001:00018740       ?findSharpVertices@GrbTrimeshCookerHelper@physx@@YAXAAV?$Array@USortedNeighbor@GrbTrimeshCookerHelper@physx@@VNamedAllocator@shdfnd@3@@shdfnd@2@AAV?$Array@USharpEdgeRange@GrbTrimeshCookerHelper@physx@@VNamedAllocator@shdfnd@3@@42@PBUuint3@2@PBUuint4@2@II@Z 10019740 f   TriangleMeshBuilder.obj
 0001:00018ad0       ?buildVertexConnectionNew_p1@GrbTrimeshCookerHelper@physx@@YAIAAV?$Array@USortedNeighbor@GrbTrimeshCookerHelper@physx@@VNamedAllocator@shdfnd@3@@shdfnd@2@AAV?$Array@USharpEdgeRange@GrbTrimeshCookerHelper@physx@@VNamedAllocator@shdfnd@3@@42@PBUuint3@2@PBUuint4@2@II@Z 10019ad0 f   TriangleMeshBuilder.obj
 0001:00018b40       ?buildVertexConnectionNew_p2@GrbTrimeshCookerHelper@physx@@YAXPAI00AAV?$Array@USortedNeighbor@GrbTrimeshCookerHelper@physx@@VNamedAllocator@shdfnd@3@@shdfnd@2@AAV?$Array@USharpEdgeRange@GrbTrimeshCookerHelper@physx@@VNamedAllocator@shdfnd@3@@42@I@Z 10019b40 f   TriangleMeshBuilder.obj
 0001:00019e30       ??$?2V?$ReflectionAllocator@VBV32Tree@Gu@physx@@@shdfnd@physx@@@UserAllocated@shdfnd@physx@@SAPAXIV?$ReflectionAllocator@VBV32Tree@Gu@physx@@@12@PBDH@Z 1001ae30 f i TriangleMeshBuilder.obj
 0001:00019e50       ??$?2V?$ReflectionAllocator@VEdgeListBuilder@Gu@physx@@@shdfnd@physx@@@UserAllocated@shdfnd@physx@@SAPAXIV?$ReflectionAllocator@VEdgeListBuilder@Gu@physx@@@12@PBDH@Z 1001ae50 f i TriangleMeshBuilder.obj
 0001:00019e70       ??$?_UE@@YAPAXIV?$ReflectionAllocator@E@shdfnd@physx@@PBDH@Z 1001ae70 f i TriangleMeshBuilder.obj
 0001:00019e90       ??$?_UG@@YAPAXIV?$ReflectionAllocator@G@shdfnd@physx@@PBDH@Z 1001ae90 f i TriangleMeshBuilder.obj
 0001:00019eb0       ??$?_UI@@YAPAXIV?$ReflectionAllocator@I@shdfnd@physx@@PBDH@Z 1001aeb0 f i TriangleMeshBuilder.obj
 0001:00019ed0       ??$PX_UNUSED@U?$TriangleT@I@Gu@physx@@@@YAXABU?$TriangleT@I@Gu@physx@@@Z 1001aed0 f i TriangleMeshBuilder.obj
 0001:00019ee0       ??$median3@UEdgeTriLookup@physx@@$$CBU?$Less@UEdgeTriLookup@physx@@@shdfnd@2@@internal@shdfnd@physx@@YAXPAUEdgeTriLookup@2@HHABU?$Less@UEdgeTriLookup@physx@@@12@@Z 1001aee0 f i TriangleMeshBuilder.obj
 0001:00019ff0       ??$median3@USortedNeighbor@GrbTrimeshCookerHelper@physx@@$$CBU?$Less@USortedNeighbor@GrbTrimeshCookerHelper@physx@@@shdfnd@3@@internal@shdfnd@physx@@YAXPAUSortedNeighbor@GrbTrimeshCookerHelper@2@HHABU?$Less@USortedNeighbor@GrbTrimeshCookerHelper@physx@@@12@@Z 1001aff0 f i TriangleMeshBuilder.obj
 0001:0001a100       ??$partition@UEdgeTriLookup@physx@@$$CBU?$Less@UEdgeTriLookup@physx@@@shdfnd@2@@internal@shdfnd@physx@@YAHPAUEdgeTriLookup@2@HHABU?$Less@UEdgeTriLookup@physx@@@12@@Z 1001b100 f i TriangleMeshBuilder.obj
 0001:0001a2c0       ??$partition@USortedNeighbor@GrbTrimeshCookerHelper@physx@@$$CBU?$Less@USortedNeighbor@GrbTrimeshCookerHelper@physx@@@shdfnd@3@@internal@shdfnd@physx@@YAHPAUSortedNeighbor@GrbTrimeshCookerHelper@2@HHABU?$Less@USortedNeighbor@GrbTrimeshCookerHelper@physx@@@12@@Z 1001b2c0 f i TriangleMeshBuilder.obj
 0001:0001a480       ??$smallSort@UEdgeTriLookup@physx@@$$CBU?$Less@UEdgeTriLookup@physx@@@shdfnd@2@@internal@shdfnd@physx@@YAXPAUEdgeTriLookup@2@HHABU?$Less@UEdgeTriLookup@physx@@@12@@Z 1001b480 f i TriangleMeshBuilder.obj
 0001:0001a540       ??$smallSort@USortedNeighbor@GrbTrimeshCookerHelper@physx@@$$CBU?$Less@USortedNeighbor@GrbTrimeshCookerHelper@physx@@@shdfnd@3@@internal@shdfnd@physx@@YAXPAUSortedNeighbor@GrbTrimeshCookerHelper@2@HHABU?$Less@USortedNeighbor@GrbTrimeshCookerHelper@physx@@@12@@Z 1001b540 f i TriangleMeshBuilder.obj
 0001:0001a600       ??$sort@UEdgeTriLookup@physx@@@shdfnd@physx@@YAXPAUEdgeTriLookup@1@I@Z 1001b600 f i TriangleMeshBuilder.obj
 0001:0001a640       ??$sort@UEdgeTriLookup@physx@@U?$Less@UEdgeTriLookup@physx@@@shdfnd@2@VNamedAllocator@42@@shdfnd@physx@@YAXPAUEdgeTriLookup@1@IABU?$Less@UEdgeTriLookup@physx@@@01@ABVNamedAllocator@01@I@Z 1001b640 f i TriangleMeshBuilder.obj
 0001:0001a900       ??$sort@USortedNeighbor@GrbTrimeshCookerHelper@physx@@@shdfnd@physx@@YAXPAUSortedNeighbor@GrbTrimeshCookerHelper@1@I@Z 1001b900 f i TriangleMeshBuilder.obj
 0001:0001a940       ??$sort@USortedNeighbor@GrbTrimeshCookerHelper@physx@@U?$Less@USortedNeighbor@GrbTrimeshCookerHelper@physx@@@shdfnd@3@VNamedAllocator@53@@shdfnd@physx@@YAXPAUSortedNeighbor@GrbTrimeshCookerHelper@1@IABU?$Less@USortedNeighbor@GrbTrimeshCookerHelper@physx@@@01@ABVNamedAllocator@01@I@Z 1001b940 f i TriangleMeshBuilder.obj
 0001:0001ac00       ??$swap@UEdgeTriLookup@physx@@@shdfnd@physx@@YAXAAUEdgeTriLookup@1@0@Z 1001bc00 f i TriangleMeshBuilder.obj
 0001:0001ac60       ??$swap@USortedNeighbor@GrbTrimeshCookerHelper@physx@@@shdfnd@physx@@YAXAAUSortedNeighbor@GrbTrimeshCookerHelper@1@0@Z 1001bc60 f i TriangleMeshBuilder.obj
 0001:0001acc0       ??0?$Array@IVNamedAllocator@shdfnd@physx@@@shdfnd@physx@@QAE@ABVNamedAllocator@12@@Z 1001bcc0 f i TriangleMeshBuilder.obj
 0001:0001ad10       ??0?$Array@USharpEdgeRange@GrbTrimeshCookerHelper@physx@@VNamedAllocator@shdfnd@3@@shdfnd@physx@@QAE@ABVNamedAllocator@12@@Z 1001bd10 f i TriangleMeshBuilder.obj
 0001:0001ad60       ??0?$Array@USortedNeighbor@GrbTrimeshCookerHelper@physx@@VNamedAllocator@shdfnd@3@@shdfnd@physx@@QAE@ABVNamedAllocator@12@@Z 1001bd60 f i TriangleMeshBuilder.obj
 0001:0001adb0       ??0?$PxFlags@W4Enum@PxMeshFlag@physx@@G@physx@@QAE@ABV01@@Z 1001bdb0 f i TriangleMeshBuilder.obj
 0001:0001ade0       ??0?$PxFlags@W4Enum@PxMeshFlag@physx@@G@physx@@QAE@W4Enum@PxMeshFlag@1@@Z 1001bde0 f i TriangleMeshBuilder.obj
 0001:0001ae00       ??0?$PxFlags@W4Enum@PxMeshFlag@physx@@G@physx@@QAE@XZ 1001be00 f i TriangleMeshBuilder.obj
 0001:0001ae20       ??0?$PxFlags@W4Enum@PxMeshPreprocessingFlag@physx@@I@physx@@QAE@ABV01@@Z 1001be20 f i TriangleMeshBuilder.obj
 0001:0001ae40       ??0?$ReflectionAllocator@E@shdfnd@physx@@QAE@PBD@Z 1001be40 f i TriangleMeshBuilder.obj
 0001:0001ae60       ??0?$ReflectionAllocator@G@shdfnd@physx@@QAE@PBD@Z 1001be60 f i TriangleMeshBuilder.obj
 0001:0001ae80       ??0?$ReflectionAllocator@I@shdfnd@physx@@QAE@PBD@Z 1001be80 f i TriangleMeshBuilder.obj
 0001:0001aea0       ??0?$ReflectionAllocator@VBV32Tree@Gu@physx@@@shdfnd@physx@@QAE@PBD@Z 1001bea0 f i TriangleMeshBuilder.obj
 0001:0001aec0       ??0?$ReflectionAllocator@VEdgeListBuilder@Gu@physx@@@shdfnd@physx@@QAE@PBD@Z 1001bec0 f i TriangleMeshBuilder.obj
 0001:0001aee0       ??0BV4TriangleData@Gu@physx@@QAE@XZ 1001bee0 f i TriangleMeshBuilder.obj
 0001:0001af40       ??0EDGELISTCREATE@Gu@physx@@QAE@XZ 1001bf40 f i TriangleMeshBuilder.obj
 0001:0001afb0       ??0PxPlane@physx@@QAE@ABVPxVec3@1@0@Z 1001bfb0 f i TriangleMeshBuilder.obj
 0001:0001b010       ??0PxSimpleTriangleMesh@physx@@QAE@ABV01@@Z 1001c010 f i TriangleMeshBuilder.obj
 0001:0001b080       ??0PxTriangleMeshDesc@physx@@QAE@ABV01@@Z 1001c080 f i TriangleMeshBuilder.obj
 0001:0001b0c0       ??0PxVec4@physx@@QAE@XZ    1001c0c0 f i TriangleMeshBuilder.obj
 0001:0001b0e0       ??0RTree@Gu@physx@@QAE@XZ  1001c0e0 f i TriangleMeshBuilder.obj
 0001:0001b170       ??0RTreeCookerRemap@physx@@QAE@I@Z 1001c170 f i TriangleMeshBuilder.obj
 0001:0001b1b0       ??0RTreeTriangleData@Gu@physx@@QAE@XZ 1001c1b0 f i TriangleMeshBuilder.obj
 0001:0001b200       ??0RemapCallback@RTreeCooker@physx@@QAE@XZ 1001c200 f i TriangleMeshBuilder.obj
 0001:0001b220       ??0SharpEdgeRange@GrbTrimeshCookerHelper@physx@@QAE@II@Z 1001c220 f i TriangleMeshBuilder.obj
 0001:0001b250       ??0SharpEdgeRange@GrbTrimeshCookerHelper@physx@@QAE@XZ 1001c250 f i TriangleMeshBuilder.obj
 0001:0001b280       ??0SortedNeighbor@GrbTrimeshCookerHelper@physx@@QAE@II_N@Z 1001c280 f i TriangleMeshBuilder.obj
 0001:0001b2c0       ??0TriangleMeshData@Gu@physx@@QAE@XZ 1001c2c0 f i TriangleMeshBuilder.obj
 0001:0001b3d0       ??1?$Array@USharpEdgeRange@GrbTrimeshCookerHelper@physx@@VNamedAllocator@shdfnd@3@@shdfnd@physx@@QAE@XZ 1001c3d0 f i TriangleMeshBuilder.obj
 0001:0001b440       ??1?$Array@USortedNeighbor@GrbTrimeshCookerHelper@physx@@VNamedAllocator@shdfnd@3@@shdfnd@physx@@QAE@XZ 1001c440 f i TriangleMeshBuilder.obj
 0001:0001b4b0       ??1BV4TriangleData@Gu@physx@@UAE@XZ 1001c4b0 f i TriangleMeshBuilder.obj
 0001:0001b500       ??1RTree@Gu@physx@@QAE@XZ  1001c500 f i TriangleMeshBuilder.obj
 0001:0001b520       ??1RTreeCookerRemap@physx@@UAE@XZ 1001c520 f i TriangleMeshBuilder.obj
 0001:0001b540       ??1RTreeTriangleData@Gu@physx@@UAE@XZ 1001c540 f i TriangleMeshBuilder.obj
 0001:0001b570       ??1RemapCallback@RTreeCooker@physx@@UAE@XZ 1001c570 f i TriangleMeshBuilder.obj
 0001:0001b590       ??1TriangleMeshData@Gu@physx@@UAE@XZ 1001c590 f i TriangleMeshBuilder.obj
 0001:0001b860       ??3UserAllocated@shdfnd@physx@@SAXPAX@Z 1001c860 f i TriangleMeshBuilder.obj
 0001:0001b890       ??A?$Array@USharpEdgeRange@GrbTrimeshCookerHelper@physx@@VNamedAllocator@shdfnd@3@@shdfnd@physx@@QAEAAUSharpEdgeRange@GrbTrimeshCookerHelper@2@I@Z 1001c890 f i TriangleMeshBuilder.obj
 0001:0001b900       ??A?$Array@USortedNeighbor@GrbTrimeshCookerHelper@physx@@VNamedAllocator@shdfnd@3@@shdfnd@physx@@QAEAAUSortedNeighbor@GrbTrimeshCookerHelper@2@I@Z 1001c900 f i TriangleMeshBuilder.obj
 0001:0001b970       ??APxVec3@physx@@QAEAAMI@Z 1001c970 f i TriangleMeshBuilder.obj
 0001:0001b9e0       ??B?$PxFlags@W4Enum@PxMeshFlag@physx@@G@physx@@QBE_NXZ 1001c9e0 f i TriangleMeshBuilder.obj
 0001:0001ba10       ??B?$PxFlags@W4Enum@PxMeshPreprocessingFlag@physx@@I@physx@@QBE_NXZ 1001ca10 f i TriangleMeshBuilder.obj
 0001:0001ba40       ??DPxVec3@physx@@QBE?AV01@M@Z 1001ca40 f i TriangleMeshBuilder.obj
 0001:0001bab0       ??GPxVec3@physx@@QBE?AV01@ABV01@@Z 1001cab0 f i TriangleMeshBuilder.obj
 0001:0001bb20       ??I?$PxFlags@W4Enum@PxMeshFlag@physx@@G@physx@@QBE?AV01@W4Enum@PxMeshFlag@1@@Z 1001cb20 f i TriangleMeshBuilder.obj
 0001:0001bb70       ??I?$PxFlags@W4Enum@PxMeshPreprocessingFlag@physx@@I@physx@@QBE?AV01@W4Enum@PxMeshPreprocessingFlag@1@@Z 1001cb70 f i TriangleMeshBuilder.obj
 0001:0001bbb0       ??MEdgeTriLookup@physx@@QBE_NABU01@@Z 1001cbb0 f i TriangleMeshBuilder.obj
 0001:0001bc10       ??MSortedNeighbor@GrbTrimeshCookerHelper@physx@@QBE_NABU012@@Z 1001cc10 f i TriangleMeshBuilder.obj
 0001:0001bcb0       ??NEdgeTriLookup@physx@@QBE_NABU01@@Z 1001ccb0 f i TriangleMeshBuilder.obj
 0001:0001bd10       ??R?$Less@UEdgeTriLookup@physx@@@shdfnd@physx@@QBE_NABUEdgeTriLookup@2@0@Z 1001cd10 f i TriangleMeshBuilder.obj
 0001:0001bd30       ??R?$Less@USortedNeighbor@GrbTrimeshCookerHelper@physx@@@shdfnd@physx@@QBE_NABUSortedNeighbor@GrbTrimeshCookerHelper@2@0@Z 1001cd30 f i TriangleMeshBuilder.obj
 0001:0001bd50       ??S?$PxFlags@W4Enum@PxMeshFlag@physx@@G@physx@@QBE?AV01@XZ 1001cd50 f i TriangleMeshBuilder.obj
 0001:0001bd90       ??Sphysx@@YA?AV?$PxFlags@W4Enum@PxMeshFlag@physx@@G@0@W4Enum@PxMeshFlag@0@@Z 1001cd90 f i TriangleMeshBuilder.obj
 0001:0001bdc0       ??_4?$PxFlags@W4Enum@PxMeshFlag@physx@@G@physx@@QAEAAV01@ABV01@@Z 1001cdc0 f i TriangleMeshBuilder.obj
 0001:0001bdf0       ??_GBV32Tree@Gu@physx@@QAEPAXI@Z 1001cdf0 f i TriangleMeshBuilder.obj
 0001:0001be50       ??_EBV4TriangleData@Gu@physx@@UAEPAXI@Z 1001ce50 f i TriangleMeshBuilder.obj
 0001:0001be50       ??_GBV4TriangleData@Gu@physx@@UAEPAXI@Z 1001ce50 f i TriangleMeshBuilder.obj
 0001:0001beb0       ??_GBV4TriangleMeshBuilder@physx@@UAEPAXI@Z 1001ceb0 f i TriangleMeshBuilder.obj
 0001:0001beb0       ??_EBV4TriangleMeshBuilder@physx@@UAEPAXI@Z 1001ceb0 f i TriangleMeshBuilder.obj
 0001:0001bef0       ??_GEdgeListBuilder@Gu@physx@@QAEPAXI@Z 1001cef0 f i TriangleMeshBuilder.obj
 0001:0001bf50       ??_GRTreeCookerRemap@physx@@UAEPAXI@Z 1001cf50 f i TriangleMeshBuilder.obj
 0001:0001bf50       ??_ERTreeCookerRemap@physx@@UAEPAXI@Z 1001cf50 f i TriangleMeshBuilder.obj
 0001:0001bf90       ??_ERTreeTriangleData@Gu@physx@@UAEPAXI@Z 1001cf90 f i TriangleMeshBuilder.obj
 0001:0001bf90       ??_GRTreeTriangleData@Gu@physx@@UAEPAXI@Z 1001cf90 f i TriangleMeshBuilder.obj
 0001:0001bff0       ??_GRTreeTriangleMeshBuilder@physx@@UAEPAXI@Z 1001cff0 f i TriangleMeshBuilder.obj
 0001:0001bff0       ??_ERTreeTriangleMeshBuilder@physx@@UAEPAXI@Z 1001cff0 f i TriangleMeshBuilder.obj
 0001:0001c030       ??_ERemapCallback@RTreeCooker@physx@@UAEPAXI@Z 1001d030 f i TriangleMeshBuilder.obj
 0001:0001c030       ??_GRemapCallback@RTreeCooker@physx@@UAEPAXI@Z 1001d030 f i TriangleMeshBuilder.obj
 0001:0001c070       ??_GTriangleMeshBuilder@physx@@UAEPAXI@Z 1001d070 f i TriangleMeshBuilder.obj
 0001:0001c070       ??_ETriangleMeshBuilder@physx@@UAEPAXI@Z 1001d070 f i TriangleMeshBuilder.obj
 0001:0001c0b0       ??_GTriangleMeshData@Gu@physx@@UAEPAXI@Z 1001d0b0 f i TriangleMeshBuilder.obj
 0001:0001c0b0       ??_ETriangleMeshData@Gu@physx@@UAEPAXI@Z 1001d0b0 f i TriangleMeshBuilder.obj
 0001:0001c110       ?HasActiveEdge01@EdgeTriangleAC@Gu@physx@@SAHABUEdgeTriangleData@23@@Z 1001d110 f i TriangleMeshBuilder.obj
 0001:0001c130       ?HasActiveEdge12@EdgeTriangleAC@Gu@physx@@SAHABUEdgeTriangleData@23@@Z 1001d130 f i TriangleMeshBuilder.obj
 0001:0001c150       ?HasActiveEdge20@EdgeTriangleAC@Gu@physx@@SAHABUEdgeTriangleData@23@@Z 1001d150 f i TriangleMeshBuilder.obj
 0001:0001c170       ?LeafSetData@Gu@physx@@YAIII@Z 1001d170 f i TriangleMeshBuilder.obj
 0001:0001c240       ?PxRecipSqrt@physx@@YAMM@Z 1001d240 f i TriangleMeshBuilder.obj
 0001:0001c260       ?SetData@LeafTriangles@Gu@physx@@QAEXII@Z 1001d260 f i TriangleMeshBuilder.obj
 0001:0001c290       ?WriteDwordBuffer@physx@@YAXPBII_NAAVPxOutputStream@1@@Z 1001d290 f i TriangleMeshBuilder.obj
 0001:0001c2c0       ?allocate@?$Array@USharpEdgeRange@GrbTrimeshCookerHelper@physx@@VNamedAllocator@shdfnd@3@@shdfnd@physx@@IAEPAUSharpEdgeRange@GrbTrimeshCookerHelper@3@I@Z 1001d2c0 f i TriangleMeshBuilder.obj
 0001:0001c340       ?allocate@?$Array@USortedNeighbor@GrbTrimeshCookerHelper@physx@@VNamedAllocator@shdfnd@3@@shdfnd@physx@@IAEPAUSortedNeighbor@GrbTrimeshCookerHelper@3@I@Z 1001d340 f i TriangleMeshBuilder.obj
 0001:0001c3c0       ?allocate@?$ReflectionAllocator@E@shdfnd@physx@@QAEPAXIPBDH@Z 1001d3c0 f i TriangleMeshBuilder.obj
 0001:0001c420       ?allocate@?$ReflectionAllocator@G@shdfnd@physx@@QAEPAXIPBDH@Z 1001d420 f i TriangleMeshBuilder.obj
 0001:0001c480       ?allocate@?$ReflectionAllocator@I@shdfnd@physx@@QAEPAXIPBDH@Z 1001d480 f i TriangleMeshBuilder.obj
 0001:0001c4e0       ?allocate@?$ReflectionAllocator@VBV32Tree@Gu@physx@@@shdfnd@physx@@QAEPAXIPBDH@Z 1001d4e0 f i TriangleMeshBuilder.obj
 0001:0001c540       ?allocate@?$ReflectionAllocator@VEdgeListBuilder@Gu@physx@@@shdfnd@physx@@QAEPAXIPBDH@Z 1001d540 f i TriangleMeshBuilder.obj
 0001:0001c5a0       ?allocateMaterials@TriangleMeshData@Gu@physx@@QAEPAGXZ 1001d5a0 f i TriangleMeshBuilder.obj
 0001:0001c6b0       ?allocateTriangles@TriangleMeshData@Gu@physx@@QAEPAXI_NI@Z 1001d6b0 f i TriangleMeshBuilder.obj
 0001:0001c8a0       ?allocateVertices@TriangleMeshData@Gu@physx@@QAEPAVPxVec3@3@I@Z 1001d8a0 f i TriangleMeshBuilder.obj
 0001:0001c960       ?begin@?$Array@USortedNeighbor@GrbTrimeshCookerHelper@physx@@VNamedAllocator@shdfnd@3@@shdfnd@physx@@QAEPAUSortedNeighbor@GrbTrimeshCookerHelper@3@XZ 1001d960 f i TriangleMeshBuilder.obj
 0001:0001c980       ?capacity@?$Array@USharpEdgeRange@GrbTrimeshCookerHelper@physx@@VNamedAllocator@shdfnd@3@@shdfnd@physx@@QBEIXZ 1001d980 f i TriangleMeshBuilder.obj
 0001:0001c9a0       ?capacity@?$Array@USortedNeighbor@GrbTrimeshCookerHelper@physx@@VNamedAllocator@shdfnd@3@@shdfnd@physx@@QBEIXZ 1001d9a0 f i TriangleMeshBuilder.obj
 0001:0001c9c0       ?capacityIncrement@?$Array@USortedNeighbor@GrbTrimeshCookerHelper@physx@@VNamedAllocator@shdfnd@3@@shdfnd@physx@@IBEIXZ 1001d9c0 f i TriangleMeshBuilder.obj
 0001:0001ca00       ?copy@?$Array@USharpEdgeRange@GrbTrimeshCookerHelper@physx@@VNamedAllocator@shdfnd@3@@shdfnd@physx@@KAXPAUSharpEdgeRange@GrbTrimeshCookerHelper@3@0PBU453@@Z 1001da00 f i TriangleMeshBuilder.obj
 0001:0001cac0       ?copy@?$Array@USortedNeighbor@GrbTrimeshCookerHelper@physx@@VNamedAllocator@shdfnd@3@@shdfnd@physx@@KAXPAUSortedNeighbor@GrbTrimeshCookerHelper@3@0PBU453@@Z 1001dac0 f i TriangleMeshBuilder.obj
 0001:0001cb90       ?create@?$Array@USharpEdgeRange@GrbTrimeshCookerHelper@physx@@VNamedAllocator@shdfnd@3@@shdfnd@physx@@KAXPAUSharpEdgeRange@GrbTrimeshCookerHelper@3@0ABU453@@Z 1001db90 f i TriangleMeshBuilder.obj
 0001:0001cc40       ?cross@PxVec3@physx@@QBE?AV12@ABV12@@Z 1001dc40 f i TriangleMeshBuilder.obj
 0001:0001cd00       ?deallocate@?$AlignedAllocator@$0IA@VNonTrackingAllocator@shdfnd@physx@@@shdfnd@physx@@QAEXPAX@Z 1001dd00 f i TriangleMeshBuilder.obj
 0001:0001cd50       ?deallocate@?$Array@USharpEdgeRange@GrbTrimeshCookerHelper@physx@@VNamedAllocator@shdfnd@3@@shdfnd@physx@@IAEXPAX@Z 1001dd50 f i TriangleMeshBuilder.obj
 0001:0001cd70       ?deallocate@?$Array@USortedNeighbor@GrbTrimeshCookerHelper@physx@@VNamedAllocator@shdfnd@3@@shdfnd@physx@@IAEXPAX@Z 1001dd70 f i TriangleMeshBuilder.obj
 0001:0001cd90       ?deallocate@NonTrackingAllocator@shdfnd@physx@@QAEXPAX@Z 1001dd90 f i TriangleMeshBuilder.obj
 0001:0001cdd0       ?destroy@?$Array@USharpEdgeRange@GrbTrimeshCookerHelper@physx@@VNamedAllocator@shdfnd@3@@shdfnd@physx@@KAXPAUSharpEdgeRange@GrbTrimeshCookerHelper@3@0@Z 1001ddd0 f i TriangleMeshBuilder.obj
 0001:0001ce00       ?destroy@?$Array@USortedNeighbor@GrbTrimeshCookerHelper@physx@@VNamedAllocator@shdfnd@3@@shdfnd@physx@@KAXPAUSortedNeighbor@GrbTrimeshCookerHelper@3@0@Z 1001de00 f i TriangleMeshBuilder.obj
 0001:0001ce30       ?distance@PxPlane@physx@@QBEMABVPxVec3@2@@Z 1001de30 f i TriangleMeshBuilder.obj
 0001:0001ce70       ?dot@PxVec3@physx@@QBEMABV12@@Z 1001de70 f i TriangleMeshBuilder.obj
 0001:0001ced0       ?findEdgeCCW@?$TriangleT@I@Gu@physx@@QBEEII@Z 1001ded0 f i TriangleMeshBuilder.obj
 0001:0001d040       ?gatherStrided@Cooking@physx@@SAXPBXPAXIII@Z 1001e040 f i TriangleMeshBuilder.obj
 0001:0001d0b0       ?getEdgeToTriangles@EdgeList@Gu@physx@@QBEPBUEdgeDescData@23@XZ 1001e0b0 f i TriangleMeshBuilder.obj
 0001:0001d0d0       ?getEdgeTriangle@EdgeList@Gu@physx@@QBEABUEdgeTriangleData@23@I@Z 1001e0d0 f i TriangleMeshBuilder.obj
 0001:0001d0f0       ?getEdges@EdgeList@Gu@physx@@QBEPBUEdgeData@23@XZ 1001e0f0 f i TriangleMeshBuilder.obj
 0001:0001d110       ?getFacesByEdges@EdgeList@Gu@physx@@QBEPBIXZ 1001e110 f i TriangleMeshBuilder.obj
 0001:0001d130       ?getFoundation@shdfnd@physx@@YAAAVFoundation@12@XZ 1001e130 f i TriangleMeshBuilder.obj
 0001:0001d140       ?getMidphaseID@BV4TriangleMeshBuilder@physx@@UBE?AW4Enum@PxMeshMidPhase@2@XZ 1001e140 f i TriangleMeshBuilder.obj
 0001:0001d160       ?getMidphaseID@RTreeTriangleMeshBuilder@physx@@UBE?AW4Enum@PxMeshMidPhase@2@XZ 1001e160 f i TriangleMeshBuilder.obj
 0001:0001d170       ?getName@?$ReflectionAllocator@E@shdfnd@physx@@CAPBDXZ 1001e170 f i TriangleMeshBuilder.obj
 0001:0001d1c0       ?getName@?$ReflectionAllocator@G@shdfnd@physx@@CAPBDXZ 1001e1c0 f i TriangleMeshBuilder.obj
 0001:0001d210       ?getName@?$ReflectionAllocator@I@shdfnd@physx@@CAPBDXZ 1001e210 f i TriangleMeshBuilder.obj
 0001:0001d260       ?getName@?$ReflectionAllocator@VBV32Tree@Gu@physx@@@shdfnd@physx@@CAPBDXZ 1001e260 f i TriangleMeshBuilder.obj
 0001:0001d2b0       ?getName@?$ReflectionAllocator@VEdgeListBuilder@Gu@physx@@@shdfnd@physx@@CAPBDXZ 1001e2b0 f i TriangleMeshBuilder.obj
 0001:0001d300       ?getNbEdges@EdgeList@Gu@physx@@QBEIXZ 1001e300 f i TriangleMeshBuilder.obj
 0001:0001d320       ?getNbFaces@EdgeList@Gu@physx@@QBEIXZ 1001e320 f i TriangleMeshBuilder.obj
 0001:0001d340       ?getNormalized@PxVec3@physx@@QBE?AV12@XZ 1001e340 f i TriangleMeshBuilder.obj
 0001:0001d3f0       ?getRemap@SourceMesh@Gu@physx@@QBEPBIXZ 1001e3f0 f i TriangleMeshBuilder.obj
 0001:0001d410       ?getType@PxMidphaseDesc@physx@@QBE?AW4Enum@PxMeshMidPhase@2@XZ 1001e410 f i TriangleMeshBuilder.obj
 0001:0001d430       ?grow@?$Array@USharpEdgeRange@GrbTrimeshCookerHelper@physx@@VNamedAllocator@shdfnd@3@@shdfnd@physx@@IAEXI@Z 1001e430 f i TriangleMeshBuilder.obj
 0001:0001d4b0       ?grow@?$Array@USortedNeighbor@GrbTrimeshCookerHelper@physx@@VNamedAllocator@shdfnd@3@@shdfnd@physx@@IAEXI@Z 1001e4b0 f i TriangleMeshBuilder.obj
 0001:0001d530       ?growAndPushBack@?$Array@USortedNeighbor@GrbTrimeshCookerHelper@physx@@VNamedAllocator@shdfnd@3@@shdfnd@physx@@IAEAAUSortedNeighbor@GrbTrimeshCookerHelper@3@ABU453@@Z 1001e530 f i TriangleMeshBuilder.obj
 0001:0001d6c0       ?has16BitIndices@TriangleMeshData@Gu@physx@@QBE_NXZ 1001e6c0 f i TriangleMeshBuilder.obj
 0001:0001d6f0       ?initRemap@SourceMesh@Gu@physx@@QAEXXZ 1001e6f0 f i TriangleMeshBuilder.obj
 0001:0001d710       ?isArrayOfPOD@?$Array@USharpEdgeRange@GrbTrimeshCookerHelper@physx@@VNamedAllocator@shdfnd@3@@shdfnd@physx@@SA_NXZ 1001e710 f i TriangleMeshBuilder.obj
 0001:0001d720       ?isArrayOfPOD@?$Array@USortedNeighbor@GrbTrimeshCookerHelper@physx@@VNamedAllocator@shdfnd@3@@shdfnd@physx@@SA_NXZ 1001e720 f i TriangleMeshBuilder.obj
 0001:0001d730       ?isInUserMemory@?$Array@USharpEdgeRange@GrbTrimeshCookerHelper@physx@@VNamedAllocator@shdfnd@3@@shdfnd@physx@@QBEIXZ 1001e730 f i TriangleMeshBuilder.obj
 0001:0001d750       ?isInUserMemory@?$Array@USortedNeighbor@GrbTrimeshCookerHelper@physx@@VNamedAllocator@shdfnd@3@@shdfnd@physx@@QBEIXZ 1001e750 f i TriangleMeshBuilder.obj
 0001:0001d770       ?isValid@PxBVH33MidphaseDesc@physx@@QBE_NXZ 1001e770 f i TriangleMeshBuilder.obj
 0001:0001d7b0       ?isValid@PxBVH34MidphaseDesc@physx@@QBE_NXZ 1001e7b0 f i TriangleMeshBuilder.obj
 0001:0001d7e0       ?isValid@PxMidphaseDesc@physx@@QBE_NXZ 1001e7e0 f i TriangleMeshBuilder.obj
 0001:0001d830       ?isValid@PxSimpleTriangleMesh@physx@@QBE_NXZ 1001e830 f i TriangleMeshBuilder.obj
 0001:0001d900       ?isValid@PxTriangleMeshDesc@physx@@QBE_NXZ 1001e900 f i TriangleMeshBuilder.obj
 0001:0001d970       ?isZeroInit@?$Array@USharpEdgeRange@GrbTrimeshCookerHelper@physx@@VNamedAllocator@shdfnd@3@@shdfnd@physx@@KA_NABUSharpEdgeRange@GrbTrimeshCookerHelper@3@@Z 1001e970 f i TriangleMeshBuilder.obj
 0001:0001d9e0       ?littleEndian@shdfnd@physx@@YADXZ 1001e9e0 f i TriangleMeshBuilder.obj
 0001:0001da00       ?magnitudeSquared@PxVec3@physx@@QBEMXZ 1001ea00 f i TriangleMeshBuilder.obj
 0001:0001da60       ?name@type_info@@QBEPBDXZ  1001ea60 f i TriangleMeshBuilder.obj
 0001:0001da90       ?onMeshIndexFormatChange@TriangleMeshBuilder@physx@@UAEXXZ 1001ea90 f i TriangleMeshBuilder.obj
 0001:0001daa0       ?pushBack@?$Array@USortedNeighbor@GrbTrimeshCookerHelper@physx@@VNamedAllocator@shdfnd@3@@shdfnd@physx@@QAEAAUSortedNeighbor@GrbTrimeshCookerHelper@3@ABU453@@Z 1001eaa0 f i TriangleMeshBuilder.obj
 0001:0001db60       ?recipSqrt@intrinsics@physx@@YAMM@Z 1001eb60 f i TriangleMeshBuilder.obj
 0001:0001dbb0       ?recreate@?$Array@USharpEdgeRange@GrbTrimeshCookerHelper@physx@@VNamedAllocator@shdfnd@3@@shdfnd@physx@@IAEXI@Z 1001ebb0 f i TriangleMeshBuilder.obj
 0001:0001dcc0       ?recreate@?$Array@USortedNeighbor@GrbTrimeshCookerHelper@physx@@VNamedAllocator@shdfnd@3@@shdfnd@physx@@IAEXI@Z 1001ecc0 f i TriangleMeshBuilder.obj
 0001:0001ddc0       ?release@RTree@Gu@physx@@QAEXXZ 1001edc0 f i TriangleMeshBuilder.obj
 0001:0001de20       ?releaseRemap@SourceMesh@Gu@physx@@QAEXXZ 1001ee20 f i TriangleMeshBuilder.obj
 0001:0001de60       ?remap@RTreeCookerRemap@physx@@UAEXPAIII@Z 1001ee60 f i TriangleMeshBuilder.obj
 0001:0001e020       ?reserve@?$Array@USharpEdgeRange@GrbTrimeshCookerHelper@physx@@VNamedAllocator@shdfnd@3@@shdfnd@physx@@QAEXI@Z 1001f020 f i TriangleMeshBuilder.obj
 0001:0001e050       ?reserve@?$Array@USortedNeighbor@GrbTrimeshCookerHelper@physx@@VNamedAllocator@shdfnd@3@@shdfnd@physx@@QAEXI@Z 1001f050 f i TriangleMeshBuilder.obj
 0001:0001e080       ?resize@?$Array@USharpEdgeRange@GrbTrimeshCookerHelper@physx@@VNamedAllocator@shdfnd@3@@shdfnd@physx@@QAEXIABUSharpEdgeRange@GrbTrimeshCookerHelper@3@@Z 1001f080 f i TriangleMeshBuilder.obj
 0001:0001e110       ?resizeUninitialized@?$Array@USortedNeighbor@GrbTrimeshCookerHelper@physx@@VNamedAllocator@shdfnd@3@@shdfnd@physx@@QAEXI@Z 1001f110 f i TriangleMeshBuilder.obj
 0001:0001e140       ?setNbTriangles@SourceMesh@Gu@physx@@QAEXI@Z 1001f140 f i TriangleMeshBuilder.obj
 0001:0001e160       ?setNbVertices@SourceMesh@Gu@physx@@QAEXI@Z 1001f160 f i TriangleMeshBuilder.obj
 0001:0001e180       ?setPointers@SourceMesh@Gu@physx@@QAEXPAVIndTri32@23@PAVIndTri16@23@PBVPxVec3@3@@Z 1001f180 f i TriangleMeshBuilder.obj
 0001:0001e1c0       ?setTriangleAdjacency@TriangleMeshData@Gu@physx@@QAEXIII@Z 1001f1c0 f i TriangleMeshBuilder.obj
 0001:0001e240       ?size@?$Array@USortedNeighbor@GrbTrimeshCookerHelper@physx@@VNamedAllocator@shdfnd@3@@shdfnd@physx@@QBEIXZ 1001f240 f i TriangleMeshBuilder.obj
 0001:0001e260       ?to16@shdfnd@physx@@YAGI@Z 1001f260 f i TriangleMeshBuilder.obj
 0001:0001e2c0       ?writeChunk@physx@@YAXCCCCAAVPxOutputStream@1@@Z 1001f2c0 f i TriangleMeshBuilder.obj
 0001:0001e320       ?writeIntBuffer@physx@@YAXPBII_NAAVPxOutputStream@1@@Z 1001f320 f i TriangleMeshBuilder.obj
 0001:0001e350       _powf                      1001f350 f i TriangleMeshBuilder.obj
 0001:0001e390       _sqrtf                     1001f390 f i TriangleMeshBuilder.obj
 0001:0001e3c0       ??0BigConvexDataBuilder@physx@@QAE@PBUConvexHullData@Gu@1@PAVBigConvexData@1@PBVPxVec3@1@@Z 1001f3c0 f   BigConvexDataBuilder.obj
 0001:0001e3f0       ??1BigConvexDataBuilder@physx@@QAE@XZ 1001f3f0 f   BigConvexDataBuilder.obj
 0001:0001e400       ?precompute@BigConvexDataBuilder@physx@@QAE_NI@Z 1001f400 f   BigConvexDataBuilder.obj
 0001:0001e9d0       ?initialize@BigConvexDataBuilder@physx@@QAE_NXZ 1001f9d0 f   BigConvexDataBuilder.obj
 0001:0001ea20       ?save@BigConvexDataBuilder@physx@@QBE_NAAVPxOutputStream@2@_N@Z 1001fa20 f   BigConvexDataBuilder.obj
 0001:0001eb00       ?computeValencies@BigConvexDataBuilder@physx@@QAE_NABVConvexHullBuilder@2@@Z 1001fb00 f   BigConvexDataBuilder.obj
 0001:0001f0d0       ?saveValencies@BigConvexDataBuilder@physx@@QBE_NAAVPxOutputStream@2@_N@Z 100200d0 f   BigConvexDataBuilder.obj
 0001:0001f610       ??$?_UUValency@Gu@physx@@@@YAPAXIV?$ReflectionAllocator@UValency@Gu@physx@@@shdfnd@physx@@PBDH@Z 10020610 f i BigConvexDataBuilder.obj
 0001:0001f630       ??0?$ReflectionAllocator@UValency@Gu@physx@@@shdfnd@physx@@QAE@PBD@Z 10020630 f i BigConvexDataBuilder.obj
 0001:0001f650       ??B?$PxBitAndDataT@G$0IAAA@@physx@@QBEGXZ 10020650 f i BigConvexDataBuilder.obj
 0001:0001f670       ??_0PxVec3@physx@@QAEAAV01@M@Z 10020670 f i BigConvexDataBuilder.obj
 0001:0001f6f0       ?PxMemZero@physx@@YAPAXPAXI@Z 100206f0 f i BigConvexDataBuilder.obj
 0001:0001f710       ?PxSqrt@physx@@YAMM@Z      10020710 f i BigConvexDataBuilder.obj
 0001:0001f730       ?allocate@?$ReflectionAllocator@UValency@Gu@physx@@@shdfnd@physx@@QAEPAXIPBDH@Z 10020730 f i BigConvexDataBuilder.obj
 0001:0001f790       ?getName@?$ReflectionAllocator@UValency@Gu@physx@@@shdfnd@physx@@CAPBDXZ 10020790 f i BigConvexDataBuilder.obj
 0001:0001f7e0       ?magnitude@PxVec3@physx@@QBEMXZ 100207e0 f i BigConvexDataBuilder.obj
 0001:0001f810       ?normalize@PxVec3@physx@@QAEMXZ 10020810 f i BigConvexDataBuilder.obj
 0001:0001f860       ?precomputeSample@BigConvexDataBuilder@physx@@IAEXABVPxVec3@2@AAEM@Z 10020860 f i BigConvexDataBuilder.obj
 0001:0001fa40       ?sqrt@intrinsics@physx@@YAMM@Z 10020a40 f i BigConvexDataBuilder.obj
 0001:0001fab0       ??0ConvexHullBuilder@physx@@QAE@PAUConvexHullData@Gu@1@_N@Z 10020ab0 f   ConvexHullBuilder.obj
 0001:0001fb30       ??1ConvexHullBuilder@physx@@QAE@XZ 10020b30 f   ConvexHullBuilder.obj
 0001:0001fc50       ?init@ConvexHullBuilder@physx@@QAE_NIPBVPxVec3@2@PBIIIPBUPxHullPolygon@2@I_N3@Z 10020c50 f   ConvexHullBuilder.obj
 0001:000201c0       ?save@ConvexHullBuilder@physx@@QBE_NAAVPxOutputStream@2@_N@Z 100211c0 f   ConvexHullBuilder.obj
 0001:00020480       ?copy@ConvexHullBuilder@physx@@QAE_NAAUConvexHullData@Gu@2@AAI@Z 10021480 f   ConvexHullBuilder.obj
 0001:00020970       ?createEdgeList@ConvexHullBuilder@physx@@QAE_N_NI0@Z 10021970 f   ConvexHullBuilder.obj
 0001:00021460       ?checkHullPolygons@ConvexHullBuilder@physx@@QBE_NXZ 10022460 f   ConvexHullBuilder.obj
 0001:00021c10       ?calculateVertexMapTable@ConvexHullBuilder@physx@@QAE_NI_N@Z 10022c10 f   ConvexHullBuilder.obj
 0001:00021e20       ?computeGeomCenter@ConvexHullBuilder@physx@@IBE_NAAVPxVec3@2@IPAUHullTriangleData@2@@Z 10022e20 f   ConvexHullBuilder.obj
 0001:00022880       ??$?_UUEdgeDescData@Gu@physx@@@@YAPAXIV?$ReflectionAllocator@UEdgeDescData@Gu@physx@@@shdfnd@physx@@PBDH@Z 10023880 f i ConvexHullBuilder.obj
 0001:000228a0       ??$?_U_N@@YAPAXIV?$ReflectionAllocator@_N@shdfnd@physx@@PBDH@Z 100238a0 f i ConvexHullBuilder.obj
 0001:000228c0       ??0?$PxBitAndDataT@G$0IAAA@@physx@@QAE@G_N@Z 100238c0 f i ConvexHullBuilder.obj
 0001:00022910       ??0?$ReflectionAllocator@UEdgeDescData@Gu@physx@@@shdfnd@physx@@QAE@PBD@Z 10023910 f i ConvexHullBuilder.obj
 0001:00022930       ??0?$ReflectionAllocator@_N@shdfnd@physx@@QAE@PBD@Z 10023930 f i ConvexHullBuilder.obj
 0001:00022950       ??0?$TriangleT@I@Gu@physx@@QAE@III@Z 10023950 f i ConvexHullBuilder.obj
 0001:000229b0       ??0HullPolygonData@Gu@physx@@QAE@ABU012@@Z 100239b0 f i ConvexHullBuilder.obj
 0001:00022a10       ??0PxPlane@physx@@QAE@ABV01@@Z 10023a10 f i ConvexHullBuilder.obj
 0001:00022a50       ??0PxPlane@physx@@QAE@MMMM@Z 10023a50 f i ConvexHullBuilder.obj
 0001:00022ab0       ??4PxPlane@physx@@QAEAAV01@$$QAV01@@Z 10023ab0 f i ConvexHullBuilder.obj
 0001:00022af0       ??YPxVec3@physx@@QAEAAV01@ABV01@@Z 10023af0 f i ConvexHullBuilder.obj
 0001:00022b60       ?PxMemSet@physx@@YAPAXPAXHI@Z 10023b60 f i ConvexHullBuilder.obj
 0001:00022b80       ?allocate@?$ReflectionAllocator@UEdgeDescData@Gu@physx@@@shdfnd@physx@@QAEPAXIPBDH@Z 10023b80 f i ConvexHullBuilder.obj
 0001:00022be0       ?allocate@?$ReflectionAllocator@_N@shdfnd@physx@@QAEPAXIPBDH@Z 10023be0 f i ConvexHullBuilder.obj
 0001:00022c40       ?area@?$TriangleT@I@Gu@physx@@QBEMPBVPxVec3@3@@Z 10023c40 f i ConvexHullBuilder.obj
 0001:00022d00       ?center@?$TriangleT@I@Gu@physx@@QBEXPBVPxVec3@3@AAV43@@Z 10023d00 f i ConvexHullBuilder.obj
 0001:00022dc0       ?computeBufferSize@Gu@physx@@YAIABUConvexHullData@12@I@Z 10023dc0 f i ConvexHullBuilder.obj
 0001:00022eb0       ?computeNbPolygons@ConvexHullBuilder@physx@@QBEIXZ 10023eb0 f i ConvexHullBuilder.obj
 0001:00022f20       ?flip@physx@@YAXAAG@Z      10023f20 f i ConvexHullBuilder.obj
 0001:00022f90       ?flip@physx@@YAXAAM@Z      10023f90 f i ConvexHullBuilder.obj
 0001:00023040       ?flipData@Gu@physx@@YAXAAUHullPolygonData@12@@Z 10024040 f i ConvexHullBuilder.obj
 0001:000230a0       ?getName@?$ReflectionAllocator@UEdgeDescData@Gu@physx@@@shdfnd@physx@@CAPBDXZ 100240a0 f i ConvexHullBuilder.obj
 0001:000230f0       ?getName@?$ReflectionAllocator@_N@shdfnd@physx@@CAPBDXZ 100240f0 f i ConvexHullBuilder.obj
 0001:00023140       ?isBitSet@?$PxBitAndDataT@G$0IAAA@@physx@@QBEGXZ 10024140 f i ConvexHullBuilder.obj
 0001:00023160       ?memSet@intrinsics@physx@@YAPAXPAXHI@Z 10024160 f i ConvexHullBuilder.obj
 0001:00023180       ?to8@shdfnd@physx@@YAEI@Z  10024180 f i ConvexHullBuilder.obj
 0001:000231e0       ??1ConvexHullLib@physx@@UAE@XZ 100241e0 f   ConvexHullLib.obj
 0001:00023240       ?cleanupVertices@ConvexHullLib@physx@@IAE_NIPBVPxVec3@2@IAAIPAV32@AAV32@3@Z 10024240 f   ConvexHullLib.obj
 0001:00023690       ?shiftAndcleanupVertices@ConvexHullLib@physx@@IAE_NIPBVPxVec3@2@IAAIPAV32@AAV32@3@Z 10024690 f   ConvexHullLib.obj
 0001:000237c0       ?swapLargestFace@ConvexHullLib@physx@@IAEXAAVPxConvexMeshDesc@2@@Z 100247c0 f   ConvexHullLib.obj
 0001:00023a90       ?shiftConvexMeshDesc@ConvexHullLib@physx@@IAEXAAVPxConvexMeshDesc@2@@Z 10024a90 f   ConvexHullLib.obj
 0001:000243f0       ??0?$PxFlags@W4Enum@PxConvexFlag@physx@@G@physx@@QAE@ABV01@@Z 100253f0 f i ConvexHullLib.obj
 0001:00024420       ??0PxBounds3@physx@@QAE@XZ 10025420 f i ConvexHullLib.obj
 0001:00024450       ??B?$PxFlags@W4Enum@PxConvexFlag@physx@@G@physx@@QBE_NXZ 10025450 f i ConvexHullLib.obj
 0001:00024480       ??I?$PxFlags@W4Enum@PxConvexFlag@physx@@G@physx@@QBE?AV01@W4Enum@PxConvexFlag@1@@Z 10025480 f i ConvexHullLib.obj
 0001:000244d0       ??_GConvexHullLib@physx@@UAEPAXI@Z 100254d0 f i ConvexHullLib.obj
 0001:000244d0       ??_EConvexHullLib@physx@@UAEPAXI@Z 100254d0 f i ConvexHullLib.obj
 0001:00024510       ?getCenter@PxBounds3@physx@@QBE?AVPxVec3@2@XZ 10025510 f i ConvexHullLib.obj
 0001:000245c0       ?getDimensions@PxBounds3@physx@@QBE?AVPxVec3@2@XZ 100255c0 f i ConvexHullLib.obj
 0001:00024650       ?include@PxBounds3@physx@@QAEXABVPxVec3@2@@Z 10025650 f i ConvexHullLib.obj
 0001:00024700       ?maximum@PxVec3@physx@@QBE?AV12@ABV12@@Z 10025700 f i ConvexHullLib.obj
 0001:000247b0       ?minimum@PxVec3@physx@@QBE?AV12@ABV12@@Z 100257b0 f i ConvexHullLib.obj
 0001:00024860       ?multiply@PxVec3@physx@@QBE?AV12@ABV12@@Z 10025860 f i ConvexHullLib.obj
 0001:000248d0       ??0ConvexHull@physx@@QAE@ABVPxVec3@1@0ABV?$Array@VPxPlane@physx@@VNamedAllocator@shdfnd@2@@shdfnd@1@@Z 100258d0 f   ConvexHullUtils.obj
 0001:00024fa0       ??0ConvexHull@physx@@QAE@ABVPxVec3@1@ABVPxTransform@1@ABV?$Array@VPxPlane@physx@@VNamedAllocator@shdfnd@2@@shdfnd@1@@Z 10025fa0 f   ConvexHullUtils.obj
 0001:000257c0       ?findCandidatePlane@ConvexHull@physx@@QBEHMM@Z 100267c0 f   ConvexHullUtils.obj
 0001:00025ae0       ?assertIntact@ConvexHull@physx@@QBE_NM@Z 10026ae0 f   ConvexHullUtils.obj
 0001:00026060       ?maxNumVertsPerFace@ConvexHull@physx@@QBEIXZ 10027060 f   ConvexHullUtils.obj
 0001:00026100       ?convexHullCrop@physx@@YAPAVConvexHull@1@ABV21@ABVPxPlane@1@M@Z 10027100 f   ConvexHullUtils.obj
 0001:000271e0       ?computeOBBFromConvex@physx@@YA_NABVPxConvexMeshDesc@1@AAVPxVec3@1@AAVPxTransform@1@@Z 100281e0 f   ConvexHullUtils.obj
 0001:000278e0       ?computeOBBSIMD@local@@YAXIPBT__m128@@AAT2@ABT2@1@Z 100288e0 f   ConvexHullUtils.obj
 0001:00028940       ??$?2V?$ReflectionAllocator@VConvexHull@physx@@@shdfnd@physx@@@UserAllocated@shdfnd@physx@@SAPAXIV?$ReflectionAllocator@VConvexHull@physx@@@12@PBDH@Z 10029940 f i ConvexHullUtils.obj
 0001:00028960       ??$PX_UNUSED@W4PxIDENTITY@physx@@@@YAXABW4PxIDENTITY@physx@@@Z 10029960 f i ConvexHullUtils.obj
 0001:00028970       ??0?$Array@VHalfEdge@ConvexHull@physx@@VNamedAllocator@shdfnd@3@@shdfnd@physx@@QAE@ABVNamedAllocator@12@@Z 10029970 f i ConvexHullUtils.obj
 0001:000289c0       ??0?$Array@VPxPlane@physx@@VNamedAllocator@shdfnd@2@@shdfnd@physx@@QAE@ABVNamedAllocator@12@@Z 100299c0 f i ConvexHullUtils.obj
 0001:00028a10       ??0?$PxFlags@W4Enum@PxConvexFlag@physx@@G@physx@@QAE@XZ 10029a10 f i ConvexHullUtils.obj
 0001:00028a30       ??0?$ReflectionAllocator@VConvexHull@physx@@@shdfnd@physx@@QAE@PBD@Z 10029a30 f i ConvexHullUtils.obj
 0001:00028a50       ??0ConvexHull@physx@@QAE@ABV01@@Z 10029a50 f i ConvexHullUtils.obj
 0001:00028b00       ??0ConvexHull@physx@@QAE@ABV?$Array@VPxPlane@physx@@VNamedAllocator@shdfnd@2@@shdfnd@1@@Z 10029b00 f i ConvexHullUtils.obj
 0001:00028ba0       ??0HalfEdge@ConvexHull@physx@@QAE@FEE@Z 10029ba0 f i ConvexHullUtils.obj
 0001:00028be0       ??0HalfEdge@ConvexHull@physx@@QAE@XZ 10029be0 f i ConvexHullUtils.obj
 0001:00028c00       ??0Mat33V@aos@shdfnd@physx@@QAE@XZ 10029c00 f i ConvexHullUtils.obj
 0001:00028c20       ??0PxBoundedData@physx@@QAE@XZ 10029c20 f i ConvexHullUtils.obj
 0001:00028c50       ??0PxConvexMeshDesc@physx@@QAE@XZ 10029c50 f i ConvexHullUtils.obj
 0001:00028cc0       ??0PxIntegrals@physx@@QAE@XZ 10029cc0 f i ConvexHullUtils.obj
 0001:00028ce0       ??0PxMat33@physx@@QAE@ABV01@@Z 10029ce0 f i ConvexHullUtils.obj
 0001:00028d30       ??0PxMat33@physx@@QAE@ABVPxQuat@1@@Z 10029d30 f i ConvexHullUtils.obj
 0001:00028fb0       ??0PxMat33@physx@@QAE@ABVPxVec3@1@00@Z 10029fb0 f i ConvexHullUtils.obj
 0001:00029000       ??0PxMat33@physx@@QAE@W4PxIDENTITY@1@@Z 1002a000 f i ConvexHullUtils.obj
 0001:000290c0       ??0PxMat33@physx@@QAE@XZ   1002a0c0 f i ConvexHullUtils.obj
 0001:00029100       ??0PxPlane@physx@@QAE@ABVPxVec3@1@00@Z 1002a100 f i ConvexHullUtils.obj
 0001:000291a0       ??0PxPlane@physx@@QAE@ABVPxVec3@1@M@Z 1002a1a0 f i ConvexHullUtils.obj
 0001:000291e0       ??0PxPlane@physx@@QAE@XZ   1002a1e0 f i ConvexHullUtils.obj
 0001:00029200       ??0PxQuat@physx@@QAE@MABVPxVec3@1@@Z 1002a200 f i ConvexHullUtils.obj
 0001:00029340       ??0PxQuat@physx@@QAE@XZ    1002a340 f i ConvexHullUtils.obj
 0001:00029360       ??0PxStridedData@physx@@QAE@XZ 1002a360 f i ConvexHullUtils.obj
 0001:00029390       ??4PxPlane@physx@@QAEAAV01@ABV01@@Z 1002a390 f i ConvexHullUtils.obj
 0001:000293d0       ??8PxPlane@physx@@QBE_NABV01@@Z 1002a3d0 f i ConvexHullUtils.obj
 0001:00029430       ??8PxVec3@physx@@QBE_NABV01@@Z 1002a430 f i ConvexHullUtils.obj
 0001:000294b0       ??A?$Array@VHalfEdge@ConvexHull@physx@@VNamedAllocator@shdfnd@3@@shdfnd@physx@@QAEAAVHalfEdge@ConvexHull@2@I@Z 1002a4b0 f i ConvexHullUtils.obj
 0001:00029520       ??A?$Array@VHalfEdge@ConvexHull@physx@@VNamedAllocator@shdfnd@3@@shdfnd@physx@@QBEABVHalfEdge@ConvexHull@2@I@Z 1002a520 f i ConvexHullUtils.obj
 0001:00029590       ??A?$Array@VPxPlane@physx@@VNamedAllocator@shdfnd@2@@shdfnd@physx@@QBEABVPxPlane@2@I@Z 1002a590 f i ConvexHullUtils.obj
 0001:00029600       ??A?$Array@VPxVec3@physx@@VNamedAllocator@shdfnd@2@@shdfnd@physx@@QAEAAVPxVec3@2@I@Z 1002a600 f i ConvexHullUtils.obj
 0001:00029670       ??A?$Array@VPxVec3@physx@@VNamedAllocator@shdfnd@2@@shdfnd@physx@@QBEABVPxVec3@2@I@Z 1002a670 f i ConvexHullUtils.obj
 0001:000296e0       ??APxMat33@physx@@QAEAAVPxVec3@1@I@Z 1002a6e0 f i ConvexHullUtils.obj
 0001:00029700       ??GPxVec3@physx@@QBE?AV01@XZ 1002a700 f i ConvexHullUtils.obj
 0001:00029770       ??RPxMat33@physx@@QAEAAMII@Z 1002a770 f i ConvexHullUtils.obj
 0001:000297a0       ??XPxVec3@physx@@QAEAAV01@M@Z 1002a7a0 f i ConvexHullUtils.obj
 0001:00029800       ?FAdd@aos@shdfnd@physx@@YA?AT__m128@@T4@0@Z 1002a800 f i ConvexHullUtils.obj
 0001:00029900       ?FMul@aos@shdfnd@physx@@YA?AT__m128@@T4@0@Z 1002a900 f i ConvexHullUtils.obj
 0001:00029a00       ?FScaleAdd@aos@shdfnd@physx@@YA?AT__m128@@T4@00@Z 1002aa00 f i ConvexHullUtils.obj
 0001:00029b70       ?PxCos@physx@@YAMM@Z       1002ab70 f i ConvexHullUtils.obj
 0001:00029b90       ?PxSin@physx@@YAMM@Z       1002ab90 f i ConvexHullUtils.obj
 0001:00029bb0       ?QuatGetMat33V@aos@shdfnd@physx@@YAXABT__m128@@AAT4@11@Z 1002abb0 f i ConvexHullUtils.obj
 0001:00029e20       ?QuatRotateInv@aos@shdfnd@physx@@YA?AT__m128@@T4@0@Z 1002ae20 f i ConvexHullUtils.obj
 0001:0002a000       ?QuatVLoadU@aos@shdfnd@physx@@YA?AT__m128@@PBM@Z 1002b000 f i ConvexHullUtils.obj
 0001:0002a050       ?V3Cross@aos@shdfnd@physx@@YA?AT__m128@@T4@0@Z 1002b050 f i ConvexHullUtils.obj
 0001:0002a200       ?V3NegScaleSub@aos@shdfnd@physx@@YA?AT__m128@@T4@00@Z 1002b200 f i ConvexHullUtils.obj
 0001:0002a370       ?V3Scale@aos@shdfnd@physx@@YA?AT__m128@@T4@0@Z 1002b370 f i ConvexHullUtils.obj
 0001:0002a470       ?V3ScaleAdd@aos@shdfnd@physx@@YA?AT__m128@@T4@00@Z 1002b470 f i ConvexHullUtils.obj
 0001:0002a5e0       ?V4Add@aos@shdfnd@physx@@YA?AT__m128@@T4@0@Z 1002b5e0 f i ConvexHullUtils.obj
 0001:0002a630       ?V4GetW@aos@shdfnd@physx@@YA?AT__m128@@T4@@Z 1002b630 f i ConvexHullUtils.obj
 0001:0002a680       ?V4GetX@aos@shdfnd@physx@@YA?AT__m128@@T4@@Z 1002b680 f i ConvexHullUtils.obj
 0001:0002a6d0       ?V4GetY@aos@shdfnd@physx@@YA?AT__m128@@T4@@Z 1002b6d0 f i ConvexHullUtils.obj
 0001:0002a720       ?V4GetZ@aos@shdfnd@physx@@YA?AT__m128@@T4@@Z 1002b720 f i ConvexHullUtils.obj
 0001:0002a770       ?V4LoadU@aos@shdfnd@physx@@YA?AT__m128@@QBM@Z 1002b770 f i ConvexHullUtils.obj
 0001:0002a7b0       ?V4Max@aos@shdfnd@physx@@YA?AT__m128@@T4@0@Z 1002b7b0 f i ConvexHullUtils.obj
 0001:0002a800       ?V4Min@aos@shdfnd@physx@@YA?AT__m128@@T4@0@Z 1002b800 f i ConvexHullUtils.obj
 0001:0002a850       ?V4Mul@aos@shdfnd@physx@@YA?AT__m128@@T4@0@Z 1002b850 f i ConvexHullUtils.obj
 0001:0002a8a0       ?V4MulAdd@aos@shdfnd@physx@@YA?AT__m128@@T4@00@Z 1002b8a0 f i ConvexHullUtils.obj
 0001:0002a910       ?V4Neg@aos@shdfnd@physx@@YA?AT__m128@@T4@@Z 1002b910 f i ConvexHullUtils.obj
 0001:0002a960       ?V4Scale@aos@shdfnd@physx@@YA?AT__m128@@T4@0@Z 1002b960 f i ConvexHullUtils.obj
 0001:0002a9b0       ?V4StoreU@aos@shdfnd@physx@@YAXT__m128@@PAM@Z 1002b9b0 f i ConvexHullUtils.obj
 0001:0002a9f0       ?V4Sub@aos@shdfnd@physx@@YA?AT__m128@@T4@0@Z 1002b9f0 f i ConvexHullUtils.obj
 0001:0002aa40       ?Vec4V_From_Vec3V@aos@shdfnd@physx@@YA?AT__m128@@T4@@Z 1002ba40 f i ConvexHullUtils.obj
 0001:0002aa80       ?allocate@?$Array@VHalfEdge@ConvexHull@physx@@VNamedAllocator@shdfnd@3@@shdfnd@physx@@IAEPAVHalfEdge@ConvexHull@3@I@Z 1002ba80 f i ConvexHullUtils.obj
 0001:0002ab00       ?allocate@?$Array@VPxPlane@physx@@VNamedAllocator@shdfnd@2@@shdfnd@physx@@IAEPAVPxPlane@3@I@Z 1002bb00 f i ConvexHullUtils.obj
 0001:0002ab80       ?allocate@?$ReflectionAllocator@VConvexHull@physx@@@shdfnd@physx@@QAEPAXIPBDH@Z 1002bb80 f i ConvexHullUtils.obj
 0001:0002abe0       ?begin@?$Array@VHalfEdge@ConvexHull@physx@@VNamedAllocator@shdfnd@3@@shdfnd@physx@@QAEPAVHalfEdge@ConvexHull@3@XZ 1002bbe0 f i ConvexHullUtils.obj
 0001:0002ac00       ?begin@?$Array@VHalfEdge@ConvexHull@physx@@VNamedAllocator@shdfnd@3@@shdfnd@physx@@QBEPBVHalfEdge@ConvexHull@3@XZ 1002bc00 f i ConvexHullUtils.obj
 0001:0002ac20       ?begin@?$Array@VPxPlane@physx@@VNamedAllocator@shdfnd@2@@shdfnd@physx@@QAEPAVPxPlane@3@XZ 1002bc20 f i ConvexHullUtils.obj
 0001:0002ac40       ?begin@?$Array@VPxPlane@physx@@VNamedAllocator@shdfnd@2@@shdfnd@physx@@QBEPBVPxPlane@3@XZ 1002bc40 f i ConvexHullUtils.obj
 0001:0002ac60       ?begin@?$Array@VPxVec3@physx@@VNamedAllocator@shdfnd@2@@shdfnd@physx@@QBEPBVPxVec3@3@XZ 1002bc60 f i ConvexHullUtils.obj
 0001:0002ac80       ?capacity@?$Array@VHalfEdge@ConvexHull@physx@@VNamedAllocator@shdfnd@3@@shdfnd@physx@@QBEIXZ 1002bc80 f i ConvexHullUtils.obj
 0001:0002aca0       ?capacity@?$Array@VPxPlane@physx@@VNamedAllocator@shdfnd@2@@shdfnd@physx@@QBEIXZ 1002bca0 f i ConvexHullUtils.obj
 0001:0002acc0       ?capacityIncrement@?$Array@VHalfEdge@ConvexHull@physx@@VNamedAllocator@shdfnd@3@@shdfnd@physx@@IBEIXZ 1002bcc0 f i ConvexHullUtils.obj
 0001:0002ad00       ?capacityIncrement@?$Array@VPxPlane@physx@@VNamedAllocator@shdfnd@2@@shdfnd@physx@@IBEIXZ 1002bd00 f i ConvexHullUtils.obj
 0001:0002ad40       ?copy@?$Array@VHalfEdge@ConvexHull@physx@@VNamedAllocator@shdfnd@3@@shdfnd@physx@@KAXPAVHalfEdge@ConvexHull@3@0PBV453@@Z 1002bd40 f i ConvexHullUtils.obj
 0001:0002adf0       ?copy@?$Array@VPxPlane@physx@@VNamedAllocator@shdfnd@2@@shdfnd@physx@@KAXPAVPxPlane@3@0PBV43@@Z 1002bdf0 f i ConvexHullUtils.obj
[...]
 0003:00001a7d       ?fGetTemplateArgumentList@UnDecorator@@0_NA 10117a7d     libvcruntimed:undname.obj
 0003:00001a80       ?m_pGetParameter@UnDecorator@@0P6APADJ@ZA 10117a80     libvcruntimed:undname.obj
 0003:00001b08       ?nodes@?1??make@DNameStatusNode@@SAPAV2@W4DNameStatus@@@Z@4PAV2@A 10117b08     libvcruntimed:undname.obj
 0003:00001b44       ??_B?1??make@DNameStatusNode@@SAPAV1@W4DNameStatus@@@Z@51 10117b44     libvcruntimed:undname.obj
 0003:00001bfc       __pfnDumpClient            10117bfc     libucrtd:debug_heap.obj
 0003:00001fc4       __environ_table            10117fc4     libucrtd:environment_initialization.obj
 0003:00001fc8       __wenviron_table           10117fc8     libucrtd:environment_initialization.obj
 0003:00001fd0       ___dcrt_initial_wide_environment 10117fd0     libucrtd:environment_initialization.obj
 0003:00001fd4       ___dcrt_initial_narrow_environment 10117fd4     libucrtd:environment_initialization.obj
 0003:00001fd8       ___acrt_atexit_table       10117fd8     libucrtd:onexit.obj
 0003:00001fe8       ___acrt_at_quick_exit_table 10117fe8     libucrtd:onexit.obj
 0003:00001ff8       ___fastflag                10117ff8     libucrtd:fp_flags.obj
 0003:00002004       __pReportHookListW         10118004     libucrtd:dbgrptt.obj
 0003:00002008       __pfnReportHook            10118008     libucrtd:dbgrptt.obj
 0003:0000200c       __pReportHookList          1011800c     libucrtd:dbgrptt.obj
 0003:000021b0       ___acrt_locale_changed_data 101181b0     libucrtd:wsetlocale.obj
 0003:000021b4       ___acrt_current_locale_data 101181b4     libucrtd:nlsdata.obj
 0003:000021b8       ___acrt_heap               101181b8     libucrtd:heap_handle.obj
 0003:000022c4       ___mbcodepage              101182c4     libucrtd:mbctype.obj
 0003:000022c8       ___ismbcodepage            101182c8     libucrtd:mbctype.obj
 0003:000022cc       ___mbulinfo                101182cc     libucrtd:mbctype.obj
 0003:000022e0       ___mblocalename            101182e0     libucrtd:mbctype.obj
 0003:000022e8       ___argc                    101182e8     libucrtd:argv_data.obj
 0003:000022ec       ___argv                    101182ec     libucrtd:argv_data.obj
 0003:000022f0       ___wargv                   101182f0     libucrtd:argv_data.obj
 0003:000022f4       __acmdln                   101182f4     libucrtd:argv_data.obj
 0003:000022f8       __wcmdln                   101182f8     libucrtd:argv_data.obj
 0003:000022fc       __pgmptr                   101182fc     libucrtd:argv_data.obj
 0003:00002300       __wpgmptr                  10118300     libucrtd:argv_data.obj
 0003:00002308       ___pioinfo                 10118308     libucrtd:ioinit.obj
 0003:00002570       __nhandle                  10118570     libucrtd:ioinit.obj
 0003:00002574       ___acrt_stdout_buffer      10118574     libucrtd:_sftbuf.obj
 0003:00002578       ___acrt_stderr_buffer      10118578     libucrtd:_sftbuf.obj
 0003:0000257c       __nstream                  1011857c     libucrtd:_file.obj
 0003:00002580       ___piob                    10118580     libucrtd:_file.obj
 0003:00002588       __cflush                   10118588     libucrtd:_file.obj
 0003:00002cfb       ___acrt_lconv_static_null  10118cfb     libucrtd:localeconv.obj
 0003:00002cfc       ___acrt_lconv_static_W_null 10118cfc     libucrtd:localeconv.obj
 0003:00002d04       ?g_OutOfMemoryExceptionCallback@@3P6GPAXXZA 10118d04     libvcruntimed:frame.obj
 0003:00002d08       ___scrt_ucrt_dll_is_in_use 10118d08     <common>
 0003:00002d14       ___dyn_tls_init_callback   10118d14     <common>
 0003:00002d20       __pmatherr                 10118d20     <common>
 0003:00002d2c       ___use_sse2_mathfcns       10118d2c     <common>
 0004:00000000       __imp__LoadLibraryA@4      10119000     kernel32:KERNEL32.dll
 0004:00000004       __imp__RaiseException@16   10119004     kernel32:KERNEL32.dll
 0004:00000008       __imp__GetLastError@0      10119008     kernel32:KERNEL32.dll
 0004:0000000c       __imp__GetSystemInfo@4     1011900c     kernel32:KERNEL32.dll
 0004:00000010       __imp__VirtualProtect@16   10119010     kernel32:KERNEL32.dll
 0004:00000014       __imp__VirtualQuery@12     10119014     kernel32:KERNEL32.dll
 0004:00000018       __imp__FreeLibrary@4       10119018     kernel32:KERNEL32.dll
 0004:0000001c       __imp__GetModuleHandleW@4  1011901c     kernel32:KERNEL32.dll
 0004:00000020       __imp__GetProcAddress@8    10119020     kernel32:KERNEL32.dll
 0004:00000024       __imp__LoadLibraryExA@12   10119024     kernel32:KERNEL32.dll
 0004:00000028       __imp__InitializeSListHead@4 10119028     kernel32:KERNEL32.dll
 0004:0000002c       __imp__QueryPerformanceCounter@4 1011902c     kernel32:KERNEL32.dll
 0004:00000030       __imp__GetCurrentProcessId@0 10119030     kernel32:KERNEL32.dll
 0004:00000034       __imp__GetCurrentThreadId@0 10119034     kernel32:KERNEL32.dll
 0004:00000038       __imp__GetSystemTimeAsFileTime@4 10119038     kernel32:KERNEL32.dll
 0004:0000003c       __imp__IsDebuggerPresent@0 1011903c     kernel32:KERNEL32.dll
 0004:00000040       __imp__UnhandledExceptionFilter@4 10119040     kernel32:KERNEL32.dll
 0004:00000044       __imp__SetUnhandledExceptionFilter@4 10119044     kernel32:KERNEL32.dll
 0004:00000048       __imp__GetStartupInfoW@4   10119048     kernel32:KERNEL32.dll
 0004:0000004c       __imp__IsProcessorFeaturePresent@4 1011904c     kernel32:KERNEL32.dll
 0004:00000050       __imp__GetCurrentProcess@0 10119050     kernel32:KERNEL32.dll
 0004:00000054       __imp__TerminateProcess@8  10119054     kernel32:KERNEL32.dll
 0004:00000058       __imp__MultiByteToWideChar@24 10119058     kernel32:KERNEL32.dll
 0004:0000005c       __imp__WideCharToMultiByte@32 1011905c     kernel32:KERNEL32.dll
 0004:00000060       __imp__HeapAlloc@12        10119060     kernel32:KERNEL32.dll
 0004:00000064       __imp__HeapFree@12         10119064     kernel32:KERNEL32.dll
 0004:00000068       __imp__GetProcessHeap@0    10119068     kernel32:KERNEL32.dll
 0004:0000006c       __imp__InterlockedPushEntrySList@8 1011906c     kernel32:KERNEL32.dll
 0004:00000070       __imp__InterlockedFlushSList@4 10119070     kernel32:KERNEL32.dll
 0004:00000074       __imp__GetModuleFileNameW@12 10119074     kernel32:KERNEL32.dll
 0004:00000078       __imp__LoadLibraryExW@12   10119078     kernel32:KERNEL32.dll
 0004:0000007c       __imp__RtlUnwind@16        1011907c     kernel32:KERNEL32.dll
 0004:00000080       __imp__SetLastError@4      10119080     kernel32:KERNEL32.dll
 0004:00000084       __imp__EnterCriticalSection@4 10119084     kernel32:KERNEL32.dll
 0004:00000088       __imp__LeaveCriticalSection@4 10119088     kernel32:KERNEL32.dll
 0004:0000008c       __imp__DeleteCriticalSection@4 1011908c     kernel32:KERNEL32.dll
 0004:00000090       __imp__InitializeCriticalSectionAndSpinCount@8 10119090     kernel32:KERNEL32.dll
 0004:00000094       __imp__TlsAlloc@0          10119094     kernel32:KERNEL32.dll
 0004:00000098       __imp__TlsGetValue@4       10119098     kernel32:KERNEL32.dll
 0004:0000009c       __imp__TlsSetValue@8       1011909c     kernel32:KERNEL32.dll
 0004:000000a0       __imp__TlsFree@4           101190a0     kernel32:KERNEL32.dll
 0004:000000a4       __imp__GetModuleFileNameA@12 101190a4     kernel32:KERNEL32.dll
 0004:000000a8       __imp__GetModuleHandleExW@12 101190a8     kernel32:KERNEL32.dll
 0004:000000ac       __imp__HeapValidate@12     101190ac     kernel32:KERNEL32.dll
 0004:000000b0       __imp__ExitProcess@4       101190b0     kernel32:KERNEL32.dll
 0004:000000b4       __imp__EncodePointer@4     101190b4     kernel32:KERNEL32.dll
 0004:000000b8       __imp__DecodePointer@4     101190b8     kernel32:KERNEL32.dll
 0004:000000bc       __imp__GetStdHandle@4      101190bc     kernel32:KERNEL32.dll
 0004:000000c0       __imp__GetFileType@4       101190c0     kernel32:KERNEL32.dll
 0004:000000c4       __imp__WriteFile@20        101190c4     kernel32:KERNEL32.dll
 0004:000000c8       __imp__OutputDebugStringA@4 101190c8     kernel32:KERNEL32.dll
 0004:000000cc       __imp__OutputDebugStringW@4 101190cc     kernel32:KERNEL32.dll
 0004:000000d0       __imp__WriteConsoleW@20    101190d0     kernel32:KERNEL32.dll
 0004:000000d4       __imp__CloseHandle@4       101190d4     kernel32:KERNEL32.dll
 0004:000000d8       __imp__WaitForSingleObjectEx@12 101190d8     kernel32:KERNEL32.dll
 0004:000000dc       __imp__CreateThread@24     101190dc     kernel32:KERNEL32.dll
 0004:000000e0       __imp__SetConsoleCtrlHandler@8 101190e0     kernel32:KERNEL32.dll
 0004:000000e4       __imp__HeapReAlloc@16      101190e4     kernel32:KERNEL32.dll
 0004:000000e8       __imp__GetCurrentThread@0  101190e8     kernel32:KERNEL32.dll
 0004:000000ec       __imp__HeapSize@12         101190ec     kernel32:KERNEL32.dll
 0004:000000f0       __imp__HeapQueryInformation@20 101190f0     kernel32:KERNEL32.dll
 0004:000000f4       __imp__GetACP@0            101190f4     kernel32:KERNEL32.dll
 0004:000000f8       __imp__GetDateFormatW@24   101190f8     kernel32:KERNEL32.dll
 0004:000000fc       __imp__GetTimeFormatW@24   101190fc     kernel32:KERNEL32.dll
 0004:00000100       __imp__CompareStringW@24   10119100     kernel32:KERNEL32.dll
 0004:00000104       __imp__LCMapStringW@24     10119104     kernel32:KERNEL32.dll
 0004:00000108       __imp__GetLocaleInfoW@16   10119108     kernel32:KERNEL32.dll
 0004:0000010c       __imp__IsValidLocale@8     1011910c     kernel32:KERNEL32.dll
 0004:00000110       __imp__GetUserDefaultLCID@0 10119110     kernel32:KERNEL32.dll
 0004:00000114       __imp__EnumSystemLocalesW@8 10119114     kernel32:KERNEL32.dll
 0004:00000118       __imp__FindClose@4         10119118     kernel32:KERNEL32.dll
 0004:0000011c       __imp__FindFirstFileExA@24 1011911c     kernel32:KERNEL32.dll
 0004:00000120       __imp__FindFirstFileExW@24 10119120     kernel32:KERNEL32.dll
 0004:00000124       __imp__FindNextFileA@8     10119124     kernel32:KERNEL32.dll
 0004:00000128       __imp__FindNextFileW@8     10119128     kernel32:KERNEL32.dll
 0004:0000012c       __imp__IsValidCodePage@4   1011912c     kernel32:KERNEL32.dll
 0004:00000130       __imp__GetOEMCP@0          10119130     kernel32:KERNEL32.dll
 0004:00000134       __imp__GetCPInfo@8         10119134     kernel32:KERNEL32.dll
 0004:00000138       __imp__GetCommandLineA@0   10119138     kernel32:KERNEL32.dll
 0004:0000013c       __imp__GetCommandLineW@0   1011913c     kernel32:KERNEL32.dll
 0004:00000140       __imp__GetEnvironmentStringsW@0 10119140     kernel32:KERNEL32.dll
 0004:00000144       __imp__FreeEnvironmentStringsW@4 10119144     kernel32:KERNEL32.dll
 0004:00000148       __imp__SetEnvironmentVariableA@8 10119148     kernel32:KERNEL32.dll
 0004:0000014c       __imp__SetEnvironmentVariableW@8 1011914c     kernel32:KERNEL32.dll
 0004:00000150       __imp__GetStringTypeW@16   10119150     kernel32:KERNEL32.dll
 0004:00000154       __imp__SetStdHandle@8      10119154     kernel32:KERNEL32.dll
 0004:00000158       __imp__FlushFileBuffers@4  10119158     kernel32:KERNEL32.dll
 0004:0000015c       __imp__GetConsoleCP@0      1011915c     kernel32:KERNEL32.dll
 0004:00000160       __imp__GetConsoleMode@8    10119160     kernel32:KERNEL32.dll
 0004:00000164       __imp__SetFilePointerEx@20 10119164     kernel32:KERNEL32.dll
 0004:00000168       __imp__CreateFileW@28      10119168     kernel32:KERNEL32.dll
 0004:0000016c       \177KERNEL32_NULL_THUNK_DATA 1011916c     kernel32:KERNEL32.dll
 0004:000001e0       __IMPORT_DESCRIPTOR_KERNEL32 101191e0     kernel32:KERNEL32.dll
 0004:000001f4       __NULL_IMPORT_DESCRIPTOR   101191f4     kernel32:KERNEL32.dll
 0005:00000000       __DELAY_IMPORT_DESCRIPTOR_PxFoundationDEBUG_x86_dll 1011a000     PxFoundationDEBUG_x86:PxFoundationDEBUG_x86.dll
 0005:00000020       __DELAY_IMPORT_DESCRIPTOR_PhysX3CommonDEBUG_x86_dll 1011a020     PhysX3CommonDEBUG_x86:PhysX3CommonDEBUG_x86.dll
 0005:00000040       __NULL_DELAY_IMPORT_DESCRIPTOR 1011a040     PxFoundationDEBUG_x86:PxFoundationDEBUG_x86.dll
 0005:000000ec       \177PhysX3CommonDEBUG_x86_NULL_THUNK_DATA_DLN 1011a0ec     PhysX3CommonDEBUG_x86:PhysX3CommonDEBUG_x86.dll
 0005:00000178       \177PxFoundationDEBUG_x86_NULL_THUNK_DATA_DLN 1011a178     PxFoundationDEBUG_x86:PxFoundationDEBUG_x86.dll
 0005:000001b0       __imp_??1BV4Tree@Gu@physx@@QAE@XZ 1011a1b0     PhysX3CommonDEBUG_x86:PhysX3CommonDEBUG_x86.dll
 0005:000001b4       __imp_?releaseMemory@HeightField@Gu@physx@@QAEXXZ 1011a1b4     PhysX3CommonDEBUG_x86:PhysX3CommonDEBUG_x86.dll
 0005:000001b8       __imp_?loadFromDesc@HeightField@Gu@physx@@QAE_NABVPxHeightFieldDesc@3@@Z 1011a1b8     PhysX3CommonDEBUG_x86:PhysX3CommonDEBUG_x86.dll
 0005:000001bc       __imp_??0HeightField@Gu@physx@@QAE@PAVGuMeshFactory@2@@Z 1011a1bc     PhysX3CommonDEBUG_x86:PhysX3CommonDEBUG_x86.dll
 0005:000001c0       __imp_?ReadHeader@Gu@physx@@YA_NEEEEAAIAA_NAAVPxInputStream@2@@Z 1011a1c0     PhysX3CommonDEBUG_x86:PhysX3CommonDEBUG_x86.dll
 0005:000001c4       __imp_?readDword@physx@@YAI_NAAVPxInputStream@1@@Z 1011a1c4     PhysX3CommonDEBUG_x86:PhysX3CommonDEBUG_x86.dll
 0005:000001c8       __imp_??1BigConvexData@physx@@QAE@XZ 1011a1c8     PhysX3CommonDEBUG_x86:PhysX3CommonDEBUG_x86.dll
 0005:000001cc       __imp_??0BigConvexData@physx@@QAE@XZ 1011a1cc     PhysX3CommonDEBUG_x86:PhysX3CommonDEBUG_x86.dll
 0005:000001d0       __imp_?computeOBBPoints@Gu@physx@@YAXPIAVPxVec3@2@ABV32@1111@Z 1011a1d0     PhysX3CommonDEBUG_x86:PhysX3CommonDEBUG_x86.dll
 0005:000001d4       __imp_?Sort@RadixSortBuffered@Cm@physx@@QAEAAV123@PBIIW4RadixHint@23@@Z 1011a1d4     PhysX3CommonDEBUG_x86:PhysX3CommonDEBUG_x86.dll
 0005:000001d8       __imp_??1RadixSortBuffered@Cm@physx@@UAE@XZ 1011a1d8     PhysX3CommonDEBUG_x86:PhysX3CommonDEBUG_x86.dll
 0005:000001dc       __imp_??0RadixSortBuffered@Cm@physx@@QAE@XZ 1011a1dc     PhysX3CommonDEBUG_x86:PhysX3CommonDEBUG_x86.dll
 0005:000001e0       __imp_?GetRanks@RadixSort@Cm@physx@@QBEPBIXZ 1011a1e0     PhysX3CommonDEBUG_x86:PhysX3CommonDEBUG_x86.dll
 0005:000001e4       __imp_?CreateOffsets@BigConvexData@physx@@IAEXXZ 1011a1e4     PhysX3CommonDEBUG_x86:PhysX3CommonDEBUG_x86.dll
 0005:000001e8       __imp_?StoreIndices@Gu@physx@@YAXGIPBGAAVPxOutputStream@2@_N@Z 1011a1e8     PhysX3CommonDEBUG_x86:PhysX3CommonDEBUG_x86.dll
 0005:000001ec       __imp_?WriteHeader@Gu@physx@@YA_NEEEEI_NAAVPxOutputStream@2@@Z 1011a1ec     PhysX3CommonDEBUG_x86:PhysX3CommonDEBUG_x86.dll
 0005:000001f0       __imp_?computeMaxIndex@physx@@YAGPBGI@Z 1011a1f0     PhysX3CommonDEBUG_x86:PhysX3CommonDEBUG_x86.dll
 0005:000001f4       __imp_?BuildBV32Ex@Gu@physx@@YA_NAAVBV32Tree@12@AAVSourceMesh@12@MI@Z 1011a1f4     PhysX3CommonDEBUG_x86:PhysX3CommonDEBUG_x86.dll
 0005:000001f8       __imp_?writeWord@physx@@YAXG_NAAVPxOutputStream@1@@Z 1011a1f8     PhysX3CommonDEBUG_x86:PhysX3CommonDEBUG_x86.dll
 0005:000001fc       __imp_?writeDword@physx@@YAXI_NAAVPxOutputStream@1@@Z 1011a1fc     PhysX3CommonDEBUG_x86:PhysX3CommonDEBUG_x86.dll
 0005:00000200       __imp_?writeFloat@physx@@YAXM_NAAVPxOutputStream@1@@Z 1011a200     PhysX3CommonDEBUG_x86:PhysX3CommonDEBUG_x86.dll
 0005:00000204       __imp_?writeHeader@physx@@YA_NCCCCI_NAAVPxOutputStream@1@@Z 1011a204     PhysX3CommonDEBUG_x86:PhysX3CommonDEBUG_x86.dll
 0005:00000208       __imp_?validate@RTree@Gu@physx@@QAEXPAUCallbackRefit@123@@Z 1011a208     PhysX3CommonDEBUG_x86:PhysX3CommonDEBUG_x86.dll
 0005:0000020c       __imp_??0SourceMesh@Gu@physx@@QAE@XZ 1011a20c     PhysX3CommonDEBUG_x86:PhysX3CommonDEBUG_x86.dll
 0005:00000210       __imp_??1SourceMesh@Gu@physx@@QAE@XZ 1011a210     PhysX3CommonDEBUG_x86:PhysX3CommonDEBUG_x86.dll
 0005:00000214       __imp_??0BV4Tree@Gu@physx@@QAE@XZ 1011a214     PhysX3CommonDEBUG_x86:PhysX3CommonDEBUG_x86.dll
 0005:00000218       __imp_??1HeightField@Gu@physx@@UAE@XZ 1011a218     PhysX3CommonDEBUG_x86:PhysX3CommonDEBUG_x86.dll
 0005:0000021c       __imp_??0BV32Tree@Gu@physx@@QAE@XZ 1011a21c     PhysX3CommonDEBUG_x86:PhysX3CommonDEBUG_x86.dll
 0005:00000220       __imp_??1BV32Tree@Gu@physx@@QAE@XZ 1011a220     PhysX3CommonDEBUG_x86:PhysX3CommonDEBUG_x86.dll
 0005:00000224       __imp_?writeFloatBuffer@physx@@YAXPBMI_NAAVPxOutputStream@1@@Z 1011a224     PhysX3CommonDEBUG_x86:PhysX3CommonDEBUG_x86.dll
 0005:00000228       __imp_?writeWordBuffer@physx@@YAXPBGI_NAAVPxOutputStream@1@@Z 1011a228     PhysX3CommonDEBUG_x86:PhysX3CommonDEBUG_x86.dll
 0005:0000022c       __imp_?computeMaxIndex@physx@@YAIPBII@Z 1011a22c     PhysX3CommonDEBUG_x86:PhysX3CommonDEBUG_x86.dll
 0005:00000230       __imp_?storeIndices@physx@@YAXIIPBIAAVPxOutputStream@1@_N@Z 1011a230     PhysX3CommonDEBUG_x86:PhysX3CommonDEBUG_x86.dll
 0005:00000234       __imp_?computeBoundsAroundVertices@Gu@physx@@YAXAAVPxBounds3@2@IPIBVPxVec3@2@@Z 1011a234     PhysX3CommonDEBUG_x86:PhysX3CommonDEBUG_x86.dll
 0005:00000238       __imp_?BuildBV4Ex@Gu@physx@@YA_NAAVBV4Tree@12@AAVSourceMesh@12@MI@Z 1011a238     PhysX3CommonDEBUG_x86:PhysX3CommonDEBUG_x86.dll
 0005:0000023c       \177PhysX3CommonDEBUG_x86_NULL_THUNK_DATA_DLA 1011a23c     PhysX3CommonDEBUG_x86:PhysX3CommonDEBUG_x86.dll
 0005:00000284       __imp_??1FPUGuard@shdfnd@physx@@QAE@XZ 1011a284     PxFoundationDEBUG_x86:PxFoundationDEBUG_x86.dll
 0005:00000288       __imp_??0FPUGuard@shdfnd@physx@@QAE@XZ 1011a288     PxFoundationDEBUG_x86:PxFoundationDEBUG_x86.dll
 0005:0000028c       __imp_?decRefCount@Foundation@shdfnd@physx@@SAXXZ 1011a28c     PxFoundationDEBUG_x86:PxFoundationDEBUG_x86.dll
 0005:00000290       __imp_?incRefCount@Foundation@shdfnd@physx@@SAXXZ 1011a290     PxFoundationDEBUG_x86:PxFoundationDEBUG_x86.dll
 0005:00000294       __imp_?PxDiagonalize@physx@@YA?AVPxVec3@1@ABVPxMat33@1@AAVPxQuat@1@@Z 1011a294     PxFoundationDEBUG_x86:PxFoundationDEBUG_x86.dll
 0005:00000298       __imp_?error@Foundation@shdfnd@physx@@QAAXW4Enum@PxErrorCode@3@PBDH1ZZ 1011a298     PxFoundationDEBUG_x86:PxFoundationDEBUG_x86.dll
 0005:0000029c       __imp_?getInstance@Foundation@shdfnd@physx@@SAAAV123@XZ 1011a29c     PxFoundationDEBUG_x86:PxFoundationDEBUG_x86.dll
 0005:000002a0       __imp__PxGetFoundation     1011a2a0     PxFoundationDEBUG_x86:PxFoundationDEBUG_x86.dll
 0005:000002a4       __imp_?deallocate@TempAllocator@shdfnd@physx@@QAEXPAX@Z 1011a2a4     PxFoundationDEBUG_x86:PxFoundationDEBUG_x86.dll
 0005:000002a8       __imp_?allocate@TempAllocator@shdfnd@physx@@QAEPAXIPBDH@Z 1011a2a8     PxFoundationDEBUG_x86:PxFoundationDEBUG_x86.dll
 0005:000002ac       __imp_?deallocate@NamedAllocator@shdfnd@physx@@QAEXPAX@Z 1011a2ac     PxFoundationDEBUG_x86:PxFoundationDEBUG_x86.dll
 0005:000002b0       __imp_?allocate@NamedAllocator@shdfnd@physx@@QAEPAXIPBDH@Z 1011a2b0     PxFoundationDEBUG_x86:PxFoundationDEBUG_x86.dll
 0005:000002b4       __imp_??1NamedAllocator@shdfnd@physx@@QAE@XZ 1011a2b4     PxFoundationDEBUG_x86:PxFoundationDEBUG_x86.dll
 0005:000002b8       __imp_??0NamedAllocator@shdfnd@physx@@QAE@ABV012@@Z 1011a2b8     PxFoundationDEBUG_x86:PxFoundationDEBUG_x86.dll
 0005:000002bc       __imp_??0NamedAllocator@shdfnd@physx@@QAE@PBD@Z 1011a2bc     PxFoundationDEBUG_x86:PxFoundationDEBUG_x86.dll
 0005:000002c0       __imp_?getAllocator@shdfnd@physx@@YAAAVPxAllocatorCallback@2@XZ 1011a2c0     PxFoundationDEBUG_x86:PxFoundationDEBUG_x86.dll
 0005:000002c4       __imp_?PxGetAssertHandler@physx@@YAAAVPxAssertHandler@1@XZ 1011a2c4     PxFoundationDEBUG_x86:PxFoundationDEBUG_x86.dll
 0005:000002c8       \177PxFoundationDEBUG_x86_NULL_THUNK_DATA_DLA 1011a2c8     PxFoundationDEBUG_x86:PxFoundationDEBUG_x86.dll
 0005:00000eec       \177PxFoundationDEBUG_x86_NULL_THUNK_DATA_DLB 1011aeec     PxFoundationDEBUG_x86:PxFoundationDEBUG_x86.dll
 0005:00000f34       \177PhysX3CommonDEBUG_x86_NULL_THUNK_DATA_DLB 1011af34     PhysX3CommonDEBUG_x86:PhysX3CommonDEBUG_x86.dll
 0007:00000000       ___guard_check_icall_fptr  1011d000     LIBCMTD:guard_support.obj
