 PhysX3CharacterKinematicDEBUG_x86

 Timestamp is 58ca8083 (Thu Mar 16 12:09:39 2017)

 Preferred load address is 10000000

 Start         Length     Name                   Class
 0001:00000000 00008ec0H .text$di                CODE
 0001:00008ec0 000bd880H .text$mn                CODE
 0001:000c6740 000010e8H .text$x                 CODE
 0002:00000000 00000104H .CRT$XCA                DATA
 0002:00000104 0000011cH .CRT$XCU                DATA
 0002:00000220 00000104H .CRT$XCZ                DATA
 0002:00000324 00000104H .CRT$XIA                DATA
 0002:00000428 00000110H .CRT$XIC                DATA
 0002:00000538 00000104H .CRT$XIZ                DATA
 0002:0000063c 00000104H .CRT$XPA                DATA
 0002:00000740 0000010cH .CRT$XPX                DATA
 0002:0000084c 00000104H .CRT$XPXA               DATA
 0002:00000950 00000104H .CRT$XPZ                DATA
 0002:00000a54 00000104H .CRT$XTA                DATA
 0002:00000b58 00000108H .CRT$XTZ                DATA
 0002:00000c60 00023264H .rdata                  DATA
 0002:00023ec4 0000044cH .rdata$r                DATA
 0002:00024310 0000012cH .rdata$sxdata           DATA
 0002:0002443c 000001a4H .rdata$zzzdbg           DATA
 0002:000245e0 00000104H .rtc$IAA                DATA
 0002:000246e4 0000013cH .rtc$IMZ                DATA
 0002:00024820 00000104H .rtc$IZZ                DATA
 0002:00024924 00000104H .rtc$TAA                DATA
 0002:00024a28 0000013cH .rtc$TMZ                DATA
 0002:00024b64 00000104H .rtc$TZZ                DATA
 0002:00024c68 00000e38H .xdata$x                DATA
 0002:00025aa0 00000ad0H .edata                  DATA
 0003:00000000 00000ae0H .data                   DATA
 0003:00000ae0 00000380H .data$r                 DATA
 0003:00000e60 00001894H .bss                    DATA
 0004:00000000 000002f4H .idata$5                DATA
 0004:000002f4 0000003cH .idata$2                DATA
 0004:00000330 00000014H .idata$3                DATA
 0004:00000344 000002f4H .idata$4                DATA
 0004:00000638 000014f0H .idata$6                DATA
 0005:00000000 00000208H .gfids$x                DATA
 0005:00000208 000001d4H .gfids$y                DATA
 0006:00000000 00000104H .00cfg                  DATA
 0007:00000000 000001c0H .rsrc$01                DATA
 0007:000001c0 00000700H .rsrc$02                DATA

  Address         Publics by Value              Rva+Base       Lib:Object

 0000:00000000       ___guard_fids_count        00000000     <absolute>
 0000:00000000       ___guard_iat_table         00000000     <absolute>
 0000:00000000       __except_list              00000000     <absolute>
 0000:00000000       ___dynamic_value_reloc_table 00000000     <absolute>
 0000:00000000       ___guard_iat_count         00000000     <absolute>
 0000:00000000       ___guard_longjmp_table     00000000     <absolute>
 0000:00000000       ___guard_fids_table        00000000     <absolute>
 0000:00000000       ___guard_longjmp_count     00000000     <absolute>
 0000:00000009       ___safe_se_handler_count   00000009     <absolute>
 0000:00000100       ___guard_flags             00000100     <absolute>
 0000:00000000       ___ImageBase               10000000     <linker-defined>
 0001:00008ec0       ??0BoxController@Cct@physx@@QAE@ABVPxControllerDesc@2@AAVPxPhysics@2@PAVPxScene@2@@Z 10009ec0 f   CctBoxController.obj
 0001:00008fb0       ??1BoxController@Cct@physx@@UAE@XZ 10009fb0 f   CctBoxController.obj
 0001:00008ff0       ?getWorldBox@BoxController@Cct@physx@@UBE_NAAUPxExtendedBounds3@3@@Z 10009ff0 f   CctBoxController.obj
 0001:00009060       ?setFootPosition@BoxController@Cct@physx@@UAE_NABUPxExtendedVec3@3@@Z 1000a060 f   CctBoxController.obj
 0001:000090e0       ?getFootPosition@BoxController@Cct@physx@@UBE?AUPxExtendedVec3@3@XZ 1000a0e0 f   CctBoxController.obj
 0001:00009180       ?invalidateCache@BoxController@Cct@physx@@UAEXXZ 1000a180 f   CctBoxController.obj
 0001:000091e0       ?resize@BoxController@Cct@physx@@UAEXM@Z 1000a1e0 f   CctBoxController.obj
 0001:00009290       ?getHalfHeight@BoxController@Cct@physx@@UBEMXZ 1000a290 f   CctBoxController.obj
 0001:000092b0       ?getHalfSideExtent@BoxController@Cct@physx@@UBEMXZ 1000a2b0 f   CctBoxController.obj
 0001:000092d0       ?getHalfForwardExtent@BoxController@Cct@physx@@UBEMXZ 1000a2d0 f   CctBoxController.obj
 0001:000092f0       ?setHalfHeight@BoxController@Cct@physx@@UAE_NM@Z 1000a2f0 f   CctBoxController.obj
 0001:00009330       ?setHalfSideExtent@BoxController@Cct@physx@@UAE_NM@Z 1000a330 f   CctBoxController.obj
 0001:00009370       ?setHalfForwardExtent@BoxController@Cct@physx@@UAE_NM@Z 1000a370 f   CctBoxController.obj
 0001:000093b0       ?updateKinematicProxy@BoxController@Cct@physx@@QAE_NXZ 1000a3b0 f   CctBoxController.obj
 0001:000094b0       ?getOBB@BoxController@Cct@physx@@QBEXAAVPxExtendedBox@3@@Z 1000a4b0 f   CctBoxController.obj
 0001:00009710       ??0Allocator@shdfnd@physx@@QAE@PBD@Z 1000a710 f i CctBoxController.obj
 0001:00009730       ??0NonTrackingAllocator@shdfnd@physx@@QAE@PBD@Z 1000a730 f i CctBoxController.obj
 0001:00009750       ??0PxBoxController@physx@@IAE@XZ 1000a750 f i CctBoxController.obj
 0001:00009780       ??0PxBoxGeometry@physx@@QAE@XZ 1000a780 f i CctBoxController.obj
 0001:000097d0       ??0PxController@physx@@IAE@XZ 1000a7d0 f i CctBoxController.obj
 0001:000097f0       ??0PxControllerManager@physx@@IAE@XZ 1000a7f0 f i CctBoxController.obj
 0001:00009810       ??0PxControllerManager@physx@@QAE@ABV01@@Z 1000a810 f i CctBoxController.obj
 0001:00009830       ??0PxExtendedBounds3@physx@@QAE@XZ 1000a830 f i CctBoxController.obj
 0001:00009860       ??0PxExtendedVec3@physx@@QAE@NNN@Z 1000a860 f i CctBoxController.obj
 0001:000098b0       ??0PxExtendedVec3@physx@@QAE@XZ 1000a8b0 f i CctBoxController.obj
 0001:000098d0       ??0PxFoundation@physx@@QAE@ABV01@@Z 1000a8d0 f i CctBoxController.obj
 0001:000098f0       ??0PxFoundation@physx@@QAE@XZ 1000a8f0 f i CctBoxController.obj
 0001:00009910       ??0PxGeometry@physx@@IAE@W4Enum@PxGeometryType@1@@Z 1000a910 f i CctBoxController.obj
 0001:00009930       ??0PxVec3@physx@@QAE@ABV01@@Z 1000a930 f i CctBoxController.obj
 0001:00009970       ??0PxVec3@physx@@QAE@MMM@Z 1000a970 f i CctBoxController.obj
 0001:000099c0       ??1PxBoxController@physx@@MAE@XZ 1000a9c0 f i CctBoxController.obj
 0001:000099f0       ??1PxController@physx@@MAE@XZ 1000a9f0 f i CctBoxController.obj
 0001:00009a10       ??1PxControllerManager@physx@@MAE@XZ 1000aa10 f i CctBoxController.obj
 0001:00009a30       ??1PxFoundation@physx@@MAE@XZ 1000aa30 f i CctBoxController.obj
 0001:00009a50       ??3UserAllocated@shdfnd@physx@@SAXPAX@Z 1000aa50 f i CctBoxController.obj
 0001:00009a80       ??4Allocator@shdfnd@physx@@QAEAAV012@$$QAV012@@Z 1000aa80 f i CctBoxController.obj
 0001:00009aa0       ??4Allocator@shdfnd@physx@@QAEAAV012@ABV012@@Z 1000aaa0 f i CctBoxController.obj
 0001:00009ac0       ??4MutexImpl@shdfnd@physx@@QAEAAV012@ABV012@@Z 1000aac0 f i CctBoxController.obj
 0001:00009ae0       ??4PxControllerManager@physx@@QAEAAV01@ABV01@@Z 1000aae0 f i CctBoxController.obj
 0001:00009b00       ??4PxFoundation@physx@@QAEAAV01@ABV01@@Z 1000ab00 f i CctBoxController.obj
 0001:00009b20       ??4PxQuat@physx@@QAEAAV01@ABV01@@Z 1000ab20 f i CctBoxController.obj
 0001:00009b70       ??4PxVec3@physx@@QAEAAV01@ABV01@@Z 1000ab70 f i CctBoxController.obj
 0001:00009bb0       ??DPxVec3@physx@@QBE?AV01@M@Z 1000abb0 f i CctBoxController.obj
 0001:00009c20       ??GPxExtendedVec3@physx@@QBE?AVPxVec3@1@ABU01@@Z 1000ac20 f i CctBoxController.obj
 0001:00009ca0       ??HPxExtendedVec3@physx@@QBE?AU01@ABU01@@Z 1000aca0 f i CctBoxController.obj
 0001:00009d20       ??XPxExtendedVec3@physx@@QAEAAU01@ABM@Z 1000ad20 f i CctBoxController.obj
 0001:00009d90       ??XPxVec3@physx@@QAEAAV01@M@Z 1000ad90 f i CctBoxController.obj
 0001:00009df0       ??YPxExtendedVec3@physx@@QAEAAU01@ABVPxVec3@1@@Z 1000adf0 f i CctBoxController.obj
 0001:00009e60       ??ZPxExtendedVec3@physx@@QAEAAU01@ABVPxVec3@1@@Z 1000ae60 f i CctBoxController.obj
 0001:00009ed9       ??_EBoxController@Cct@physx@@W7AEPAXI@Z 1000aed9 f i CctBoxController.obj
 0001:00009ef0       ??_EPxControllerManager@physx@@MAEPAXI@Z 1000aef0 f i CctBoxController.obj
 0001:00009f90       ??_EPxFoundation@physx@@MAEPAXI@Z 1000af90 f i CctBoxController.obj
 0001:0000a030       ??_FAllocator@shdfnd@physx@@QAEXXZ 1000b030 f i CctBoxController.obj
 0001:0000a050       ??_FNamedAllocator@shdfnd@physx@@QAEXXZ 1000b050 f i CctBoxController.obj
 0001:0000a070       ??_GBoxController@Cct@physx@@UAEPAXI@Z 1000b070 f i CctBoxController.obj
 0001:0000a070       ??_EBoxController@Cct@physx@@UAEPAXI@Z 1000b070 f i CctBoxController.obj
 0001:0000a0d0       ??_GPxBoxController@physx@@MAEPAXI@Z 1000b0d0 f i CctBoxController.obj
 0001:0000a0d0       ??_EPxBoxController@physx@@MAEPAXI@Z 1000b0d0 f i CctBoxController.obj
 0001:0000a110       ??_EPxController@physx@@MAEPAXI@Z 1000b110 f i CctBoxController.obj
 0001:0000a110       ??_GPxController@physx@@MAEPAXI@Z 1000b110 f i CctBoxController.obj
 0001:0000a150       ??_GPxControllerManager@physx@@MAEPAXI@Z 1000b150 f i CctBoxController.obj
 0001:0000a190       ??_GPxFoundation@physx@@MAEPAXI@Z 1000b190 f i CctBoxController.obj
 0001:0000a1d0       ??_H@YGXPAXIIP6EPAX0@Z@Z   1000b1d0 f i CctBoxController.obj
 0001:0000a230       ??_I@YGXPAXIIP6EX0@Z@Z     1000b230 f i CctBoxController.obj
 0001:0000a2a0       ?__empty_global_delete@@YAXPAX@Z 1000b2a0 f i CctBoxController.obj
 0001:0000a2b0       ?__global_delete@@YAXPAXI@Z 1000b2b0 f i CctBoxController.obj
 0001:0000a2b0       ?__empty_global_delete@@YAXPAXI@Z 1000b2b0 f i CctBoxController.obj
 0001:0000a2c0       ?deallocate@NonTrackingAllocator@shdfnd@physx@@QAEXPAX@Z 1000b2c0 f i CctBoxController.obj
 0001:0000a300       ?getActor@BoxController@Cct@physx@@UBEPAVPxRigidDynamic@3@XZ 1000b300 f i CctBoxController.obj
 0001:0000a320       ?getCenter@physx@@YAXABUPxExtendedBounds3@1@AAUPxExtendedVec3@1@@Z 1000b320 f i CctBoxController.obj
 0001:0000a3a0       ?getContactOffset@BoxController@Cct@physx@@UBEMXZ 1000b3a0 f i CctBoxController.obj
 0001:0000a3c0       ?getExtents@physx@@YAXABUPxExtendedBounds3@1@AAVPxVec3@1@@Z 1000b3c0 f i CctBoxController.obj
 0001:0000a410       ?getHalfHeightInternal@BoxController@Cct@physx@@UBEMXZ 1000b410 f i CctBoxController.obj
 0001:0000a430       ?getNonWalkableMode@BoxController@Cct@physx@@UBE?AW4Enum@PxControllerNonWalkableMode@3@XZ 1000b430 f i CctBoxController.obj
 0001:0000a450       ?getPosition@BoxController@Cct@physx@@UBEABUPxExtendedVec3@3@XZ 1000b450 f i CctBoxController.obj
 0001:0000a470       ?getPxController@BoxController@Cct@physx@@UAEPAVPxController@3@XZ 1000b470 f i CctBoxController.obj
 0001:0000a490       ?getScene@BoxController@Cct@physx@@UAEPAVPxScene@3@XZ 1000b490 f i CctBoxController.obj
 0001:0000a4b0       ?getSlopeLimit@BoxController@Cct@physx@@UBEMXZ 1000b4b0 f i CctBoxController.obj
 0001:0000a4d0       ?getState@BoxController@Cct@physx@@UBEXAAUPxControllerState@3@@Z 1000b4d0 f i CctBoxController.obj
 0001:0000a500       ?getStats@BoxController@Cct@physx@@UBEXAAUPxControllerStats@3@@Z 1000b500 f i CctBoxController.obj
 0001:0000a530       ?getStepOffset@BoxController@Cct@physx@@UBEMXZ 1000b530 f i CctBoxController.obj
 0001:0000a550       ?getType@BoxController@Cct@physx@@UBE?AW4Enum@PxControllerShapeType@3@XZ 1000b550 f i CctBoxController.obj
 0001:0000a570       ?getUpDirection@BoxController@Cct@physx@@UBE?AVPxVec3@3@XZ 1000b570 f i CctBoxController.obj
 0001:0000a5a0       ?getUserData@BoxController@Cct@physx@@UBEPAXXZ 1000b5a0 f i CctBoxController.obj
 0001:0000a5c0       ?lock@?$MutexT@V?$ReflectionAllocator@VMutexImpl@shdfnd@physx@@@shdfnd@physx@@@shdfnd@physx@@QBEXXZ 1000b5c0 f i CctBoxController.obj
 0001:0000a5e0       ?release@BoxController@Cct@physx@@UAEXXZ 1000b5e0 f i CctBoxController.obj
 0001:0000a600       ?setCenterExtents@physx@@YAXAAUPxExtendedBounds3@1@ABUPxExtendedVec3@1@ABVPxVec3@1@@Z 1000b600 f i CctBoxController.obj
 0001:0000a690       ?setContactOffset@BoxController@Cct@physx@@UAEXM@Z 1000b690 f i CctBoxController.obj
 0001:0000a6d0       ?setNonWalkableMode@BoxController@Cct@physx@@UAEXW4Enum@PxControllerNonWalkableMode@3@@Z 1000b6d0 f i CctBoxController.obj
 0001:0000a6f0       ?setPosition@BoxController@Cct@physx@@UAE_NABUPxExtendedVec3@3@@Z 1000b6f0 f i CctBoxController.obj
 0001:0000a720       ?setSlopeLimit@BoxController@Cct@physx@@UAEXM@Z 1000b720 f i CctBoxController.obj
 0001:0000a760       ?setStepOffset@BoxController@Cct@physx@@UAEXM@Z 1000b760 f i CctBoxController.obj
 0001:0000a7a0       ?setUpDirection@BoxController@Cct@physx@@UAEXABVPxVec3@3@@Z 1000b7a0 f i CctBoxController.obj
 0001:0000a7d0       ?setUserData@BoxController@Cct@physx@@UAEXPAX@Z 1000b7d0 f i CctBoxController.obj
 0001:0000a7f0       ?unlock@?$MutexT@V?$ReflectionAllocator@VMutexImpl@shdfnd@physx@@@shdfnd@physx@@@shdfnd@physx@@QBEXXZ 1000b7f0 f i CctBoxController.obj
 0001:0000a810       ??0CapsuleController@Cct@physx@@QAE@ABVPxControllerDesc@2@AAVPxPhysics@2@PAVPxScene@2@@Z 1000b810 f   CctCapsuleController.obj
 0001:0000a910       ??1CapsuleController@Cct@physx@@UAE@XZ 1000b910 f   CctCapsuleController.obj
 0001:0000a950       ?getWorldBox@CapsuleController@Cct@physx@@UBE_NAAUPxExtendedBounds3@3@@Z 1000b950 f   CctCapsuleController.obj
 0001:0000a9d0       ?setFootPosition@CapsuleController@Cct@physx@@UAE_NABUPxExtendedVec3@3@@Z 1000b9d0 f   CctCapsuleController.obj
 0001:0000aa60       ?getFootPosition@CapsuleController@Cct@physx@@UBE?AUPxExtendedVec3@3@XZ 1000ba60 f   CctCapsuleController.obj
 0001:0000ab10       ?invalidateCache@CapsuleController@Cct@physx@@UAEXXZ 1000bb10 f   CctCapsuleController.obj
 0001:0000ab70       ?resize@CapsuleController@Cct@physx@@UAEXM@Z 1000bb70 f   CctCapsuleController.obj
 0001:0000ac40       ?getClimbingMode@CapsuleController@Cct@physx@@UBE?AW4Enum@PxCapsuleClimbingMode@3@XZ 1000bc40 f   CctCapsuleController.obj
 0001:0000ac60       ?setRadius@CapsuleController@Cct@physx@@UAE_NM@Z 1000bc60 f   CctCapsuleController.obj
 0001:0000ad40       ?setHeight@CapsuleController@Cct@physx@@UAE_NM@Z 1000bd40 f   CctCapsuleController.obj
 0001:0000ae20       ?setClimbingMode@CapsuleController@Cct@physx@@UAE_NW4Enum@PxCapsuleClimbingMode@3@@Z 1000be20 f   CctCapsuleController.obj
 0001:0000ae50       ?getCapsule@CapsuleController@Cct@physx@@QBEXAAUPxExtendedCapsule@3@@Z 1000be50 f   CctCapsuleController.obj
 0001:0000b1a0       ??0PxCapsuleController@physx@@IAE@XZ 1000c1a0 f i CctCapsuleController.obj
 0001:0000b1d0       ??0PxCapsuleGeometry@physx@@QAE@XZ 1000c1d0 f i CctCapsuleController.obj
 0001:0000b210       ??1PxCapsuleController@physx@@MAE@XZ 1000c210 f i CctCapsuleController.obj
 0001:0000b233       ??_ECapsuleController@Cct@physx@@W7AEPAXI@Z 1000c233 f i CctCapsuleController.obj
 0001:0000b240       ??_ECapsuleController@Cct@physx@@UAEPAXI@Z 1000c240 f i CctCapsuleController.obj
 0001:0000b240       ??_GCapsuleController@Cct@physx@@UAEPAXI@Z 1000c240 f i CctCapsuleController.obj
 0001:0000b2a0       ??_EPxCapsuleController@physx@@MAEPAXI@Z 1000c2a0 f i CctCapsuleController.obj
 0001:0000b2a0       ??_GPxCapsuleController@physx@@MAEPAXI@Z 1000c2a0 f i CctCapsuleController.obj
 0001:0000b2e0       ?getActor@CapsuleController@Cct@physx@@UBEPAVPxRigidDynamic@3@XZ 1000c2e0 f i CctCapsuleController.obj
 0001:0000b300       ?getContactOffset@CapsuleController@Cct@physx@@UBEMXZ 1000c300 f i CctCapsuleController.obj
 0001:0000b320       ?getHalfHeightInternal@CapsuleController@Cct@physx@@UBEMXZ 1000c320 f i CctCapsuleController.obj
 0001:0000b360       ?getHeight@CapsuleController@Cct@physx@@UBEMXZ 1000c360 f i CctCapsuleController.obj
 0001:0000b380       ?getNonWalkableMode@CapsuleController@Cct@physx@@UBE?AW4Enum@PxControllerNonWalkableMode@3@XZ 1000c380 f i CctCapsuleController.obj
 0001:0000b3a0       ?getPosition@CapsuleController@Cct@physx@@UBEABUPxExtendedVec3@3@XZ 1000c3a0 f i CctCapsuleController.obj
 0001:0000b3c0       ?getPxController@CapsuleController@Cct@physx@@UAEPAVPxController@3@XZ 1000c3c0 f i CctCapsuleController.obj
 0001:0000b3e0       ?getRadius@CapsuleController@Cct@physx@@UBEMXZ 1000c3e0 f i CctCapsuleController.obj
 0001:0000b400       ?getScene@CapsuleController@Cct@physx@@UAEPAVPxScene@3@XZ 1000c400 f i CctCapsuleController.obj
 0001:0000b420       ?getSlopeLimit@CapsuleController@Cct@physx@@UBEMXZ 1000c420 f i CctCapsuleController.obj
 0001:0000b440       ?getState@CapsuleController@Cct@physx@@UBEXAAUPxControllerState@3@@Z 1000c440 f i CctCapsuleController.obj
 0001:0000b470       ?getStats@CapsuleController@Cct@physx@@UBEXAAUPxControllerStats@3@@Z 1000c470 f i CctCapsuleController.obj
 0001:0000b4a0       ?getStepOffset@CapsuleController@Cct@physx@@UBEMXZ 1000c4a0 f i CctCapsuleController.obj
 0001:0000b4c0       ?getType@CapsuleController@Cct@physx@@UBE?AW4Enum@PxControllerShapeType@3@XZ 1000c4c0 f i CctCapsuleController.obj
 0001:0000b4e0       ?getUpDirection@CapsuleController@Cct@physx@@UBE?AVPxVec3@3@XZ 1000c4e0 f i CctCapsuleController.obj
 0001:0000b510       ?getUserData@CapsuleController@Cct@physx@@UBEPAXXZ 1000c510 f i CctCapsuleController.obj
 0001:0000b530       ?release@CapsuleController@Cct@physx@@UAEXXZ 1000c530 f i CctCapsuleController.obj
 0001:0000b550       ?setContactOffset@CapsuleController@Cct@physx@@UAEXM@Z 1000c550 f i CctCapsuleController.obj
 0001:0000b590       ?setNonWalkableMode@CapsuleController@Cct@physx@@UAEXW4Enum@PxControllerNonWalkableMode@3@@Z 1000c590 f i CctCapsuleController.obj
 0001:0000b5b0       ?setPosition@CapsuleController@Cct@physx@@UAE_NABUPxExtendedVec3@3@@Z 1000c5b0 f i CctCapsuleController.obj
 0001:0000b5e0       ?setSlopeLimit@CapsuleController@Cct@physx@@UAEXM@Z 1000c5e0 f i CctCapsuleController.obj
 0001:0000b620       ?setStepOffset@CapsuleController@Cct@physx@@UAEXM@Z 1000c620 f i CctCapsuleController.obj
 0001:0000b660       ?setUpDirection@CapsuleController@Cct@physx@@UAEXABVPxVec3@3@@Z 1000c660 f i CctCapsuleController.obj
 0001:0000b690       ?setUserData@CapsuleController@Cct@physx@@UAEXPAX@Z 1000c690 f i CctCapsuleController.obj
 0001:0000b6b0       ??0CCTParams@Cct@physx@@QAE@XZ 1000c6b0 f   CctCharacterController.obj
 0001:0000b750       ??0SweepTest@Cct@physx@@QAE@_N@Z 1000c750 f   CctCharacterController.obj
 0001:0000ba50       ??1SweepTest@Cct@physx@@QAE@XZ 1000ca50 f   CctCharacterController.obj
 0001:0000baa0       ?moveCharacter@SweepTest@Cct@physx@@QAE?AV?$PxFlags@W4Enum@PxControllerCollisionFlag@physx@@E@3@PBUInternalCBData_FindTouchedGeom@23@PAUInternalCBData_OnHit@23@AAVSweptVolume@23@ABVPxVec3@3@ABUUserObstacles@23@MABVPxControllerFilters@3@_N6AAPBVPxRigidActor@3@AAPBVPxShape@3@_K@Z 1000caa0 f   CctCharacterController.obj
 0001:0000c4b0       ?doSweepTest@SweepTest@Cct@physx@@QAE_NPBUInternalCBData_FindTouchedGeom@23@PAUInternalCBData_OnHit@23@ABUUserObstacles@23@AAVSweptVolume@23@ABVPxVec3@3@4IPAIMABVPxControllerFilters@3@W4SweepPass@23@AAPBVPxRigidActor@3@AAPBVPxShape@3@_K@Z 1000d4b0 f   CctCharacterController.obj
 0001:0000cf80       ?findTouchedObstacles@SweepTest@Cct@physx@@QAEXABUUserObstacles@23@ABUPxExtendedBounds3@3@@Z 1000df80 f   CctCharacterController.obj
 0001:0000d460       ?voidTestCache@SweepTest@Cct@physx@@QAEXXZ 1000e460 f   CctCharacterController.obj
 0001:0000d4b0       ?onRelease@SweepTest@Cct@physx@@QAEXABVPxBase@3@@Z 1000e4b0 f   CctCharacterController.obj
 0001:0000d550       ?updateCachedShapesRegistration@SweepTest@Cct@physx@@QAEXI_N@Z 1000e550 f   CctCharacterController.obj
 0001:0000d670       ?onObstacleRemoved@SweepTest@Cct@physx@@QAEXI@Z 1000e670 f   CctCharacterController.obj
 0001:0000d6a0       ?onObstacleUpdated@SweepTest@Cct@physx@@QAEXIPBVPxObstacleContext@3@ABVPxVec3@3@1M@Z 1000e6a0 f   CctCharacterController.obj
 0001:0000d800       ?onObstacleAdded@SweepTest@Cct@physx@@QAEXIPBVPxObstacleContext@3@ABVPxVec3@3@1M@Z 1000e800 f   CctCharacterController.obj
 0001:0000d980       ?onOriginShift@SweepTest@Cct@physx@@QAEXABVPxVec3@3@@Z 1000e980 f   CctCharacterController.obj
 0001:0000da90       ?updateTouchedGeoms@SweepTest@Cct@physx@@AAEXPBUInternalCBData_FindTouchedGeom@23@ABUUserObstacles@23@ABUPxExtendedBounds3@3@ABVPxControllerFilters@3@ABVPxVec3@3@@Z 1000ea90 f   CctCharacterController.obj
 0001:0000e0c0       ?findTouchedObject@Controller@Cct@physx@@IAEXABVPxControllerFilters@3@PBVPxObstacleContext@3@ABVPxVec3@3@@Z 1000f0c0 f   CctCharacterController.obj
 0001:0000e680       ?rideOnTouchedObject@Controller@Cct@physx@@IAE_NAAVSweptVolume@23@ABVPxVec3@3@AAV53@PBVPxObstacleContext@3@@Z 1000f680 f   CctCharacterController.obj
 0001:0000eae0       ?move@Controller@Cct@physx@@IAE?AV?$PxFlags@W4Enum@PxControllerCollisionFlag@physx@@E@3@AAVSweptVolume@23@ABVPxVec3@3@MMABVPxControllerFilters@3@PBVPxObstacleContext@3@_N@Z 1000fae0 f   CctCharacterController.obj
 0001:0000fb30       ?filterTouchedShape@Controller@Cct@physx@@IAE_NABVPxControllerFilters@3@@Z 10010b30 f   CctCharacterController.obj
 0001:00011ee0       ?move@BoxController@Cct@physx@@UAE?AV?$PxFlags@W4Enum@PxControllerCollisionFlag@physx@@E@3@ABVPxVec3@3@MMABVPxControllerFilters@3@PBVPxObstacleContext@3@@Z 10012ee0 f   CctCharacterController.obj
 0001:00011ff0       ?move@CapsuleController@Cct@physx@@UAE?AV?$PxFlags@W4Enum@PxControllerCollisionFlag@physx@@E@3@ABVPxVec3@3@MMABVPxControllerFilters@3@PBVPxObstacleContext@3@@Z 10012ff0 f   CctCharacterController.obj
 0001:00013ba0       ??$PX_UNUSED@I@@YAXABI@Z   10014ba0 f i CctCharacterController.obj
 0001:00013bb0       ??$PX_UNUSED@PBUPxRaycastHit@physx@@@@YAXABQBUPxRaycastHit@physx@@@Z 10014bb0 f i CctCharacterController.obj
 0001:00013bc0       ??$PX_UNUSED@W4PxIDENTITY@physx@@@@YAXABW4PxIDENTITY@physx@@@Z 10014bc0 f i CctCharacterController.obj
 0001:00013bd0       ??$PX_UNUSED@_K@@YAXAB_K@Z 10014bd0 f i CctCharacterController.obj
 0001:00013be0       ??$PxMax@I@physx@@YAIII@Z  10014be0 f i CctCharacterController.obj
 0001:00013c10       ??$PxMax@N@physx@@YANNN@Z  10014c10 f i CctCharacterController.obj
 0001:00013c50       ??$PxMin@N@physx@@YANNN@Z  10014c50 f i CctCharacterController.obj
 0001:00013c90       ??$PxUnionCast@PBVPxGeometry@physx@@PAY03$$CBE@physx@@YAPBVPxGeometry@0@PAY03$$CBE@Z 10014c90 f i CctCharacterController.obj
 0001:00013cb0       ??0?$Array@IVNamedAllocator@shdfnd@physx@@@shdfnd@physx@@QAE@ABVNamedAllocator@12@@Z 10014cb0 f i CctCharacterController.obj
 0001:00013d00       ??0?$Array@VPxTriangle@physx@@VNamedAllocator@shdfnd@2@@shdfnd@physx@@QAE@ABVNamedAllocator@12@@Z 10014d00 f i CctCharacterController.obj
 0001:00013d50       ??0?$PxFlags@W4Enum@PxControllerCollisionFlag@physx@@E@physx@@QAE@ABV01@@Z 10014d50 f i CctCharacterController.obj
 0001:00013d70       ??0?$PxFlags@W4Enum@PxControllerCollisionFlag@physx@@E@physx@@QAE@E@Z 10014d70 f i CctCharacterController.obj
 0001:00013d90       ??0?$PxFlags@W4Enum@PxHitFlag@physx@@G@physx@@QAE@ABV01@@Z 10014d90 f i CctCharacterController.obj
 0001:00013dc0       ??0?$PxFlags@W4Enum@PxHitFlag@physx@@G@physx@@QAE@G@Z 10014dc0 f i CctCharacterController.obj
 0001:00013de0       ??0?$PxFlags@W4Enum@PxHitFlag@physx@@G@physx@@QAE@W4Enum@PxHitFlag@1@@Z 10014de0 f i CctCharacterController.obj
 0001:00013e00       ??0?$PxFlags@W4Enum@PxQueryFlag@physx@@G@physx@@QAE@ABV01@@Z 10014e00 f i CctCharacterController.obj
 0001:00013e30       ??0?$PxFlags@W4Enum@PxQueryFlag@physx@@G@physx@@QAE@W4Enum@PxQueryFlag@1@@Z 10014e30 f i CctCharacterController.obj
 0001:00013e50       ??0?$PxFlags@W4Enum@PxQueryFlag@physx@@G@physx@@QAE@XZ 10014e50 f i CctCharacterController.obj
 0001:00013e70       ??0?$PxFlags@W4Enum@PxRigidBodyFlag@physx@@E@physx@@QAE@ABV01@@Z 10014e70 f i CctCharacterController.obj
 0001:00013e90       ??0?$PxFlags@W4Enum@PxShapeFlag@physx@@E@physx@@QAE@ABV01@@Z 10014e90 f i CctCharacterController.obj
 0001:00013eb0       ??0?$PxHitBuffer@UPxRaycastHit@physx@@@physx@@QAE@PAUPxRaycastHit@1@I@Z 10014eb0 f i CctCharacterController.obj
 0001:00013ef0       ??0?$PxHitCallback@UPxRaycastHit@physx@@@physx@@QAE@PAUPxRaycastHit@1@I@Z 10014ef0 f i CctCharacterController.obj
 0001:00013f50       ??0?$TouchedObject@VPxRigidActor@physx@@@Cct@physx@@QAE@_N@Z 10014f50 f i CctCharacterController.obj
 0001:00013f90       ??0?$TouchedObject@VPxShape@physx@@@Cct@physx@@QAE@_N@Z 10014f90 f i CctCharacterController.obj
 0001:00013ff0       ??0CCTFilter@Cct@physx@@QAE@XZ 10014ff0 f i CctCharacterController.obj
 0001:00014050       ??0ControllerFilter@@QAE@XZ 10015050 f i CctCharacterController.obj
 0001:00014090       ??0DebugBox@Cm@physx@@QAE@ABVPxBounds3@2@_N@Z 10015090 f i CctCharacterController.obj
 0001:000140e0       ??0DebugBox@Cm@physx@@QAE@ABVPxVec3@2@_N@Z 100150e0 f i CctCharacterController.obj
 0001:00014130       ??0PxActorShape@physx@@QAE@XZ 10015130 f i CctCharacterController.obj
 0001:00014160       ??0PxBounds3@physx@@QAE@ABVPxVec3@1@0@Z 10015160 f i CctCharacterController.obj
 0001:000141a0       ??0PxBoxGeometry@physx@@QAE@VPxVec3@1@@Z 100151a0 f i CctCharacterController.obj
 0001:000141e0       ??0PxCapsuleGeometry@physx@@QAE@MM@Z 100151e0 f i CctCharacterController.obj
 0001:00014230       ??0PxExtendedBox@physx@@QAE@ABV01@@Z 10015230 f i CctCharacterController.obj
 0001:000142b0       ??0PxExtendedBox@physx@@QAE@XZ 100152b0 f i CctCharacterController.obj
 0001:000142f0       ??0PxExtendedCapsule@physx@@QAE@XZ 100152f0 f i CctCharacterController.obj
 0001:00014310       ??0PxExtendedSegment@physx@@QAE@XZ 10015310 f i CctCharacterController.obj
 0001:00014340       ??0PxFilterData@physx@@QAE@XZ 10015340 f i CctCharacterController.obj
 0001:00014390       ??0PxLocationHit@physx@@QAE@XZ 10015390 f i CctCharacterController.obj
 0001:00014410       ??0PxMat33@physx@@QAE@ABVPxQuat@1@@Z 10015410 f i CctCharacterController.obj
 0001:00014690       ??0PxMat33@physx@@QAE@W4PxIDENTITY@1@@Z 10015690 f i CctCharacterController.obj
 0001:00014750       ??0PxMat44@physx@@QAE@ABVPxMat33@1@ABVPxVec3@1@@Z 10015750 f i CctCharacterController.obj
 0001:000147f0       ??0PxMat44@physx@@QAE@ABVPxTransform@1@@Z 100157f0 f i CctCharacterController.obj
 0001:00014870       ??0PxProfileScoped@physx@@QAE@PBD_N_K@Z 10015870 f i CctCharacterController.obj
 0001:00014910       ??0PxQuat@physx@@QAE@ABV01@@Z 10015910 f i CctCharacterController.obj
 0001:00014960       ??0PxQuat@physx@@QAE@MMMM@Z 10015960 f i CctCharacterController.obj
 0001:000149c0       ??0PxQuat@physx@@QAE@W4PxIDENTITY@1@@Z 100159c0 f i CctCharacterController.obj
 0001:00014a20       ??0PxQuat@physx@@QAE@XZ    10015a20 f i CctCharacterController.obj
 0001:00014a40       ??0PxQueryFilterCallback@physx@@QAE@XZ 10015a40 f i CctCharacterController.obj
 0001:00014a60       ??0PxQueryFilterData@physx@@QAE@ABUPxFilterData@1@V?$PxFlags@W4Enum@PxQueryFlag@physx@@G@1@@Z 10015a60 f i CctCharacterController.obj
 0001:00014ac0       ??0PxQueryHit@physx@@QAE@XZ 10015ac0 f i CctCharacterController.obj
 0001:00014af0       ??0PxRaycastHit@physx@@QAE@XZ 10015af0 f i CctCharacterController.obj
 0001:00014b30       ??0PxSphereGeometry@physx@@QAE@XZ 10015b30 f i CctCharacterController.obj
 0001:00014b60       ??0PxSweepHit@physx@@QAE@XZ 10015b60 f i CctCharacterController.obj
 0001:00014b80       ??0PxTransform@physx@@QAE@ABVPxVec3@1@ABVPxQuat@1@@Z 10015b80 f i CctCharacterController.obj
 0001:00014c10       ??0PxTransform@physx@@QAE@XZ 10015c10 f i CctCharacterController.obj
 0001:00014c40       ??0PxVec3@physx@@QAE@M@Z   10015c40 f i CctCharacterController.obj
 0001:00014c90       ??0PxVec3@physx@@QAE@XZ    10015c90 f i CctCharacterController.obj
 0001:00014cb0       ??0PxVec4@physx@@QAE@ABVPxVec3@1@M@Z 10015cb0 f i CctCharacterController.obj
 0001:00014d00       ??0PxVec4@physx@@QAE@XZ    10015d00 f i CctCharacterController.obj
 0001:00014d20       ??0SIMDGuard@shdfnd@physx@@QAE@XZ 10015d20 f i CctCharacterController.obj
 0001:00014d50       ??0SweptContact@Cct@physx@@QAE@XZ 10015d50 f i CctCharacterController.obj
 0001:00014d80       ??0TriArray@Cct@physx@@QAE@XZ 10015d80 f i CctCharacterController.obj
 0001:00014dc0       ??1?$Array@IVNamedAllocator@shdfnd@physx@@@shdfnd@physx@@QAE@XZ 10015dc0 f i CctCharacterController.obj
 0001:00014e30       ??1?$Array@VPxTriangle@physx@@VNamedAllocator@shdfnd@2@@shdfnd@physx@@QAE@XZ 10015e30 f i CctCharacterController.obj
 0001:00014ea0       ??1?$PxHitBuffer@UPxRaycastHit@physx@@@physx@@UAE@XZ 10015ea0 f i CctCharacterController.obj
 0001:00014ed0       ??1?$PxHitCallback@UPxRaycastHit@physx@@@physx@@UAE@XZ 10015ed0 f i CctCharacterController.obj
 0001:00014ef0       ??1ControllerFilter@@UAE@XZ 10015ef0 f i CctCharacterController.obj
 0001:00014f10       ??1PxExtendedBox@physx@@QAE@XZ 10015f10 f i CctCharacterController.obj
 0001:00014f20       ??1PxProfileScoped@physx@@QAE@XZ 10015f20 f i CctCharacterController.obj
 0001:00014f80       ??1PxQueryFilterCallback@physx@@UAE@XZ 10015f80 f i CctCharacterController.obj
 0001:00014fa0       ??1PxTriangle@physx@@QAE@XZ 10015fa0 f i CctCharacterController.obj
 0001:00014fb0       ??1SIMDGuard@shdfnd@physx@@QAE@XZ 10015fb0 f i CctCharacterController.obj
 0001:00014fe0       ??1TriArray@Cct@physx@@QAE@XZ 10015fe0 f i CctCharacterController.obj
 0001:00015000       ??2@YAPAXIPAX@Z            10016000 f i CctCharacterController.obj
 0001:00015010       ??4?$PxFlags@W4Enum@PxControllerCollisionFlag@physx@@E@physx@@QAEAAV01@ABV01@@Z 10016010 f i CctCharacterController.obj
 0001:00015030       ??4?$PxFlags@W4Enum@PxHitFlag@physx@@G@physx@@QAEAAV01@ABV01@@Z 10016030 f i CctCharacterController.obj
 0001:00015060       ??4?$PxFlags@W4Enum@PxQueryFlag@physx@@G@physx@@QAEAAV01@ABV01@@Z 10016060 f i CctCharacterController.obj
 0001:00015090       ??4?$TouchedObject@VPxRigidActor@physx@@@Cct@physx@@QAEAAU012@PBVPxRigidActor@2@@Z 10016090 f i CctCharacterController.obj
 0001:00015110       ??4?$TouchedObject@VPxShape@physx@@@Cct@physx@@QAEAAU012@PBVPxShape@2@@Z 10016110 f i CctCharacterController.obj
 0001:00015190       ??4CCTParams@Cct@physx@@QAEAAU012@ABU012@@Z 10016190 f i CctCharacterController.obj
 0001:00015290       ??4FPUGuard@shdfnd@physx@@QAEAAV012@ABV012@@Z 10016290 f i CctCharacterController.obj
 0001:000152c0       ??4PxExtendedBox@physx@@QAEAAV01@ABV01@@Z 100162c0 f i CctCharacterController.obj
 0001:00015340       ??4PxLocationHit@physx@@QAEAAU01@ABU01@@Z 10016340 f i CctCharacterController.obj
 0001:000153d0       ??4PxMat44@physx@@QAEAAV01@ABV01@@Z 100163d0 f i CctCharacterController.obj
 0001:00015440       ??4PxRaycastHit@physx@@QAEAAU01@ABU01@@Z 10016440 f i CctCharacterController.obj
 0001:000154c0       ??4PxTransform@physx@@QAEAAV01@$$QAV01@@Z 100164c0 f i CctCharacterController.obj
 0001:00015500       ??4PxVec4@physx@@QAEAAV01@ABV01@@Z 10016500 f i CctCharacterController.obj
 0001:00015550       ??4SweptContact@Cct@physx@@QAEAAU012@ABU012@@Z 10016550 f i CctCharacterController.obj
 0001:000155f0       ??8?$TouchedObject@VPxRigidActor@physx@@@Cct@physx@@QAE_NPBVPxBase@2@@Z 100165f0 f i CctCharacterController.obj
 0001:00015630       ??8?$TouchedObject@VPxShape@physx@@@Cct@physx@@QAE_NPBVPxBase@2@@Z 10016630 f i CctCharacterController.obj
 0001:00015670       ??8?$TouchedObject@VPxShape@physx@@@Cct@physx@@QAE_NPBVPxShape@2@@Z 10016670 f i CctCharacterController.obj
 0001:000156b0       ??A?$Array@IVNamedAllocator@shdfnd@physx@@@shdfnd@physx@@QAEAAII@Z 100166b0 f i CctCharacterController.obj
 0001:00015720       ??A?$Array@IVNamedAllocator@shdfnd@physx@@@shdfnd@physx@@QBEABII@Z 10016720 f i CctCharacterController.obj
 0001:00015790       ??A?$Array@UInternalBoxObstacle@ObstacleContext@Cct@physx@@VNamedAllocator@shdfnd@4@@shdfnd@physx@@QBEABUInternalBoxObstacle@ObstacleContext@Cct@2@I@Z 10016790 f i CctCharacterController.obj
 0001:00015800       ??A?$Array@UInternalCapsuleObstacle@ObstacleContext@Cct@physx@@VNamedAllocator@shdfnd@4@@shdfnd@physx@@QBEABUInternalCapsuleObstacle@ObstacleContext@Cct@2@I@Z 10016800 f i CctCharacterController.obj
 0001:00015870       ??A?$Array@VPxTriangle@physx@@VNamedAllocator@shdfnd@2@@shdfnd@physx@@QBEABVPxTriangle@2@I@Z 10016870 f i CctCharacterController.obj
 0001:000158e0       ??B?$PxFlags@W4Enum@PxControllerBehaviorFlag@physx@@E@physx@@QBEIXZ 100168e0 f i CctCharacterController.obj
 0001:00015900       ??B?$PxFlags@W4Enum@PxControllerDebugRenderFlag@physx@@I@physx@@QBEIXZ 10016900 f i CctCharacterController.obj
 0001:00015920       ??B?$PxFlags@W4Enum@PxQueryFlag@physx@@G@physx@@QBE_NXZ 10016920 f i CctCharacterController.obj
 0001:00015950       ??B?$PxFlags@W4Enum@PxRigidBodyFlag@physx@@E@physx@@QBE_NXZ 10016950 f i CctCharacterController.obj
 0001:00015980       ??B?$PxFlags@W4Enum@PxShapeFlag@physx@@E@physx@@QBE_NXZ 10016980 f i CctCharacterController.obj
 0001:000159b0       ??B?$TouchedObject@VPxRigidActor@physx@@@Cct@physx@@QBE_NXZ 100169b0 f i CctCharacterController.obj
 0001:000159f0       ??B?$TouchedObject@VPxShape@physx@@@Cct@physx@@QBE_NXZ 100169f0 f i CctCharacterController.obj
 0001:00015a30       ??C?$TouchedObject@VPxRigidActor@physx@@@Cct@physx@@QBEPBVPxRigidActor@2@XZ 10016a30 f i CctCharacterController.obj
 0001:00015a50       ??C?$TouchedObject@VPxShape@physx@@@Cct@physx@@QBEPBVPxShape@2@XZ 10016a50 f i CctCharacterController.obj
 0001:00015a70       ??DPxQuat@physx@@QBE?AV01@ABV01@@Z 10016a70 f i CctCharacterController.obj
 0001:00015c20       ??DPxTransform@physx@@QBE?AV01@ABV01@@Z 10016c20 f i CctCharacterController.obj
 0001:00015ca0       ??GPxVec3@physx@@QBE?AV01@ABV01@@Z 10016ca0 f i CctCharacterController.obj
 0001:00015d10       ??GPxVec3@physx@@QBE?AV01@XZ 10016d10 f i CctCharacterController.obj
 0001:00015d80       ??HPxVec3@physx@@QBE?AV01@ABV01@@Z 10016d80 f i CctCharacterController.obj
 0001:00015df0       ??I?$PxFlags@W4Enum@PxQueryFlag@physx@@G@physx@@QBE?AV01@W4Enum@PxQueryFlag@1@@Z 10016df0 f i CctCharacterController.obj
 0001:00015e40       ??I?$PxFlags@W4Enum@PxRigidBodyFlag@physx@@E@physx@@QBE?AV01@W4Enum@PxRigidBodyFlag@1@@Z 10016e40 f i CctCharacterController.obj
 0001:00015e90       ??I?$PxFlags@W4Enum@PxShapeFlag@physx@@E@physx@@QBE?AV01@W4Enum@PxShapeFlag@1@@Z 10016e90 f i CctCharacterController.obj
 0001:00015ee0       ??R?$Hash@PAVPxShape@physx@@@shdfnd@physx@@QBEIABQAVPxShape@2@@Z 10016ee0 f i CctCharacterController.obj
 0001:00015f10       ??RGetKey@?$HashSetBase@PAVPxShape@physx@@U?$Hash@PAVPxShape@physx@@@shdfnd@2@VNonTrackingAllocator@42@$0A@@internal@shdfnd@physx@@QAEABQAVPxShape@4@ABQAV54@@Z 10016f10 f i CctCharacterController.obj
 0001:00015f30       ??U?$PxFlags@W4Enum@PxQueryFlag@physx@@G@physx@@QBE?AV01@W4Enum@PxQueryFlag@1@@Z 10016f30 f i CctCharacterController.obj
 0001:00015f80       ??Uphysx@@YA?AV?$PxFlags@W4Enum@PxQueryFlag@physx@@G@0@W4Enum@PxQueryFlag@0@0@Z 10016f80 f i CctCharacterController.obj
 0001:00015fc0       ??YPxVec3@physx@@QAEAAV01@ABV01@@Z 10016fc0 f i CctCharacterController.obj
 0001:00016030       ??ZPxVec3@physx@@QAEAAV01@ABV01@@Z 10017030 f i CctCharacterController.obj
 0001:000160a0       ??_0PxVec3@physx@@QAEAAV01@M@Z 100170a0 f i CctCharacterController.obj
 0001:00016120       ??_5?$PxFlags@W4Enum@PxControllerCollisionFlag@physx@@E@physx@@QAEAAV01@W4Enum@PxControllerCollisionFlag@1@@Z 10017120 f i CctCharacterController.obj
 0001:00016150       ??_5?$PxFlags@W4Enum@PxHitFlag@physx@@G@physx@@QAEAAV01@W4Enum@PxHitFlag@1@@Z 10017150 f i CctCharacterController.obj
 0001:00016180       ??_5?$PxFlags@W4Enum@PxQueryFlag@physx@@G@physx@@QAEAAV01@W4Enum@PxQueryFlag@1@@Z 10017180 f i CctCharacterController.obj
 0001:000161b0       ??_G?$PxHitBuffer@UPxRaycastHit@physx@@@physx@@UAEPAXI@Z 100171b0 f i CctCharacterController.obj
 0001:000161b0       ??_E?$PxHitBuffer@UPxRaycastHit@physx@@@physx@@UAEPAXI@Z 100171b0 f i CctCharacterController.obj
 0001:000161f0       ??_G?$PxHitCallback@UPxRaycastHit@physx@@@physx@@UAEPAXI@Z 100171f0 f i CctCharacterController.obj
 0001:000161f0       ??_E?$PxHitCallback@UPxRaycastHit@physx@@@physx@@UAEPAXI@Z 100171f0 f i CctCharacterController.obj
 0001:00016230       ??_GControllerFilter@@UAEPAXI@Z 10017230 f i CctCharacterController.obj
 0001:00016230       ??_EControllerFilter@@UAEPAXI@Z 10017230 f i CctCharacterController.obj
 0001:00016270       ??_GPxExtendedBox@physx@@QAEPAXI@Z 10017270 f i CctCharacterController.obj
 0001:000162b0       ??_GPxQueryFilterCallback@physx@@UAEPAXI@Z 100172b0 f i CctCharacterController.obj
 0001:000162b0       ??_EPxQueryFilterCallback@physx@@UAEPAXI@Z 100172b0 f i CctCharacterController.obj
 0001:000162f0       ??_GPxTriangle@physx@@QAEPAXI@Z 100172f0 f i CctCharacterController.obj
 0001:00016330       ?PxAbs@physx@@YAMM@Z       10017330 f i CctCharacterController.obj
 0001:00016350       ?PxIsFinite@physx@@YA_NM@Z 10017350 f i CctCharacterController.obj
 0001:00016370       ?PxRecipSqrt@physx@@YAMM@Z 10017370 f i CctCharacterController.obj
 0001:00016390       ?PxSqrt@physx@@YAMM@Z      10017390 f i CctCharacterController.obj
 0001:000163b0       ?abs@intrinsics@physx@@YAMM@Z 100173b0 f i CctCharacterController.obj
 0001:000163d0       ?add@physx@@YAXAAUPxExtendedBounds3@1@ABU21@@Z 100173d0 f i CctCharacterController.obj
 0001:00016400       ?allocate@?$Array@IVNamedAllocator@shdfnd@physx@@@shdfnd@physx@@IAEPAII@Z 10017400 f i CctCharacterController.obj
 0001:00016480       ?allocate@?$Array@PBXVNamedAllocator@shdfnd@physx@@@shdfnd@physx@@IAEPAPBXI@Z 10017480 f i CctCharacterController.obj
 0001:00016500       ?allocate@?$Array@UPxExtendedCapsule@physx@@VNamedAllocator@shdfnd@2@@shdfnd@physx@@IAEPAUPxExtendedCapsule@3@I@Z 10017500 f i CctCharacterController.obj
 0001:00016580       ?allocate@?$Array@VPxExtendedBox@physx@@VNamedAllocator@shdfnd@2@@shdfnd@physx@@IAEPAVPxExtendedBox@3@I@Z 10017580 f i CctCharacterController.obj
 0001:00016600       ?any@PxGeometryHolder@physx@@QBEABVPxGeometry@2@XZ 10017600 f i CctCharacterController.obj
 0001:00016620       ?begin@?$Array@IVNamedAllocator@shdfnd@physx@@@shdfnd@physx@@QAEPAIXZ 10017620 f i CctCharacterController.obj
 0001:00016640       ?begin@?$Array@IVNamedAllocator@shdfnd@physx@@@shdfnd@physx@@QBEPBIXZ 10017640 f i CctCharacterController.obj
 0001:00016660       ?begin@?$Array@PBXVNamedAllocator@shdfnd@physx@@@shdfnd@physx@@QAEPAPBXXZ 10017660 f i CctCharacterController.obj
 0001:00016680       ?begin@?$Array@UPxExtendedCapsule@physx@@VNamedAllocator@shdfnd@2@@shdfnd@physx@@QAEPAUPxExtendedCapsule@3@XZ 10017680 f i CctCharacterController.obj
 0001:000166a0       ?begin@?$Array@VPxExtendedBox@physx@@VNamedAllocator@shdfnd@2@@shdfnd@physx@@QAEPAVPxExtendedBox@3@XZ 100176a0 f i CctCharacterController.obj
 0001:000166c0       ?capacity@?$Array@IVNamedAllocator@shdfnd@physx@@@shdfnd@physx@@QBEIXZ 100176c0 f i CctCharacterController.obj
 0001:000166e0       ?capacity@?$Array@PBXVNamedAllocator@shdfnd@physx@@@shdfnd@physx@@QBEIXZ 100176e0 f i CctCharacterController.obj
 0001:00016700       ?capacity@?$Array@UPxExtendedCapsule@physx@@VNamedAllocator@shdfnd@2@@shdfnd@physx@@QBEIXZ 10017700 f i CctCharacterController.obj
 0001:00016720       ?capacity@?$Array@VPxExtendedBox@physx@@VNamedAllocator@shdfnd@2@@shdfnd@physx@@QBEIXZ 10017720 f i CctCharacterController.obj
 0001:00016740       ?capacity@?$Array@VPxTriangle@physx@@VNamedAllocator@shdfnd@2@@shdfnd@physx@@QBEIXZ 10017740 f i CctCharacterController.obj
 0001:00016760       ?capacityIncrement@?$Array@PBXVNamedAllocator@shdfnd@physx@@@shdfnd@physx@@IBEIXZ 10017760 f i CctCharacterController.obj
 0001:000167a0       ?capacityIncrement@?$Array@UPxExtendedCapsule@physx@@VNamedAllocator@shdfnd@2@@shdfnd@physx@@IBEIXZ 100177a0 f i CctCharacterController.obj
 0001:000167e0       ?capacityIncrement@?$Array@VPxExtendedBox@physx@@VNamedAllocator@shdfnd@2@@shdfnd@physx@@IBEIXZ 100177e0 f i CctCharacterController.obj
 0001:00016820       ?clear@?$Array@IVNamedAllocator@shdfnd@physx@@@shdfnd@physx@@QAEXXZ 10017820 f i CctCharacterController.obj
 0001:00016860       ?clear@?$Array@VPxTriangle@physx@@VNamedAllocator@shdfnd@2@@shdfnd@physx@@QAEXXZ 10017860 f i CctCharacterController.obj
 0001:000168a0       ?clear@TriArray@Cct@physx@@QAEXXZ 100178a0 f i CctCharacterController.obj
 0001:000168c0       ?computeTimeCoeff@Controller@Cct@physx@@IAEMXZ 100178c0 f i CctCharacterController.obj
 0001:00016930       ?contains@?$HashSetBase@PAVPxShape@physx@@U?$Hash@PAVPxShape@physx@@@shdfnd@2@VNonTrackingAllocator@42@$0A@@internal@shdfnd@physx@@QBE_NABQAVPxShape@4@@Z 10017930 f i CctCharacterController.obj
 0001:00016970       ?copy@?$Array@IVNamedAllocator@shdfnd@physx@@@shdfnd@physx@@KAXPAI0PBI@Z 10017970 f i CctCharacterController.obj
 0001:00016a20       ?copy@?$Array@PBXVNamedAllocator@shdfnd@physx@@@shdfnd@physx@@KAXPAPBX0PBQBX@Z 10017a20 f i CctCharacterController.obj
 0001:00016ad0       ?copy@?$Array@UPxExtendedCapsule@physx@@VNamedAllocator@shdfnd@2@@shdfnd@physx@@KAXPAUPxExtendedCapsule@3@0PBU43@@Z 10017ad0 f i CctCharacterController.obj
 0001:00016ba0       ?copy@?$Array@VPxExtendedBox@physx@@VNamedAllocator@shdfnd@2@@shdfnd@physx@@KAXPAVPxExtendedBox@3@0PBV43@@Z 10017ba0 f i CctCharacterController.obj
 0001:00016c60       ?cross@PxVec3@physx@@QBE?AV12@ABV12@@Z 10017c60 f i CctCharacterController.obj
 0001:00016d20       ?deallocate@?$Array@IVNamedAllocator@shdfnd@physx@@@shdfnd@physx@@IAEXPAX@Z 10017d20 f i CctCharacterController.obj
 0001:00016d40       ?deallocate@?$Array@PBXVNamedAllocator@shdfnd@physx@@@shdfnd@physx@@IAEXPAX@Z 10017d40 f i CctCharacterController.obj
 0001:00016d60       ?deallocate@?$Array@UPxExtendedCapsule@physx@@VNamedAllocator@shdfnd@2@@shdfnd@physx@@IAEXPAX@Z 10017d60 f i CctCharacterController.obj
 0001:00016d80       ?deallocate@?$Array@VPxExtendedBox@physx@@VNamedAllocator@shdfnd@2@@shdfnd@physx@@IAEXPAX@Z 10017d80 f i CctCharacterController.obj
 0001:00016da0       ?deallocate@?$Array@VPxTriangle@physx@@VNamedAllocator@shdfnd@2@@shdfnd@physx@@IAEXPAX@Z 10017da0 f i CctCharacterController.obj
 0001:00016dc0       ?decomposeVector@shdfnd@physx@@YAXAAVPxVec3@2@0ABV32@1@Z 10017dc0 f i CctCharacterController.obj
 0001:00016e30       ?destroy@?$Array@IVNamedAllocator@shdfnd@physx@@@shdfnd@physx@@KAXPAI0@Z 10017e30 f i CctCharacterController.obj
 0001:00016e60       ?destroy@?$Array@PBXVNamedAllocator@shdfnd@physx@@@shdfnd@physx@@KAXPAPBX0@Z 10017e60 f i CctCharacterController.obj
 0001:00016e90       ?destroy@?$Array@UPxExtendedCapsule@physx@@VNamedAllocator@shdfnd@2@@shdfnd@physx@@KAXPAUPxExtendedCapsule@3@0@Z 10017e90 f i CctCharacterController.obj
 0001:00016ec0       ?destroy@?$Array@VPxExtendedBox@physx@@VNamedAllocator@shdfnd@2@@shdfnd@physx@@KAXPAVPxExtendedBox@3@0@Z 10017ec0 f i CctCharacterController.obj
 0001:00016f00       ?destroy@?$Array@VPxTriangle@physx@@VNamedAllocator@shdfnd@2@@shdfnd@physx@@KAXPAVPxTriangle@3@0@Z 10017f00 f i CctCharacterController.obj
 0001:00016f40       ?dot@PxExtendedVec3@physx@@QBENABVPxVec3@2@@Z 10017f40 f i CctCharacterController.obj
 0001:00016fa0       ?dot@PxVec3@physx@@QBEMABV12@@Z 10017fa0 f i CctCharacterController.obj
 0001:00017000       ?encodeUserObject@Cct@physx@@YAIIW4UserObjectType@12@@Z 10018000 f i CctCharacterController.obj
 0001:000170b0       ?end@?$Array@IVNamedAllocator@shdfnd@physx@@@shdfnd@physx@@QAEPAIXZ 100180b0 f i CctCharacterController.obj
 0001:000170d0       ?end@?$Array@IVNamedAllocator@shdfnd@physx@@@shdfnd@physx@@QBEPBIXZ 100180d0 f i CctCharacterController.obj
 0001:000170f0       ?equal@?$Hash@PAVPxShape@physx@@@shdfnd@physx@@QBE_NABQAVPxShape@3@0@Z 100180f0 f i CctCharacterController.obj
 0001:00017130       ?finalizeQuery@?$PxHitCallback@UPxRaycastHit@physx@@@physx@@UAEXXZ 10018130 f i CctCharacterController.obj
 0001:00017140       ?find@?$HashBase@PAVPxShape@physx@@PAV12@U?$Hash@PAVPxShape@physx@@@shdfnd@2@UGetKey@?$HashSetBase@PAVPxShape@physx@@U?$Hash@PAVPxShape@physx@@@shdfnd@2@VNonTrackingAllocator@42@$0A@@internal@42@VNonTrackingAllocator@42@$0A@@internal@shdfnd@physx@@QBEPBQAVPxShape@4@ABQAV54@@Z 10018140 f i CctCharacterController.obj
 0001:00017210       ?forceSize_Unsafe@?$Array@IVNamedAllocator@shdfnd@physx@@@shdfnd@physx@@QAEXI@Z 10018210 f i CctCharacterController.obj
 0001:00017280       ?forceSize_Unsafe@?$Array@VPxTriangle@physx@@VNamedAllocator@shdfnd@2@@shdfnd@physx@@QAEXI@Z 10018280 f i CctCharacterController.obj
 0001:000172f0       ?forceSize_Unsafe@TriArray@Cct@physx@@QAEXI@Z 100182f0 f i CctCharacterController.obj
 0001:00017310       ?get@?$TouchedObject@VPxRigidActor@physx@@@Cct@physx@@QBEPBVPxRigidActor@3@XZ 10018310 f i CctCharacterController.obj
 0001:00017330       ?get@?$TouchedObject@VPxShape@physx@@@Cct@physx@@QBEPBVPxShape@3@XZ 10018330 f i CctCharacterController.obj
 0001:00017350       ?getAnyHit@?$PxHitBuffer@UPxRaycastHit@physx@@@physx@@QBEABUPxRaycastHit@2@I@Z 10018350 f i CctCharacterController.obj
 0001:00017400       ?getBasisVector0@PxQuat@physx@@QBE?AVPxVec3@2@XZ 10018400 f i CctCharacterController.obj
 0001:000174f0       ?getCenter@PxBounds3@physx@@QBE?AVPxVec3@2@XZ 100184f0 f i CctCharacterController.obj
 0001:000175a0       ?getConcreteType@PxBase@physx@@QBEGXZ 100185a0 f i CctCharacterController.obj
 0001:000175c0       ?getContextId@Controller@Cct@physx@@QBE_KXZ 100185c0 f i CctCharacterController.obj
 0001:000175e0       ?getDimensions@PxBounds3@physx@@QBE?AVPxVec3@2@XZ 100185e0 f i CctCharacterController.obj
 0001:00017670       ?getExtents@PxBounds3@physx@@QBE?AVPxVec3@2@XZ 10018670 f i CctCharacterController.obj
 0001:00017710       ?getGlobalPose@PxShapeExt@physx@@SA?AVPxTransform@2@ABVPxShape@2@ABVPxRigidActor@2@@Z 10018710 f i CctCharacterController.obj
 0001:00017760       ?getNbTouches@?$PxHitBuffer@UPxRaycastHit@physx@@@physx@@QBEIXZ 10018760 f i CctCharacterController.obj
 0001:00017780       ?getNormalized@PxVec3@physx@@QBE?AV12@XZ 10018780 f i CctCharacterController.obj
 0001:00017830       ?getShapeGlobalPose@physx@@YA?AVPxTransform@1@ABVPxShape@1@ABVPxRigidActor@1@@Z 10018830 f i CctCharacterController.obj
 0001:00017860       ?getTouches@?$PxHitBuffer@UPxRaycastHit@physx@@@physx@@QBEPBUPxRaycastHit@2@XZ 10018860 f i CctCharacterController.obj
 0001:00017880       ?getTriangle@TriArray@Cct@physx@@QBEABVPxTriangle@3@I@Z 10018880 f i CctCharacterController.obj
 0001:000178a0       ?getType@SweptVolume@Cct@physx@@QBE?AW4Enum@SweptVolumeType@23@XZ 100188a0 f i CctCharacterController.obj
 0001:000178c0       ?grow@?$Array@IVNamedAllocator@shdfnd@physx@@@shdfnd@physx@@IAEXI@Z 100188c0 f i CctCharacterController.obj
 0001:00017940       ?growAndPushBack@?$Array@PBXVNamedAllocator@shdfnd@physx@@@shdfnd@physx@@IAEAAPBXABQBX@Z 10018940 f i CctCharacterController.obj
 0001:00017ad0       ?growAndPushBack@?$Array@UPxExtendedCapsule@physx@@VNamedAllocator@shdfnd@2@@shdfnd@physx@@IAEAAUPxExtendedCapsule@3@ABU43@@Z 10018ad0 f i CctCharacterController.obj
 0001:00017c60       ?growAndPushBack@?$Array@VPxExtendedBox@physx@@VNamedAllocator@shdfnd@2@@shdfnd@physx@@IAEAAVPxExtendedBox@3@ABV43@@Z 10018c60 f i CctCharacterController.obj
 0001:00017de0       ?hash@?$HashBase@PAVPxShape@physx@@PAV12@U?$Hash@PAVPxShape@physx@@@shdfnd@2@UGetKey@?$HashSetBase@PAVPxShape@physx@@U?$Hash@PAVPxShape@physx@@@shdfnd@2@VNonTrackingAllocator@42@$0A@@internal@42@VNonTrackingAllocator@42@$0A@@internal@shdfnd@physx@@ABEIABQAVPxShape@4@@Z 10018de0 f i CctCharacterController.obj
 0001:00017e10       ?hash@?$HashBase@PAVPxShape@physx@@PAV12@U?$Hash@PAVPxShape@physx@@@shdfnd@2@UGetKey@?$HashSetBase@PAVPxShape@physx@@U?$Hash@PAVPxShape@physx@@@shdfnd@2@VNonTrackingAllocator@42@$0A@@internal@42@VNonTrackingAllocator@42@$0A@@internal@shdfnd@physx@@ABEIABQAVPxShape@4@I@Z 10018e10 f i CctCharacterController.obj
 0001:00017e40       ?hash@shdfnd@physx@@YAII@Z 10018e40 f i CctCharacterController.obj
 0001:00017ec0       ?hash@shdfnd@physx@@YAIPBX@Z 10018ec0 f i CctCharacterController.obj
 0001:00017ee0       ?intersectOBBAABB@Gu@physx@@YA_NABVBox@12@ABVPxBounds3@2@@Z 10018ee0 f i CctCharacterController.obj
 0001:00017f50       ?isAlmostZero@shdfnd@physx@@YA_NABVPxVec3@2@@Z 10018f50 f i CctCharacterController.obj
 0001:00018000       ?isArrayOfPOD@?$Array@IVNamedAllocator@shdfnd@physx@@@shdfnd@physx@@SA_NXZ 10019000 f i CctCharacterController.obj
 0001:00018010       ?isArrayOfPOD@?$Array@PBXVNamedAllocator@shdfnd@physx@@@shdfnd@physx@@SA_NXZ 10019010 f i CctCharacterController.obj
 0001:00018020       ?isArrayOfPOD@?$Array@UPxExtendedCapsule@physx@@VNamedAllocator@shdfnd@2@@shdfnd@physx@@SA_NXZ 10019020 f i CctCharacterController.obj
 0001:00018030       ?isArrayOfPOD@?$Array@VPxExtendedBox@physx@@VNamedAllocator@shdfnd@2@@shdfnd@physx@@SA_NXZ 10019030 f i CctCharacterController.obj
 0001:00018040       ?isArrayOfPOD@?$Array@VPxTriangle@physx@@VNamedAllocator@shdfnd@2@@shdfnd@physx@@SA_NXZ 10019040 f i CctCharacterController.obj
 0001:00018050       ?isFinite@PxBounds3@physx@@QBE_NXZ 10019050 f i CctCharacterController.obj
 0001:000180b0       ?isFinite@PxQuat@physx@@QBE_NXZ 100190b0 f i CctCharacterController.obj
 0001:00018170       ?isFinite@PxTransform@physx@@QBE_NXZ 10019170 f i CctCharacterController.obj
 0001:000181d0       ?isFinite@PxVec3@physx@@QBE_NXZ 100191d0 f i CctCharacterController.obj
 0001:00018270       ?isFinite@intrinsics@physx@@YA_NM@Z 10019270 f i CctCharacterController.obj
 0001:000182c0       ?isInUserMemory@?$Array@IVNamedAllocator@shdfnd@physx@@@shdfnd@physx@@QBEIXZ 100192c0 f i CctCharacterController.obj
 0001:000182e0       ?isInUserMemory@?$Array@PBXVNamedAllocator@shdfnd@physx@@@shdfnd@physx@@QBEIXZ 100192e0 f i CctCharacterController.obj
 0001:00018300       ?isInUserMemory@?$Array@UPxExtendedCapsule@physx@@VNamedAllocator@shdfnd@2@@shdfnd@physx@@QBEIXZ 10019300 f i CctCharacterController.obj
 0001:00018320       ?isInUserMemory@?$Array@VPxExtendedBox@physx@@VNamedAllocator@shdfnd@2@@shdfnd@physx@@QBEIXZ 10019320 f i CctCharacterController.obj
 0001:00018340       ?isInUserMemory@?$Array@VPxTriangle@physx@@VNamedAllocator@shdfnd@2@@shdfnd@physx@@QBEIXZ 10019340 f i CctCharacterController.obj
 0001:00018360       ?isInside@PxExtendedBounds3@physx@@QBE_NABU12@@Z 10019360 f i CctCharacterController.obj
 0001:00018420       ?isSane@PxQuat@physx@@QBE_NXZ 10019420 f i CctCharacterController.obj
 0001:000184b0       ?isSane@PxTransform@physx@@QBE_NXZ 100194b0 f i CctCharacterController.obj
 0001:00018500       ?isValid@PxBounds3@physx@@QBE_NXZ 10019500 f i CctCharacterController.obj
 0001:00018620       ?isZero@PxVec3@physx@@QBE_NXZ 10019620 f i CctCharacterController.obj
 0001:000186a0       ?magnitude@PxQuat@physx@@QBEMXZ 100196a0 f i CctCharacterController.obj
 0001:000186d0       ?magnitude@PxVec3@physx@@QBEMXZ 100196d0 f i CctCharacterController.obj
 0001:00018700       ?magnitudeSquared@PxQuat@physx@@QBEMXZ 10019700 f i CctCharacterController.obj
 0001:00018780       ?magnitudeSquared@PxVec3@physx@@QBEMXZ 10019780 f i CctCharacterController.obj
 0001:000187e0       ?maximum@PxExtendedVec3@physx@@QAEXABU12@@Z 100197e0 f i CctCharacterController.obj
 0001:00018870       ?memCopy@intrinsics@physx@@YAPAXPIAXPIBXI@Z 10019870 f i CctCharacterController.obj
 0001:00018890       ?minimum@PxExtendedVec3@physx@@QAEXABU12@@Z 10019890 f i CctCharacterController.obj
 0001:00018920       ?normal@PxTriangle@physx@@QBEXAAVPxVec3@2@@Z 10019920 f i CctCharacterController.obj
 0001:000189b0       ?normalize@PxVec3@physx@@QAEMXZ 100199b0 f i CctCharacterController.obj
 0001:00018a00       ?postFilter@ControllerFilter@@UAE?AW4Enum@PxQueryHitType@physx@@ABUPxFilterData@4@ABUPxQueryHit@4@@Z 10019a00 f i CctCharacterController.obj
 0001:00018ac0       ?preFilter@ControllerFilter@@UAE?AW4Enum@PxQueryHitType@physx@@ABUPxFilterData@4@PBVPxShape@4@PBVPxRigidActor@4@AAV?$PxFlags@W4Enum@PxHitFlag@physx@@G@4@@Z 10019ac0 f i CctCharacterController.obj
 0001:00018ba0       ?processTouches@?$PxHitBuffer@UPxRaycastHit@physx@@@physx@@MAE_NPBUPxRaycastHit@2@I@Z 10019ba0 f i CctCharacterController.obj
 0001:00018bd0       ?pushBack@?$Array@PBXVNamedAllocator@shdfnd@physx@@@shdfnd@physx@@QAEAAPBXABQBX@Z 10019bd0 f i CctCharacterController.obj
 0001:00018c80       ?pushBack@?$Array@UPxExtendedCapsule@physx@@VNamedAllocator@shdfnd@2@@shdfnd@physx@@QAEAAUPxExtendedCapsule@3@ABU43@@Z 10019c80 f i CctCharacterController.obj
 0001:00018d40       ?pushBack@?$Array@VPxExtendedBox@physx@@VNamedAllocator@shdfnd@2@@shdfnd@physx@@QAEAAVPxExtendedBox@3@ABV43@@Z 10019d40 f i CctCharacterController.obj
 0001:00018df0       ?recipSqrt@intrinsics@physx@@YAMM@Z 10019df0 f i CctCharacterController.obj
 0001:00018e40       ?recreate@?$Array@IVNamedAllocator@shdfnd@physx@@@shdfnd@physx@@IAEXI@Z 10019e40 f i CctCharacterController.obj
 0001:00018f50       ?reserve@?$Array@IVNamedAllocator@shdfnd@physx@@@shdfnd@physx@@QAEXI@Z 10019f50 f i CctCharacterController.obj
 0001:00018f80       ?resetStats@SweepTest@Cct@physx@@QAEXXZ 10019f80 f i CctCharacterController.obj
 0001:00018fd0       ?rotate@PxQuat@physx@@QBE?BVPxVec3@2@ABV32@@Z 10019fd0 f i CctCharacterController.obj
 0001:000191c0       ?rotateInv@PxQuat@physx@@QBE?BVPxVec3@2@ABV32@@Z 1001a1c0 f i CctCharacterController.obj
 0001:000193b0       ?selectMax@intrinsics@physx@@YAMMM@Z 1001a3b0 f i CctCharacterController.obj
 0001:000193f0       ?selectMin@intrinsics@physx@@YAMMM@Z 1001a3f0 f i CctCharacterController.obj
 0001:00019430       ?set@PxExtendedBounds3@physx@@QAEXNNNNNN@Z 1001a430 f i CctCharacterController.obj
 0001:000194c0       ?set@PxExtendedVec3@physx@@QAEXNNN@Z 1001a4c0 f i CctCharacterController.obj
 0001:00019500       ?setEmpty@PxExtendedBounds3@physx@@QAEXXZ 1001a500 f i CctCharacterController.obj
 0001:00019590       ?setWorldPos@SweptContact@Cct@physx@@QAEXABVPxVec3@3@ABUPxExtendedVec3@3@@Z 1001a590 f i CctCharacterController.obj
 0001:00019600       ?size@?$Array@IVNamedAllocator@shdfnd@physx@@@shdfnd@physx@@QBEIXZ 1001a600 f i CctCharacterController.obj
 0001:00019620       ?size@?$Array@PBXVNamedAllocator@shdfnd@physx@@@shdfnd@physx@@QBEIXZ 1001a620 f i CctCharacterController.obj
 0001:00019640       ?size@?$Array@UInternalBoxObstacle@ObstacleContext@Cct@physx@@VNamedAllocator@shdfnd@4@@shdfnd@physx@@QBEIXZ 1001a640 f i CctCharacterController.obj
 0001:00019660       ?size@?$Array@UInternalCapsuleObstacle@ObstacleContext@Cct@physx@@VNamedAllocator@shdfnd@4@@shdfnd@physx@@QBEIXZ 1001a660 f i CctCharacterController.obj
 0001:00019680       ?size@?$Array@UPxExtendedCapsule@physx@@VNamedAllocator@shdfnd@2@@shdfnd@physx@@QBEIXZ 1001a680 f i CctCharacterController.obj
 0001:000196a0       ?size@?$Array@VPxExtendedBox@physx@@VNamedAllocator@shdfnd@2@@shdfnd@physx@@QBEIXZ 1001a6a0 f i CctCharacterController.obj
 0001:000196c0       ?size@?$Array@VPxTriangle@physx@@VNamedAllocator@shdfnd@2@@shdfnd@physx@@QBEIXZ 1001a6c0 f i CctCharacterController.obj
 0001:000196e0       ?size@TriArray@Cct@physx@@QBEIXZ 1001a6e0 f i CctCharacterController.obj
 0001:00019700       ?sqrt@intrinsics@physx@@YAMM@Z 1001a700 f i CctCharacterController.obj
 0001:00019720       ?testSlope@physx@@YA_NABVPxVec3@1@0M@Z 1001a720 f i CctCharacterController.obj
 0001:00019780       ?toVec3@physx@@YA?AVPxVec3@1@ABUPxExtendedVec3@1@@Z 1001a780 f i CctCharacterController.obj
 0001:000197d0       ?transform@PxTransform@physx@@QBE?AV12@ABV12@@Z 1001a7d0 f i CctCharacterController.obj
 0001:000198e0       ?transform@PxTransform@physx@@QBE?AVPxVec3@2@ABV32@@Z 1001a8e0 f i CctCharacterController.obj
 0001:00019980       ?transformInv@PxTransform@physx@@QBE?AVPxVec3@2@ABV32@@Z 1001a980 f i CctCharacterController.obj
 0001:00019a10       _fabsf                     1001aa10 f i CctCharacterController.obj
 0001:00019a40       _sqrtf                     1001aa40 f i CctCharacterController.obj
 0001:00019ac0       ?getSceneTimestamp@Cct@physx@@YAIPBUInternalCBData_FindTouchedGeom@12@@Z 1001aac0 f   CctCharacterControllerCallbacks.obj
 0001:00019b30       ?findTouchedGeometry@Cct@physx@@YAXPBUInternalCBData_FindTouchedGeom@12@ABUPxExtendedBounds3@2@AAVTriArray@12@AAV?$Array@IVNamedAllocator@shdfnd@physx@@@shdfnd@2@3ABVCCTFilter@12@ABUCCTParams@12@AAG@Z 1001ab30 f   CctCharacterControllerCallbacks.obj
 0001:00019fe0       ?shapeHitCallback@Cct@physx@@YAIPBUInternalCBData_OnHit@12@ABUSweptContact@12@ABVPxVec3@2@M@Z 1001afe0 f   CctCharacterControllerCallbacks.obj
 0001:0001a0a0       ?userHitCallback@Cct@physx@@YAIPBUInternalCBData_OnHit@12@ABUSweptContact@12@ABVPxVec3@2@M@Z 1001b0a0 f   CctCharacterControllerCallbacks.obj
 0001:0001ded0       ??$PX_UNUSED@PBUPxOverlapHit@physx@@@@YAXABQBUPxOverlapHit@physx@@@Z 1001eed0 f i CctCharacterControllerCallbacks.obj
 0001:0001dee0       ??0?$PxFlags@W4Enum@PxConvexMeshGeometryFlag@physx@@E@physx@@QAE@XZ 1001eee0 f i CctCharacterControllerCallbacks.obj
 0001:0001df00       ??0?$PxFlags@W4Enum@PxMeshGeometryFlag@physx@@E@physx@@QAE@E@Z 1001ef00 f i CctCharacterControllerCallbacks.obj
 0001:0001df20       ??0?$PxFlags@W4Enum@PxMeshGeometryFlag@physx@@E@physx@@QAE@XZ 1001ef20 f i CctCharacterControllerCallbacks.obj
 0001:0001df40       ??0?$PxHitBuffer@UPxOverlapHit@physx@@@physx@@QAE@PAUPxOverlapHit@1@I@Z 1001ef40 f i CctCharacterControllerCallbacks.obj
 0001:0001df80       ??0?$PxHitCallback@UPxOverlapHit@physx@@@physx@@QAE@PAUPxOverlapHit@1@I@Z 1001ef80 f i CctCharacterControllerCallbacks.obj
 0001:0001dfe0       ??0?$PxPadding@$02@physx@@QAE@XZ 1001efe0 f i CctCharacterControllerCallbacks.obj
 0001:0001e030       ??0PxControllerHit@physx@@QAE@XZ 1001f030 f i CctCharacterControllerCallbacks.obj
 0001:0001e070       ??0PxControllerObstacleHit@physx@@QAE@XZ 1001f070 f i CctCharacterControllerCallbacks.obj
 0001:0001e090       ??0PxControllerShapeHit@physx@@QAE@XZ 1001f090 f i CctCharacterControllerCallbacks.obj
 0001:0001e0b0       ??0PxControllersHit@physx@@QAE@XZ 1001f0b0 f i CctCharacterControllerCallbacks.obj
 0001:0001e0d0       ??0PxConvexMeshGeometry@physx@@QAE@XZ 1001f0d0 f i CctCharacterControllerCallbacks.obj
 0001:0001e140       ??0PxExtendedSphere@physx@@QAE@XZ 1001f140 f i CctCharacterControllerCallbacks.obj
 0001:0001e160       ??0PxHeightFieldGeometry@physx@@QAE@XZ 1001f160 f i CctCharacterControllerCallbacks.obj
 0001:0001e1f0       ??0PxMat33@physx@@QAE@ABVPxVec3@1@00@Z 1001f1f0 f i CctCharacterControllerCallbacks.obj
 0001:0001e240       ??0PxMeshScale@physx@@QAE@M@Z 1001f240 f i CctCharacterControllerCallbacks.obj
 0001:0001e280       ??0PxMeshScale@physx@@QAE@XZ 1001f280 f i CctCharacterControllerCallbacks.obj
 0001:0001e2c0       ??0PxOverlapHit@physx@@QAE@XZ 1001f2c0 f i CctCharacterControllerCallbacks.obj
 0001:0001e2e0       ??0PxPlane@physx@@QAE@ABVPxVec3@1@M@Z 1001f2e0 f i CctCharacterControllerCallbacks.obj
 0001:0001e320       ??0PxPlane@physx@@QAE@MMMM@Z 1001f320 f i CctCharacterControllerCallbacks.obj
 0001:0001e380       ??0PxQueryFilterData@physx@@QAE@$$QAU01@@Z 1001f380 f i CctCharacterControllerCallbacks.obj
 0001:0001e3e0       ??0PxQueryFilterData@physx@@QAE@V?$PxFlags@W4Enum@PxQueryFlag@physx@@G@1@@Z 1001f3e0 f i CctCharacterControllerCallbacks.obj
 0001:0001e420       ??0PxTransform@physx@@QAE@ABVPxVec3@1@@Z 1001f420 f i CctCharacterControllerCallbacks.obj
 0001:0001e460       ??0PxTriangle@physx@@QAE@ABV01@@Z 1001f460 f i CctCharacterControllerCallbacks.obj
 0001:0001e500       ??0PxTriangle@physx@@QAE@ABVPxVec3@1@00@Z 1001f500 f i CctCharacterControllerCallbacks.obj
 0001:0001e580       ??0PxTriangle@physx@@QAE@XZ 1001f580 f i CctCharacterControllerCallbacks.obj
 0001:0001e5b0       ??0PxTriangleMeshGeometry@physx@@QAE@XZ 1001f5b0 f i CctCharacterControllerCallbacks.obj
 0001:0001e610       ??0PxVec4@physx@@QAE@MMMM@Z 1001f610 f i CctCharacterControllerCallbacks.obj
 0001:0001e670       ??0TessParams@@QAE@XZ      1001f670 f i CctCharacterControllerCallbacks.obj
 0001:0001e6a0       ??0TrianglePadded@Gu@physx@@QAE@XZ 1001f6a0 f i CctCharacterControllerCallbacks.obj
 0001:0001e6c0       ??0Vec3p@Gu@physx@@QAE@ABVPxVec3@2@@Z 1001f6c0 f i CctCharacterControllerCallbacks.obj
 0001:0001e6f0       ??1?$PxHitBuffer@UPxOverlapHit@physx@@@physx@@UAE@XZ 1001f6f0 f i CctCharacterControllerCallbacks.obj
 0001:0001e720       ??1?$PxHitCallback@UPxOverlapHit@physx@@@physx@@UAE@XZ 1001f720 f i CctCharacterControllerCallbacks.obj
 0001:0001e740       ??1PxExtendedSphere@physx@@QAE@XZ 1001f740 f i CctCharacterControllerCallbacks.obj
 0001:0001e750       ??1TrianglePadded@Gu@physx@@QAE@XZ 1001f750 f i CctCharacterControllerCallbacks.obj
 0001:0001e770       ??1Vec3p@Gu@physx@@QAE@XZ  1001f770 f i CctCharacterControllerCallbacks.obj
 0001:0001e780       ??APxVec3@physx@@QBEABMI@Z 1001f780 f i CctCharacterControllerCallbacks.obj
 0001:0001e7f0       ??DPxMat33@physx@@QBE?BV01@ABV01@@Z 1001f7f0 f i CctCharacterControllerCallbacks.obj
 0001:0001e860       ??DPxVec4@physx@@QBE?AV01@M@Z 1001f860 f i CctCharacterControllerCallbacks.obj
 0001:0001e8e0       ??HPxVec4@physx@@QBE?AV01@ABV01@@Z 1001f8e0 f i CctCharacterControllerCallbacks.obj
 0001:0001e970       ??_E?$PxHitBuffer@UPxOverlapHit@physx@@@physx@@UAEPAXI@Z 1001f970 f i CctCharacterControllerCallbacks.obj
 0001:0001e970       ??_G?$PxHitBuffer@UPxOverlapHit@physx@@@physx@@UAEPAXI@Z 1001f970 f i CctCharacterControllerCallbacks.obj
 0001:0001e9b0       ??_G?$PxHitCallback@UPxOverlapHit@physx@@@physx@@UAEPAXI@Z 1001f9b0 f i CctCharacterControllerCallbacks.obj
 0001:0001e9b0       ??_E?$PxHitCallback@UPxOverlapHit@physx@@@physx@@UAEPAXI@Z 1001f9b0 f i CctCharacterControllerCallbacks.obj
 0001:0001e9f0       ?FLoad@aos@shdfnd@physx@@YA?AT__m128@@M@Z 1001f9f0 f i CctCharacterControllerCallbacks.obj
 0001:0001ea30       ?PxPlaneEquationFromTransform@physx@@YA?AVPxPlane@1@ABVPxTransform@1@@Z 1001fa30 f i CctCharacterControllerCallbacks.obj
 0001:0001ea90       ?V3Load@aos@shdfnd@physx@@YA?AT__m128@@M@Z 1001fa90 f i CctCharacterControllerCallbacks.obj
 0001:0001eaf0       ?V4Load@aos@shdfnd@physx@@YA?AT__m128@@M@Z 1001faf0 f i CctCharacterControllerCallbacks.obj
 0001:0001eb30       ?allocate@?$Array@VPxTriangle@physx@@VNamedAllocator@shdfnd@2@@shdfnd@physx@@IAEPAVPxTriangle@3@I@Z 1001fb30 f i CctCharacterControllerCallbacks.obj
 0001:0001ebb0       ?capacityIncrement@?$Array@IVNamedAllocator@shdfnd@physx@@@shdfnd@physx@@IBEIXZ 1001fbb0 f i CctCharacterControllerCallbacks.obj
 0001:0001ebf0       ?centerExtents@PxBounds3@physx@@SA?AV12@ABVPxVec3@2@0@Z 1001fbf0 f i CctCharacterControllerCallbacks.obj
 0001:0001ec40       ?computeBasis@shdfnd@physx@@YAXABVPxVec3@2@AAV32@1@Z 1001fc40 f i CctCharacterControllerCallbacks.obj
 0001:0001ee00       ?copy@?$Array@VPxTriangle@physx@@VNamedAllocator@shdfnd@2@@shdfnd@physx@@KAXPAVPxTriangle@3@0PBV43@@Z 1001fe00 f i CctCharacterControllerCallbacks.obj
 0001:0001eec0       ?decodeIndex@Cct@physx@@YAII@Z 1001fec0 f i CctCharacterControllerCallbacks.obj
 0001:0001eed0       ?decodeType@Cct@physx@@YA?AW4UserObjectType@12@I@Z 1001fed0 f i CctCharacterControllerCallbacks.obj
 0001:0001eee0       ?distance@PxPlane@physx@@QBEMABVPxVec3@2@@Z 1001fee0 f i CctCharacterControllerCallbacks.obj
 0001:0001ef20       ?end@?$Array@VPxTriangle@physx@@VNamedAllocator@shdfnd@2@@shdfnd@physx@@QAEPAVPxTriangle@3@XZ 1001ff20 f i CctCharacterControllerCallbacks.obj
 0001:0001ef40       ?finalizeQuery@?$PxHitCallback@UPxOverlapHit@physx@@@physx@@UAEXXZ 1001ff40 f i CctCharacterControllerCallbacks.obj
 0001:0001ef50       ?getAnyHit@?$PxHitBuffer@UPxOverlapHit@physx@@@physx@@QBEABUPxOverlapHit@2@I@Z 1001ff50 f i CctCharacterControllerCallbacks.obj
 0001:0001f000       ?getCctManager@Controller@Cct@physx@@QAEPAVCharacterControllerManager@23@XZ 10020000 f i CctCharacterControllerCallbacks.obj
 0001:0001f020       ?getNbAnyHits@?$PxHitBuffer@UPxOverlapHit@physx@@@physx@@QBEIXZ 10020020 f i CctCharacterControllerCallbacks.obj
 0001:0001f050       ?getNbTouches@?$PxHitBuffer@UPxOverlapHit@physx@@@physx@@QBEIXZ 10020050 f i CctCharacterControllerCallbacks.obj
 0001:0001f070       ?getPosition@PxMat44@physx@@QBE?BVPxVec3@2@XZ 10020070 f i CctCharacterControllerCallbacks.obj
 0001:0001f0a0       ?getResults@PxMeshOverlapUtil@physx@@QBEPBIXZ 100200a0 f i CctCharacterControllerCallbacks.obj
 0001:0001f0c0       ?getTouches@?$PxHitBuffer@UPxOverlapHit@physx@@@physx@@QBEPBUPxOverlapHit@2@XZ 100200c0 f i CctCharacterControllerCallbacks.obj
 0001:0001f0e0       ?getTranspose@PxMat33@physx@@QBE?BV12@XZ 100200e0 f i CctCharacterControllerCallbacks.obj
 0001:0001f1d0       ?getXYZ@PxVec4@physx@@QBE?AVPxVec3@2@XZ 100201d0 f i CctCharacterControllerCallbacks.obj
 0001:0001f230       ?grow@?$Array@VPxTriangle@physx@@VNamedAllocator@shdfnd@2@@shdfnd@physx@@IAEXI@Z 10020230 f i CctCharacterControllerCallbacks.obj
 0001:0001f2b0       ?growAndPushBack@?$Array@IVNamedAllocator@shdfnd@physx@@@shdfnd@physx@@IAEAAIABI@Z 100202b0 f i CctCharacterControllerCallbacks.obj
 0001:0001f440       ?processTouches@?$PxHitBuffer@UPxOverlapHit@physx@@@physx@@MAE_NPBUPxOverlapHit@2@I@Z 10020440 f i CctCharacterControllerCallbacks.obj
 0001:0001f470       ?project@PxPlane@physx@@QBE?AVPxVec3@2@ABV32@@Z 10020470 f i CctCharacterControllerCallbacks.obj
 0001:0001f4c0       ?pushBack@?$Array@IVNamedAllocator@shdfnd@physx@@@shdfnd@physx@@QAEAAIABI@Z 100204c0 f i CctCharacterControllerCallbacks.obj
 0001:0001f570       ?pushBack@TriArray@Cct@physx@@QAEXABVPxTriangle@3@@Z 10020570 f i CctCharacterControllerCallbacks.obj
 0001:0001f600       ?recreate@?$Array@VPxTriangle@physx@@VNamedAllocator@shdfnd@2@@shdfnd@physx@@IAEXI@Z 10020600 f i CctCharacterControllerCallbacks.obj
 0001:0001f700       ?reserve@?$Array@VPxTriangle@physx@@VNamedAllocator@shdfnd@2@@shdfnd@physx@@QAEXI@Z 10020700 f i CctCharacterControllerCallbacks.obj
 0001:0001f730       ?reserve@TriArray@Cct@physx@@QAEPAVPxTriangle@3@I@Z 10020730 f i CctCharacterControllerCallbacks.obj
 0001:0001f7f0       ?rotate@PxMat44@physx@@QBE?BVPxVec3@2@ABV32@@Z 100207f0 f i CctCharacterControllerCallbacks.obj
 0001:0001f850       ?rotate@PxMat44@physx@@QBE?BVPxVec4@2@ABV32@@Z 10020850 f i CctCharacterControllerCallbacks.obj
 0001:0001f8f0       ?rotate@PxTransform@physx@@QBE?AVPxVec3@2@ABV32@@Z 100208f0 f i CctCharacterControllerCallbacks.obj
 0001:0001f970       ?toMat33@PxMeshScale@physx@@QBE?AVPxMat33@2@XZ 10020970 f i CctCharacterControllerCallbacks.obj
 0001:0001fa30       ?transform@PxMat33@physx@@QBE?BVPxVec3@2@ABV32@@Z 10020a30 f i CctCharacterControllerCallbacks.obj
 0001:0001fad0       ?transform@PxTransform@physx@@QBE?AVPxPlane@2@ABV32@@Z 10020ad0 f i CctCharacterControllerCallbacks.obj
 0001:0001fb90       _PxCreateControllerManager 10020b90 f   CctCharacterControllerManager.obj
 0001:0001fbf0       ??0CharacterControllerManager@Cct@physx@@QAE@AAVPxScene@2@_N@Z 10020bf0 f   CctCharacterControllerManager.obj
 0001:0001fdf0       ??1CharacterControllerManager@Cct@physx@@UAE@XZ 10020df0 f   CctCharacterControllerManager.obj
 0001:0001fed0       ?release@CharacterControllerManager@Cct@physx@@UAEXXZ 10020ed0 f   CctCharacterControllerManager.obj
 0001:0001ffb0       ?getScene@CharacterControllerManager@Cct@physx@@UBEAAVPxScene@3@XZ 10020fb0 f   CctCharacterControllerManager.obj
 0001:0001ffd0       ?getNbControllers@CharacterControllerManager@Cct@physx@@UBEIXZ 10020fd0 f   CctCharacterControllerManager.obj
 0001:0001fff0       ?getController@CharacterControllerManager@Cct@physx@@UAEPAVPxController@3@I@Z 10020ff0 f   CctCharacterControllerManager.obj
 0001:000200a0       ?createController@CharacterControllerManager@Cct@physx@@UAEPAVPxController@3@ABVPxControllerDesc@3@@Z 100210a0 f   CctCharacterControllerManager.obj
 0001:00020300       ?purgeControllers@CharacterControllerManager@Cct@physx@@UAEXXZ 10021300 f   CctCharacterControllerManager.obj
 0001:00020350       ?getRenderBuffer@CharacterControllerManager@Cct@physx@@UAEAAVPxRenderBuffer@3@XZ 10021350 f   CctCharacterControllerManager.obj
 0001:000203c0       ?setDebugRenderingFlags@CharacterControllerManager@Cct@physx@@UAEXV?$PxFlags@W4Enum@PxControllerDebugRenderFlag@physx@@I@3@@Z 100213c0 f   CctCharacterControllerManager.obj
 0001:00020430       ?getNbObstacleContexts@CharacterControllerManager@Cct@physx@@UBEIXZ 10021430 f   CctCharacterControllerManager.obj
 0001:00020450       ?getObstacleContext@CharacterControllerManager@Cct@physx@@UAEPAVPxObstacleContext@3@I@Z 10021450 f   CctCharacterControllerManager.obj
 0001:000204f0       ?createObstacleContext@CharacterControllerManager@Cct@physx@@UAEPAVPxObstacleContext@3@XZ 100214f0 f   CctCharacterControllerManager.obj
 0001:00020560       ?computeInteractions@CharacterControllerManager@Cct@physx@@UAEXMPAVPxControllerFilterCallback@3@@Z 10021560 f   CctCharacterControllerManager.obj
 0001:000207b0       ?setTessellation@CharacterControllerManager@Cct@physx@@UAEX_NM@Z 100217b0 f   CctCharacterControllerManager.obj
 0001:000207e0       ?setOverlapRecoveryModule@CharacterControllerManager@Cct@physx@@UAEX_N@Z 100217e0 f   CctCharacterControllerManager.obj
 0001:00020800       ?setPreciseSweeps@CharacterControllerManager@Cct@physx@@UAEX_N@Z 10021800 f   CctCharacterControllerManager.obj
 0001:00020820       ?setPreventVerticalSlidingAgainstCeiling@CharacterControllerManager@Cct@physx@@UAEX_N@Z 10021820 f   CctCharacterControllerManager.obj
 0001:00020840       ?shiftOrigin@CharacterControllerManager@Cct@physx@@UAEXABVPxVec3@3@@Z 10021840 f   CctCharacterControllerManager.obj
 0001:00020980       ?onRelease@CharacterControllerManager@Cct@physx@@UAEXPBVPxBase@3@PAXW4Enum@PxDeletionEventFlag@3@@Z 10021980 f   CctCharacterControllerManager.obj
 0001:00020ae0       ?registerObservedObject@CharacterControllerManager@Cct@physx@@QAEXPBVPxBase@3@@Z 10021ae0 f   CctCharacterControllerManager.obj
 0001:00020b50       ?unregisterObservedObject@CharacterControllerManager@Cct@physx@@QAEXPBVPxBase@3@@Z 10021b50 f   CctCharacterControllerManager.obj
 0001:00020c10       ?onObstacleRemoved@CharacterControllerManager@Cct@physx@@QBEXI@Z 10021c10 f   CctCharacterControllerManager.obj
 0001:00020c60       ?onObstacleUpdated@CharacterControllerManager@Cct@physx@@QBEXIPBVPxObstacleContext@3@@Z 10021c60 f   CctCharacterControllerManager.obj
 0001:00020d30       ?onObstacleAdded@CharacterControllerManager@Cct@physx@@QBEXIPBVPxObstacleContext@3@@Z 10021d30 f   CctCharacterControllerManager.obj
 0001:00020e00       ?releaseController@CharacterControllerManager@Cct@physx@@QAEXAAVPxController@3@@Z 10021e00 f   CctCharacterControllerManager.obj
 0001:00020fc0       ?getControllers@CharacterControllerManager@Cct@physx@@QAEPAPAVController@23@XZ 10021fc0 f   CctCharacterControllerManager.obj
 0001:00020fe0       ?releaseObstacleContext@CharacterControllerManager@Cct@physx@@QAEXAAVObstacleContext@23@@Z 10021fe0 f   CctCharacterControllerManager.obj
 0001:00021090       ?resetObstaclesBuffers@CharacterControllerManager@Cct@physx@@QAEXXZ 10022090 f   CctCharacterControllerManager.obj
 0001:00022720       ??$?2V?$ReflectionAllocator@VBoxController@Cct@physx@@@shdfnd@physx@@@UserAllocated@shdfnd@physx@@SAPAXIV?$ReflectionAllocator@VBoxController@Cct@physx@@@12@PBDH@Z 10023720 f i CctCharacterControllerManager.obj
 0001:00022740       ??$?2V?$ReflectionAllocator@VCapsuleController@Cct@physx@@@shdfnd@physx@@@UserAllocated@shdfnd@physx@@SAPAXIV?$ReflectionAllocator@VCapsuleController@Cct@physx@@@12@PBDH@Z 10023740 f i CctCharacterControllerManager.obj
 0001:00022760       ??$?2V?$ReflectionAllocator@VCharacterControllerManager@Cct@physx@@@shdfnd@physx@@@UserAllocated@shdfnd@physx@@SAPAXIV?$ReflectionAllocator@VCharacterControllerManager@Cct@physx@@@12@PBDH@Z 10023760 f i CctCharacterControllerManager.obj
 0001:00022780       ??$?2V?$ReflectionAllocator@VObstacleContext@Cct@physx@@@shdfnd@physx@@@UserAllocated@shdfnd@physx@@SAPAXIV?$ReflectionAllocator@VObstacleContext@Cct@physx@@@12@PBDH@Z 10023780 f i CctCharacterControllerManager.obj
 0001:000227a0       ??$?2V?$ReflectionAllocator@VRenderBuffer@Cm@physx@@@shdfnd@physx@@@UserAllocated@shdfnd@physx@@SAPAXIV?$ReflectionAllocator@VRenderBuffer@Cm@physx@@@12@PBDH@Z 100237a0 f i CctCharacterControllerManager.obj
 0001:000227c0       ??$PX_UNUSED@W4Enum@PxDeletionEventFlag@physx@@@@YAXABW4Enum@PxDeletionEventFlag@physx@@@Z 100237c0 f i CctCharacterControllerManager.obj
 0001:000227d0       ??$append@UPxDebugLine@physx@@@RenderBuffer@Cm@physx@@AAEXAAV?$Array@UPxDebugLine@physx@@VNamedAllocator@shdfnd@2@@shdfnd@2@PBUPxDebugLine@2@I@Z 100237d0 f i CctCharacterControllerManager.obj
 0001:00022840       ??$append@UPxDebugPoint@physx@@@RenderBuffer@Cm@physx@@AAEXAAV?$Array@UPxDebugPoint@physx@@VNamedAllocator@shdfnd@2@@shdfnd@2@PBUPxDebugPoint@2@I@Z 10023840 f i CctCharacterControllerManager.obj
 0001:000228b0       ??$append@UPxDebugText@physx@@@RenderBuffer@Cm@physx@@AAEXAAV?$Array@UPxDebugText@physx@@VNamedAllocator@shdfnd@2@@shdfnd@2@PBUPxDebugText@2@I@Z 100238b0 f i CctCharacterControllerManager.obj
 0001:00022920       ??$append@UPxDebugTriangle@physx@@@RenderBuffer@Cm@physx@@AAEXAAV?$Array@UPxDebugTriangle@physx@@VNamedAllocator@shdfnd@2@@shdfnd@2@PBUPxDebugTriangle@2@I@Z 10023920 f i CctCharacterControllerManager.obj
 0001:00022990       ??$resetOrClear@V?$Array@PBXVNamedAllocator@shdfnd@physx@@@shdfnd@physx@@@@YAXAAV?$Array@PBXVNamedAllocator@shdfnd@physx@@@shdfnd@physx@@@Z 10023990 f i CctCharacterControllerManager.obj
 0001:000229f0       ??$resetOrClear@V?$Array@UPxExtendedCapsule@physx@@VNamedAllocator@shdfnd@2@@shdfnd@physx@@@@YAXAAV?$Array@UPxExtendedCapsule@physx@@VNamedAllocator@shdfnd@2@@shdfnd@physx@@@Z 100239f0 f i CctCharacterControllerManager.obj
 0001:00022a50       ??$resetOrClear@V?$Array@VPxExtendedBox@physx@@VNamedAllocator@shdfnd@2@@shdfnd@physx@@@@YAXAAV?$Array@VPxExtendedBox@physx@@VNamedAllocator@shdfnd@2@@shdfnd@physx@@@Z 10023a50 f i CctCharacterControllerManager.obj
 0001:00022ab0       ??$swap@PAVController@Cct@physx@@@shdfnd@physx@@YAXAAPAVController@Cct@1@0@Z 10023ab0 f i CctCharacterControllerManager.obj
 0001:00022ae0       ??0?$Array@DVNamedAllocator@shdfnd@physx@@@shdfnd@physx@@QAE@ABVNamedAllocator@12@@Z 10023ae0 f i CctCharacterControllerManager.obj
 0001:00022b30       ??0?$Array@PAVController@Cct@physx@@VNamedAllocator@shdfnd@3@@shdfnd@physx@@QAE@ABVNamedAllocator@12@@Z 10023b30 f i CctCharacterControllerManager.obj
 0001:00022b80       ??0?$Array@PAVObstacleContext@Cct@physx@@VNamedAllocator@shdfnd@3@@shdfnd@physx@@QAE@ABVNamedAllocator@12@@Z 10023b80 f i CctCharacterControllerManager.obj
 0001:00022bd0       ??0?$Array@PBXVNamedAllocator@shdfnd@physx@@@shdfnd@physx@@QAE@ABVNamedAllocator@12@@Z 10023bd0 f i CctCharacterControllerManager.obj
 0001:00022c20       ??0?$Array@UPxDebugLine@physx@@VNamedAllocator@shdfnd@2@@shdfnd@physx@@QAE@ABVNamedAllocator@12@@Z 10023c20 f i CctCharacterControllerManager.obj
 0001:00022c70       ??0?$Array@UPxDebugPoint@physx@@VNamedAllocator@shdfnd@2@@shdfnd@physx@@QAE@ABVNamedAllocator@12@@Z 10023c70 f i CctCharacterControllerManager.obj
 0001:00022cc0       ??0?$Array@UPxDebugText@physx@@VNamedAllocator@shdfnd@2@@shdfnd@physx@@QAE@ABVNamedAllocator@12@@Z 10023cc0 f i CctCharacterControllerManager.obj
 0001:00022d10       ??0?$Array@UPxDebugTriangle@physx@@VNamedAllocator@shdfnd@2@@shdfnd@physx@@QAE@ABVNamedAllocator@12@@Z 10023d10 f i CctCharacterControllerManager.obj
 0001:00022d60       ??0?$Array@UPxExtendedCapsule@physx@@VNamedAllocator@shdfnd@2@@shdfnd@physx@@QAE@ABVNamedAllocator@12@@Z 10023d60 f i CctCharacterControllerManager.obj
 0001:00022db0       ??0?$Array@VPxExtendedBox@physx@@VNamedAllocator@shdfnd@2@@shdfnd@physx@@QAE@ABVNamedAllocator@12@@Z 10023db0 f i CctCharacterControllerManager.obj
 0001:00022e00       ??0?$HashBase@PAVPxShape@physx@@PAV12@U?$Hash@PAVPxShape@physx@@@shdfnd@2@UGetKey@?$HashSetBase@PAVPxShape@physx@@U?$Hash@PAVPxShape@physx@@@shdfnd@2@VNonTrackingAllocator@42@$0A@@internal@42@VNonTrackingAllocator@42@$0A@@internal@shdfnd@physx@@QAE@IM@Z 10023e00 f i CctCharacterControllerManager.obj
 0001:00022e50       ??0?$HashBase@V?$Pair@QBVPxBase@physx@@UObservedRefCounter@Cct@2@@shdfnd@physx@@PBVPxBase@3@U?$Hash@PBVPxBase@physx@@@23@UGetKey@?$HashMapBase@PBVPxBase@physx@@UObservedRefCounter@Cct@2@U?$Hash@PBVPxBase@physx@@@shdfnd@2@VNonTrackingAllocator@62@@internal@23@VNonTrackingAllocator@23@$00@internal@shdfnd@physx@@QAE@IM@Z 10023e50 f i CctCharacterControllerManager.obj
 0001:00022ea0       ??0?$HashMap@PBVPxBase@physx@@UObservedRefCounter@Cct@2@U?$Hash@PBVPxBase@physx@@@shdfnd@2@VNonTrackingAllocator@62@@shdfnd@physx@@QAE@IM@Z 10023ea0 f i CctCharacterControllerManager.obj
 0001:00022ed0       ??0?$HashMapBase@PBVPxBase@physx@@UObservedRefCounter@Cct@2@U?$Hash@PBVPxBase@physx@@@shdfnd@2@VNonTrackingAllocator@62@@internal@shdfnd@physx@@QAE@IM@Z 10023ed0 f i CctCharacterControllerManager.obj
 0001:00022f00       ??0?$HashSet@PAVPxShape@physx@@U?$Hash@PAVPxShape@physx@@@shdfnd@2@VNonTrackingAllocator@42@@shdfnd@physx@@QAE@IM@Z 10023f00 f i CctCharacterControllerManager.obj
 0001:00022f30       ??0?$HashSetBase@PAVPxShape@physx@@U?$Hash@PAVPxShape@physx@@@shdfnd@2@VNonTrackingAllocator@42@$0A@@internal@shdfnd@physx@@QAE@IM@Z 10023f30 f i CctCharacterControllerManager.obj
 0001:00022f60       ??0?$MutexT@V?$ReflectionAllocator@VMutexImpl@shdfnd@physx@@@shdfnd@physx@@@shdfnd@physx@@QAE@ABV?$ReflectionAllocator@VMutexImpl@shdfnd@physx@@@12@@Z 10023f60 f i CctCharacterControllerManager.obj
 0001:00022fe0       ??0?$Pair@QBVPxBase@physx@@UObservedRefCounter@Cct@2@@shdfnd@physx@@QAE@ABQBVPxBase@2@ABUObservedRefCounter@Cct@2@@Z 10023fe0 f i CctCharacterControllerManager.obj
 0001:00023010       ??0?$Pair@QBVPxBase@physx@@UObservedRefCounter@Cct@2@@shdfnd@physx@@QAE@ABV012@@Z 10024010 f i CctCharacterControllerManager.obj
 0001:00023040       ??0?$PxFlags@W4Enum@PxControllerDebugRenderFlag@physx@@I@physx@@QAE@I@Z 10024040 f i CctCharacterControllerManager.obj
 0001:00023060       ??0?$PxFlags@W4Enum@PxDeletionEventFlag@physx@@E@physx@@QAE@W4Enum@PxDeletionEventFlag@1@@Z 10024060 f i CctCharacterControllerManager.obj
 0001:00023080       ??0?$ReflectionAllocator@VBoxController@Cct@physx@@@shdfnd@physx@@QAE@PBD@Z 10024080 f i CctCharacterControllerManager.obj
 0001:000230a0       ??0?$ReflectionAllocator@VCapsuleController@Cct@physx@@@shdfnd@physx@@QAE@PBD@Z 100240a0 f i CctCharacterControllerManager.obj
 0001:000230c0       ??0?$ReflectionAllocator@VCharacterControllerManager@Cct@physx@@@shdfnd@physx@@QAE@PBD@Z 100240c0 f i CctCharacterControllerManager.obj
 0001:000230e0       ??0?$ReflectionAllocator@VMutexImpl@shdfnd@physx@@@shdfnd@physx@@QAE@ABV012@@Z 100240e0 f i CctCharacterControllerManager.obj
 0001:00023100       ??0?$ReflectionAllocator@VMutexImpl@shdfnd@physx@@@shdfnd@physx@@QAE@PBD@Z 10024100 f i CctCharacterControllerManager.obj
 0001:00023120       ??0?$ReflectionAllocator@VObstacleContext@Cct@physx@@@shdfnd@physx@@QAE@PBD@Z 10024120 f i CctCharacterControllerManager.obj
 0001:00023140       ??0?$ReflectionAllocator@VRenderBuffer@Cm@physx@@@shdfnd@physx@@QAE@PBD@Z 10024140 f i CctCharacterControllerManager.obj
 0001:00023160       ??0Axes@Gu@physx@@QAE@W4AxisOrder@12@@Z 10024160 f i CctCharacterControllerManager.obj
 0001:000231b0       ??0ObservedRefCounter@Cct@physx@@QAE@XZ 100241b0 f i CctCharacterControllerManager.obj
 0001:000231d0       ??0PxDebugLine@physx@@QAE@ABU01@@Z 100241d0 f i CctCharacterControllerManager.obj
 0001:00023230       ??0PxDebugPoint@physx@@QAE@ABU01@@Z 10024230 f i CctCharacterControllerManager.obj
 0001:00023270       ??0PxDebugText@physx@@QAE@ABU01@@Z 10024270 f i CctCharacterControllerManager.obj
 0001:000232c0       ??0PxDebugTriangle@physx@@QAE@ABU01@@Z 100242c0 f i CctCharacterControllerManager.obj
 0001:00023340       ??0PxDeletionListener@physx@@IAE@XZ 10024340 f i CctCharacterControllerManager.obj
 0001:00023360       ??0PxRenderBuffer@physx@@QAE@XZ 10024360 f i CctCharacterControllerManager.obj
 0001:00023380       ??0RenderBuffer@Cm@physx@@QAE@XZ 10024380 f i CctCharacterControllerManager.obj
 0001:00023490       ??1?$Array@DVNamedAllocator@shdfnd@physx@@@shdfnd@physx@@QAE@XZ 10024490 f i CctCharacterControllerManager.obj
[...]
 0003:00001038       ?_OptionsStorage@?1??__local_stdio_scanf_options@@9@4_KA 100f1038     LIBCMTD:default_local_stdio_options.obj
 0003:00001044       ___scrt_debugger_hook_flag 100f1044     LIBCMTD:utility_desktop.obj
 0003:00001048       ___isa_available           100f1048     LIBCMTD:_cpu_disp_.obj
 0003:0000104c       ___favor                   100f104c     LIBCMTD:_cpu_disp_.obj
 0003:0000141c       ___pPurecall               100f141c     libvcruntimed:purevirt_data.obj
 0003:00001420       ?pArgList@UnDecorator@@0PAVReplicator@@A 100f1420     libvcruntimed:undname.obj
 0003:00001424       ?pZNameList@UnDecorator@@0PAVReplicator@@A 100f1424     libvcruntimed:undname.obj
 0003:00001428       ?pTemplateArgList@UnDecorator@@0PAVReplicator@@A 100f1428     libvcruntimed:undname.obj
 0003:0000142c       ?gName@UnDecorator@@0PBDB  100f142c     libvcruntimed:undname.obj
 0003:00001430       ?name@UnDecorator@@0PBDB   100f1430     libvcruntimed:undname.obj
 0003:00001434       ?outputString@UnDecorator@@0PADA 100f1434     libvcruntimed:undname.obj
 0003:00001438       ?maxStringLength@UnDecorator@@0HA 100f1438     libvcruntimed:undname.obj
 0003:0000143c       ?disableFlags@UnDecorator@@0KA 100f143c     libvcruntimed:undname.obj
 0003:00001440       ?fExplicitTemplateParams@UnDecorator@@0_NA 100f1440     libvcruntimed:undname.obj
 0003:00001441       ?fGetTemplateArgumentList@UnDecorator@@0_NA 100f1441     libvcruntimed:undname.obj
 0003:00001444       ?m_pGetParameter@UnDecorator@@0P6APADJ@ZA 100f1444     libvcruntimed:undname.obj
 0003:000014c8       ?nodes@?1??make@DNameStatusNode@@SAPAV2@W4DNameStatus@@@Z@4PAV2@A 100f14c8     libvcruntimed:undname.obj
 0003:00001504       ??_B?1??make@DNameStatusNode@@SAPAV1@W4DNameStatus@@@Z@51 100f1504     libvcruntimed:undname.obj
 0003:000015b8       __pfnDumpClient            100f15b8     libucrtd:debug_heap.obj
 0003:00001984       __environ_table            100f1984     libucrtd:environment_initialization.obj
 0003:00001988       __wenviron_table           100f1988     libucrtd:environment_initialization.obj
 0003:00001990       ___dcrt_initial_wide_environment 100f1990     libucrtd:environment_initialization.obj
 0003:00001994       ___dcrt_initial_narrow_environment 100f1994     libucrtd:environment_initialization.obj
 0003:00001998       ___acrt_atexit_table       100f1998     libucrtd:onexit.obj
 0003:000019a8       ___acrt_at_quick_exit_table 100f19a8     libucrtd:onexit.obj
 0003:000019b8       ___fastflag                100f19b8     libucrtd:fp_flags.obj
 0003:000019c0       __pReportHookListW         100f19c0     libucrtd:dbgrptt.obj
 0003:000019c4       __pfnReportHook            100f19c4     libucrtd:dbgrptt.obj
 0003:000019c8       __pReportHookList          100f19c8     libucrtd:dbgrptt.obj
 0003:00001b6c       ___acrt_locale_changed_data 100f1b6c     libucrtd:wsetlocale.obj
 0003:00001b70       ___acrt_current_locale_data 100f1b70     libucrtd:nlsdata.obj
 0003:00001b74       ___acrt_heap               100f1b74     libucrtd:heap_handle.obj
 0003:00001c7c       ___mbcodepage              100f1c7c     libucrtd:mbctype.obj
 0003:00001c80       ___ismbcodepage            100f1c80     libucrtd:mbctype.obj
 0003:00001c84       ___mbulinfo                100f1c84     libucrtd:mbctype.obj
 0003:00001c98       ___mblocalename            100f1c98     libucrtd:mbctype.obj
 0003:00001ca0       ___argc                    100f1ca0     libucrtd:argv_data.obj
 0003:00001ca4       ___argv                    100f1ca4     libucrtd:argv_data.obj
 0003:00001ca8       ___wargv                   100f1ca8     libucrtd:argv_data.obj
 0003:00001cac       __acmdln                   100f1cac     libucrtd:argv_data.obj
 0003:00001cb0       __wcmdln                   100f1cb0     libucrtd:argv_data.obj
 0003:00001cb4       __pgmptr                   100f1cb4     libucrtd:argv_data.obj
 0003:00001cb8       __wpgmptr                  100f1cb8     libucrtd:argv_data.obj
 0003:00001cc0       ___pioinfo                 100f1cc0     libucrtd:ioinit.obj
 0003:00001f28       __nhandle                  100f1f28     libucrtd:ioinit.obj
 0003:00001f2c       ___acrt_stdout_buffer      100f1f2c     libucrtd:_sftbuf.obj
 0003:00001f30       ___acrt_stderr_buffer      100f1f30     libucrtd:_sftbuf.obj
 0003:00001f34       __nstream                  100f1f34     libucrtd:_file.obj
 0003:00001f38       ___piob                    100f1f38     libucrtd:_file.obj
 0003:00001f40       __cflush                   100f1f40     libucrtd:_file.obj
 0003:000026b3       ___acrt_lconv_static_null  100f26b3     libucrtd:localeconv.obj
 0003:000026b4       ___acrt_lconv_static_W_null 100f26b4     libucrtd:localeconv.obj
 0003:000026c0       ?g_OutOfMemoryExceptionCallback@@3P6GPAXXZA 100f26c0     libvcruntimed:frame.obj
 0003:000026c4       ___scrt_ucrt_dll_is_in_use 100f26c4     <common>
 0003:000026d0       ___dyn_tls_init_callback   100f26d0     <common>
 0003:000026dc       __pmatherr                 100f26dc     <common>
 0003:000026e8       ___use_sse2_mathfcns       100f26e8     <common>
 0004:00000000       __imp__TerminateProcess@8  100f3000     kernel32:KERNEL32.dll
 0004:00000004       __imp__CreateFileW@28      100f3004     kernel32:KERNEL32.dll
 0004:00000008       __imp__DecodePointer@4     100f3008     kernel32:KERNEL32.dll
 0004:0000000c       __imp__EncodePointer@4     100f300c     kernel32:KERNEL32.dll
 0004:00000010       __imp__SetFilePointerEx@20 100f3010     kernel32:KERNEL32.dll
 0004:00000014       __imp__GetConsoleMode@8    100f3014     kernel32:KERNEL32.dll
 0004:00000018       __imp__GetConsoleCP@0      100f3018     kernel32:KERNEL32.dll
 0004:0000001c       __imp__FlushFileBuffers@4  100f301c     kernel32:KERNEL32.dll
 0004:00000020       __imp__SetStdHandle@8      100f3020     kernel32:KERNEL32.dll
 0004:00000024       __imp__GetStringTypeW@16   100f3024     kernel32:KERNEL32.dll
 0004:00000028       __imp__SetEnvironmentVariableW@8 100f3028     kernel32:KERNEL32.dll
 0004:0000002c       __imp__SetEnvironmentVariableA@8 100f302c     kernel32:KERNEL32.dll
 0004:00000030       __imp__FreeEnvironmentStringsW@4 100f3030     kernel32:KERNEL32.dll
 0004:00000034       __imp__GetEnvironmentStringsW@0 100f3034     kernel32:KERNEL32.dll
 0004:00000038       __imp__GetCommandLineW@0   100f3038     kernel32:KERNEL32.dll
 0004:0000003c       __imp__GetCommandLineA@0   100f303c     kernel32:KERNEL32.dll
 0004:00000040       __imp__GetCPInfo@8         100f3040     kernel32:KERNEL32.dll
 0004:00000044       __imp__GetOEMCP@0          100f3044     kernel32:KERNEL32.dll
 0004:00000048       __imp__IsValidCodePage@4   100f3048     kernel32:KERNEL32.dll
 0004:0000004c       __imp__FindNextFileW@8     100f304c     kernel32:KERNEL32.dll
 0004:00000050       __imp__FindNextFileA@8     100f3050     kernel32:KERNEL32.dll
 0004:00000054       __imp__FindFirstFileExW@24 100f3054     kernel32:KERNEL32.dll
 0004:00000058       __imp__FindFirstFileExA@24 100f3058     kernel32:KERNEL32.dll
 0004:0000005c       __imp__FindClose@4         100f305c     kernel32:KERNEL32.dll
 0004:00000060       __imp__EnumSystemLocalesW@8 100f3060     kernel32:KERNEL32.dll
 0004:00000064       __imp__GetUserDefaultLCID@0 100f3064     kernel32:KERNEL32.dll
 0004:00000068       __imp__IsValidLocale@8     100f3068     kernel32:KERNEL32.dll
 0004:0000006c       __imp__GetLocaleInfoW@16   100f306c     kernel32:KERNEL32.dll
 0004:00000070       __imp__LCMapStringW@24     100f3070     kernel32:KERNEL32.dll
 0004:00000074       __imp__CompareStringW@24   100f3074     kernel32:KERNEL32.dll
 0004:00000078       __imp__GetTimeFormatW@24   100f3078     kernel32:KERNEL32.dll
 0004:0000007c       __imp__GetDateFormatW@24   100f307c     kernel32:KERNEL32.dll
 0004:00000080       __imp__GetACP@0            100f3080     kernel32:KERNEL32.dll
 0004:00000084       __imp__HeapQueryInformation@20 100f3084     kernel32:KERNEL32.dll
 0004:00000088       __imp__HeapSize@12         100f3088     kernel32:KERNEL32.dll
 0004:0000008c       __imp__GetCurrentThread@0  100f308c     kernel32:KERNEL32.dll
 0004:00000090       __imp__HeapReAlloc@16      100f3090     kernel32:KERNEL32.dll
 0004:00000094       __imp__SetConsoleCtrlHandler@8 100f3094     kernel32:KERNEL32.dll
 0004:00000098       __imp__CreateThread@24     100f3098     kernel32:KERNEL32.dll
 0004:0000009c       __imp__WaitForSingleObjectEx@12 100f309c     kernel32:KERNEL32.dll
 0004:000000a0       __imp__CloseHandle@4       100f30a0     kernel32:KERNEL32.dll
 0004:000000a4       __imp__WriteConsoleW@20    100f30a4     kernel32:KERNEL32.dll
 0004:000000a8       __imp__OutputDebugStringW@4 100f30a8     kernel32:KERNEL32.dll
 0004:000000ac       __imp__OutputDebugStringA@4 100f30ac     kernel32:KERNEL32.dll
 0004:000000b0       __imp__WriteFile@20        100f30b0     kernel32:KERNEL32.dll
 0004:000000b4       __imp__InitializeSListHead@4 100f30b4     kernel32:KERNEL32.dll
 0004:000000b8       __imp__QueryPerformanceCounter@4 100f30b8     kernel32:KERNEL32.dll
 0004:000000bc       __imp__GetCurrentProcessId@0 100f30bc     kernel32:KERNEL32.dll
 0004:000000c0       __imp__GetCurrentThreadId@0 100f30c0     kernel32:KERNEL32.dll
 0004:000000c4       __imp__GetSystemTimeAsFileTime@4 100f30c4     kernel32:KERNEL32.dll
 0004:000000c8       __imp__IsDebuggerPresent@0 100f30c8     kernel32:KERNEL32.dll
 0004:000000cc       __imp__UnhandledExceptionFilter@4 100f30cc     kernel32:KERNEL32.dll
 0004:000000d0       __imp__SetUnhandledExceptionFilter@4 100f30d0     kernel32:KERNEL32.dll
 0004:000000d4       __imp__GetStartupInfoW@4   100f30d4     kernel32:KERNEL32.dll
 0004:000000d8       __imp__IsProcessorFeaturePresent@4 100f30d8     kernel32:KERNEL32.dll
 0004:000000dc       __imp__GetModuleHandleW@4  100f30dc     kernel32:KERNEL32.dll
 0004:000000e0       __imp__RaiseException@16   100f30e0     kernel32:KERNEL32.dll
 0004:000000e4       __imp__MultiByteToWideChar@24 100f30e4     kernel32:KERNEL32.dll
 0004:000000e8       __imp__WideCharToMultiByte@32 100f30e8     kernel32:KERNEL32.dll
 0004:000000ec       __imp__GetLastError@0      100f30ec     kernel32:KERNEL32.dll
 0004:000000f0       __imp__HeapAlloc@12        100f30f0     kernel32:KERNEL32.dll
 0004:000000f4       __imp__HeapFree@12         100f30f4     kernel32:KERNEL32.dll
 0004:000000f8       __imp__GetProcessHeap@0    100f30f8     kernel32:KERNEL32.dll
 0004:000000fc       __imp__VirtualQuery@12     100f30fc     kernel32:KERNEL32.dll
 0004:00000100       __imp__FreeLibrary@4       100f3100     kernel32:KERNEL32.dll
 0004:00000104       __imp__GetProcAddress@8    100f3104     kernel32:KERNEL32.dll
 0004:00000108       __imp__GetCurrentProcess@0 100f3108     kernel32:KERNEL32.dll
 0004:0000010c       __imp__InterlockedPushEntrySList@8 100f310c     kernel32:KERNEL32.dll
 0004:00000110       __imp__InterlockedFlushSList@4 100f3110     kernel32:KERNEL32.dll
 0004:00000114       __imp__GetModuleFileNameW@12 100f3114     kernel32:KERNEL32.dll
 0004:00000118       __imp__LoadLibraryExW@12   100f3118     kernel32:KERNEL32.dll
 0004:0000011c       __imp__RtlUnwind@16        100f311c     kernel32:KERNEL32.dll
 0004:00000120       __imp__SetLastError@4      100f3120     kernel32:KERNEL32.dll
 0004:00000124       __imp__EnterCriticalSection@4 100f3124     kernel32:KERNEL32.dll
 0004:00000128       __imp__LeaveCriticalSection@4 100f3128     kernel32:KERNEL32.dll
 0004:0000012c       __imp__DeleteCriticalSection@4 100f312c     kernel32:KERNEL32.dll
 0004:00000130       __imp__InitializeCriticalSectionAndSpinCount@8 100f3130     kernel32:KERNEL32.dll
 0004:00000134       __imp__TlsAlloc@0          100f3134     kernel32:KERNEL32.dll
 0004:00000138       __imp__TlsGetValue@4       100f3138     kernel32:KERNEL32.dll
 0004:0000013c       __imp__TlsSetValue@8       100f313c     kernel32:KERNEL32.dll
 0004:00000140       __imp__TlsFree@4           100f3140     kernel32:KERNEL32.dll
 0004:00000144       __imp__GetModuleFileNameA@12 100f3144     kernel32:KERNEL32.dll
 0004:00000148       __imp__GetModuleHandleExW@12 100f3148     kernel32:KERNEL32.dll
 0004:0000014c       __imp__HeapValidate@12     100f314c     kernel32:KERNEL32.dll
 0004:00000150       __imp__GetSystemInfo@4     100f3150     kernel32:KERNEL32.dll
 0004:00000154       __imp__ExitProcess@4       100f3154     kernel32:KERNEL32.dll
 0004:00000158       __imp__GetStdHandle@4      100f3158     kernel32:KERNEL32.dll
 0004:0000015c       __imp__GetFileType@4       100f315c     kernel32:KERNEL32.dll
 0004:00000160       \177KERNEL32_NULL_THUNK_DATA 100f3160     kernel32:KERNEL32.dll
 0004:000001d0       __imp_?findOverlapHeightField@PxMeshQuery@physx@@SAIABVPxGeometry@2@ABVPxTransform@2@ABVPxHeightFieldGeometry@2@1PAIIIAA_N@Z 100f31d0     PhysX3CommonDEBUG_x86:PhysX3CommonDEBUG_x86.dll
 0004:000001d4       __imp_?findOverlapTriangleMesh@PxMeshQuery@physx@@SAIABVPxGeometry@2@ABVPxTransform@2@ABVPxTriangleMeshGeometry@2@1PAIIIAA_N@Z 100f31d4     PhysX3CommonDEBUG_x86:PhysX3CommonDEBUG_x86.dll
 0004:000001d8       __imp_?getRaycastFuncTable@Gu@physx@@YAAAY06Q6AIABVPxGeometry@2@ABVPxTransform@2@ABVPxVec3@2@2MV?$PxFlags@W4Enum@PxHitFlag@physx@@G@2@IPIAUPxRaycastHit@2@@ZXZ 100f31d8     PhysX3CommonDEBUG_x86:PhysX3CommonDEBUG_x86.dll
 0004:000001dc       __imp_?distanceSegmentSegmentSquared@Gu@physx@@YAMABVPxVec3@2@000PAM1@Z 100f31dc     PhysX3CommonDEBUG_x86:PhysX3CommonDEBUG_x86.dll
 0004:000001e0       __imp_?CompleteBoxPruning@Cm@physx@@YA_NPBVPxBounds3@2@IAAV?$Array@IVNamedAllocator@shdfnd@physx@@@shdfnd@2@ABVAxes@Gu@2@@Z 100f31e0     PhysX3CommonDEBUG_x86:PhysX3CommonDEBUG_x86.dll
 0004:000001e4       __imp_?intersectTriangleBox_Unsafe@Gu@physx@@YAHABVPxVec3@2@0000@Z 100f31e4     PhysX3CommonDEBUG_x86:PhysX3CommonDEBUG_x86.dll
 0004:000001e8       __imp_??6RenderOutput@Cm@physx@@QAEAAV012@VPxVec3@2@@Z 100f31e8     PhysX3CommonDEBUG_x86:PhysX3CommonDEBUG_x86.dll
 0004:000001ec       __imp_??6RenderOutput@Cm@physx@@QAEAAV012@W4Primitive@012@@Z 100f31ec     PhysX3CommonDEBUG_x86:PhysX3CommonDEBUG_x86.dll
 0004:000001f0       __imp_?getTriangle@PxMeshQuery@physx@@SAXABVPxHeightFieldGeometry@2@ABVPxTransform@2@IAAVPxTriangle@2@PAI3@Z 100f31f0     PhysX3CommonDEBUG_x86:PhysX3CommonDEBUG_x86.dll
 0004:000001f4       __imp_?getTriangle@PxMeshQuery@physx@@SAXABVPxTriangleMeshGeometry@2@ABVPxTransform@2@IAAVPxTriangle@2@PAI3@Z 100f31f4     PhysX3CommonDEBUG_x86:PhysX3CommonDEBUG_x86.dll
 0004:000001f8       __imp_?distanceSegmentBoxSquared@Gu@physx@@YAMABVPxVec3@2@000ABVPxMat33@2@PAMPAV32@@Z 100f31f8     PhysX3CommonDEBUG_x86:PhysX3CommonDEBUG_x86.dll
 0004:000001fc       __imp_?intersectOBBOBB@Gu@physx@@YA_NABVPxVec3@2@0ABVPxMat33@2@001_N@Z 100f31fc     PhysX3CommonDEBUG_x86:PhysX3CommonDEBUG_x86.dll
 0004:00000200       __imp_??1Box@Gu@physx@@QAE@XZ 100f3200     PhysX3CommonDEBUG_x86:PhysX3CommonDEBUG_x86.dll
 0004:00000204       __imp_??0Box@Gu@physx@@QAE@ABVPxVec3@2@0ABVPxMat33@2@@Z 100f3204     PhysX3CommonDEBUG_x86:PhysX3CommonDEBUG_x86.dll
 0004:00000208       __imp_?computePenetration@PxGeometryQuery@physx@@SA_NAAVPxVec3@2@AAMABVPxGeometry@2@ABVPxTransform@2@23@Z 100f3208     PhysX3CommonDEBUG_x86:PhysX3CommonDEBUG_x86.dll
 0004:0000020c       __imp_?sweep@PxGeometryQuery@physx@@SA_NABVPxVec3@2@MABVPxGeometry@2@ABVPxTransform@2@12AAUPxSweepHit@2@V?$PxFlags@W4Enum@PxHitFlag@physx@@G@2@M@Z 100f320c     PhysX3CommonDEBUG_x86:PhysX3CommonDEBUG_x86.dll
 0004:00000210       __imp_?PxTransformFromSegment@physx@@YA?AVPxTransform@1@ABVPxVec3@1@0PAM@Z 100f3210     PhysX3CommonDEBUG_x86:PhysX3CommonDEBUG_x86.dll
 0004:00000214       __imp_??6Cm@physx@@YAAAVRenderOutput@01@AAV201@ABUDebugBox@01@@Z 100f3214     PhysX3CommonDEBUG_x86:PhysX3CommonDEBUG_x86.dll
 0004:00000218       __imp_?outputCapsule@RenderOutput@Cm@physx@@QAEAAV123@MMABVPxMat44@3@@Z 100f3218     PhysX3CommonDEBUG_x86:PhysX3CommonDEBUG_x86.dll
 0004:0000021c       __imp_??6RenderOutput@Cm@physx@@QAEAAV012@ABVPxTransform@2@@Z 100f321c     PhysX3CommonDEBUG_x86:PhysX3CommonDEBUG_x86.dll
 0004:00000220       __imp_??6RenderOutput@Cm@physx@@QAEAAV012@I@Z 100f3220     PhysX3CommonDEBUG_x86:PhysX3CommonDEBUG_x86.dll
 0004:00000224       __imp_??0RenderOutput@Cm@physx@@QAE@AAVRenderBuffer@12@@Z 100f3224     PhysX3CommonDEBUG_x86:PhysX3CommonDEBUG_x86.dll
 0004:00000228       __imp_?sweep@PxMeshQuery@physx@@SA_NABVPxVec3@2@MABVPxGeometry@2@ABVPxTransform@2@IPBVPxTriangle@2@AAUPxSweepHit@2@V?$PxFlags@W4Enum@PxHitFlag@physx@@G@2@PBIM_N@Z 100f3228     PhysX3CommonDEBUG_x86:PhysX3CommonDEBUG_x86.dll
 0004:0000022c       \177PhysX3CommonDEBUG_x86_NULL_THUNK_DATA 100f322c     PhysX3CommonDEBUG_x86:PhysX3CommonDEBUG_x86.dll
 0004:00000268       __imp_?PxDiagonalize@physx@@YA?AVPxVec3@1@ABVPxMat33@1@AAVPxQuat@1@@Z 100f3268     PxFoundationDEBUG_x86:PxFoundationDEBUG_x86.dll
 0004:0000026c       __imp_?PxShortestRotation@physx@@YA?AVPxQuat@1@ABVPxVec3@1@0@Z 100f326c     PxFoundationDEBUG_x86:PxFoundationDEBUG_x86.dll
 0004:00000270       __imp_?error@Foundation@shdfnd@physx@@QAAXW4Enum@PxErrorCode@3@PBDH1ZZ 100f3270     PxFoundationDEBUG_x86:PxFoundationDEBUG_x86.dll
 0004:00000274       __imp_?decRefCount@Foundation@shdfnd@physx@@SAXXZ 100f3274     PxFoundationDEBUG_x86:PxFoundationDEBUG_x86.dll
 0004:00000278       __imp_?incRefCount@Foundation@shdfnd@physx@@SAXXZ 100f3278     PxFoundationDEBUG_x86:PxFoundationDEBUG_x86.dll
 0004:0000027c       __imp_?getInstance@Foundation@shdfnd@physx@@SAAAV123@XZ 100f327c     PxFoundationDEBUG_x86:PxFoundationDEBUG_x86.dll
 0004:00000280       __imp_?getSize@MutexImpl@shdfnd@physx@@SAABIXZ 100f3280     PxFoundationDEBUG_x86:PxFoundationDEBUG_x86.dll
 0004:00000284       __imp_??1MutexImpl@shdfnd@physx@@QAE@XZ 100f3284     PxFoundationDEBUG_x86:PxFoundationDEBUG_x86.dll
 0004:00000288       __imp_??0MutexImpl@shdfnd@physx@@QAE@XZ 100f3288     PxFoundationDEBUG_x86:PxFoundationDEBUG_x86.dll
 0004:0000028c       __imp__PxGetFoundation     100f328c     PxFoundationDEBUG_x86:PxFoundationDEBUG_x86.dll
 0004:00000290       __imp_?deallocate@NamedAllocator@shdfnd@physx@@QAEXPAX@Z 100f3290     PxFoundationDEBUG_x86:PxFoundationDEBUG_x86.dll
 0004:00000294       __imp_?allocate@NamedAllocator@shdfnd@physx@@QAEPAXIPBDH@Z 100f3294     PxFoundationDEBUG_x86:PxFoundationDEBUG_x86.dll
 0004:00000298       __imp_??1NamedAllocator@shdfnd@physx@@QAE@XZ 100f3298     PxFoundationDEBUG_x86:PxFoundationDEBUG_x86.dll
 0004:0000029c       __imp_??0NamedAllocator@shdfnd@physx@@QAE@ABV012@@Z 100f329c     PxFoundationDEBUG_x86:PxFoundationDEBUG_x86.dll
 0004:000002a0       __imp__PxGetProfilerCallback 100f32a0     PxFoundationDEBUG_x86:PxFoundationDEBUG_x86.dll
 0004:000002a4       __imp_?unlock@MutexImpl@shdfnd@physx@@QAEXXZ 100f32a4     PxFoundationDEBUG_x86:PxFoundationDEBUG_x86.dll
 0004:000002a8       __imp_?lock@MutexImpl@shdfnd@physx@@QAEXXZ 100f32a8     PxFoundationDEBUG_x86:PxFoundationDEBUG_x86.dll
 0004:000002ac       __imp_??0NamedAllocator@shdfnd@physx@@QAE@PBD@Z 100f32ac     PxFoundationDEBUG_x86:PxFoundationDEBUG_x86.dll
 0004:000002b0       __imp_?getAllocator@shdfnd@physx@@YAAAVPxAllocatorCallback@2@XZ 100f32b0     PxFoundationDEBUG_x86:PxFoundationDEBUG_x86.dll
 0004:000002b4       __imp_?PxGetAssertHandler@physx@@YAAAVPxAssertHandler@1@XZ 100f32b4     PxFoundationDEBUG_x86:PxFoundationDEBUG_x86.dll
 0004:000002b8       \177PxFoundationDEBUG_x86_NULL_THUNK_DATA 100f32b8     PxFoundationDEBUG_x86:PxFoundationDEBUG_x86.dll
 0004:000002f4       __IMPORT_DESCRIPTOR_PxFoundationDEBUG_x86 100f32f4     PxFoundationDEBUG_x86:PxFoundationDEBUG_x86.dll
 0004:00000308       __IMPORT_DESCRIPTOR_PhysX3CommonDEBUG_x86 100f3308     PhysX3CommonDEBUG_x86:PhysX3CommonDEBUG_x86.dll
 0004:0000031c       __IMPORT_DESCRIPTOR_KERNEL32 100f331c     kernel32:KERNEL32.dll
 0004:00000330       __NULL_IMPORT_DESCRIPTOR   100f3330     PxFoundationDEBUG_x86:PxFoundationDEBUG_x86.dll
 0006:00000000       ___guard_check_icall_fptr  100f6000     LIBCMTD:guard_support.obj
