 PhysX3CookingDEBUG_x86

 Timestamp is 56532e41 (Mon Nov 23 16:18:25 2015)

 Preferred load address is 10000000

 Start         Length     Name                   Class
 0001:00000000 00002b09H .text$di                CODE
 0001:00002b10 0003ad28H .text$mn                CODE
 0002:00000000 00000104H .CRT$XCA                DATA
 0002:00000104 00000156H .CRT$XCU                DATA
 0002:0000025c 00000104H .CRT$XCZ                DATA
 0002:00000360 00000104H .CRT$XIA                DATA
 0002:00000464 00000104H .CRT$XIZ                DATA
 0002:00000568 00000104H .CRT$XPA                DATA
 0002:0000066c 00000104H .CRT$XPZ                DATA
 0002:00000770 00000104H .CRT$XTA                DATA
 0002:00000874 00000104H .CRT$XTZ                DATA
 0002:00000980 00004af6H .rdata                  DATA
 0002:00005478 00000271H .rdata$r                DATA
 0002:000056f0 00000104H .rdata$sxdata           DATA
 0002:000057f4 000001b1H .rdata$zzzdbg           DATA
 0002:000059a8 00000104H .rtc$IAA                DATA
 0002:00005aac 00000148H .rtc$IMZ                DATA
 0002:00005bf4 00000104H .rtc$IZZ                DATA
 0002:00005cf8 00000104H .rtc$TAA                DATA
 0002:00005dfc 00000148H .rtc$TMZ                DATA
 0002:00005f44 00000104H .rtc$TZZ                DATA
 0002:00006048 00000298H .xdata$x                DATA
 0002:000062e0 000001a0H .edata                  DATA
 0003:00000000 00000187H .data                   DATA
 0003:00000188 00000416H .data$r                 DATA
 0003:000005a0 000006d4H .bss                    DATA
 0004:00000000 000001ecH .idata$5                DATA
 0004:000001ec 0000003cH .idata$2                DATA
 0004:00000228 00000014H .idata$3                DATA
 0004:0000023c 000001ecH .idata$4                DATA
 0004:00000428 00000746H .idata$6                DATA
 0005:00000000 00000020H .didat$2                DATA
 0005:00000020 00000020H .didat$3                DATA
 0005:00000040 00000234H .didat$4                DATA
 0005:00000274 00000234H .didat$5                DATA
 0005:000004a8 000018aaH .didat$6                DATA
 0005:00001d54 000002e4H .didat$7                DATA
 0006:00000000 00000104H .00cfg                  DATA
 0007:00000000 000001c0H .rsrc$01                DATA
 0007:000001c0 000006a9H .rsrc$02                DATA

  Address         Publics by Value              Rva+Base       Lib:Object

 0000:00000000       ___guard_fids_table        00000000     <absolute>
 0000:00000000       ___guard_fids_count        00000000     <absolute>
 0000:00000001       ___safe_se_handler_count   00000001     <absolute>
 0000:00000100       ___guard_flags             00000100     <absolute>
 0000:00000000       ___ImageBase               10000000     <linker-defined>
 0001:00002b10       _PxSetPhysXCookingDelayLoadHook 10003b10 f   WindowsCookingDelayLoadHook.obj
 0001:00002b20       ?delayHook@@YGP6GHXZIPAUDelayLoadInfo@@@Z 10003b20 f   WindowsCookingDelayLoadHook.obj
 0001:00002ba0       ?loadLibrary@shdfnd@physx@@YGPAUHINSTANCE__@@PBD@Z 10003ba0 f i WindowsCookingDelayLoadHook.obj
 0001:00002bc0       ?physXCommonDliNotePreLoadLibrary@shdfnd@physx@@YGP6GHXZPBDPBVPxDelayLoadHook@2@@Z 10003bc0 f i WindowsCookingDelayLoadHook.obj
 0001:00003040       ?strstr@@YAPADQADQBD@Z     10004040 f i WindowsCookingDelayLoadHook.obj
 0001:00003060       ?saveHeightField@physx@@YA_NABVHeightField@Gu@1@AAVPxOutputStream@1@_N@Z 10004060 f   HeightFieldCooking.obj
 0001:00003490       ??B?$PxFlags@W4Enum@PxHeightFieldFlag@physx@@G@physx@@QBEGXZ 10004490 f i HeightFieldCooking.obj
 0001:000034b0       ?__empty_global_delete@@YAXPAX@Z 100044b0 f i HeightFieldCooking.obj
 0001:000034c0       ?__global_delete@@YAXPAXI@Z 100044c0 f i HeightFieldCooking.obj
 0001:000034c0       ?__empty_global_delete@@YAXPAXI@Z 100044c0 f i HeightFieldCooking.obj
 0001:000034c0       ?__global_array_delete@@YAXPAXI@Z 100044c0 f i HeightFieldCooking.obj
 0001:000034d0       ?getData@HeightField@Gu@physx@@QBEABUHeightFieldData@23@XZ 100044d0 f i HeightFieldCooking.obj
 0001:000034f0       ?buildFromTriangles@RTreeCooker@physx@@SAXAAURTree@Gu@2@PBVPxVec3@2@IPBGPBIIAAV?$Array@IVNamedAllocator@shdfnd@physx@@@shdfnd@2@PAURemapCallback@12@MW4Enum@PxMeshCookingHint@2@@Z 100044f0 f   RTreeCooking.obj
 0001:00004880       ??$PX_UNUSED@I@@YAXABI@Z   10005880 f i RTreeCooking.obj
 0001:00004890       ??$PX_UNUSED@M@@YAXABM@Z   10005890 f i RTreeCooking.obj
 0001:000048a0       ??$PX_UNUSED@PAURTreeNodeNQ@physx@@@@YAXABQAURTreeNodeNQ@physx@@@Z 100058a0 f i RTreeCooking.obj
 0001:000048b0       ??$PX_UNUSED@URTreeNodeNQ@physx@@@@YAXABURTreeNodeNQ@physx@@@Z 100058b0 f i RTreeCooking.obj
 0001:000048c0       ??$PxMax@H@physx@@YAHHH@Z  100058c0 f i RTreeCooking.obj
 0001:000048f0       ??$PxMax@I@physx@@YAIII@Z  100058f0 f i RTreeCooking.obj
 0001:00004920       ??$PxMax@M@physx@@YAMMM@Z  10005920 f i RTreeCooking.obj
 0001:00004950       ??$PxMin@I@physx@@YAIII@Z  10005950 f i RTreeCooking.obj
 0001:00004980       ??$PxMin@M@physx@@YAMMM@Z  10005980 f i RTreeCooking.obj
 0001:000049b0       ??$median3@I$$CBU?$Less@I@shdfnd@physx@@@internal@shdfnd@physx@@YAXPAIHHABU?$Less@I@12@@Z 100059b0 f i RTreeCooking.obj
 0001:00004ae0       ??$median3@I$$CBUSortBoundsPredicate@physx@@@internal@shdfnd@physx@@YAXPAIHHABUSortBoundsPredicate@2@@Z 10005ae0 f i RTreeCooking.obj
 0001:00004c10       ??$partition@I$$CBU?$Less@I@shdfnd@physx@@@internal@shdfnd@physx@@YAHPAIHHABU?$Less@I@12@@Z 10005c10 f i RTreeCooking.obj
 0001:00004de0       ??$partition@I$$CBUSortBoundsPredicate@physx@@@internal@shdfnd@physx@@YAHPAIHHABUSortBoundsPredicate@2@@Z 10005de0 f i RTreeCooking.obj
 0001:00004fb0       ??$partition@UBoundsLTE@physx@@@quickSelect@physx@@YAIPIAIIIIABUBoundsLTE@1@@Z 10005fb0 f i RTreeCooking.obj
 0001:00005240       ??$quickSelectFirstK@UBoundsLTE@physx@@@quickSelect@physx@@YAXPIAIIIIABUBoundsLTE@1@@Z 10006240 f i RTreeCooking.obj
 0001:00005370       ??$smallSort@I$$CBU?$Less@I@shdfnd@physx@@@internal@shdfnd@physx@@YAXPAIHHABU?$Less@I@12@@Z 10006370 f i RTreeCooking.obj
 0001:00005430       ??$smallSort@I$$CBUSortBoundsPredicate@physx@@@internal@shdfnd@physx@@YAXPAIHHABUSortBoundsPredicate@2@@Z 10006430 f i RTreeCooking.obj
 0001:000054f0       ??$sort@I@shdfnd@physx@@YAXPAII@Z 100064f0 f i RTreeCooking.obj
 0001:00005530       ??$sort@IU?$Less@I@shdfnd@physx@@VNamedAllocator@23@@shdfnd@physx@@YAXPAIIABU?$Less@I@01@ABVNamedAllocator@01@I@Z 10006530 f i RTreeCooking.obj
 0001:00005800       ??$sort@IUSortBoundsPredicate@physx@@@shdfnd@physx@@YAXPAIIABUSortBoundsPredicate@1@@Z 10006800 f i RTreeCooking.obj
 0001:00005840       ??$sort@IUSortBoundsPredicate@physx@@VNamedAllocator@shdfnd@2@@shdfnd@physx@@YAXPAIIABUSortBoundsPredicate@1@ABVNamedAllocator@01@I@Z 10006840 f i RTreeCooking.obj
 0001:00005b10       ??$swap@I@shdfnd@physx@@YAXAAI0@Z 10006b10 f i RTreeCooking.obj
 0001:00005b40       ??0?$AlignedAllocator@$0IA@VAllocator@shdfnd@physx@@@shdfnd@physx@@QAE@ABVAllocator@12@@Z 10006b40 f i RTreeCooking.obj
 0001:00005b60       ??0?$Array@IVNamedAllocator@shdfnd@physx@@@shdfnd@physx@@QAE@IABIABVNamedAllocator@12@@Z 10006b60 f i RTreeCooking.obj
 0001:00005bc0       ??0?$Array@UInterval@physx@@V?$InlineAllocator@$0CA@VNamedAllocator@shdfnd@physx@@@shdfnd@2@@shdfnd@physx@@QAE@ABV?$InlineAllocator@$0CA@VNamedAllocator@shdfnd@physx@@@12@@Z 10006bc0 f i RTreeCooking.obj
 0001:00005c10       ??0?$Array@UPxBounds3V@physx@@VNamedAllocator@shdfnd@2@@shdfnd@physx@@QAE@ABVNamedAllocator@12@@Z 10006c10 f i RTreeCooking.obj
 0001:00005c60       ??0?$Array@URTreeNodeNQ@physx@@VNamedAllocator@shdfnd@2@@shdfnd@physx@@QAE@ABVNamedAllocator@12@@Z 10006c60 f i RTreeCooking.obj
 0001:00005cb0       ??0?$Array@URTreeNodeQ@Gu@physx@@VNamedAllocator@shdfnd@3@@shdfnd@physx@@QAE@ABVNamedAllocator@12@@Z 10006cb0 f i RTreeCooking.obj
 0001:00005d00       ??0?$Array@VPxVec3@physx@@VNamedAllocator@shdfnd@2@@shdfnd@physx@@QAE@ABVNamedAllocator@12@@Z 10006d00 f i RTreeCooking.obj
 0001:00005d50       ??0?$InlineAllocator@$0CA@VNamedAllocator@shdfnd@physx@@@shdfnd@physx@@QAE@ABV012@@Z 10006d50 f i RTreeCooking.obj
 0001:00005d80       ??0?$InlineAllocator@$0CA@VNamedAllocator@shdfnd@physx@@@shdfnd@physx@@QAE@ABVNamedAllocator@12@@Z 10006d80 f i RTreeCooking.obj
 0001:00005db0       ??0?$InlineArray@UInterval@physx@@$03VNamedAllocator@shdfnd@2@@shdfnd@physx@@QAE@ABVNamedAllocator@12@@Z 10006db0 f i RTreeCooking.obj
 0001:00005e10       ??0?$ScopedPointer@HVTempAllocator@shdfnd@physx@@@shdfnd@physx@@QAE@XZ 10006e10 f i RTreeCooking.obj
 0001:00005e30       ??0?$Stack@VNamedAllocator@shdfnd@physx@@@internal@shdfnd@physx@@QAE@PAHIABVNamedAllocator@23@@Z 10006e30 f i RTreeCooking.obj
 0001:00005e80       ??0BoundsLTE@physx@@QAE@IPBVPxVec3@1@@Z 10006e80 f i RTreeCooking.obj
 0001:00005eb0       ??0Interval@physx@@QAE@II@Z 10006eb0 f i RTreeCooking.obj
 0001:00005ee0       ??0PxBounds3@physx@@QAE@ABV01@@Z 10006ee0 f i RTreeCooking.obj
 0001:00005f20       ??0PxBounds3@physx@@QAE@ABVPxVec3@1@0@Z 10006f20 f i RTreeCooking.obj
 0001:00005f60       ??0PxBounds3V@physx@@QAE@AAT__m128@@0@Z 10006f60 f i RTreeCooking.obj
 0001:00005fa0       ??0PxBounds3V@physx@@QAE@UU@01@@Z 10006fa0 f i RTreeCooking.obj
 0001:00005fc0       ??0PxVec3@physx@@QAE@ABV01@@Z 10006fc0 f i RTreeCooking.obj
 0001:00006000       ??0PxVec3@physx@@QAE@M@Z   10007000 f i RTreeCooking.obj
 0001:00006050       ??0PxVec3@physx@@QAE@MMM@Z 10007050 f i RTreeCooking.obj
 0001:000060a0       ??0PxVec4@physx@@QAE@ABVPxVec3@1@M@Z 100070a0 f i RTreeCooking.obj
 0001:000060f0       ??0PxVec4@physx@@QAE@M@Z   100070f0 f i RTreeCooking.obj
 0001:00006150       ??0PxVec4@physx@@QAE@MMMM@Z 10007150 f i RTreeCooking.obj
 0001:000061b0       ??0RTreeNodeNQ@physx@@QAE@ABU01@@Z 100071b0 f i RTreeCooking.obj
 0001:00006200       ??0RTreeNodeNQ@physx@@QAE@XZ 10007200 f i RTreeCooking.obj
 0001:00006240       ??0SortBoundsPredicate@physx@@QAE@IPBUPxBounds3V@1@@Z 10007240 f i RTreeCooking.obj
 0001:00006270       ??0SubSortQuick@physx@@QAE@PAIPBUPxBounds3V@1@IM@Z 10007270 f i RTreeCooking.obj
 0001:000063d0       ??0SubSortSAH@physx@@QAE@PAIPBUPxBounds3V@1@IPBI22222M@Z 100073d0 f i RTreeCooking.obj
 0001:00006570       ??1?$Array@IVNamedAllocator@shdfnd@physx@@@shdfnd@physx@@QAE@XZ 10007570 f i RTreeCooking.obj
 0001:000065e0       ??1?$Array@UInterval@physx@@V?$InlineAllocator@$0CA@VNamedAllocator@shdfnd@physx@@@shdfnd@2@@shdfnd@physx@@QAE@XZ 100075e0 f i RTreeCooking.obj
 0001:00006650       ??1?$Array@UPxBounds3V@physx@@VNamedAllocator@shdfnd@2@@shdfnd@physx@@QAE@XZ 10007650 f i RTreeCooking.obj
 0001:000066c0       ??1?$Array@URTreeNodeNQ@physx@@VNamedAllocator@shdfnd@2@@shdfnd@physx@@QAE@XZ 100076c0 f i RTreeCooking.obj
 0001:00006730       ??1?$Array@URTreeNodeQ@Gu@physx@@VNamedAllocator@shdfnd@3@@shdfnd@physx@@QAE@XZ 10007730 f i RTreeCooking.obj
 0001:000067a0       ??1?$Array@VPxVec3@physx@@VNamedAllocator@shdfnd@2@@shdfnd@physx@@QAE@XZ 100077a0 f i RTreeCooking.obj
 0001:00006810       ??1?$InlineAllocator@$0CA@VNamedAllocator@shdfnd@physx@@@shdfnd@physx@@QAE@XZ 10007810 f i RTreeCooking.obj
 0001:00006830       ??1?$InlineArray@UInterval@physx@@$03VNamedAllocator@shdfnd@2@@shdfnd@physx@@QAE@XZ 10007830 f i RTreeCooking.obj
 0001:00006850       ??1?$ScopedPointer@HVTempAllocator@shdfnd@physx@@@shdfnd@physx@@QAE@XZ 10007850 f i RTreeCooking.obj
 0001:00006880       ??1?$Stack@VNamedAllocator@shdfnd@physx@@@internal@shdfnd@physx@@QAE@XZ 10007880 f i RTreeCooking.obj
 0001:000068c0       ??1SubSortQuick@physx@@QAE@XZ 100078c0 f i RTreeCooking.obj
 0001:000068e0       ??1SubSortSAH@physx@@QAE@XZ 100078e0 f i RTreeCooking.obj
 0001:00006990       ??2@YAPAXIPAX@Z            10007990 f i RTreeCooking.obj
 0001:000069a0       ??4PxVec3@physx@@QAEAAV01@ABV01@@Z 100079a0 f i RTreeCooking.obj
 0001:000069e0       ??4PxVec4@physx@@QAEAAV01@ABV01@@Z 100079e0 f i RTreeCooking.obj
 0001:00006a30       ??A?$Array@IVNamedAllocator@shdfnd@physx@@@shdfnd@physx@@QAEAAII@Z 10007a30 f i RTreeCooking.obj
 0001:00006aa0       ??A?$Array@UInterval@physx@@V?$InlineAllocator@$0CA@VNamedAllocator@shdfnd@physx@@@shdfnd@2@@shdfnd@physx@@QAEAAUInterval@2@I@Z 10007aa0 f i RTreeCooking.obj
 0001:00006b20       ??A?$Array@URTreeNodeNQ@physx@@VNamedAllocator@shdfnd@2@@shdfnd@physx@@QAEAAURTreeNodeNQ@2@I@Z 10007b20 f i RTreeCooking.obj
 0001:00006b90       ??A?$Array@URTreeNodeQ@Gu@physx@@VNamedAllocator@shdfnd@3@@shdfnd@physx@@QAEAAURTreeNodeQ@Gu@2@I@Z 10007b90 f i RTreeCooking.obj
 0001:00006c00       ??APxVec3@physx@@QBEABMI@Z 10007c00 f i RTreeCooking.obj
 0001:00006c70       ??B?$ScopedPointer@HVTempAllocator@shdfnd@physx@@@shdfnd@physx@@QBEPAHXZ 10007c70 f i RTreeCooking.obj
 0001:00006c90       ??GPxVec4@physx@@QBE?AV01@ABV01@@Z 10007c90 f i RTreeCooking.obj
 0001:00006d20       ??HPxVec3@physx@@QBE?AV01@ABV01@@Z 10007d20 f i RTreeCooking.obj
 0001:00006d90       ??KPxVec4@physx@@QBE?AV01@M@Z 10007d90 f i RTreeCooking.obj
 0001:00006e30       ??R?$Less@I@shdfnd@physx@@QBE_NABI0@Z 10007e30 f i RTreeCooking.obj
 0001:00006e70       ??RBoundsLTE@physx@@QBE_NABI0@Z 10007e70 f i RTreeCooking.obj
 0001:00006f00       ??RSortBoundsPredicate@physx@@QBE_NABI0@Z 10007f00 f i RTreeCooking.obj
 0001:00007030       ?FLoad@aos@shdfnd@physx@@YA?AT__m128@@M@Z 10008030 f i RTreeCooking.obj
 0001:00007070       ?FMax@aos@shdfnd@physx@@YA?AT__m128@@XZ 10008070 f i RTreeCooking.obj
 0001:000070c0       ?FNegMax@aos@shdfnd@physx@@YA?AT__m128@@XZ 100080c0 f i RTreeCooking.obj
 0001:00007110       ?FStore@aos@shdfnd@physx@@YAXT__m128@@PIAM@Z 10008110 f i RTreeCooking.obj
 0001:00007150       ?PxAbs@physx@@YAHH@Z       10008150 f i RTreeCooking.obj
 0001:00007160       ?PxIsFinite@physx@@YA_NM@Z 10008160 f i RTreeCooking.obj
 0001:00007180       ?PxMemCopy@physx@@YAPAXPIAXPIBXI@Z 10008180 f i RTreeCooking.obj
 0001:000071a0       ?V3Add@aos@shdfnd@physx@@YA?AT__m128@@T4@0@Z 100081a0 f i RTreeCooking.obj
 0001:000071f0       ?V3Dot@aos@shdfnd@physx@@YA?AT__m128@@T4@0@Z 100081f0 f i RTreeCooking.obj
 0001:000072d0       ?V3Load@aos@shdfnd@physx@@YA?AT__m128@@M@Z 100082d0 f i RTreeCooking.obj
 0001:00007330       ?V3LoadU@aos@shdfnd@physx@@YA?AT__m128@@ABVPxVec3@3@@Z 10008330 f i RTreeCooking.obj
 0001:000073a0       ?V3Max@aos@shdfnd@physx@@YA?AT__m128@@T4@0@Z 100083a0 f i RTreeCooking.obj
 0001:000073f0       ?V3Min@aos@shdfnd@physx@@YA?AT__m128@@T4@0@Z 100083f0 f i RTreeCooking.obj
 0001:00007440       ?V3PermZXY@aos@shdfnd@physx@@YA?AT__m128@@T4@@Z 10008440 f i RTreeCooking.obj
 0001:00007490       ?V3ReadXYZ@aos@shdfnd@physx@@YAABVPxVec3@3@ABT__m128@@@Z 10008490 f i RTreeCooking.obj
 0001:000074a0       ?V3Splat@aos@shdfnd@physx@@YA?AT__m128@@T4@@Z 100084a0 f i RTreeCooking.obj
 0001:00007520       ?V3StoreA@aos@shdfnd@physx@@YAXT__m128@@AAVPxVec3@3@@Z 10008520 f i RTreeCooking.obj
 0001:000075c0       ?V3Sub@aos@shdfnd@physx@@YA?AT__m128@@T4@0@Z 100085c0 f i RTreeCooking.obj
 0001:00007610       ?V3Zero@aos@shdfnd@physx@@YA?AT__m128@@XZ 10008610 f i RTreeCooking.obj
 0001:00007650       ?V4ClearW@aos@shdfnd@physx@@YA?AT__m128@@T4@@Z 10008650 f i RTreeCooking.obj
 0001:000076a0       ?V4Load@aos@shdfnd@physx@@YA?AT__m128@@M@Z 100086a0 f i RTreeCooking.obj
 0001:000076e0       ?Vec3V_From_FloatV@aos@shdfnd@physx@@YA?AT__m128@@T4@@Z 100086e0 f i RTreeCooking.obj
 0001:00007740       ?Vec3V_From_Vec4V@aos@shdfnd@physx@@YA?AT__m128@@T4@@Z 10008740 f i RTreeCooking.obj
 0001:00007790       ?Vec4V_From_FloatV@aos@shdfnd@physx@@YA?AT__m128@@T4@@Z 10008790 f i RTreeCooking.obj
 0001:000077d0       ?allocate@?$AlignedAllocator@$0IA@VAllocator@shdfnd@physx@@@shdfnd@physx@@QAEPAXIPBDH@Z 100087d0 f i RTreeCooking.obj
 0001:00007850       ?allocate@?$Array@IVNamedAllocator@shdfnd@physx@@@shdfnd@physx@@IAEPAII@Z 10008850 f i RTreeCooking.obj
 0001:000078d0       ?allocate@?$Array@UInterval@physx@@V?$InlineAllocator@$0CA@VNamedAllocator@shdfnd@physx@@@shdfnd@2@@shdfnd@physx@@IAEPAUInterval@3@I@Z 100088d0 f i RTreeCooking.obj
 0001:00007950       ?allocate@?$Array@UPxBounds3V@physx@@VNamedAllocator@shdfnd@2@@shdfnd@physx@@IAEPAUPxBounds3V@3@I@Z 10008950 f i RTreeCooking.obj
 0001:000079d0       ?allocate@?$Array@URTreeNodeNQ@physx@@VNamedAllocator@shdfnd@2@@shdfnd@physx@@IAEPAURTreeNodeNQ@3@I@Z 100089d0 f i RTreeCooking.obj
 0001:00007a50       ?allocate@?$Array@URTreeNodeQ@Gu@physx@@VNamedAllocator@shdfnd@3@@shdfnd@physx@@IAEPAURTreeNodeQ@Gu@3@I@Z 10008a50 f i RTreeCooking.obj
 0001:00007ad0       ?allocate@?$Array@VPxVec3@physx@@VNamedAllocator@shdfnd@2@@shdfnd@physx@@IAEPAVPxVec3@3@I@Z 10008ad0 f i RTreeCooking.obj
 0001:00007b50       ?allocate@?$InlineAllocator@$0CA@VNamedAllocator@shdfnd@physx@@@shdfnd@physx@@QAEPAXIPBDH@Z 10008b50 f i RTreeCooking.obj
 0001:00007ba0       ?begin@?$Array@IVNamedAllocator@shdfnd@physx@@@shdfnd@physx@@QAEPAIXZ 10008ba0 f i RTreeCooking.obj
 0001:00007bc0       ?begin@?$Array@UPxBounds3V@physx@@VNamedAllocator@shdfnd@2@@shdfnd@physx@@QAEPAUPxBounds3V@3@XZ 10008bc0 f i RTreeCooking.obj
 0001:00007be0       ?begin@?$Array@VPxVec3@physx@@VNamedAllocator@shdfnd@2@@shdfnd@physx@@QAEPAVPxVec3@3@XZ 10008be0 f i RTreeCooking.obj
 0001:00007c00       ?capacity@?$Array@IVNamedAllocator@shdfnd@physx@@@shdfnd@physx@@QBEIXZ 10008c00 f i RTreeCooking.obj
 0001:00007c20       ?capacity@?$Array@UInterval@physx@@V?$InlineAllocator@$0CA@VNamedAllocator@shdfnd@physx@@@shdfnd@2@@shdfnd@physx@@QBEIXZ 10008c20 f i RTreeCooking.obj
 0001:00007c40       ?capacity@?$Array@UPxBounds3V@physx@@VNamedAllocator@shdfnd@2@@shdfnd@physx@@QBEIXZ 10008c40 f i RTreeCooking.obj
 0001:00007c60       ?capacity@?$Array@URTreeNodeNQ@physx@@VNamedAllocator@shdfnd@2@@shdfnd@physx@@QBEIXZ 10008c60 f i RTreeCooking.obj
 0001:00007c80       ?capacity@?$Array@URTreeNodeQ@Gu@physx@@VNamedAllocator@shdfnd@3@@shdfnd@physx@@QBEIXZ 10008c80 f i RTreeCooking.obj
 0001:00007ca0       ?capacity@?$Array@VPxVec3@physx@@VNamedAllocator@shdfnd@2@@shdfnd@physx@@QBEIXZ 10008ca0 f i RTreeCooking.obj
 0001:00007cc0       ?capacityIncrement@?$Array@IVNamedAllocator@shdfnd@physx@@@shdfnd@physx@@IBEIXZ 10008cc0 f i RTreeCooking.obj
 0001:00007d00       ?capacityIncrement@?$Array@UInterval@physx@@V?$InlineAllocator@$0CA@VNamedAllocator@shdfnd@physx@@@shdfnd@2@@shdfnd@physx@@IBEIXZ 10008d00 f i RTreeCooking.obj
 0001:00007d40       ?capacityIncrement@?$Array@UPxBounds3V@physx@@VNamedAllocator@shdfnd@2@@shdfnd@physx@@IBEIXZ 10008d40 f i RTreeCooking.obj
 0001:00007d80       ?capacityIncrement@?$Array@URTreeNodeNQ@physx@@VNamedAllocator@shdfnd@2@@shdfnd@physx@@IBEIXZ 10008d80 f i RTreeCooking.obj
 0001:00007dc0       ?capacityIncrement@?$Array@URTreeNodeQ@Gu@physx@@VNamedAllocator@shdfnd@3@@shdfnd@physx@@IBEIXZ 10008dc0 f i RTreeCooking.obj
 0001:00007e00       ?capacityIncrement@?$Array@VPxVec3@physx@@VNamedAllocator@shdfnd@2@@shdfnd@physx@@IBEIXZ 10008e00 f i RTreeCooking.obj
 0001:00007e40       ?computeSA@SubSortSAH@physx@@QAEMPBIABUInterval@2@@Z 10008e40 f i RTreeCooking.obj
 0001:00007fc0       ?copy@?$Array@IVNamedAllocator@shdfnd@physx@@@shdfnd@physx@@KAXPAI0PBI@Z 10008fc0 f i RTreeCooking.obj
 0001:00008030       ?copy@?$Array@UInterval@physx@@V?$InlineAllocator@$0CA@VNamedAllocator@shdfnd@physx@@@shdfnd@2@@shdfnd@physx@@KAXPAUInterval@3@0PBU43@@Z 10009030 f i RTreeCooking.obj
 0001:000080b0       ?copy@?$Array@UPxBounds3V@physx@@VNamedAllocator@shdfnd@2@@shdfnd@physx@@KAXPAUPxBounds3V@3@0PBU43@@Z 100090b0 f i RTreeCooking.obj
 0001:00008130       ?copy@?$Array@URTreeNodeNQ@physx@@VNamedAllocator@shdfnd@2@@shdfnd@physx@@KAXPAURTreeNodeNQ@3@0PBU43@@Z 10009130 f i RTreeCooking.obj
 0001:000081a0       ?copy@?$Array@URTreeNodeQ@Gu@physx@@VNamedAllocator@shdfnd@3@@shdfnd@physx@@KAXPAURTreeNodeQ@Gu@3@0PBU453@@Z 100091a0 f i RTreeCooking.obj
 0001:00008220       ?copy@?$Array@VPxVec3@physx@@VNamedAllocator@shdfnd@2@@shdfnd@physx@@KAXPAVPxVec3@3@0PBV43@@Z 10009220 f i RTreeCooking.obj
 0001:00008290       ?create@?$Array@IVNamedAllocator@shdfnd@physx@@@shdfnd@physx@@KAXPAI0ABI@Z 10009290 f i RTreeCooking.obj
 0001:00008300       ?deallocate@?$Array@IVNamedAllocator@shdfnd@physx@@@shdfnd@physx@@IAEXPAX@Z 10009300 f i RTreeCooking.obj
 0001:00008320       ?deallocate@?$Array@UInterval@physx@@V?$InlineAllocator@$0CA@VNamedAllocator@shdfnd@physx@@@shdfnd@2@@shdfnd@physx@@IAEXPAX@Z 10009320 f i RTreeCooking.obj
 0001:00008340       ?deallocate@?$Array@UPxBounds3V@physx@@VNamedAllocator@shdfnd@2@@shdfnd@physx@@IAEXPAX@Z 10009340 f i RTreeCooking.obj
 0001:00008360       ?deallocate@?$Array@URTreeNodeNQ@physx@@VNamedAllocator@shdfnd@2@@shdfnd@physx@@IAEXPAX@Z 10009360 f i RTreeCooking.obj
 0001:00008380       ?deallocate@?$Array@URTreeNodeQ@Gu@physx@@VNamedAllocator@shdfnd@3@@shdfnd@physx@@IAEXPAX@Z 10009380 f i RTreeCooking.obj
 0001:000083a0       ?deallocate@?$Array@VPxVec3@physx@@VNamedAllocator@shdfnd@2@@shdfnd@physx@@IAEXPAX@Z 100093a0 f i RTreeCooking.obj
 0001:000083c0       ?deallocate@?$InlineAllocator@$0CA@VNamedAllocator@shdfnd@physx@@@shdfnd@physx@@QAEXPAX@Z 100093c0 f i RTreeCooking.obj
 0001:00008400       ?destroy@?$Array@IVNamedAllocator@shdfnd@physx@@@shdfnd@physx@@KAXPAI0@Z 10009400 f i RTreeCooking.obj
 0001:00008420       ?destroy@?$Array@UInterval@physx@@V?$InlineAllocator@$0CA@VNamedAllocator@shdfnd@physx@@@shdfnd@2@@shdfnd@physx@@KAXPAUInterval@3@0@Z 10009420 f i RTreeCooking.obj
 0001:00008440       ?destroy@?$Array@UPxBounds3V@physx@@VNamedAllocator@shdfnd@2@@shdfnd@physx@@KAXPAUPxBounds3V@3@0@Z 10009440 f i RTreeCooking.obj
 0001:00008460       ?destroy@?$Array@URTreeNodeNQ@physx@@VNamedAllocator@shdfnd@2@@shdfnd@physx@@KAXPAURTreeNodeNQ@3@0@Z 10009460 f i RTreeCooking.obj
 0001:00008480       ?destroy@?$Array@URTreeNodeQ@Gu@physx@@VNamedAllocator@shdfnd@3@@shdfnd@physx@@KAXPAURTreeNodeQ@Gu@3@0@Z 10009480 f i RTreeCooking.obj
 0001:000084a0       ?destroy@?$Array@VPxVec3@physx@@VNamedAllocator@shdfnd@2@@shdfnd@physx@@KAXPAVPxVec3@3@0@Z 100094a0 f i RTreeCooking.obj
 0001:000084c0       ?empty@?$Stack@VNamedAllocator@shdfnd@physx@@@internal@shdfnd@physx@@QAE_NXZ 100094c0 f i RTreeCooking.obj
 0001:00008500       ?empty@PxBounds3@physx@@SA?AV12@XZ 10009500 f i RTreeCooking.obj
 0001:00008560       ?getExtents@PxBounds3V@physx@@QBE?AT__m128@@XZ 10009560 f i RTreeCooking.obj
 0001:000085c0       ?getMaxVec3@PxBounds3V@physx@@QBEABVPxVec3@2@XZ 100095c0 f i RTreeCooking.obj
 0001:000085e0       ?getMinVec3@PxBounds3V@physx@@QBEABVPxVec3@2@XZ 100095e0 f i RTreeCooking.obj
 0001:00008600       ?grow@?$Array@IVNamedAllocator@shdfnd@physx@@@shdfnd@physx@@IAEXI@Z 10009600 f i RTreeCooking.obj
 0001:00008680       ?grow@?$Array@UPxBounds3V@physx@@VNamedAllocator@shdfnd@2@@shdfnd@physx@@IAEXI@Z 10009680 f i RTreeCooking.obj
 0001:00008700       ?grow@?$Array@URTreeNodeNQ@physx@@VNamedAllocator@shdfnd@2@@shdfnd@physx@@IAEXI@Z 10009700 f i RTreeCooking.obj
 0001:00008780       ?grow@?$Array@URTreeNodeQ@Gu@physx@@VNamedAllocator@shdfnd@3@@shdfnd@physx@@IAEXI@Z 10009780 f i RTreeCooking.obj
 0001:00008800       ?grow@?$Array@VPxVec3@physx@@VNamedAllocator@shdfnd@2@@shdfnd@physx@@IAEXI@Z 10009800 f i RTreeCooking.obj
 0001:00008880       ?grow@?$Stack@VNamedAllocator@shdfnd@physx@@@internal@shdfnd@physx@@QAEXXZ 10009880 f i RTreeCooking.obj
 0001:00008930       ?growAndPushBack@?$Array@IVNamedAllocator@shdfnd@physx@@@shdfnd@physx@@IAEAAIABI@Z 10009930 f i RTreeCooking.obj
 0001:00008ac0       ?growAndPushBack@?$Array@UInterval@physx@@V?$InlineAllocator@$0CA@VNamedAllocator@shdfnd@physx@@@shdfnd@2@@shdfnd@physx@@IAEAAUInterval@3@ABU43@@Z 10009ac0 f i RTreeCooking.obj
 0001:00008c60       ?growAndPushBack@?$Array@UPxBounds3V@physx@@VNamedAllocator@shdfnd@2@@shdfnd@physx@@IAEAAUPxBounds3V@3@ABU43@@Z 10009c60 f i RTreeCooking.obj
 0001:00008df0       ?growAndPushBack@?$Array@URTreeNodeNQ@physx@@VNamedAllocator@shdfnd@2@@shdfnd@physx@@IAEAAURTreeNodeNQ@3@ABU43@@Z 10009df0 f i RTreeCooking.obj
 0001:00008f80       ?growAndPushBack@?$Array@URTreeNodeQ@Gu@physx@@VNamedAllocator@shdfnd@3@@shdfnd@physx@@IAEAAURTreeNodeQ@Gu@3@ABU453@@Z 10009f80 f i RTreeCooking.obj
 0001:00009110       ?growAndPushBack@?$Array@VPxVec3@physx@@VNamedAllocator@shdfnd@2@@shdfnd@physx@@IAEAAVPxVec3@3@ABV43@@Z 1000a110 f i RTreeCooking.obj
 0001:00009290       ?include@PxBounds3V@physx@@QAEXABU12@@Z 1000a290 f i RTreeCooking.obj
 0001:00009310       ?isFinite@PxBounds3@physx@@QBE_NXZ 1000a310 f i RTreeCooking.obj
 0001:00009370       ?isFinite@PxVec3@physx@@QBE_NXZ 1000a370 f i RTreeCooking.obj
 0001:00009410       ?isFinite@intrinsics@physx@@YA_NM@Z 1000a410 f i RTreeCooking.obj
 0001:00009460       ?isInUserMemory@?$Array@IVNamedAllocator@shdfnd@physx@@@shdfnd@physx@@QBEIXZ 1000a460 f i RTreeCooking.obj
 0001:00009480       ?isInUserMemory@?$Array@UInterval@physx@@V?$InlineAllocator@$0CA@VNamedAllocator@shdfnd@physx@@@shdfnd@2@@shdfnd@physx@@QBEIXZ 1000a480 f i RTreeCooking.obj
 0001:000094a0       ?isInUserMemory@?$Array@UPxBounds3V@physx@@VNamedAllocator@shdfnd@2@@shdfnd@physx@@QBEIXZ 1000a4a0 f i RTreeCooking.obj
 0001:000094c0       ?isInUserMemory@?$Array@URTreeNodeNQ@physx@@VNamedAllocator@shdfnd@2@@shdfnd@physx@@QBEIXZ 1000a4c0 f i RTreeCooking.obj
 0001:000094e0       ?isInUserMemory@?$Array@URTreeNodeQ@Gu@physx@@VNamedAllocator@shdfnd@3@@shdfnd@physx@@QBEIXZ 1000a4e0 f i RTreeCooking.obj
 0001:00009500       ?isInUserMemory@?$Array@VPxVec3@physx@@VNamedAllocator@shdfnd@2@@shdfnd@physx@@QBEIXZ 1000a500 f i RTreeCooking.obj
 0001:00009520       ?isInside@PxBounds3@physx@@QBE_NABV12@@Z 1000a520 f i RTreeCooking.obj
 0001:00009640       ?isLeaf@RTreeNodeQ@Gu@physx@@QBEIXZ 1000a640 f i RTreeCooking.obj
 0001:00009660       ?isValid@PxBounds3@physx@@QBE_NXZ 1000a660 f i RTreeCooking.obj
 0001:00009780       ?memCopy@intrinsics@physx@@YAPAXPIAXPIBXI@Z 1000a780 f i RTreeCooking.obj
 0001:000097a0       ?pop@?$Stack@VNamedAllocator@shdfnd@physx@@@internal@shdfnd@physx@@QAEXAAH0@Z 1000a7a0 f i RTreeCooking.obj
 0001:00009870       ?popBack@?$Array@IVNamedAllocator@shdfnd@physx@@@shdfnd@physx@@QAEIXZ 1000a870 f i RTreeCooking.obj
 0001:00009910       ?push@?$Stack@VNamedAllocator@shdfnd@physx@@@internal@shdfnd@physx@@QAEXHH@Z 1000a910 f i RTreeCooking.obj
 0001:000099a0       ?pushBack@?$Array@IVNamedAllocator@shdfnd@physx@@@shdfnd@physx@@QAEAAIABI@Z 1000a9a0 f i RTreeCooking.obj
 0001:00009a50       ?pushBack@?$Array@UInterval@physx@@V?$InlineAllocator@$0CA@VNamedAllocator@shdfnd@physx@@@shdfnd@2@@shdfnd@physx@@QAEAAUInterval@3@ABU43@@Z 1000aa50 f i RTreeCooking.obj
 0001:00009b10       ?pushBack@?$Array@UPxBounds3V@physx@@VNamedAllocator@shdfnd@2@@shdfnd@physx@@QAEAAUPxBounds3V@3@ABU43@@Z 1000ab10 f i RTreeCooking.obj
 0001:00009bd0       ?pushBack@?$Array@URTreeNodeNQ@physx@@VNamedAllocator@shdfnd@2@@shdfnd@physx@@QAEAAURTreeNodeNQ@3@ABU43@@Z 1000abd0 f i RTreeCooking.obj
 0001:00009c80       ?pushBack@?$Array@URTreeNodeQ@Gu@physx@@VNamedAllocator@shdfnd@3@@shdfnd@physx@@QAEAAURTreeNodeQ@Gu@3@ABU453@@Z 1000ac80 f i RTreeCooking.obj
 0001:00009d40       ?pushBack@?$Array@VPxVec3@physx@@VNamedAllocator@shdfnd@2@@shdfnd@physx@@QAEAAVPxVec3@3@ABV43@@Z 1000ad40 f i RTreeCooking.obj
 0001:00009df0       ?recreate@?$Array@IVNamedAllocator@shdfnd@physx@@@shdfnd@physx@@IAEXI@Z 1000adf0 f i RTreeCooking.obj
 0001:00009f00       ?recreate@?$Array@UPxBounds3V@physx@@VNamedAllocator@shdfnd@2@@shdfnd@physx@@IAEXI@Z 1000af00 f i RTreeCooking.obj
 0001:0000a010       ?recreate@?$Array@URTreeNodeNQ@physx@@VNamedAllocator@shdfnd@2@@shdfnd@physx@@IAEXI@Z 1000b010 f i RTreeCooking.obj
 0001:0000a120       ?recreate@?$Array@URTreeNodeQ@Gu@physx@@VNamedAllocator@shdfnd@3@@shdfnd@physx@@IAEXI@Z 1000b120 f i RTreeCooking.obj
 0001:0000a220       ?recreate@?$Array@VPxVec3@physx@@VNamedAllocator@shdfnd@2@@shdfnd@physx@@IAEXI@Z 1000b220 f i RTreeCooking.obj
 0001:0000a320       ?replaceWithLast@?$Array@UInterval@physx@@V?$InlineAllocator@$0CA@VNamedAllocator@shdfnd@physx@@@shdfnd@2@@shdfnd@physx@@QAEXI@Z 1000b320 f i RTreeCooking.obj
 0001:0000a3d0       ?reserve@?$Array@IVNamedAllocator@shdfnd@physx@@@shdfnd@physx@@QAEXI@Z 1000b3d0 f i RTreeCooking.obj
 0001:0000a400       ?reserve@?$Array@UPxBounds3V@physx@@VNamedAllocator@shdfnd@2@@shdfnd@physx@@QAEXI@Z 1000b400 f i RTreeCooking.obj
 0001:0000a430       ?reserve@?$Array@URTreeNodeNQ@physx@@VNamedAllocator@shdfnd@2@@shdfnd@physx@@QAEXI@Z 1000b430 f i RTreeCooking.obj
 0001:0000a460       ?reserve@?$Array@URTreeNodeQ@Gu@physx@@VNamedAllocator@shdfnd@3@@shdfnd@physx@@QAEXI@Z 1000b460 f i RTreeCooking.obj
 0001:0000a490       ?reserve@?$Array@VPxVec3@physx@@VNamedAllocator@shdfnd@2@@shdfnd@physx@@QAEXI@Z 1000b490 f i RTreeCooking.obj
 0001:0000a4c0       ?resize@?$Array@IVNamedAllocator@shdfnd@physx@@@shdfnd@physx@@QAEXIABI@Z 1000b4c0 f i RTreeCooking.obj
 0001:0000a550       ?resizeUninitialized@?$Array@URTreeNodeNQ@physx@@VNamedAllocator@shdfnd@2@@shdfnd@physx@@QAEXI@Z 1000b550 f i RTreeCooking.obj
 0001:0000a580       ?selectMax@intrinsics@physx@@YAMMM@Z 1000b580 f i RTreeCooking.obj
 0001:0000a5c0       ?selectMin@intrinsics@physx@@YAMMM@Z 1000b5c0 f i RTreeCooking.obj
 0001:0000a600       ?setEmpty@PxBounds3@physx@@QAEXXZ 1000b600 f i RTreeCooking.obj
 0001:0000a670       ?setLeaf@RTreeNodeQ@Gu@physx@@QAEX_N@Z 1000b670 f i RTreeCooking.obj
 0001:0000a6c0       ?size@?$Array@IVNamedAllocator@shdfnd@physx@@@shdfnd@physx@@QBEIXZ 1000b6c0 f i RTreeCooking.obj
 0001:0000a6e0       ?size@?$Array@UInterval@physx@@V?$InlineAllocator@$0CA@VNamedAllocator@shdfnd@physx@@@shdfnd@2@@shdfnd@physx@@QBEIXZ 1000b6e0 f i RTreeCooking.obj
 0001:0000a700       ?size@?$Array@URTreeNodeNQ@physx@@VNamedAllocator@shdfnd@2@@shdfnd@physx@@QBEIXZ 1000b700 f i RTreeCooking.obj
 0001:0000a720       ?size@?$Array@URTreeNodeQ@Gu@physx@@VNamedAllocator@shdfnd@3@@shdfnd@physx@@QBEIXZ 1000b720 f i RTreeCooking.obj
 0001:0000a740       ?size@?$Array@VPxVec3@physx@@VNamedAllocator@shdfnd@2@@shdfnd@physx@@QBEIXZ 1000b740 f i RTreeCooking.obj
 0001:0000a760       ?sort4@SubSortQuick@physx@@QAEXPIAIIAAV?$Array@URTreeNodeNQ@physx@@VNamedAllocator@shdfnd@2@@shdfnd@2@AAIAAUPxBounds3V@2@I@Z 1000b760 f i RTreeCooking.obj
 0001:0000afc0       ?sort4@SubSortSAH@physx@@QAEXPAIIAAV?$Array@URTreeNodeNQ@physx@@VNamedAllocator@shdfnd@2@@shdfnd@2@AAIIPAURTreeNodeNQ@2@@Z 1000bfc0 f i RTreeCooking.obj
 0001:0000bd70       ?split@SubSortSAH@physx@@QAEIPAII@Z 1000cd70 f i RTreeCooking.obj
 0001:0000c9f0       ?loadFromDesc@TriangleMeshBuilder@physx@@QAE_NABVPxTriangleMeshDesc@2@ABUPxCookingParams@2@_N@Z 1000d9f0 f   TriangleMeshBuilder.obj
 0001:0000cc00       ?save@TriangleMeshBuilder@physx@@QBE_NAAVPxOutputStream@2@_NABUPxCookingParams@2@@Z 1000dc00 f   TriangleMeshBuilder.obj
 0001:0000d190       ?computeLocalBounds@TriangleMeshBuilder@physx@@IAEXXZ 1000e190 f   TriangleMeshBuilder.obj
 0001:0000d2a0       ?importMesh@TriangleMeshBuilder@physx@@IAE_NABVPxTriangleMeshDesc@2@ABUPxCookingParams@2@_N@Z 1000e2a0 f   TriangleMeshBuilder.obj
 0001:0000d9c0       ??$?_UI@@YAPAXIV?$ReflectionAllocator@I@shdfnd@physx@@PBDH@Z 1000e9c0 f i TriangleMeshBuilder.obj
 0001:0000d9e0       ??0?$PxFlags@W4Enum@PxMeshFlag@physx@@G@physx@@QAE@ABV01@@Z 1000e9e0 f i TriangleMeshBuilder.obj
 0001:0000da10       ??0?$PxFlags@W4Enum@PxMeshFlag@physx@@G@physx@@QAE@W4Enum@PxMeshFlag@1@@Z 1000ea10 f i TriangleMeshBuilder.obj
 0001:0000da30       ??0?$PxFlags@W4Enum@PxMeshFlag@physx@@G@physx@@QAE@XZ 1000ea30 f i TriangleMeshBuilder.obj
 0001:0000da50       ??0?$PxFlags@W4Enum@PxMeshPreprocessingFlag@physx@@I@physx@@QAE@ABV01@@Z 1000ea50 f i TriangleMeshBuilder.obj
 0001:0000da70       ??0?$ReflectionAllocator@I@shdfnd@physx@@QAE@PBD@Z 1000ea70 f i TriangleMeshBuilder.obj
 0001:0000da90       ??0PxSimpleTriangleMesh@physx@@QAE@ABV01@@Z 1000ea90 f i TriangleMeshBuilder.obj
 0001:0000db00       ??0PxTriangleMeshDesc@physx@@QAE@ABV01@@Z 1000eb00 f i TriangleMeshBuilder.obj
 0001:0000db50       ??APxVec3@physx@@QAEAAMI@Z 1000eb50 f i TriangleMeshBuilder.obj
 0001:0000dbc0       ??B?$PxFlags@W4Enum@PxMeshFlag@physx@@G@physx@@QBE_NXZ 1000ebc0 f i TriangleMeshBuilder.obj
 0001:0000dbf0       ??B?$PxFlags@W4Enum@PxMeshPreprocessingFlag@physx@@I@physx@@QBE_NXZ 1000ebf0 f i TriangleMeshBuilder.obj
 0001:0000dc20       ??I?$PxFlags@W4Enum@PxMeshFlag@physx@@G@physx@@QBE?AV01@W4Enum@PxMeshFlag@1@@Z 1000ec20 f i TriangleMeshBuilder.obj
 0001:0000dc70       ??I?$PxFlags@W4Enum@PxMeshPreprocessingFlag@physx@@I@physx@@QBE?AV01@W4Enum@PxMeshPreprocessingFlag@1@@Z 1000ec70 f i TriangleMeshBuilder.obj
 0001:0000dcb0       ??S?$PxFlags@W4Enum@PxMeshFlag@physx@@G@physx@@QBE?AV01@XZ 1000ecb0 f i TriangleMeshBuilder.obj
 0001:0000dcf0       ??Sphysx@@YA?AV?$PxFlags@W4Enum@PxMeshFlag@physx@@G@0@W4Enum@PxMeshFlag@0@@Z 1000ecf0 f i TriangleMeshBuilder.obj
 0001:0000dd20       ??_4?$PxFlags@W4Enum@PxMeshFlag@physx@@G@physx@@QAEAAV01@ABV01@@Z 1000ed20 f i TriangleMeshBuilder.obj
 0001:0000dd50       ??_H@YGXPAXIIP6EPAX0@Z@Z   1000ed50 f i TriangleMeshBuilder.obj
 0001:0000ddb0       ?PxAbs@physx@@YAMM@Z       1000edb0 f i TriangleMeshBuilder.obj
 0001:0000ddd0       ?abs@intrinsics@physx@@YAMM@Z 1000edd0 f i TriangleMeshBuilder.obj
 0001:0000ddf0       ?allocate@?$ReflectionAllocator@I@shdfnd@physx@@QAEPAXIPBDH@Z 1000edf0 f i TriangleMeshBuilder.obj
 0001:0000de50       ?gatherStrided@shdfnd@physx@@YAXPBXPAXIII@Z 1000ee50 f i TriangleMeshBuilder.obj
 0001:0000dec0       ?getFoundation@shdfnd@physx@@YAAAVFoundation@12@XZ 1000eec0 f i TriangleMeshBuilder.obj
 0001:0000ded0       ?getName@?$ReflectionAllocator@I@shdfnd@physx@@CAPBDXZ 1000eed0 f i TriangleMeshBuilder.obj
 0001:0000df20       ?isValid@PxSimpleTriangleMesh@physx@@QBE_NXZ 1000ef20 f i TriangleMeshBuilder.obj
 0001:0000dff0       ?isValid@PxTriangleMeshDesc@physx@@QBE_NXZ 1000eff0 f i TriangleMeshBuilder.obj
 0001:0000e060       ?name@type_info@@QBEPBDXZ  1000f060 f i TriangleMeshBuilder.obj
 0001:0000e090       ?to16@shdfnd@physx@@YAGI@Z 1000f090 f i TriangleMeshBuilder.obj
 0001:0000e0f0       ?writeIntBuffer@physx@@YAXPBII_NAAVPxOutputStream@1@@Z 1000f0f0 f i TriangleMeshBuilder.obj
 0001:0000e120       _fabsf                     1000f120 f i TriangleMeshBuilder.obj
 0001:0000e150       _powf                      1000f150 f i TriangleMeshBuilder.obj
 0001:0000e190       ??0BigConvexDataBuilder@physx@@QAE@PBUConvexHullData@Gu@1@PAVBigConvexData@1@PBVPxVec3@1@@Z 1000f190 f   BigConvexDataBuilder.obj
 0001:0000e1c0       ??1BigConvexDataBuilder@physx@@QAE@XZ 1000f1c0 f   BigConvexDataBuilder.obj
 0001:0000e1d0       ?Precompute@BigConvexDataBuilder@physx@@QAE_NI@Z 1000f1d0 f   BigConvexDataBuilder.obj
 0001:0000e590       ?Initialize@BigConvexDataBuilder@physx@@QAE_NXZ 1000f590 f   BigConvexDataBuilder.obj
 0001:0000e5e0       ?PrecomputeSample@BigConvexDataBuilder@physx@@QAE_NIABVPxVec3@2@@Z 1000f5e0 f   BigConvexDataBuilder.obj
 0001:0000e6e0       ?Save@BigConvexDataBuilder@physx@@QBE_NAAVPxOutputStream@2@_NIPBUHullTriangleData@2@@Z 1000f6e0 f   BigConvexDataBuilder.obj
 0001:0000e7d0       ?ComputeValencies@BigConvexDataBuilder@physx@@QBE_NIPBUHullTriangleData@2@@Z 1000f7d0 f   BigConvexDataBuilder.obj
 0001:0000e820       ?Compute@BigConvexDataBuilder@physx@@QBE_NABUVALENCIESCREATE@2@@Z 1000f820 f   BigConvexDataBuilder.obj
 0001:0000ec80       ?Save@BigConvexDataBuilder@physx@@QBE_NAAVPxOutputStream@2@_N@Z 1000fc80 f   BigConvexDataBuilder.obj
 0001:0000f140       ??$?_UE@@YAPAXIV?$ReflectionAllocator@E@shdfnd@physx@@PBDH@Z 10010140 f i BigConvexDataBuilder.obj
 0001:0000f160       ??$?_UG@@YAPAXIV?$ReflectionAllocator@G@shdfnd@physx@@PBDH@Z 10010160 f i BigConvexDataBuilder.obj
 0001:0000f180       ??$?_UUValency@Gu@physx@@@@YAPAXIV?$ReflectionAllocator@UValency@Gu@physx@@@shdfnd@physx@@PBDH@Z 10010180 f i BigConvexDataBuilder.obj
 0001:0000f1a0       ??0?$ReflectionAllocator@E@shdfnd@physx@@QAE@PBD@Z 100101a0 f i BigConvexDataBuilder.obj
 0001:0000f1c0       ??0?$ReflectionAllocator@G@shdfnd@physx@@QAE@PBD@Z 100101c0 f i BigConvexDataBuilder.obj
 0001:0000f1e0       ??0?$ReflectionAllocator@UValency@Gu@physx@@@shdfnd@physx@@QAE@PBD@Z 100101e0 f i BigConvexDataBuilder.obj
 0001:0000f200       ??0EDGELISTCREATE@Gu@physx@@QAE@XZ 10010200 f i BigConvexDataBuilder.obj
 0001:0000f270       ??0PxVec3@physx@@QAE@XZ    10010270 f i BigConvexDataBuilder.obj
 0001:0000f290       ??0VALENCIESCREATE@physx@@QAE@XZ 10010290 f i BigConvexDataBuilder.obj
 0001:0000f2c0       ??_0PxVec3@physx@@QAEAAV01@M@Z 100102c0 f i BigConvexDataBuilder.obj
 0001:0000f340       ?GetEdge@EdgeList@Gu@physx@@QBEABUEdgeData@23@I@Z 10010340 f i BigConvexDataBuilder.obj
 0001:0000f360       ?GetNbEdges@EdgeList@Gu@physx@@QBEIXZ 10010360 f i BigConvexDataBuilder.obj
 0001:0000f380       ?PxMemZero@physx@@YAPAXPIAXI@Z 10010380 f i BigConvexDataBuilder.obj
 0001:0000f3a0       ?PxSqrt@physx@@YAMM@Z      100103a0 f i BigConvexDataBuilder.obj
 0001:0000f3c0       ?allocate@?$ReflectionAllocator@E@shdfnd@physx@@QAEPAXIPBDH@Z 100103c0 f i BigConvexDataBuilder.obj
 0001:0000f420       ?allocate@?$ReflectionAllocator@G@shdfnd@physx@@QAEPAXIPBDH@Z 10010420 f i BigConvexDataBuilder.obj
 0001:0000f480       ?allocate@?$ReflectionAllocator@UValency@Gu@physx@@@shdfnd@physx@@QAEPAXIPBDH@Z 10010480 f i BigConvexDataBuilder.obj
 0001:0000f4e0       ?dot@PxVec3@physx@@QBEMABV12@@Z 100104e0 f i BigConvexDataBuilder.obj
 0001:0000f540       ?getName@?$ReflectionAllocator@E@shdfnd@physx@@CAPBDXZ 10010540 f i BigConvexDataBuilder.obj
 0001:0000f590       ?getName@?$ReflectionAllocator@G@shdfnd@physx@@CAPBDXZ 10010590 f i BigConvexDataBuilder.obj
 0001:0000f5e0       ?getName@?$ReflectionAllocator@UValency@Gu@physx@@@shdfnd@physx@@CAPBDXZ 100105e0 f i BigConvexDataBuilder.obj
 0001:0000f630       ?magnitude@PxVec3@physx@@QBEMXZ 10010630 f i BigConvexDataBuilder.obj
 0001:0000f660       ?magnitudeSquared@PxVec3@physx@@QBEMXZ 10010660 f i BigConvexDataBuilder.obj
 0001:0000f6c0       ?memZero@intrinsics@physx@@YAPAXPIAXI@Z 100106c0 f i BigConvexDataBuilder.obj
 0001:0000f6e0       ?normalize@PxVec3@physx@@QAEMXZ 100106e0 f i BigConvexDataBuilder.obj
 0001:0000f730       ?sqrt@intrinsics@physx@@YAMM@Z 10010730 f i BigConvexDataBuilder.obj
 0001:0000f750       _sqrtf                     10010750 f i BigConvexDataBuilder.obj
 0001:0000f7d0       ??0ConvexHullBuilder@physx@@QAE@PAUConvexHullData@Gu@1@@Z 100107d0 f   ConvexHullBuilder.obj
 0001:0000f850       ??1ConvexHullBuilder@physx@@QAE@XZ 10010850 f   ConvexHullBuilder.obj
 0001:0000f960       ?Init@ConvexHullBuilder@physx@@QAE_NIPBVPxVec3@2@IPBIIPBUPxHullPolygon@2@@Z 10010960 f   ConvexHullBuilder.obj
 0001:000101d0       ?Save@ConvexHullBuilder@physx@@QBE_NAAVPxOutputStream@2@_N@Z 100111d0 f   ConvexHullBuilder.obj
 0001:000103f0       ?CreateEdgeList@ConvexHullBuilder@physx@@QAE_NXZ 100113f0 f   ConvexHullBuilder.obj
 0001:00010ef0       ?CreatePolygonData@ConvexHullBuilder@physx@@QAE_NXZ 10011ef0 f   ConvexHullBuilder.obj
 0001:00011b30       ?CheckHullPolygons@ConvexHullBuilder@physx@@QBE_NXZ 10012b30 f   ConvexHullBuilder.obj
 0001:000121f0       ?CreateTrianglesFromPolygons@ConvexHullBuilder@physx@@QAE_NXZ 100131f0 f   ConvexHullBuilder.obj
 0001:00012660       ?ComputeGeomCenter@ConvexHullBuilder@physx@@QBE_NAAVPxVec3@2@@Z 10013660 f   ConvexHullBuilder.obj
 0001:000127b0       ?CalculateVertexMapTable@ConvexHullBuilder@physx@@QAE_NI_N@Z 100137b0 f   ConvexHullBuilder.obj
 0001:000129d0       ?ComputeHullPolygons@ConvexHullBuilder@physx@@QAE_NABIPBVPxVec3@2@0PBI@Z 100139d0 f   ConvexHullBuilder.obj
 0001:00015830       ??$?_UUEdgeDescData@Gu@physx@@@@YAPAXIV?$ReflectionAllocator@UEdgeDescData@Gu@physx@@@shdfnd@physx@@PBDH@Z 10016830 f i ConvexHullBuilder.obj
 0001:00015850       ??$?_UUHullTriangleData@physx@@@@YAPAXIV?$ReflectionAllocator@UHullTriangleData@physx@@@shdfnd@physx@@PBDH@Z 10016850 f i ConvexHullBuilder.obj
 0001:00015870       ??$PX_UNUSED@H@@YAXABH@Z   10016870 f i ConvexHullBuilder.obj
 0001:00015880       ??$PlaneEquation@U?$TriangleT@I@Gu@physx@@@@YA?AVPxPlane@physx@@ABU?$TriangleT@I@Gu@1@PBVPxVec3@1@@Z 10016880 f i ConvexHullBuilder.obj
 0001:00015900       ??$swap@E@shdfnd@physx@@YAXAAE0@Z 10016900 f i ConvexHullBuilder.obj
 0001:00015930       ??0?$ReflectionAllocator@UEdgeDescData@Gu@physx@@@shdfnd@physx@@QAE@PBD@Z 10016930 f i ConvexHullBuilder.obj
 0001:00015950       ??0?$ReflectionAllocator@UHullTriangleData@physx@@@shdfnd@physx@@QAE@PBD@Z 10016950 f i ConvexHullBuilder.obj
 0001:00015970       ??0?$TriangleT@I@Gu@physx@@QAE@III@Z 10016970 f i ConvexHullBuilder.obj
 0001:000159d0       ??0ADJACENCIESCREATE@physx@@QAE@XZ 100169d0 f i ConvexHullBuilder.obj
 0001:00015a30       ??0HullPolygonData@Gu@physx@@QAE@ABU012@@Z 10016a30 f i ConvexHullBuilder.obj
 0001:00015a90       ??0PxPlane@physx@@QAE@ABV01@@Z 10016a90 f i ConvexHullBuilder.obj
 0001:00015ad0       ??0PxPlane@physx@@QAE@ABVPxVec3@1@00@Z 10016ad0 f i ConvexHullBuilder.obj
 0001:00015b70       ??0PxPlane@physx@@QAE@MMMM@Z 10016b70 f i ConvexHullBuilder.obj
 0001:00015bd0       ??4PxPlane@physx@@QAEAAV01@$$QAV01@@Z 10016bd0 f i ConvexHullBuilder.obj
 0001:00015c10       ??DPxVec3@physx@@QBE?AV01@M@Z 10016c10 f i ConvexHullBuilder.obj
 0001:00015c80       ??GPxVec3@physx@@QBE?AV01@ABV01@@Z 10016c80 f i ConvexHullBuilder.obj
 0001:00015cf0       ??GPxVec3@physx@@QBE?AV01@XZ 10016cf0 f i ConvexHullBuilder.obj
 0001:00015d60       ??YPxVec3@physx@@QAEAAV01@ABV01@@Z 10016d60 f i ConvexHullBuilder.obj
 0001:000162c0       ?ComputeNbPolygons@ConvexHullBuilder@physx@@QBEIXZ 100172c0 f i ConvexHullBuilder.obj
 0001:00016300       ?Flip@physx@@YAXAAUHullTriangleData@1@@Z 10017300 f i ConvexHullBuilder.obj
 0001:00016450       ?GetAdjTri@AdjTriangle@physx@@QBEIW4SharedEdgeIndex@2@@Z 10017450 f i ConvexHullBuilder.obj
 0001:00016480       ?GetFaces@ConvexHullBuilder@physx@@QBEPBUHullTriangleData@2@XZ 10017480 f i ConvexHullBuilder.obj
 0001:000164a0       ?GetNbFaces@ConvexHullBuilder@physx@@QBEIXZ 100174a0 f i ConvexHullBuilder.obj
 0001:000167f0       ?HasActiveEdge01@AdjTriangle@physx@@QBEHXZ 100177f0 f i ConvexHullBuilder.obj
 0001:00016820       ?HasActiveEdge12@AdjTriangle@physx@@QBEHXZ 10017820 f i ConvexHullBuilder.obj
 0001:00016850       ?HasActiveEdge20@AdjTriangle@physx@@QBEHXZ 10017850 f i ConvexHullBuilder.obj
 0001:00016880       ?HasActiveEdge@AdjTriangle@physx@@QBEHI@Z 10017880 f i ConvexHullBuilder.obj
 0001:000168b0       ?PxRecipSqrt@physx@@YAMM@Z 100178b0 f i ConvexHullBuilder.obj
 0001:000168d0       ?allocate@?$ReflectionAllocator@UEdgeDescData@Gu@physx@@@shdfnd@physx@@QAEPAXIPBDH@Z 100178d0 f i ConvexHullBuilder.obj
 0001:00016930       ?allocate@?$ReflectionAllocator@UHullTriangleData@physx@@@shdfnd@physx@@QAEPAXIPBDH@Z 10017930 f i ConvexHullBuilder.obj
 0001:00016990       ?area@?$TriangleT@I@Gu@physx@@QBEMPBVPxVec3@3@@Z 10017990 f i ConvexHullBuilder.obj
 0001:00016a50       ?center@?$TriangleT@I@Gu@physx@@QBEXPBVPxVec3@3@AAV43@@Z 10017a50 f i ConvexHullBuilder.obj
 0001:00016b10       ?cross@PxVec3@physx@@QBE?AV12@ABV12@@Z 10017b10 f i ConvexHullBuilder.obj
 0001:00016bd0       ?distance@PxPlane@physx@@QBEMABVPxVec3@2@@Z 10017bd0 f i ConvexHullBuilder.obj
 0001:00016c10       ?flip@?$TriangleT@I@Gu@physx@@QAEXXZ 10017c10 f i ConvexHullBuilder.obj
 0001:00016c50       ?flip@physx@@YAXAAG@Z      10017c50 f i ConvexHullBuilder.obj
 0001:00016cc0       ?flip@physx@@YAXAAM@Z      10017cc0 f i ConvexHullBuilder.obj
 0001:00016d70       ?flipData@Gu@physx@@YAXAAUHullPolygonData@12@@Z 10017d70 f i ConvexHullBuilder.obj
 0001:00016dd0       ?getName@?$ReflectionAllocator@UEdgeDescData@Gu@physx@@@shdfnd@physx@@CAPBDXZ 10017dd0 f i ConvexHullBuilder.obj
 0001:00016e20       ?getName@?$ReflectionAllocator@UHullTriangleData@physx@@@shdfnd@physx@@CAPBDXZ 10017e20 f i ConvexHullBuilder.obj
 0001:00016e70       ?getNormalized@PxVec3@physx@@QBE?AV12@XZ 10017e70 f i ConvexHullBuilder.obj
 0001:00016f30       ?recipSqrt@intrinsics@physx@@YAMM@Z 10017f30 f i ConvexHullBuilder.obj
 0001:00016f80       ?to8@shdfnd@physx@@YAEI@Z  10017f80 f i ConvexHullBuilder.obj
 0001:00016fe0       ??0ConvexMeshBuilder@physx@@QAE@XZ 10017fe0 f   ConvexMeshBuilder.obj
 0001:00017020       ??1ConvexMeshBuilder@physx@@UAE@XZ 10018020 f   ConvexMeshBuilder.obj
 0001:00017060       ?loadFromDesc@ConvexMeshBuilder@physx@@QAE_NABVPxConvexMeshDesc@2@W4Enum@PxPlatform@2@@Z 10018060 f   ConvexMeshBuilder.obj
 0001:00017110       ?save@ConvexMeshBuilder@physx@@QBE_NAAVPxOutputStream@2@_N@Z 10018110 f   ConvexMeshBuilder.obj
 0001:00017400       ?loadConvexHull@ConvexMeshBuilder@physx@@QAE_NABVPxConvexMeshDesc@2@@Z 10018400 f   ConvexMeshBuilder.obj
 0001:00017720       ?computeHullPolygons@ConvexMeshBuilder@physx@@QAE_NABIPBVPxVec3@2@0PBIAAVPxAllocatorCallback@2@AAIAAPAV32@4AAPAI4AAPAUPxHullPolygon@2@@Z 10018720 f   ConvexMeshBuilder.obj
 0001:000179f0       ?computeGaussMaps@ConvexMeshBuilder@physx@@QAE_NXZ 100189f0 f   ConvexMeshBuilder.obj
 0001:00017ad0       ?computeMassInfo@ConvexMeshBuilder@physx@@QAEXXZ 10018ad0 f   ConvexMeshBuilder.obj
 0001:00017d30       ?computeInternalObjects@ConvexMeshBuilder@physx@@QAEXXZ 10018d30 f   ConvexMeshBuilder.obj
 0001:00018c60       ??0?$PxFlags@W4Enum@PxBaseFlag@physx@@G@physx@@QAE@ABV01@@Z 10019c60 f i ConvexMeshBuilder.obj
 0001:00018c90       ??0?$PxFlags@W4Enum@PxConvexFlag@physx@@G@physx@@QAE@ABV01@@Z 10019c90 f i ConvexMeshBuilder.obj
 0001:00018cc0       ??0?$ReflectionAllocator@VBigConvexData@physx@@@shdfnd@physx@@QAE@PBD@Z 10019cc0 f i ConvexMeshBuilder.obj
 0001:00018ce0       ??0PxBoundedData@physx@@QAE@XZ 10019ce0 f i ConvexMeshBuilder.obj
 0001:00018d10       ??0PxIntegrals@physx@@QAE@XZ 10019d10 f i ConvexMeshBuilder.obj
 0001:00018d30       ??0PxMat33@physx@@QAE@ABVPxVec3@1@00@Z 10019d30 f i ConvexMeshBuilder.obj
 0001:00018d80       ??0PxSimpleTriangleMesh@physx@@QAE@XZ 10019d80 f i ConvexMeshBuilder.obj
 0001:00018dc0       ??0PxStridedData@physx@@QAE@XZ 10019dc0 f i ConvexMeshBuilder.obj
 0001:00018df0       ??2UserAllocated@shdfnd@physx@@SAPAXIPAX@Z 10019df0 f i ConvexMeshBuilder.obj
 0001:00018e00       ??3UserAllocated@shdfnd@physx@@SAXPAX@Z 10019e00 f i ConvexMeshBuilder.obj
 0001:00018e30       ??4PxMat33@physx@@QAEAAV01@ABV01@@Z 10019e30 f i ConvexMeshBuilder.obj
 0001:00018e80       ??APxMat33@physx@@QAEAAVPxVec3@1@I@Z 10019e80 f i ConvexMeshBuilder.obj
 0001:00018ea0       ??B?$PxFlags@W4Enum@PxBaseFlag@physx@@G@physx@@QBE_NXZ 10019ea0 f i ConvexMeshBuilder.obj
 0001:00018ed0       ??B?$PxFlags@W4Enum@PxConvexFlag@physx@@G@physx@@QBE_NXZ 10019ed0 f i ConvexMeshBuilder.obj
 0001:00018f00       ??GPxMat33@physx@@QBE?AV01@XZ 10019f00 f i ConvexMeshBuilder.obj
 0001:00018f60       ??I?$PxFlags@W4Enum@PxBaseFlag@physx@@G@physx@@QBE?AV01@W4Enum@PxBaseFlag@1@@Z 10019f60 f i ConvexMeshBuilder.obj
 0001:00018fb0       ??I?$PxFlags@W4Enum@PxConvexFlag@physx@@G@physx@@QBE?AV01@W4Enum@PxConvexFlag@1@@Z 10019fb0 f i ConvexMeshBuilder.obj
 0001:00019000       ??RPxMat33@physx@@QAEAAMII@Z 1001a000 f i ConvexMeshBuilder.obj
 0001:00019030       ??XPxVec3@physx@@QAEAAV01@M@Z 1001a030 f i ConvexMeshBuilder.obj
 0001:00019090       ??_EConvexMeshBuilder@physx@@W7AEPAXI@Z 1001a090 f i ConvexMeshBuilder.obj
 0001:000190a0       ??_GBigConvexData@physx@@QAEPAXI@Z 1001a0a0 f i ConvexMeshBuilder.obj
 0001:00019100       ??_GConvexMeshBuilder@physx@@UAEPAXI@Z 1001a100 f i ConvexMeshBuilder.obj
 0001:00019100       ??_EConvexMeshBuilder@physx@@UAEPAXI@Z 1001a100 f i ConvexMeshBuilder.obj
 0001:00019160       ?PxGetGaussMapVertexLimitForPlatform@physx@@YAIW4Enum@PxPlatform@1@@Z 1001a160 f i ConvexMeshBuilder.obj
 0001:00019210       ?allocate@?$ReflectionAllocator@VBigConvexData@physx@@@shdfnd@physx@@QAEPAXIPBDH@Z 1001a210 f i ConvexMeshBuilder.obj
 0001:00019270       ?getName@?$ReflectionAllocator@VBigConvexData@physx@@@shdfnd@physx@@CAPBDXZ 1001a270 f i ConvexMeshBuilder.obj
 0001:000192c0       ?getOriginInertia@PxIntegrals@physx@@QAEXAAVPxMat33@2@@Z 1001a2c0 f i ConvexMeshBuilder.obj
 0001:00019360       ?isReleasable@PxBase@physx@@UBE_NXZ 1001a360 f i ConvexMeshBuilder.obj
 0001:00019390       ?isValid@PxConvexMeshDesc@physx@@QBE_NXZ 1001a390 f i ConvexMeshBuilder.obj
 0001:00019590       ?largestAxis@shdfnd@physx@@YAIABVPxVec3@2@@Z 1001a590 f i ConvexMeshBuilder.obj
 0001:00019610       ?markSerializedMem@Cm@physx@@YAXPAXI@Z 1001a610 f i ConvexMeshBuilder.obj
 0001:00019650       ?requires@ConvexMesh@Gu@physx@@UAEXAAVPxProcessPxBaseCallback@3@@Z 1001a650 f i ConvexMeshBuilder.obj
 0001:00019660       ??0HullLibrary@physx@@QAE@XZ 1001a660 f   hulllib.obj
 0001:000196d0       ??1HullLibrary@physx@@QAE@XZ 1001a6d0 f   hulllib.obj
 0001:00019710       ?CreateConvexHull@HullLibrary@physx@@QAE?AW4HullError@2@ABVHullDesc@2@AAVHullResult@2@@Z 1001a710 f   hulllib.obj
 0001:00019d50       ?ReleaseResult@HullLibrary@physx@@QAE?AW4HullError@2@AAVHullResult@2@@Z 1001ad50 f   hulllib.obj
 0001:00019dd0       ?CreateTriangleMesh@HullLibrary@physx@@QAE?AW4HullError@2@AAVHullResult@2@PAVConvexHullTriangleInterface@2@@Z 1001add0 f   hulllib.obj
 0001:00019f30       ?b2bfix@HullLibrary@physx@@AAEXPAVTri@2@0@Z 1001af30 f   hulllib.obj
 0001:0001a100       ?removeb2b@HullLibrary@physx@@AAEXPAVTri@2@0@Z 1001b100 f   hulllib.obj
 0001:0001a150       ?checkit@HullLibrary@physx@@ABEXPAVTri@2@@Z 1001b150 f   hulllib.obj
 0001:0001a2d0       ?extrude@HullLibrary@physx@@AAEXPAVTri@2@H@Z 1001b2d0 f   hulllib.obj
 0001:0001a6f0       ?extrudable@HullLibrary@physx@@ABEPAVTri@2@M@Z 1001b6f0 f   hulllib.obj
 0001:0001a7a0       ?calchullgen@HullLibrary@physx@@AAE?AW4HullError@2@PAVfloat3@2@HHM@Z 1001b7a0 f   hulllib.obj
 0001:0001b580       ?calchull@HullLibrary@physx@@AAE?AW4HullError@2@PAVfloat3@2@HAAPAHAAHAAPAV42@2HM@Z 1001c580 f   hulllib.obj
 0001:0001b810       ?expandhull@HullLibrary@physx@@AAE?AW4HullError@2@PAVfloat3@2@HAAPAV42@AAHM@Z 1001c810 f   hulllib.obj
 0001:0001c270       ?calchullpbev@HullLibrary@physx@@AAE?AW4HullError@2@PAVfloat3@2@HHAAV?$Array@VPlane@physx@@@hullLibArray@2@M@Z 1001d270 f   hulllib.obj
 0001:0001cb90       ?ComputeHull@HullLibrary@physx@@AAE?AW4HullError@2@IPBMAAVPHullResult@2@IMM@Z 1001db90 f   hulllib.obj
 0001:0001ce70       ?overhullv@HullLibrary@physx@@AAE?AW4HullError@2@PAVfloat3@2@HHAAPAV42@AAHAAPAH2MMHM@Z 1001de70 f   hulllib.obj
 0001:0001dba0       ??0ConvexH@physx@@QAE@HHH@Z 1001eba0 f   hulllib.obj
 0001:00020630       ?neib@Tri@physx@@QAEAAHHH@Z 10021630 f   hulllib.obj
 0001:00025620       ??$?2V?$ReflectionAllocator@VConvexH@physx@@@shdfnd@physx@@@UserAllocated@shdfnd@physx@@SAPAXIV?$ReflectionAllocator@VConvexH@physx@@@12@PBDH@Z 10026620 f i hulllib.obj
 0001:00025640       ??$?2V?$ReflectionAllocator@VTri@physx@@@shdfnd@physx@@@UserAllocated@shdfnd@physx@@SAPAXIV?$ReflectionAllocator@VTri@physx@@@12@PBDH@Z 10026640 f i hulllib.obj
 0001:00025660       ??$?_UM@@YAPAXIV?$ReflectionAllocator@M@shdfnd@physx@@PBDH@Z 10026660 f i hulllib.obj
 0001:00025680       ??$Max@M@physx@@YAMABM0@Z  10026680 f i hulllib.obj
 0001:000256d0       ??$Min@H@physx@@YAHABH0@Z  100266d0 f i hulllib.obj
 0001:00025710       ??$Min@M@physx@@YAMABM0@Z  10026710 f i hulllib.obj
 0001:00025760       ??$Swap@H@physx@@YAXAAH0@Z 10026760 f i hulllib.obj
 0001:00025790       ??$__vcrt_va_start_verify_argument_type@QBD@@YAXXZ 10026790 f i hulllib.obj
 0001:000257a0       ??$maxdir@Vfloat3@physx@@@physx@@YAHPBVfloat3@0@HABV10@@Z 100267a0 f i hulllib.obj
 0001:00025890       ??$maxdirfiltered@Vfloat3@physx@@@physx@@YAHPBVfloat3@0@HABV10@PA_N@Z 10026890 f i hulllib.obj
 0001:000259e0       ??$maxdirsterid@Vfloat3@physx@@@physx@@YAHPBVfloat3@0@HABV10@AAV?$Array@H@hullLibArray@0@@Z 100269e0 f i hulllib.obj
 0001:00025f20       ??0?$Array@H@hullLibArray@physx@@QAE@H@Z 10026f20 f i hulllib.obj
 0001:00025f70       ??0?$Array@PAVTri@physx@@@hullLibArray@physx@@QAE@H@Z 10026f70 f i hulllib.obj
 0001:00025fc0       ??0?$Array@UExpandPlane@physx@@@hullLibArray@physx@@QAE@H@Z 10026fc0 f i hulllib.obj
 0001:00026010       ??0?$Array@VHalfEdge@ConvexH@physx@@@hullLibArray@physx@@QAE@H@Z 10027010 f i hulllib.obj
 0001:00026060       ??0?$Array@VPlane@physx@@@hullLibArray@physx@@QAE@H@Z 10027060 f i hulllib.obj
 0001:000260b0       ??0?$Array@Vfloat3@physx@@@hullLibArray@physx@@QAE@H@Z 100270b0 f i hulllib.obj
 0001:00026100       ??0?$Array@Vint3@physx@@@hullLibArray@physx@@QAE@H@Z 10027100 f i hulllib.obj
 0001:00026150       ??0?$ReflectionAllocator@M@shdfnd@physx@@QAE@PBD@Z 10027150 f i hulllib.obj
 0001:00026170       ??0?$ReflectionAllocator@VConvexH@physx@@@shdfnd@physx@@QAE@PBD@Z 10027170 f i hulllib.obj
 0001:00026190       ??0?$ReflectionAllocator@VTri@physx@@@shdfnd@physx@@QAE@PBD@Z 10027190 f i hulllib.obj
 0001:000261b0       ??0?$ScopedPointer@_NVTempAllocator@shdfnd@physx@@@shdfnd@physx@@QAE@XZ 100271b0 f i hulllib.obj
 0001:000261d0       ??0ExpandPlane@physx@@QAE@XZ 100271d0 f i hulllib.obj
 0001:00026260       ??0HalfEdge@ConvexH@physx@@QAE@FEE@Z 10027260 f i hulllib.obj
 0001:000262a0       ??0HalfEdge@ConvexH@physx@@QAE@XZ 100272a0 f i hulllib.obj
 0001:000262c0       ??0PHullResult@physx@@QAE@XZ 100272c0 f i hulllib.obj
 0001:00026310       ??0Plane@physx@@QAE@ABVfloat3@1@M@Z 10027310 f i hulllib.obj
 0001:00026350       ??0Plane@physx@@QAE@XZ     10027350 f i hulllib.obj
 0001:00026380       ??0Tri@physx@@QAE@HHHPAV?$Array@PAVTri@physx@@@hullLibArray@1@@Z 10027380 f i hulllib.obj
 0001:00026400       ??0float3@physx@@QAE@MMM@Z 10027400 f i hulllib.obj
 0001:00026450       ??0float3@physx@@QAE@XZ    10027450 f i hulllib.obj
 0001:000264a0       ??0float3x3@physx@@QAE@Vfloat3@1@00@Z 100274a0 f i hulllib.obj
 0001:00026510       ??0float3x3@physx@@QAE@XZ  10027510 f i hulllib.obj
 0001:00026550       ??0int3@physx@@QAE@HHH@Z   10027550 f i hulllib.obj
 0001:00026590       ??0int4@physx@@QAE@HHHH@Z  10027590 f i hulllib.obj
 0001:000265d0       ??1?$Array@H@hullLibArray@physx@@QAE@XZ 100275d0 f i hulllib.obj
 0001:00026640       ??1?$Array@PAVTri@physx@@@hullLibArray@physx@@QAE@XZ 10027640 f i hulllib.obj
 0001:000266b0       ??1?$Array@UExpandPlane@physx@@@hullLibArray@physx@@QAE@XZ 100276b0 f i hulllib.obj
 0001:00026720       ??1?$Array@VHalfEdge@ConvexH@physx@@@hullLibArray@physx@@QAE@XZ 10027720 f i hulllib.obj
 0001:00026790       ??1?$Array@VPlane@physx@@@hullLibArray@physx@@QAE@XZ 10027790 f i hulllib.obj
 0001:00026800       ??1?$Array@Vfloat3@physx@@@hullLibArray@physx@@QAE@XZ 10027800 f i hulllib.obj
 0001:00026870       ??1?$Array@Vint3@physx@@@hullLibArray@physx@@QAE@XZ 10027870 f i hulllib.obj
 0001:000268e0       ??1?$ScopedPointer@_NVTempAllocator@shdfnd@physx@@@shdfnd@physx@@QAE@XZ 100278e0 f i hulllib.obj
 0001:00026910       ??1ConvexH@physx@@QAE@XZ   10027910 f i hulllib.obj
 0001:00026950       ??1Tri@physx@@IAE@XZ       10027950 f i hulllib.obj
 0001:00026960       ??8physx@@YAHABVPlane@0@0@Z 10027960 f i hulllib.obj
 0001:000269c0       ??8physx@@YAHABVfloat3@0@0@Z 100279c0 f i hulllib.obj
 0001:00026a30       ??9physx@@YAHABVfloat3@0@0@Z 10027a30 f i hulllib.obj
 0001:00026aa0       ??A?$Array@H@hullLibArray@physx@@QAEAAHH@Z 10027aa0 f i hulllib.obj
 0001:00026b20       ??A?$Array@PAVTri@physx@@@hullLibArray@physx@@QAEAAPAVTri@2@H@Z 10027b20 f i hulllib.obj
 0001:00026ba0       ??A?$Array@UExpandPlane@physx@@@hullLibArray@physx@@QAEAAUExpandPlane@2@H@Z 10027ba0 f i hulllib.obj
 0001:00026c20       ??A?$Array@VHalfEdge@ConvexH@physx@@@hullLibArray@physx@@QAEAAVHalfEdge@ConvexH@2@H@Z 10027c20 f i hulllib.obj
 0001:00026ca0       ??A?$Array@VPlane@physx@@@hullLibArray@physx@@QAEAAVPlane@2@H@Z 10027ca0 f i hulllib.obj
 0001:00026d20       ??A?$Array@Vfloat3@physx@@@hullLibArray@physx@@QAEAAVfloat3@2@H@Z 10027d20 f i hulllib.obj
 0001:00026da0       ??Afloat3@physx@@QAEAAMH@Z 10027da0 f i hulllib.obj
 0001:00026e10       ??Afloat3@physx@@QBEABMH@Z 10027e10 f i hulllib.obj
 0001:00026e80       ??Afloat3x3@physx@@QAEAAVfloat3@1@H@Z 10027e80 f i hulllib.obj
 0001:00026ef0       ??Afloat3x3@physx@@QBEABVfloat3@1@H@Z 10027ef0 f i hulllib.obj
 0001:00026f60       ??Aint3@physx@@QAEAAHH@Z   10027f60 f i hulllib.obj
 0001:00026f80       ??Aint3@physx@@QBEABHH@Z   10027f80 f i hulllib.obj
 0001:00026fa0       ??Aint4@physx@@QAEAAHH@Z   10027fa0 f i hulllib.obj
 0001:00026fc0       ??B?$ScopedPointer@_NVTempAllocator@shdfnd@physx@@@shdfnd@physx@@QBEPA_NXZ 10027fc0 f i hulllib.obj
 0001:00026fe0       ??_G?$Array@PAVTri@physx@@@hullLibArray@physx@@QAEPAXI@Z 10027fe0 f i hulllib.obj
 0001:00027020       ??_GConvexH@physx@@QAEPAXI@Z 10028020 f i hulllib.obj
 0001:00027080       ??_GTri@physx@@IAEPAXI@Z   10028080 f i hulllib.obj
 0001:000270e0       ?Add@?$Array@H@hullLibArray@physx@@QAEAAHH@Z 100280e0 f i hulllib.obj
 0001:000271d0       ?Add@?$Array@PAVTri@physx@@@hullLibArray@physx@@QAEAAPAVTri@3@PAV43@@Z 100281d0 f i hulllib.obj
 0001:000272c0       ?Add@?$Array@UExpandPlane@physx@@@hullLibArray@physx@@QAEAAUExpandPlane@3@U43@@Z 100282c0 f i hulllib.obj
 0001:000273c0       ?Add@?$Array@VPlane@physx@@@hullLibArray@physx@@QAEAAVPlane@3@V43@@Z 100283c0 f i hulllib.obj
 0001:000274d0       ?Add@?$Array@Vfloat3@physx@@@hullLibArray@physx@@QAEAAVfloat3@3@V43@@Z 100284d0 f i hulllib.obj
 0001:000275d0       ?Add@?$Array@Vint3@physx@@@hullLibArray@physx@@QAEAAVint3@3@V43@@Z 100285d0 f i hulllib.obj
 0001:000276d0       ?HasHullFlag@HullDesc@physx@@QBE_NW4HullFlag@2@@Z 100286d0 f i hulllib.obj
 0001:00027840       ?PxMemSet@physx@@YAPAXPIAXHI@Z 10028840 f i hulllib.obj
 0001:00027860       ?SetSize@?$Array@PAVTri@physx@@@hullLibArray@physx@@QAEXH@Z 10028860 f i hulllib.obj
 0001:000278f0       ?SetSize@?$Array@Vint3@physx@@@hullLibArray@physx@@QAEXH@Z 100288f0 f i hulllib.obj
 0001:00027980       ?allocate@?$Array@H@hullLibArray@physx@@QAEXH@Z 10028980 f i hulllib.obj
 0001:00027b60       ?allocate@?$Array@PAVTri@physx@@@hullLibArray@physx@@QAEXH@Z 10028b60 f i hulllib.obj
 0001:00027d40       ?allocate@?$Array@UExpandPlane@physx@@@hullLibArray@physx@@QAEXH@Z 10028d40 f i hulllib.obj
 0001:00027f20       ?allocate@?$Array@VHalfEdge@ConvexH@physx@@@hullLibArray@physx@@QAEXH@Z 10028f20 f i hulllib.obj
 0001:00028100       ?allocate@?$Array@VPlane@physx@@@hullLibArray@physx@@QAEXH@Z 10029100 f i hulllib.obj
 0001:00028300       ?allocate@?$Array@Vfloat3@physx@@@hullLibArray@physx@@QAEXH@Z 10029300 f i hulllib.obj
 0001:000284f0       ?allocate@?$Array@Vint3@physx@@@hullLibArray@physx@@QAEXH@Z 100294f0 f i hulllib.obj
 0001:000286e0       ?allocate@?$ReflectionAllocator@M@shdfnd@physx@@QAEPAXIPBDH@Z 100296e0 f i hulllib.obj
 0001:00028740       ?allocate@?$ReflectionAllocator@VConvexH@physx@@@shdfnd@physx@@QAEPAXIPBDH@Z 10029740 f i hulllib.obj
 0001:000287a0       ?allocate@?$ReflectionAllocator@VTri@physx@@@shdfnd@physx@@QAEPAXIPBDH@Z 100297a0 f i hulllib.obj
 0001:00028800       ?distance@Plane@physx@@QBEMABVfloat3@2@@Z 10029800 f i hulllib.obj
 0001:00028870       ?getName@?$ReflectionAllocator@M@shdfnd@physx@@CAPBDXZ 10029870 f i hulllib.obj
 0001:000288c0       ?getName@?$ReflectionAllocator@VConvexH@physx@@@shdfnd@physx@@CAPBDXZ 100298c0 f i hulllib.obj
 0001:00028910       ?getName@?$ReflectionAllocator@VTri@physx@@@shdfnd@physx@@CAPBDXZ 10029910 f i hulllib.obj
 0001:00028960       ?memSet@intrinsics@physx@@YAPAXPIAXHI@Z 10029960 f i hulllib.obj
 0001:00028980       ?to8@shdfnd@physx@@YAEG@Z  10029980 f i hulllib.obj
 0001:000289e0       ___local_stdio_printf_options 100299e0 f i hulllib.obj
 0001:000289f0       __vfprintf_l               100299f0 f i hulllib.obj
 0001:00028a30       _cosf                      10029a30 f i hulllib.obj
 0001:00028a60       _printf                    10029a60 f i hulllib.obj
 0001:00028ab0       _sinf                      10029ab0 f i hulllib.obj
 0001:00028b30       ?computeVolumeIntegrals@physx@@YA_NABVPxSimpleTriangleMesh@1@MAAUPxIntegrals@1@@Z 10029b30 f   VolumeIntegration.obj
 0001:00028b90       ?computeVolumeIntegralsEberly@physx@@YA_NABVPxSimpleTriangleMesh@1@MAAUPxIntegrals@1@ABVPxVec3@1@@Z 10029b90 f   VolumeIntegration.obj
 0001:0002c560       ??4?$PxFlags@W4Enum@PxMeshFlag@physx@@G@physx@@QAEAAV01@ABV01@@Z 1002d560 f i VolumeIntegration.obj
 0001:0002c590       ??4PxSimpleTriangleMesh@physx@@QAEAAV01@ABV01@@Z 1002d590 f i VolumeIntegration.obj
 0001:0002c600       ?isZero@PxVec3@physx@@QBE_NXZ 1002d600 f i VolumeIntegration.obj
 0001:0002c680       ?ComputeNbBoundaryEdges@AdjTriangle@physx@@QBEIXZ 1002d680 f   Adjacencies.obj
 0001:0002c710       ?ComputeNbNeighbors@AdjTriangle@physx@@QBEIXZ 1002d710 f   Adjacencies.obj
 0001:0002c7a0       ?HasNeighbor@AdjTriangle@physx@@QBE_NIPAI@Z 1002d7a0 f   Adjacencies.obj
 0001:0002c890       ?Flip@AdjTriangle@physx@@QAEXXZ 1002d890 f   Adjacencies.obj
 0001:0002c8c0       ??0Adjacencies@physx@@QAE@XZ 1002d8c0 f   Adjacencies.obj
 0001:0002c8f0       ??1Adjacencies@physx@@QAE@XZ 1002d8f0 f   Adjacencies.obj
 0001:0002c940       ?Load@Adjacencies@physx@@QAE_NAAVPxInputStream@2@@Z 1002d940 f   Adjacencies.obj
 0001:0002ca40       ?Walk@Adjacencies@physx@@QAE_NP6AXABUCommonWalkParams@2@IIII@ZPAX@Z 1002da40 f   Adjacencies.obj
 0001:0002cb50       ?Walk2@Adjacencies@physx@@QAE_NP6AXABUCommonWalkParams@2@IIII@ZPAXPBVPxVec3@2@PBU?$TriangleT@I@Gu@2@@Z 1002db50 f   Adjacencies.obj
 0001:0002cc90       ?ComputeNbBoundaryEdges@Adjacencies@physx@@QBEIXZ 1002dc90 f   Adjacencies.obj
 0001:0002ccf0       ?GetBoundaryVertices@Adjacencies@physx@@QBE_NIPA_NPBU?$TriangleT@I@Gu@2@@Z 1002dcf0 f   Adjacencies.obj
 0001:0002cf00       ?MakeLastRef@Adjacencies@physx@@QAE_NAAVAdjTriangle@2@IPAU?$TriangleT@I@Gu@2@@Z 1002df00 f   Adjacencies.obj
 0001:0002d180       ?AssignNewEdgeCode@Adjacencies@physx@@AAEXIE@Z 1002e180 f   Adjacencies.obj
 0001:0002d200       ??0AdjacenciesBuilder@physx@@QAE@XZ 1002e200 f   Adjacencies.obj
 0001:0002d220       ??1AdjacenciesBuilder@physx@@QAE@XZ 1002e220 f   Adjacencies.obj
 0001:0002d240       ?Init@AdjacenciesBuilder@physx@@QAE_NABUADJACENCIESCREATE@2@@Z 1002e240 f   Adjacencies.obj
 0001:0002e530       ??$?_UV?$ReflectionAllocator@VAdjEdge@@@shdfnd@physx@@@UserAllocated@shdfnd@physx@@SAPAXIV?$ReflectionAllocator@VAdjEdge@@@12@PBDH@Z 1002f530 f i Adjacencies.obj
 0001:0002e550       ??$?_UV?$ReflectionAllocator@VAdjTriangle@physx@@@shdfnd@physx@@@UserAllocated@shdfnd@physx@@SAPAXIV?$ReflectionAllocator@VAdjTriangle@physx@@@12@PBDH@Z 1002f550 f i Adjacencies.obj
 0001:0002e570       ??$swap@M@shdfnd@physx@@YAXAAM0@Z 1002f570 f i Adjacencies.obj
 0001:0002e5b0       ??0?$ReflectionAllocator@VAdjEdge@@@shdfnd@physx@@QAE@PBD@Z 1002f5b0 f i Adjacencies.obj
 0001:0002e5d0       ??0?$ReflectionAllocator@VAdjTriangle@physx@@@shdfnd@physx@@QAE@PBD@Z 1002f5d0 f i Adjacencies.obj
 0001:0002e5f0       ??0?$TriangleT@I@Gu@physx@@QAE@XZ 1002f5f0 f i Adjacencies.obj
 0001:0002e610       ??0AdjEdge@@QAE@XZ         1002f610 f i Adjacencies.obj
 0001:0002e630       ??0AdjTriangle@physx@@QAE@XZ 1002f630 f i Adjacencies.obj
 0001:0002e670       ??1AdjEdge@@QAE@XZ         1002f670 f i Adjacencies.obj
 0001:0002e680       ??1AdjTriangle@physx@@QAE@XZ 1002f680 f i Adjacencies.obj
 0001:0002e690       ??_EAdjEdge@@QAEPAXI@Z     1002f690 f i Adjacencies.obj
 0001:0002e770       ??_EAdjTriangle@physx@@QAEPAXI@Z 1002f770 f i Adjacencies.obj
 0001:0002e850       ??_I@YGXPAXIIP6EX0@Z@Z     1002f850 f i Adjacencies.obj
 0001:0002e8c0       ??_VUserAllocated@shdfnd@physx@@SAXPAX@Z 1002f8c0 f i Adjacencies.obj
 0001:0002e8f0       ?GetEdgeTriangle@EdgeList@Gu@physx@@QBEABUEdgeTriangleData@23@I@Z 1002f8f0 f i Adjacencies.obj
 0001:0002e910       ?HasActiveEdge01@EdgeTriangleAC@Gu@physx@@SAHABUEdgeTriangleData@23@@Z 1002f910 f i Adjacencies.obj
 0001:0002e930       ?HasActiveEdge12@EdgeTriangleAC@Gu@physx@@SAHABUEdgeTriangleData@23@@Z 1002f930 f i Adjacencies.obj
 0001:0002e950       ?HasActiveEdge20@EdgeTriangleAC@Gu@physx@@SAHABUEdgeTriangleData@23@@Z 1002f950 f i Adjacencies.obj
 0001:0002ef90       ?allocate@?$ReflectionAllocator@VAdjEdge@@@shdfnd@physx@@QAEPAXIPBDH@Z 1002ff90 f i Adjacencies.obj
 0001:0002eff0       ?allocate@?$ReflectionAllocator@VAdjTriangle@physx@@@shdfnd@physx@@QAEPAXIPBDH@Z 1002fff0 f i Adjacencies.obj
 0001:0002f050       ?findEdge@?$TriangleT@I@Gu@physx@@QBEEII@Z 10030050 f i Adjacencies.obj
 0001:0002f1c0       ?getName@?$ReflectionAllocator@VAdjEdge@@@shdfnd@physx@@CAPBDXZ 100301c0 f i Adjacencies.obj
 0001:0002f210       ?getName@?$ReflectionAllocator@VAdjTriangle@physx@@@shdfnd@physx@@CAPBDXZ 10030210 f i Adjacencies.obj
 0001:0002f260       _PxCreateCooking           10030260 f   Cooking.obj
 0001:0002f310       ?release@Cooking@physx@@UAEXXZ 10030310 f   Cooking.obj
 0001:0002f350       ?setParams@Cooking@physx@@UAEXABUPxCookingParams@2@@Z 10030350 f   Cooking.obj
 0001:0002f370       ?getParams@Cooking@physx@@UAEABUPxCookingParams@2@XZ 10030370 f   Cooking.obj
 0001:0002f390       ?platformMismatch@Cooking@physx@@UAE_NXZ 10030390 f   Cooking.obj
 0001:0002f4c0       ?cookTriangleMesh@Cooking@physx@@UAE_NABVPxTriangleMeshDesc@2@AAVPxOutputStream@2@@Z 100304c0 f   Cooking.obj
 0001:0002f620       ?createTriangleMesh@Cooking@physx@@UAEPAVPxTriangleMesh@2@ABVPxTriangleMeshDesc@2@AAVPxPhysicsInsertionCallback@2@@Z 10030620 f   Cooking.obj
 0001:0002f7c0       ?validateTriangleMesh@Cooking@physx@@UAE_NABVPxTriangleMeshDesc@2@@Z 100307c0 f   Cooking.obj
 0001:0002f860       ?cookConvexMesh@Cooking@physx@@UAE_NABVPxConvexMeshDesc@2@AAVPxOutputStream@2@PAW4Enum@PxConvexMeshCookingResult@2@@Z 10030860 f   Cooking.obj
 0001:0002fd10       ?computeHullPolygons@Cooking@physx@@UAE_NABVPxSimpleTriangleMesh@2@AAVPxAllocatorCallback@2@AAIAAPAVPxVec3@2@2AAPAI2AAPAUPxHullPolygon@2@@Z 10030d10 f   Cooking.obj
 0001:0002fed0       ?cookHeightField@Cooking@physx@@UAE_NABVPxHeightFieldDesc@2@AAVPxOutputStream@2@@Z 10030ed0 f   Cooking.obj
 0001:000300c0       ?createHeightField@Cooking@physx@@UAEPAVPxHeightField@2@ABVPxHeightFieldDesc@2@AAVPxPhysicsInsertionCallback@2@@Z 100310c0 f   Cooking.obj
 0001:00030290       ?loadTriangleMeshDesc@Cooking@physx@@AAE_NABVPxTriangleMeshDesc@2@AAVTriangleMeshBuilder@2@@Z 10031290 f   Cooking.obj
 0001:000307a0       ??$?2V?$ReflectionAllocator@VCooking@physx@@@shdfnd@physx@@@UserAllocated@shdfnd@physx@@SAPAXIV?$ReflectionAllocator@VCooking@physx@@@12@PBDH@Z 100317a0 f i Cooking.obj
 0001:000307c0       ??$PX_UNUSED@VPxFoundation@physx@@@@YAXABVPxFoundation@physx@@@Z 100317c0 f i Cooking.obj
 0001:000307d0       ??0?$PxFlags@W4Enum@PxConvexFlag@physx@@G@physx@@QAE@W4Enum@PxConvexFlag@1@@Z 100317d0 f i Cooking.obj
 0001:000307f0       ??0?$PxFlags@W4Enum@PxConvexFlag@physx@@G@physx@@QAE@XZ 100317f0 f i Cooking.obj
 0001:00030810       ??0?$PxFlags@W4Enum@PxHeightFieldFlag@physx@@G@physx@@QAE@ABV01@@Z 10031810 f i Cooking.obj
 0001:00030840       ??0?$ReflectionAllocator@VCooking@physx@@@shdfnd@physx@@QAE@PBD@Z 10031840 f i Cooking.obj
 0001:00030860       ??0?$ReflectionAllocator@VHeightField@Gu@physx@@@shdfnd@physx@@QAE@PBD@Z 10031860 f i Cooking.obj
 0001:00030880       ??0?$ReflectionAllocator@VTriangleMeshBuilder@physx@@@shdfnd@physx@@QAE@PBD@Z 10031880 f i Cooking.obj
 0001:000308a0       ??0Cooking@physx@@QAE@ABUPxCookingParams@1@@Z 100318a0 f i Cooking.obj
 0001:000308e0       ??0HullDesc@physx@@QAE@XZ  100318e0 f i Cooking.obj
 0001:00030960       ??0HullResult@physx@@QAE@XZ 10031960 f i Cooking.obj
 0001:000309c0       ??0PxConvexMeshDesc@physx@@QAE@ABV01@@Z 100319c0 f i Cooking.obj
 0001:00030a80       ??0PxCooking@physx@@QAE@XZ 10031a80 f i Cooking.obj
 0001:00030aa0       ??0PxCookingParams@physx@@QAE@ABU01@@Z 10031aa0 f i Cooking.obj
 0001:00030b70       ??0TriangleMeshBuilder@physx@@QAE@XZ 10031b70 f i Cooking.obj
 0001:00030bb0       ??1Cooking@physx@@UAE@XZ   10031bb0 f i Cooking.obj
 0001:00030bd0       ??1PxCooking@physx@@MAE@XZ 10031bd0 f i Cooking.obj
 0001:00030bf0       ??1TriangleMeshBuilder@physx@@UAE@XZ 10031bf0 f i Cooking.obj
 0001:00030c10       ??4?$PxFlags@W4Enum@PxMeshPreprocessingFlag@physx@@I@physx@@QAEAAV01@ABV01@@Z 10031c10 f i Cooking.obj
 0001:00030c30       ??4PxCookingParams@physx@@QAEAAU01@ABU01@@Z 10031c30 f i Cooking.obj
 0001:00030d00       ??9?$PxFlags@W4Enum@PxHeightFieldFlag@physx@@G@physx@@QBE_NABV01@@Z 10031d00 f i Cooking.obj
 0001:00030d40       ??I?$PxFlags@W4Enum@PxHeightFieldFlag@physx@@G@physx@@QBE?AV01@W4Enum@PxHeightFieldFlag@1@@Z 10031d40 f i Cooking.obj
 0001:00030d90       ??S?$PxFlags@W4Enum@PxConvexFlag@physx@@G@physx@@QBE?AV01@XZ 10031d90 f i Cooking.obj
 0001:00030dd0       ??Sphysx@@YA?AV?$PxFlags@W4Enum@PxConvexFlag@physx@@G@0@W4Enum@PxConvexFlag@0@@Z 10031dd0 f i Cooking.obj
 0001:00030e00       ??_4?$PxFlags@W4Enum@PxConvexFlag@physx@@G@physx@@QAEAAV01@ABV01@@Z 10031e00 f i Cooking.obj
 0001:00030e2d       ??_ETriangleMeshBuilder@physx@@W7AEPAXI@Z 10031e2d f i Cooking.obj
 0001:00030e40       ??_ECooking@physx@@UAEPAXI@Z 10031e40 f i Cooking.obj
 0001:00030e40       ??_GCooking@physx@@UAEPAXI@Z 10031e40 f i Cooking.obj
 0001:00030ea0       ??_EPxCooking@physx@@MAEPAXI@Z 10031ea0 f i Cooking.obj
 0001:00030ea0       ??_GPxCooking@physx@@MAEPAXI@Z 10031ea0 f i Cooking.obj
 0001:00030ee0       ??_GTriangleMeshBuilder@physx@@UAEPAXI@Z 10031ee0 f i Cooking.obj
 0001:00030ee0       ??_ETriangleMeshBuilder@physx@@UAEPAXI@Z 10031ee0 f i Cooking.obj
 0001:00030f40       ?allocate@?$ReflectionAllocator@VCooking@physx@@@shdfnd@physx@@QAEPAXIPBDH@Z 10031f40 f i Cooking.obj
 0001:00030fa0       ?allocate@?$ReflectionAllocator@VHeightField@Gu@physx@@@shdfnd@physx@@QAEPAXIPBDH@Z 10031fa0 f i Cooking.obj
 0001:00031000       ?allocate@?$ReflectionAllocator@VTriangleMeshBuilder@physx@@@shdfnd@physx@@QAEPAXIPBDH@Z 10032000 f i Cooking.obj
 0001:00031060       ?getName@?$ReflectionAllocator@VCooking@physx@@@shdfnd@physx@@CAPBDXZ 10032060 f i Cooking.obj
 0001:000310b0       ?getName@?$ReflectionAllocator@VHeightField@Gu@physx@@@shdfnd@physx@@CAPBDXZ 100320b0 f i Cooking.obj
 0001:00031100       ?getName@?$ReflectionAllocator@VTriangleMeshBuilder@physx@@@shdfnd@physx@@CAPBDXZ 10032100 f i Cooking.obj
 0001:00031150       ?isValid@PxHeightFieldDesc@physx@@QBE_NXZ 10032150 f i Cooking.obj
 0001:00031240       ?littleEndian@shdfnd@physx@@YADXZ 10032240 f i Cooking.obj
 0001:00031260       ?requires@TriangleMesh@Gu@physx@@UAEXAAVPxProcessPxBaseCallback@3@@Z 10032260 f i Cooking.obj
 0001:00031270       ??0ReducedVertexCloud@physx@@QAE@PBVPxVec3@1@I@Z 10032270 f   CookingUtils.obj
 0001:000312b0       ??1ReducedVertexCloud@physx@@QAE@XZ 100322b0 f   CookingUtils.obj
 0001:000312d0       ?Clean@ReducedVertexCloud@physx@@QAEAAV12@XZ 100322d0 f   CookingUtils.obj
 0001:00031330       ?Reduce@ReducedVertexCloud@physx@@QAE_NPAUREDUCEDCLOUD@2@@Z 10032330 f   CookingUtils.obj
 0001:00031730       ??0EdgeList@Gu@physx@@QAE@XZ 10032730 f   EdgeList.obj
 0001:00031770       ??1EdgeList@Gu@physx@@QAE@XZ 10032770 f   EdgeList.obj
 0001:00031810       ?Load@EdgeList@Gu@physx@@QAE_NAAVPxInputStream@3@@Z 10032810 f   EdgeList.obj
 0001:000319e0       ??0EdgeListBuilder@Gu@physx@@QAE@XZ 100329e0 f   EdgeList.obj
 0001:00031a00       ??1EdgeListBuilder@Gu@physx@@QAE@XZ 10032a00 f   EdgeList.obj
 0001:00031a20       ?Init@EdgeListBuilder@Gu@physx@@QAE_NABUEDGELISTCREATE@23@@Z 10032a20 f   EdgeList.obj
 0001:00031ba0       ?CreateFacesToEdges@EdgeListBuilder@Gu@physx@@AAE_NIPBIPBG@Z 10032ba0 f   EdgeList.obj
 0001:00032090       ?CreateEdgesToFaces@EdgeListBuilder@Gu@physx@@AAE_NIPBIPBG@Z 10033090 f   EdgeList.obj
 0001:000324a0       ?ComputeActiveEdges@EdgeListBuilder@Gu@physx@@AAE_NIPBIPBGPBVPxVec3@3@M@Z 100334a0 f   EdgeList.obj
 0001:00033ed0       ??$?_UUEdgeData@Gu@physx@@@@YAPAXIV?$ReflectionAllocator@UEdgeData@Gu@physx@@@shdfnd@physx@@PBDH@Z 10034ed0 f i EdgeList.obj
 0001:00033ef0       ??$?_UUEdgeTriangleData@Gu@physx@@@@YAPAXIV?$ReflectionAllocator@UEdgeTriangleData@Gu@physx@@@shdfnd@physx@@PBDH@Z 10034ef0 f i EdgeList.obj
 0001:00033f10       ??0?$ReflectionAllocator@UEdgeData@Gu@physx@@@shdfnd@physx@@QAE@PBD@Z 10034f10 f i EdgeList.obj
 0001:00033f30       ??0?$ReflectionAllocator@UEdgeTriangleData@Gu@physx@@@shdfnd@physx@@QAE@PBD@Z 10034f30 f i EdgeList.obj
 0001:00033f50       ??0PxTriangle@physx@@QAE@ABVPxVec3@1@00@Z 10034f50 f i EdgeList.obj
 0001:00033fd0       ??1PxTriangle@physx@@QAE@XZ 10034fd0 f i EdgeList.obj
 0001:00033fe0       ?GetEdgeToTriangles@EdgeList@Gu@physx@@QBEPBUEdgeDescData@23@XZ 10034fe0 f i EdgeList.obj
 0001:00034000       ?GetEdges@EdgeList@Gu@physx@@QBEPBUEdgeData@23@XZ 10035000 f i EdgeList.obj
 0001:00034020       ?GetFacesByEdges@EdgeList@Gu@physx@@QBEPBIXZ 10035020 f i EdgeList.obj
 0001:00034040       ?OppositeVertex@@YAIIIIII@Z 10035040 f i EdgeList.obj
 0001:000340e0       ?PxAtan2@physx@@YAMMM@Z    100350e0 f i EdgeList.obj
 0001:00034110       ?allocate@?$ReflectionAllocator@UEdgeData@Gu@physx@@@shdfnd@physx@@QAEPAXIPBDH@Z 10035110 f i EdgeList.obj
 0001:00034170       ?allocate@?$ReflectionAllocator@UEdgeTriangleData@Gu@physx@@@shdfnd@physx@@QAEPAXIPBDH@Z 10035170 f i EdgeList.obj
 0001:000341d0       ?angle@shdfnd@physx@@YAMABVPxVec3@2@0@Z 100351d0 f i EdgeList.obj
 0001:00034240       ?getName@?$ReflectionAllocator@UEdgeData@Gu@physx@@@shdfnd@physx@@CAPBDXZ 10035240 f i EdgeList.obj
 0001:00034290       ?getName@?$ReflectionAllocator@UEdgeTriangleData@Gu@physx@@@shdfnd@physx@@CAPBDXZ 10035290 f i EdgeList.obj
 0001:000342e0       ?normal@PxTriangle@physx@@QBEXAAVPxVec3@2@@Z 100352e0 f i EdgeList.obj
 0001:00034370       _atan2f                    10035370 f i EdgeList.obj
 0001:000343b0       ??0InternalTriangleMeshBuilder@physx@@QAE@PAVInternalTriangleMesh@1@ABUPxCookingParams@1@@Z 100353b0 f   InternalTriangleMeshBuilder.obj
 0001:000343e0       ??1InternalTriangleMeshBuilder@physx@@QAE@XZ 100353e0 f   InternalTriangleMeshBuilder.obj
 0001:00034400       ?cleanMesh@InternalTriangleMeshBuilder@physx@@QAE_N_N@Z 10035400 f   InternalTriangleMeshBuilder.obj
 0001:00034980       ?fillRemapTable@InternalTriangleMeshBuilder@physx@@QAEXXZ 10035980 f   InternalTriangleMeshBuilder.obj
 0001:00034a50       ?remapTopology@InternalTriangleMeshBuilder@physx@@QAEXPBI@Z 10035a50 f   InternalTriangleMeshBuilder.obj
 0001:00034d20       ?createRTree@InternalTriangleMeshBuilder@physx@@QAE_NXZ 10035d20 f   InternalTriangleMeshBuilder.obj
 0001:00034e80       ?createSharedEdgeData@InternalTriangleMeshBuilder@physx@@QAEX_N0@Z 10035e80 f   InternalTriangleMeshBuilder.obj
 0001:000354f0       ?releaseEdgeList@InternalTriangleMeshBuilder@physx@@AAEXXZ 100364f0 f   InternalTriangleMeshBuilder.obj
 0001:00035540       ?createEdgeList@InternalTriangleMeshBuilder@physx@@AAEXXZ 10036540 f   InternalTriangleMeshBuilder.obj
 0001:00035b00       ??$?2V?$ReflectionAllocator@VEdgeListBuilder@Gu@physx@@@shdfnd@physx@@@UserAllocated@shdfnd@physx@@SAPAXIV?$ReflectionAllocator@VEdgeListBuilder@Gu@physx@@@12@PBDH@Z 10036b00 f i InternalTriangleMeshBuilder.obj
 0001:00035b20       ??$PX_UNUSED@U?$TriangleT@I@Gu@physx@@@@YAXABU?$TriangleT@I@Gu@physx@@@Z 10036b20 f i InternalTriangleMeshBuilder.obj
 0001:00035b30       ??0?$Array@IVNamedAllocator@shdfnd@physx@@@shdfnd@physx@@QAE@ABVNamedAllocator@12@@Z 10036b30 f i InternalTriangleMeshBuilder.obj
 0001:00035b80       ??0?$ReflectionAllocator@VEdgeListBuilder@Gu@physx@@@shdfnd@physx@@QAE@PBD@Z 10036b80 f i InternalTriangleMeshBuilder.obj
 0001:00035ba0       ??0RTreeCookerRemap@@QAE@I@Z 10036ba0 f i InternalTriangleMeshBuilder.obj
 0001:00035be0       ??0RemapCallback@RTreeCooker@physx@@QAE@XZ 10036be0 f i InternalTriangleMeshBuilder.obj
 0001:00035c00       ??1RTreeCookerRemap@@UAE@XZ 10036c00 f i InternalTriangleMeshBuilder.obj
 0001:00035c20       ??1RemapCallback@RTreeCooker@physx@@UAE@XZ 10036c20 f i InternalTriangleMeshBuilder.obj
 0001:00035c40       ??_GEdgeListBuilder@Gu@physx@@QAEPAXI@Z 10036c40 f i InternalTriangleMeshBuilder.obj
 0001:00035ca0       ??_ERTreeCookerRemap@@UAEPAXI@Z 10036ca0 f i InternalTriangleMeshBuilder.obj
 0001:00035ca0       ??_GRTreeCookerRemap@@UAEPAXI@Z 10036ca0 f i InternalTriangleMeshBuilder.obj
 0001:00035ce0       ??_GRemapCallback@RTreeCooker@physx@@UAEPAXI@Z 10036ce0 f i InternalTriangleMeshBuilder.obj
 0001:00035ce0       ??_ERemapCallback@RTreeCooker@physx@@UAEPAXI@Z 10036ce0 f i InternalTriangleMeshBuilder.obj
 0001:00035d20       ?GetNbFaces@EdgeList@Gu@physx@@QBEIXZ 10036d20 f i InternalTriangleMeshBuilder.obj
 0001:00035d40       ?LeafSetData@Gu@physx@@YAIII@Z 10036d40 f i InternalTriangleMeshBuilder.obj
 0001:00035e10       ?SetData@LeafTriangles@Gu@physx@@QAEXII@Z 10036e10 f i InternalTriangleMeshBuilder.obj
 0001:00035e40       ?allocate@?$ReflectionAllocator@VEdgeListBuilder@Gu@physx@@@shdfnd@physx@@QAEPAXIPBDH@Z 10036e40 f i InternalTriangleMeshBuilder.obj
 0001:00035ea0       ?findEdgeCCW@?$TriangleT@I@Gu@physx@@QBEEII@Z 10036ea0 f i InternalTriangleMeshBuilder.obj
 0001:00036010       ?getName@?$ReflectionAllocator@VEdgeListBuilder@Gu@physx@@@shdfnd@physx@@CAPBDXZ 10037010 f i InternalTriangleMeshBuilder.obj
 0001:00036060       ?remap@RTreeCookerRemap@@UAEXPAIII@Z 10037060 f i InternalTriangleMeshBuilder.obj
 0001:00036200       ??0MeshCleaner@physx@@QAE@IPBVPxVec3@1@IPBIM@Z 10037200 f   MeshCleaner.obj
 0001:00036a50       ??1MeshCleaner@physx@@QAE@XZ 10037a50 f   MeshCleaner.obj
 0001:00036f20       ??9Indices@@QBE_NABU0@@Z   10037f20 f i MeshCleaner.obj
 0001:00036fc0       ??9PxVec3@physx@@QBE_NABV01@@Z 10037fc0 f i MeshCleaner.obj
 0001:00037040       ?PxFloor@physx@@YAMM@Z     10038040 f i MeshCleaner.obj
 0001:00037060       ?nextPowerOfTwo@shdfnd@physx@@YAII@Z 10038060 f i MeshCleaner.obj
 0001:000370c0       _floorf                    100380c0 f i MeshCleaner.obj
 0001:000370ee       _GetModuleFileNameA@12     100380ee f   kernel32:KERNEL32.dll
 0001:000370f4       _LoadLibraryA@4            100380f4 f   kernel32:KERNEL32.dll
 0001:000370fa       __imp_load_?writeWord@physx@@YAXG_NAAVPxOutputStream@1@@Z 100380fa f   PhysX3CommonDEBUG_x86:PhysX3CommonDEBUG_x86.dll
 0001:00037104       __tailMerge_PhysX3CommonDEBUG_x86_dll 10038104 f i PhysX3CommonDEBUG_x86:PhysX3CommonDEBUG_x86.dll
 0001:00037115       ?writeWord@physx@@YAXG_NAAVPxOutputStream@1@@Z 10038115 f   PhysX3CommonDEBUG_x86:PhysX3CommonDEBUG_x86.dll
 0001:0003711b       __imp_load_?writeDword@physx@@YAXI_NAAVPxOutputStream@1@@Z 1003811b f   PhysX3CommonDEBUG_x86:PhysX3CommonDEBUG_x86.dll
 0001:00037125       ?writeDword@physx@@YAXI_NAAVPxOutputStream@1@@Z 10038125 f   PhysX3CommonDEBUG_x86:PhysX3CommonDEBUG_x86.dll
 0001:0003712b       __imp_load_?writeFloat@physx@@YAXM_NAAVPxOutputStream@1@@Z 1003812b f   PhysX3CommonDEBUG_x86:PhysX3CommonDEBUG_x86.dll
 0001:00037135       ?writeFloat@physx@@YAXM_NAAVPxOutputStream@1@@Z 10038135 f   PhysX3CommonDEBUG_x86:PhysX3CommonDEBUG_x86.dll
 0001:0003713b       __imp_load_?writeHeader@physx@@YA_NCCCCI_NAAVPxOutputStream@1@@Z 1003813b f   PhysX3CommonDEBUG_x86:PhysX3CommonDEBUG_x86.dll
 0001:00037145       ?writeHeader@physx@@YA_NCCCCI_NAAVPxOutputStream@1@@Z 10038145 f   PhysX3CommonDEBUG_x86:PhysX3CommonDEBUG_x86.dll
 0001:0003714b       __imp_load_??0Allocator@shdfnd@physx@@QAE@PBD@Z 1003814b f   PhysX3CommonDEBUG_x86:PhysX3CommonDEBUG_x86.dll
 0001:00037155       ??0Allocator@shdfnd@physx@@QAE@PBD@Z 10038155 f   PhysX3CommonDEBUG_x86:PhysX3CommonDEBUG_x86.dll
 0001:0003715b       __imp_load_?allocate@Allocator@shdfnd@physx@@QAEPAXIPBDH@Z 1003815b f   PhysX3CommonDEBUG_x86:PhysX3CommonDEBUG_x86.dll
[...]
 0004:000000c4       __imp____std_type_info_destroy_list 100470c4     vcruntimed:VCRUNTIME140D.dll
 0004:000000c8       __imp____telemetry_main_invoke_trigger 100470c8     vcruntimed:VCRUNTIME140D.dll
 0004:000000cc       __imp____telemetry_main_return_trigger 100470cc     vcruntimed:VCRUNTIME140D.dll
 0004:000000d0       __imp___except_handler4_common 100470d0     vcruntimed:VCRUNTIME140D.dll
 0004:000000d4       __imp____std_exception_copy 100470d4     vcruntimed:VCRUNTIME140D.dll
 0004:000000d8       __imp____std_exception_destroy 100470d8     vcruntimed:VCRUNTIME140D.dll
 0004:000000dc       __imp___CxxThrowException@8 100470dc     vcruntimed:VCRUNTIME140D.dll
 0004:000000e0       __imp____vcrt_GetModuleFileNameW 100470e0     vcruntimed:VCRUNTIME140D.dll
 0004:000000e4       __imp____vcrt_GetModuleHandleW 100470e4     vcruntimed:VCRUNTIME140D.dll
 0004:000000e8       __imp____vcrt_LoadLibraryExW 100470e8     vcruntimed:VCRUNTIME140D.dll
 0004:000000ec       __imp__memset              100470ec     vcruntimed:VCRUNTIME140D.dll
 0004:000000f0       \177VCRUNTIME140D_NULL_THUNK_DATA 100470f0     vcruntimed:VCRUNTIME140D.dll
 0004:00000128       __imp__terminate           10047128     ucrtd:ucrtbased.dll
 0004:0000012c       __imp____stdio_common_vsprintf_s 1004712c     ucrtd:ucrtbased.dll
 0004:00000130       __imp___wmakepath_s        10047130     ucrtd:ucrtbased.dll
 0004:00000134       __imp___wsplitpath_s       10047134     ucrtd:ucrtbased.dll
 0004:00000138       __imp__wcscpy_s            10047138     ucrtd:ucrtbased.dll
 0004:0000013c       __imp__atan2               1004713c     ucrtd:ucrtbased.dll
 0004:00000140       __imp___cexit              10047140     ucrtd:ucrtbased.dll
 0004:00000144       __imp__cos                 10047144     ucrtd:ucrtbased.dll
 0004:00000148       __imp____stdio_common_vfprintf 10047148     ucrtd:ucrtbased.dll
 0004:0000014c       __imp____acrt_iob_func     1004714c     ucrtd:ucrtbased.dll
 0004:00000150       __imp__sqrt                10047150     ucrtd:ucrtbased.dll
 0004:00000154       __imp__pow                 10047154     ucrtd:ucrtbased.dll
 0004:00000158       __imp__fabs                10047158     ucrtd:ucrtbased.dll
 0004:0000015c       __imp___fpclass            1004715c     ucrtd:ucrtbased.dll
 0004:00000160       __imp__strcmp              10047160     ucrtd:ucrtbased.dll
 0004:00000164       __imp___crt_at_quick_exit  10047164     ucrtd:ucrtbased.dll
 0004:00000168       __imp___crt_atexit         10047168     ucrtd:ucrtbased.dll
 0004:0000016c       __imp___execute_onexit_table 1004716c     ucrtd:ucrtbased.dll
 0004:00000170       __imp___register_onexit_function 10047170     ucrtd:ucrtbased.dll
 0004:00000174       __imp___initialize_onexit_table 10047174     ucrtd:ucrtbased.dll
 0004:00000178       __imp__floor               10047178     ucrtd:ucrtbased.dll
 0004:0000017c       __imp___seh_filter_dll     1004717c     ucrtd:ucrtbased.dll
 0004:00000180       __imp___free_dbg           10047180     ucrtd:ucrtbased.dll
 0004:00000184       __imp__malloc              10047184     ucrtd:ucrtbased.dll
 0004:00000188       __imp___callnewh           10047188     ucrtd:ucrtbased.dll
 0004:0000018c       __imp___initterm_e         1004718c     ucrtd:ucrtbased.dll
 0004:00000190       __imp___initterm           10047190     ucrtd:ucrtbased.dll
 0004:00000194       __imp___except1            10047194     ucrtd:ucrtbased.dll
 0004:00000198       __imp___CrtDbgReportW      10047198     ucrtd:ucrtbased.dll
 0004:0000019c       __imp__sin                 1004719c     ucrtd:ucrtbased.dll
 0004:000001a0       __imp___CrtDbgReport       100471a0     ucrtd:ucrtbased.dll
 0004:000001a4       __imp___initialize_narrow_environment 100471a4     ucrtd:ucrtbased.dll
 0004:000001a8       \177ucrtbased_NULL_THUNK_DATA 100471a8     ucrtd:ucrtbased.dll
 0004:000001ec       __IMPORT_DESCRIPTOR_KERNEL32 100471ec     kernel32:KERNEL32.dll
 0004:00000200       __IMPORT_DESCRIPTOR_VCRUNTIME140D 10047200     vcruntimed:VCRUNTIME140D.dll
 0004:00000214       __IMPORT_DESCRIPTOR_ucrtbased 10047214     ucrtd:ucrtbased.dll
 0004:00000228       __NULL_IMPORT_DESCRIPTOR   10047228     kernel32:KERNEL32.dll
 0005:00000000       __DELAY_IMPORT_DESCRIPTOR_PhysX3CommonDEBUG_x86_dll 10048000     PhysX3CommonDEBUG_x86:PhysX3CommonDEBUG_x86.dll
 0005:00000020       __NULL_DELAY_IMPORT_DESCRIPTOR 10048020     PhysX3CommonDEBUG_x86:PhysX3CommonDEBUG_x86.dll
 0005:000001f4       \177PhysX3CommonDEBUG_x86_NULL_THUNK_DATA_DLN 100481f4     PhysX3CommonDEBUG_x86:PhysX3CommonDEBUG_x86.dll
 0005:00000274       __imp_?writeWord@physx@@YAXG_NAAVPxOutputStream@1@@Z 10048274     PhysX3CommonDEBUG_x86:PhysX3CommonDEBUG_x86.dll
 0005:00000278       __imp_?writeDword@physx@@YAXI_NAAVPxOutputStream@1@@Z 10048278     PhysX3CommonDEBUG_x86:PhysX3CommonDEBUG_x86.dll
 0005:0000027c       __imp_?writeFloat@physx@@YAXM_NAAVPxOutputStream@1@@Z 1004827c     PhysX3CommonDEBUG_x86:PhysX3CommonDEBUG_x86.dll
 0005:00000280       __imp_?writeHeader@physx@@YA_NCCCCI_NAAVPxOutputStream@1@@Z 10048280     PhysX3CommonDEBUG_x86:PhysX3CommonDEBUG_x86.dll
 0005:00000284       __imp_??0Allocator@shdfnd@physx@@QAE@PBD@Z 10048284     PhysX3CommonDEBUG_x86:PhysX3CommonDEBUG_x86.dll
 0005:00000288       __imp_?allocate@Allocator@shdfnd@physx@@QAEPAXIPBDH@Z 10048288     PhysX3CommonDEBUG_x86:PhysX3CommonDEBUG_x86.dll
 0005:0000028c       __imp_??0NamedAllocator@shdfnd@physx@@QAE@PBD@Z 1004828c     PhysX3CommonDEBUG_x86:PhysX3CommonDEBUG_x86.dll
 0005:00000290       __imp_??0NamedAllocator@shdfnd@physx@@QAE@ABV012@@Z 10048290     PhysX3CommonDEBUG_x86:PhysX3CommonDEBUG_x86.dll
 0005:00000294       __imp_??1NamedAllocator@shdfnd@physx@@QAE@XZ 10048294     PhysX3CommonDEBUG_x86:PhysX3CommonDEBUG_x86.dll
 0005:00000298       __imp_?allocate@NamedAllocator@shdfnd@physx@@QAEPAXIPBDH@Z 10048298     PhysX3CommonDEBUG_x86:PhysX3CommonDEBUG_x86.dll
 0005:0000029c       __imp_?deallocate@NamedAllocator@shdfnd@physx@@QAEXPAX@Z 1004829c     PhysX3CommonDEBUG_x86:PhysX3CommonDEBUG_x86.dll
 0005:000002a0       __imp_?PxGetAssertHandler@physx@@YAAAVPxAssertHandler@1@XZ 100482a0     PhysX3CommonDEBUG_x86:PhysX3CommonDEBUG_x86.dll
 0005:000002a4       __imp_?validate@RTree@Gu@physx@@QAEXXZ 100482a4     PhysX3CommonDEBUG_x86:PhysX3CommonDEBUG_x86.dll
 0005:000002a8       __imp_??0TempAllocator@shdfnd@physx@@QAE@PBD@Z 100482a8     PhysX3CommonDEBUG_x86:PhysX3CommonDEBUG_x86.dll
 0005:000002ac       __imp_?allocate@TempAllocator@shdfnd@physx@@QAEPAXIPBDH@Z 100482ac     PhysX3CommonDEBUG_x86:PhysX3CommonDEBUG_x86.dll
 0005:000002b0       __imp_?deallocate@TempAllocator@shdfnd@physx@@QAEXPAX@Z 100482b0     PhysX3CommonDEBUG_x86:PhysX3CommonDEBUG_x86.dll
 0005:000002b4       __imp_?computeBoundsAroundVertices@Gu@physx@@YAXAAVPxBounds3@2@IPIBVPxVec3@2@@Z 100482b4     PhysX3CommonDEBUG_x86:PhysX3CommonDEBUG_x86.dll
 0005:000002b8       __imp__PxGetFoundation     100482b8     PhysX3CommonDEBUG_x86:PhysX3CommonDEBUG_x86.dll
 0005:000002bc       __imp_?getAllocator@shdfnd@physx@@YAAAVPxAllocatorCallback@2@XZ 100482bc     PhysX3CommonDEBUG_x86:PhysX3CommonDEBUG_x86.dll
 0005:000002c0       __imp_?deallocate@Allocator@shdfnd@physx@@QAEXPAX@Z 100482c0     PhysX3CommonDEBUG_x86:PhysX3CommonDEBUG_x86.dll
 0005:000002c4       __imp_?getInstance@Foundation@shdfnd@physx@@SAAAV123@XZ 100482c4     PhysX3CommonDEBUG_x86:PhysX3CommonDEBUG_x86.dll
 0005:000002c8       __imp_?error@Foundation@shdfnd@physx@@QAAXW4Enum@PxErrorCode@3@PBDH1ZZ 100482c8     PhysX3CommonDEBUG_x86:PhysX3CommonDEBUG_x86.dll
 0005:000002cc       __imp_?save@RTree@Gu@physx@@QBE_NAAVPxOutputStream@3@@Z 100482cc     PhysX3CommonDEBUG_x86:PhysX3CommonDEBUG_x86.dll
 0005:000002d0       __imp_?release@InternalTriangleMesh@physx@@QAEXXZ 100482d0     PhysX3CommonDEBUG_x86:PhysX3CommonDEBUG_x86.dll
 0005:000002d4       __imp_?allocateVertices@InternalTriangleMesh@physx@@QAEPAVPxVec3@2@I@Z 100482d4     PhysX3CommonDEBUG_x86:PhysX3CommonDEBUG_x86.dll
 0005:000002d8       __imp_?allocateTriangles@InternalTriangleMesh@physx@@QAEPAXI_N@Z 100482d8     PhysX3CommonDEBUG_x86:PhysX3CommonDEBUG_x86.dll
 0005:000002dc       __imp_?allocateMaterials@InternalTriangleMesh@physx@@QAEPAGXZ 100482dc     PhysX3CommonDEBUG_x86:PhysX3CommonDEBUG_x86.dll
 0005:000002e0       __imp_?getNumVertices@InternalTriangleMesh@physx@@QBEIXZ 100482e0     PhysX3CommonDEBUG_x86:PhysX3CommonDEBUG_x86.dll
 0005:000002e4       __imp_?getNumTriangles@InternalTriangleMesh@physx@@QBEIXZ 100482e4     PhysX3CommonDEBUG_x86:PhysX3CommonDEBUG_x86.dll
 0005:000002e8       __imp_?getVertices@InternalTriangleMesh@physx@@QBEPBVPxVec3@2@XZ 100482e8     PhysX3CommonDEBUG_x86:PhysX3CommonDEBUG_x86.dll
 0005:000002ec       __imp_?getTriangles@InternalTriangleMesh@physx@@QBEPBXXZ 100482ec     PhysX3CommonDEBUG_x86:PhysX3CommonDEBUG_x86.dll
 0005:000002f0       __imp_?getMaterials@InternalTriangleMesh@physx@@QBEPBGXZ 100482f0     PhysX3CommonDEBUG_x86:PhysX3CommonDEBUG_x86.dll
 0005:000002f4       __imp_?getFaceRemap@InternalTriangleMesh@physx@@QBEPBIXZ 100482f4     PhysX3CommonDEBUG_x86:PhysX3CommonDEBUG_x86.dll
 0005:000002f8       __imp_?getAdjacencies@InternalTriangleMesh@physx@@QBEPBIXZ 100482f8     PhysX3CommonDEBUG_x86:PhysX3CommonDEBUG_x86.dll
 0005:000002fc       __imp_?getCollisionModel@InternalTriangleMesh@physx@@QBEABVRTreeMidphase@Gu@2@XZ 100482fc     PhysX3CommonDEBUG_x86:PhysX3CommonDEBUG_x86.dll
 0005:00000300       __imp_?writeWordBuffer@physx@@YAXPBGI_NAAVPxOutputStream@1@@Z 10048300     PhysX3CommonDEBUG_x86:PhysX3CommonDEBUG_x86.dll
 0005:00000304       __imp_?writeFloatBuffer@physx@@YAXPBMI_NAAVPxOutputStream@1@@Z 10048304     PhysX3CommonDEBUG_x86:PhysX3CommonDEBUG_x86.dll
 0005:00000308       __imp_?computeMaxIndex@physx@@YAIPBII@Z 10048308     PhysX3CommonDEBUG_x86:PhysX3CommonDEBUG_x86.dll
 0005:0000030c       __imp_?storeIndices@physx@@YAXIIPBIAAVPxOutputStream@1@_N@Z 1004830c     PhysX3CommonDEBUG_x86:PhysX3CommonDEBUG_x86.dll
 0005:00000310       __imp_?computeMaxIndex@physx@@YAGPBGI@Z 10048310     PhysX3CommonDEBUG_x86:PhysX3CommonDEBUG_x86.dll
 0005:00000314       __imp_?WriteHeader@Gu@physx@@YA_NEEEEI_NAAVPxOutputStream@2@@Z 10048314     PhysX3CommonDEBUG_x86:PhysX3CommonDEBUG_x86.dll
 0005:00000318       __imp_?StoreIndices@Gu@physx@@YAXGIPBGAAVPxOutputStream@2@_N@Z 10048318     PhysX3CommonDEBUG_x86:PhysX3CommonDEBUG_x86.dll
 0005:0000031c       __imp_?CreateOffsets@BigConvexData@physx@@IAEXXZ 1004831c     PhysX3CommonDEBUG_x86:PhysX3CommonDEBUG_x86.dll
 0005:00000320       __imp_?GetRanks@RadixSort@Gu@physx@@QBEPBIXZ 10048320     PhysX3CommonDEBUG_x86:PhysX3CommonDEBUG_x86.dll
 0005:00000324       __imp_??0RadixSortBuffered@Gu@physx@@QAE@XZ 10048324     PhysX3CommonDEBUG_x86:PhysX3CommonDEBUG_x86.dll
 0005:00000328       __imp_??1RadixSortBuffered@Gu@physx@@UAE@XZ 10048328     PhysX3CommonDEBUG_x86:PhysX3CommonDEBUG_x86.dll
 0005:0000032c       __imp_?Sort@RadixSortBuffered@Gu@physx@@QAEAAV123@PBIIW4RadixHint@23@@Z 1004832c     PhysX3CommonDEBUG_x86:PhysX3CommonDEBUG_x86.dll
 0005:00000330       __imp_??0Container@Gu@physx@@QAE@XZ 10048330     PhysX3CommonDEBUG_x86:PhysX3CommonDEBUG_x86.dll
 0005:00000334       __imp_??0Container@Gu@physx@@QAE@ABV012@@Z 10048334     PhysX3CommonDEBUG_x86:PhysX3CommonDEBUG_x86.dll
 0005:00000338       __imp_??1Container@Gu@physx@@QAE@XZ 10048338     PhysX3CommonDEBUG_x86:PhysX3CommonDEBUG_x86.dll
 0005:0000033c       __imp_?Add@Container@Gu@physx@@QAEAAV123@I@Z 1004833c     PhysX3CommonDEBUG_x86:PhysX3CommonDEBUG_x86.dll
 0005:00000340       __imp_?Add@Container@Gu@physx@@QAEAAV123@PBII@Z 10048340     PhysX3CommonDEBUG_x86:PhysX3CommonDEBUG_x86.dll
 0005:00000344       __imp_?Add@Container@Gu@physx@@QAEAAV123@ABV123@@Z 10048344     PhysX3CommonDEBUG_x86:PhysX3CommonDEBUG_x86.dll
 0005:00000348       __imp_?AddUnique@Container@Gu@physx@@QAEAAV123@I@Z 10048348     PhysX3CommonDEBUG_x86:PhysX3CommonDEBUG_x86.dll
 0005:0000034c       __imp_?Empty@Container@Gu@physx@@QAEAAV123@XZ 1004834c     PhysX3CommonDEBUG_x86:PhysX3CommonDEBUG_x86.dll
 0005:00000350       __imp_?Reset@Container@Gu@physx@@QAEXXZ 10048350     PhysX3CommonDEBUG_x86:PhysX3CommonDEBUG_x86.dll
 0005:00000354       __imp_?Contains@Container@Gu@physx@@QBE_NIPAI@Z 10048354     PhysX3CommonDEBUG_x86:PhysX3CommonDEBUG_x86.dll
 0005:00000358       __imp_?DeleteIndex@Container@Gu@physx@@QAEXI@Z 10048358     PhysX3CommonDEBUG_x86:PhysX3CommonDEBUG_x86.dll
 0005:0000035c       __imp_?GetNbEntries@Container@Gu@physx@@QBEIXZ 1004835c     PhysX3CommonDEBUG_x86:PhysX3CommonDEBUG_x86.dll
 0005:00000360       __imp_?GetEntry@Container@Gu@physx@@QBEII@Z 10048360     PhysX3CommonDEBUG_x86:PhysX3CommonDEBUG_x86.dll
 0005:00000364       __imp_?GetEntries@Container@Gu@physx@@QBEPAIXZ 10048364     PhysX3CommonDEBUG_x86:PhysX3CommonDEBUG_x86.dll
 0005:00000368       __imp_??AContainer@Gu@physx@@QAEAAII@Z 10048368     PhysX3CommonDEBUG_x86:PhysX3CommonDEBUG_x86.dll
 0005:0000036c       __imp_??4Container@Gu@physx@@QAEXABV012@@Z 1004836c     PhysX3CommonDEBUG_x86:PhysX3CommonDEBUG_x86.dll
 0005:00000370       __imp_??0ConvexMesh@Gu@physx@@QAE@XZ 10048370     PhysX3CommonDEBUG_x86:PhysX3CommonDEBUG_x86.dll
 0005:00000374       __imp_??1ConvexMesh@Gu@physx@@UAE@XZ 10048374     PhysX3CommonDEBUG_x86:PhysX3CommonDEBUG_x86.dll
 0005:00000378       __imp_??0BigConvexData@physx@@QAE@XZ 10048378     PhysX3CommonDEBUG_x86:PhysX3CommonDEBUG_x86.dll
 0005:0000037c       __imp_??1BigConvexData@physx@@QAE@XZ 1004837c     PhysX3CommonDEBUG_x86:PhysX3CommonDEBUG_x86.dll
 0005:00000380       __imp_?exportExtraData@ConvexMesh@Gu@physx@@UAEXAAVPxSerializationContext@3@@Z 10048380     PhysX3CommonDEBUG_x86:PhysX3CommonDEBUG_x86.dll
 0005:00000384       __imp_?getConcreteTypeName@PxConvexMesh@physx@@UBEPBDXZ 10048384     PhysX3CommonDEBUG_x86:PhysX3CommonDEBUG_x86.dll
 0005:00000388       __imp_?getIndexBuffer@ConvexMesh@Gu@physx@@UBEPBEXZ 10048388     PhysX3CommonDEBUG_x86:PhysX3CommonDEBUG_x86.dll
 0005:0000038c       __imp_?getLocalBounds@ConvexMesh@Gu@physx@@UBE?AVPxBounds3@3@XZ 1004838c     PhysX3CommonDEBUG_x86:PhysX3CommonDEBUG_x86.dll
 0005:00000390       __imp_?getMassInformation@ConvexMesh@Gu@physx@@UBEXAAMAAVPxMat33@3@AAVPxVec3@3@@Z 10048390     PhysX3CommonDEBUG_x86:PhysX3CommonDEBUG_x86.dll
 0005:00000394       __imp_?getNbPolygons@ConvexMesh@Gu@physx@@UBEIXZ 10048394     PhysX3CommonDEBUG_x86:PhysX3CommonDEBUG_x86.dll
 0005:00000398       __imp_?getNbVertices@ConvexMesh@Gu@physx@@UBEIXZ 10048398     PhysX3CommonDEBUG_x86:PhysX3CommonDEBUG_x86.dll
 0005:0000039c       __imp_?getPolygonData@ConvexMesh@Gu@physx@@UBE_NIAAUPxHullPolygon@3@@Z 1004839c     PhysX3CommonDEBUG_x86:PhysX3CommonDEBUG_x86.dll
 0005:000003a0       __imp_?getReferenceCount@ConvexMesh@Gu@physx@@UBEIXZ 100483a0     PhysX3CommonDEBUG_x86:PhysX3CommonDEBUG_x86.dll
 0005:000003a4       __imp_?getVertices@ConvexMesh@Gu@physx@@UBEPBVPxVec3@3@XZ 100483a4     PhysX3CommonDEBUG_x86:PhysX3CommonDEBUG_x86.dll
 0005:000003a8       __imp_?isKindOf@PxConvexMesh@physx@@MBE_NPBD@Z 100483a8     PhysX3CommonDEBUG_x86:PhysX3CommonDEBUG_x86.dll
 0005:000003ac       __imp_?onRefCountZero@ConvexMesh@Gu@physx@@UAEXXZ 100483ac     PhysX3CommonDEBUG_x86:PhysX3CommonDEBUG_x86.dll
 0005:000003b0       __imp_?release@ConvexMesh@Gu@physx@@UAEXXZ 100483b0     PhysX3CommonDEBUG_x86:PhysX3CommonDEBUG_x86.dll
 0005:000003b4       __imp_?readDword@physx@@YAI_NAAVPxInputStream@1@@Z 100483b4     PhysX3CommonDEBUG_x86:PhysX3CommonDEBUG_x86.dll
 0005:000003b8       __imp_?ReadHeader@Gu@physx@@YA_NEEEEAAIAA_NAAVPxInputStream@2@@Z 100483b8     PhysX3CommonDEBUG_x86:PhysX3CommonDEBUG_x86.dll
 0005:000003bc       __imp_??0FPUGuard@shdfnd@physx@@QAE@XZ 100483bc     PhysX3CommonDEBUG_x86:PhysX3CommonDEBUG_x86.dll
 0005:000003c0       __imp_??1FPUGuard@shdfnd@physx@@QAE@XZ 100483c0     PhysX3CommonDEBUG_x86:PhysX3CommonDEBUG_x86.dll
 0005:000003c4       __imp_?incRefCount@Foundation@shdfnd@physx@@SAXXZ 100483c4     PhysX3CommonDEBUG_x86:PhysX3CommonDEBUG_x86.dll
 0005:000003c8       __imp_?decRefCount@Foundation@shdfnd@physx@@SAXXZ 100483c8     PhysX3CommonDEBUG_x86:PhysX3CommonDEBUG_x86.dll
 0005:000003cc       __imp_??0TriangleMesh@Gu@physx@@QAE@XZ 100483cc     PhysX3CommonDEBUG_x86:PhysX3CommonDEBUG_x86.dll
 0005:000003d0       __imp_?checkMeshIndicesSize@TriangleMesh@Gu@physx@@QAEXXZ 100483d0     PhysX3CommonDEBUG_x86:PhysX3CommonDEBUG_x86.dll
 0005:000003d4       __imp_??1TriangleMesh@Gu@physx@@UAE@XZ 100483d4     PhysX3CommonDEBUG_x86:PhysX3CommonDEBUG_x86.dll
 0005:000003d8       __imp_??0HeightField@Gu@physx@@QAE@PAVGuMeshFactory@2@@Z 100483d8     PhysX3CommonDEBUG_x86:PhysX3CommonDEBUG_x86.dll
 0005:000003dc       __imp_?loadFromDesc@HeightField@Gu@physx@@QAE_NABVPxHeightFieldDesc@3@_N@Z 100483dc     PhysX3CommonDEBUG_x86:PhysX3CommonDEBUG_x86.dll
 0005:000003e0       __imp_?releaseMemory@HeightField@Gu@physx@@QAEX_N@Z 100483e0     PhysX3CommonDEBUG_x86:PhysX3CommonDEBUG_x86.dll
 0005:000003e4       __imp_?exportExtraData@TriangleMesh@Gu@physx@@UAEXAAVPxSerializationContext@3@@Z 100483e4     PhysX3CommonDEBUG_x86:PhysX3CommonDEBUG_x86.dll
 0005:000003e8       __imp_?getConcreteTypeName@PxTriangleMesh@physx@@UBEPBDXZ 100483e8     PhysX3CommonDEBUG_x86:PhysX3CommonDEBUG_x86.dll
 0005:000003ec       __imp_?getLocalBounds@TriangleMesh@Gu@physx@@UBE?AVPxBounds3@3@XZ 100483ec     PhysX3CommonDEBUG_x86:PhysX3CommonDEBUG_x86.dll
 0005:000003f0       __imp_?getNbTriangles@TriangleMesh@Gu@physx@@UBEIXZ 100483f0     PhysX3CommonDEBUG_x86:PhysX3CommonDEBUG_x86.dll
 0005:000003f4       __imp_?getNbVertices@TriangleMesh@Gu@physx@@UBEIXZ 100483f4     PhysX3CommonDEBUG_x86:PhysX3CommonDEBUG_x86.dll
 0005:000003f8       __imp_?getReferenceCount@TriangleMesh@Gu@physx@@UBEIXZ 100483f8     PhysX3CommonDEBUG_x86:PhysX3CommonDEBUG_x86.dll
 0005:000003fc       __imp_?getTriangleMaterialIndex@TriangleMesh@Gu@physx@@UBEGI@Z 100483fc     PhysX3CommonDEBUG_x86:PhysX3CommonDEBUG_x86.dll
 0005:00000400       __imp_?getTriangleMeshFlags@TriangleMesh@Gu@physx@@UBE?AV?$PxFlags@W4Enum@PxTriangleMeshFlag@physx@@E@3@XZ 10048400     PhysX3CommonDEBUG_x86:PhysX3CommonDEBUG_x86.dll
 0005:00000404       __imp_?getTriangles@TriangleMesh@Gu@physx@@UBEPBXXZ 10048404     PhysX3CommonDEBUG_x86:PhysX3CommonDEBUG_x86.dll
 0005:00000408       __imp_?getTrianglesRemap@TriangleMesh@Gu@physx@@UBEPBIXZ 10048408     PhysX3CommonDEBUG_x86:PhysX3CommonDEBUG_x86.dll
 0005:0000040c       __imp_?getVertices@TriangleMesh@Gu@physx@@UBEPBVPxVec3@3@XZ 1004840c     PhysX3CommonDEBUG_x86:PhysX3CommonDEBUG_x86.dll
 0005:00000410       __imp_?isKindOf@PxTriangleMesh@physx@@MBE_NPBD@Z 10048410     PhysX3CommonDEBUG_x86:PhysX3CommonDEBUG_x86.dll
 0005:00000414       __imp_?onRefCountZero@TriangleMesh@Gu@physx@@UAEXXZ 10048414     PhysX3CommonDEBUG_x86:PhysX3CommonDEBUG_x86.dll
 0005:00000418       __imp_?release@TriangleMesh@Gu@physx@@UAEXXZ 10048418     PhysX3CommonDEBUG_x86:PhysX3CommonDEBUG_x86.dll
 0005:0000041c       __imp_?has16BitIndices@InternalTriangleMesh@physx@@QBE_NXZ 1004841c     PhysX3CommonDEBUG_x86:PhysX3CommonDEBUG_x86.dll
 0005:00000420       __imp_?setTriangleAdjacency@InternalTriangleMesh@physx@@QAEXIII@Z 10048420     PhysX3CommonDEBUG_x86:PhysX3CommonDEBUG_x86.dll
 0005:00000424       __imp_?setupMeshInterface@InternalTriangleMesh@physx@@QAEXXZ 10048424     PhysX3CommonDEBUG_x86:PhysX3CommonDEBUG_x86.dll
 0005:00000428       \177PhysX3CommonDEBUG_x86_NULL_THUNK_DATA_DLA 10048428     PhysX3CommonDEBUG_x86:PhysX3CommonDEBUG_x86.dll
 0005:00001d58       \177PhysX3CommonDEBUG_x86_NULL_THUNK_DATA_DLB 10049d58     PhysX3CommonDEBUG_x86:PhysX3CommonDEBUG_x86.dll
 0006:00000000       ___guard_check_icall_fptr  1004b000     MSVCRTD:guard_support.obj
