 PhysX3CharacterKinematic_x86

 Timestamp is 56532fc2 (Mon Nov 23 16:24:50 2015)

 Preferred load address is 10000000

 Start         Length     Name                   Class
 0001:00000000 00000134H .text$di                CODE
 0001:00000140 0001a580H .text$mn                CODE
 0002:00000000 00000134H .idata$5                DATA
 0002:00000134 00000004H .00cfg                  DATA
 0002:00000138 00000004H .CRT$XCA                DATA
 0002:0000013c 00000030H .CRT$XCU                DATA
 0002:0000016c 00000004H .CRT$XCZ                DATA
 0002:00000170 00000004H .CRT$XIA                DATA
 0002:00000174 00000004H .CRT$XIZ                DATA
 0002:00000178 00000004H .CRT$XPA                DATA
 0002:0000017c 00000004H .CRT$XPZ                DATA
 0002:00000180 00000004H .CRT$XTA                DATA
 0002:00000184 00000004H .CRT$XTZ                DATA
 0002:00000188 00000000H .gfids$x                DATA
 0002:00000190 00000fd4H .rdata                  DATA
 0002:00001164 00000048H .rdata$r                DATA
 0002:000011b0 00000004H .rdata$sxdata           DATA
 0002:000011b4 00000310H .rdata$zzzdbg           DATA
 0002:000014c4 00000004H .rtc$IAA                DATA
 0002:000014c8 00000004H .rtc$IZZ                DATA
 0002:000014cc 00000004H .rtc$TAA                DATA
 0002:000014d0 00000004H .rtc$TZZ                DATA
 0002:000014d8 0000007cH .xdata$x                DATA
 0002:00001560 000001e8H .edata                  DATA
 0002:00001748 00000078H .idata$2                DATA
 0002:000017c0 00000014H .idata$3                DATA
 0002:000017d4 00000134H .idata$4                DATA
 0002:00001908 00000d94H .idata$6                DATA
 0003:00000000 00000060H .data                   DATA
 0003:00000060 00000308H .data$r                 DATA
 0003:00000370 00000430H .bss                    DATA
 0004:00000000 000000a0H .rsrc$01                DATA
 0004:000000a0 00000500H .rsrc$02                DATA

  Address         Publics by Value              Rva+Base       Lib:Object

 0000:00000000       ___guard_fids_table        00000000     <absolute>
 0000:00000000       ___guard_fids_count        00000000     <absolute>
 0000:00000001       ___safe_se_handler_count   00000001     <absolute>
 0000:00000100       ___guard_flags             00000100     <absolute>
 0000:00000000       ___ImageBase               10000000     <linker-defined>
 0001:00000140       ??0BoxController@Cct@physx@@QAE@ABVPxControllerDesc@2@AAVPxPhysics@2@PAVPxScene@2@@Z 10001140 f   CctBoxController.obj
 0001:000001f0       ??1BoxController@Cct@physx@@UAE@XZ 100011f0 f   CctBoxController.obj
 0001:00000210       ?getWorldBox@BoxController@Cct@physx@@UBE_NAAUPxExtendedBounds3@3@@Z 10001210 f   CctBoxController.obj
 0001:000002c0       ?setFootPosition@BoxController@Cct@physx@@UAE_NABUPxExtendedVec3@3@@Z 100012c0 f   CctBoxController.obj
 0001:00000330       ?getFootPosition@BoxController@Cct@physx@@UBE?AUPxExtendedVec3@3@XZ 10001330 f   CctBoxController.obj
 0001:000003b0       ?invalidateCache@BoxController@Cct@physx@@UAEXXZ 100013b0 f   CctBoxController.obj
 0001:000003f0       ?resize@BoxController@Cct@physx@@UAEXM@Z 100013f0 f   CctBoxController.obj
 0001:00000490       ?getHalfHeight@BoxController@Cct@physx@@UBEMXZ 10001490 f   CctBoxController.obj
 0001:000004a0       ?getHalfSideExtent@BoxController@Cct@physx@@UBEMXZ 100014a0 f   CctBoxController.obj
 0001:000004b0       ?getHalfForwardExtent@BoxController@Cct@physx@@UBEMXZ 100014b0 f   CctBoxController.obj
 0001:000004c0       ?setHalfHeight@BoxController@Cct@physx@@UAE_NM@Z 100014c0 f   CctBoxController.obj
 0001:000004f0       ?setHalfSideExtent@BoxController@Cct@physx@@UAE_NM@Z 100014f0 f   CctBoxController.obj
 0001:00000520       ?setHalfForwardExtent@BoxController@Cct@physx@@UAE_NM@Z 10001520 f   CctBoxController.obj
 0001:00000550       ?updateKinematicProxy@BoxController@Cct@physx@@QAE_NXZ 10001550 f   CctBoxController.obj
 0001:000005f0       ?getOBB@BoxController@Cct@physx@@QBEXAAVPxExtendedBox@3@@Z 100015f0 f   CctBoxController.obj
 0001:000006c0       ??0PxControllerManager@physx@@IAE@XZ 100016c0 f i CctBoxController.obj
 0001:000006d0       ??0PxControllerManager@physx@@QAE@ABV01@@Z 100016d0 f i CctBoxController.obj
 0001:000006e0       ??1PxBoxController@physx@@MAE@XZ 100016e0 f i CctBoxController.obj
 0001:000006f0       ??1PxController@physx@@MAE@XZ 100016f0 f i CctBoxController.obj
 0001:00000700       ??1PxControllerManager@physx@@MAE@XZ 10001700 f i CctBoxController.obj
 0001:00000710       ??4PxControllerManager@physx@@QAEAAV01@ABV01@@Z 10001710 f i CctBoxController.obj
 0001:00000715       ??_EBoxController@Cct@physx@@W7AEPAXI@Z 10001715 f i CctBoxController.obj
 0001:00000720       ??_EPxControllerManager@physx@@MAEPAXI@Z 10001720 f i CctBoxController.obj
 0001:00000790       ??_GBoxController@Cct@physx@@UAEPAXI@Z 10001790 f i CctBoxController.obj
 0001:00000790       ??_EBoxController@Cct@physx@@UAEPAXI@Z 10001790 f i CctBoxController.obj
 0001:000007f0       ??_GPxBoxController@physx@@MAEPAXI@Z 100017f0 f i CctBoxController.obj
 0001:000007f0       ??_EPxBoxController@physx@@MAEPAXI@Z 100017f0 f i CctBoxController.obj
 0001:00000820       ??_EPxController@physx@@MAEPAXI@Z 10001820 f i CctBoxController.obj
 0001:00000820       ??_GPxController@physx@@MAEPAXI@Z 10001820 f i CctBoxController.obj
 0001:00000850       ??_GPxControllerManager@physx@@MAEPAXI@Z 10001850 f i CctBoxController.obj
 0001:00000880       ??_H@YGXPAXIIP6EPAX0@Z@Z   10001880 f i CctBoxController.obj
 0001:000008b0       ??_I@YGXPAXIIP6EX0@Z@Z     100018b0 f i CctBoxController.obj
 0001:000008f0       ?__empty_global_delete@@YAXPAX@Z 100018f0 f i CctBoxController.obj
 0001:00000900       ?__empty_global_delete@@YAXPAXI@Z 10001900 f i CctBoxController.obj
 0001:00000910       ?__global_array_delete@@YAXPAX@Z 10001910 f i CctBoxController.obj
 0001:00000920       ?__global_array_delete@@YAXPAXI@Z 10001920 f i CctBoxController.obj
 0001:00000930       ?__global_delete@@YAXPAX@Z 10001930 f i CctBoxController.obj
 0001:00000940       ?__global_delete@@YAXPAXI@Z 10001940 f i CctBoxController.obj
 0001:00000950       ?createController@PxControllerManager@physx@@UAEPAVPxController@2@AAVPxPhysics@2@PAVPxScene@2@ABVPxControllerDesc@2@@Z 10001950 f i CctBoxController.obj
 0001:00000990       ?getActor@BoxController@Cct@physx@@UBEPAVPxRigidDynamic@3@XZ 10001990 f i CctBoxController.obj
 0001:000009a0       ?getContactOffset@BoxController@Cct@physx@@UBEMXZ 100019a0 f i CctBoxController.obj
 0001:000009b0       ?getHalfHeightInternal@BoxController@Cct@physx@@UBEMXZ 100019b0 f i CctBoxController.obj
 0001:000009c0       ?getNonWalkableMode@BoxController@Cct@physx@@UBE?AW4Enum@PxControllerNonWalkableMode@3@XZ 100019c0 f i CctBoxController.obj
 0001:000009d0       ?getPosition@BoxController@Cct@physx@@UBEABUPxExtendedVec3@3@XZ 100019d0 f i CctBoxController.obj
 0001:000009e0       ?getPxController@BoxController@Cct@physx@@UAEPAVPxController@3@XZ 100019e0 f i CctBoxController.obj
 0001:000009f0       ?getScene@BoxController@Cct@physx@@UAEPAVPxScene@3@XZ 100019f0 f i CctBoxController.obj
 0001:00000a00       ?getSlopeLimit@BoxController@Cct@physx@@UBEMXZ 10001a00 f i CctBoxController.obj
 0001:00000a10       ?getState@BoxController@Cct@physx@@UBEXAAUPxControllerState@3@@Z 10001a10 f i CctBoxController.obj
 0001:00000a20       ?getStats@BoxController@Cct@physx@@UBEXAAUPxControllerStats@3@@Z 10001a20 f i CctBoxController.obj
 0001:00000a30       ?getStepOffset@BoxController@Cct@physx@@UBEMXZ 10001a30 f i CctBoxController.obj
 0001:00000a40       ?getType@BoxController@Cct@physx@@UBE?AW4Enum@PxControllerShapeType@3@XZ 10001a40 f i CctBoxController.obj
 0001:00000a50       ?getUpDirection@BoxController@Cct@physx@@UBE?AVPxVec3@3@XZ 10001a50 f i CctBoxController.obj
 0001:00000a70       ?getUserData@BoxController@Cct@physx@@UBEPAXXZ 10001a70 f i CctBoxController.obj
 0001:00000a80       ?release@BoxController@Cct@physx@@UAEXXZ 10001a80 f i CctBoxController.obj
 0001:00000a90       ?setContactOffset@BoxController@Cct@physx@@UAEXM@Z 10001a90 f i CctBoxController.obj
 0001:00000ab0       ?setNonWalkableMode@BoxController@Cct@physx@@UAEXW4Enum@PxControllerNonWalkableMode@3@@Z 10001ab0 f i CctBoxController.obj
 0001:00000ac0       ?setPosition@BoxController@Cct@physx@@UAE_NABUPxExtendedVec3@3@@Z 10001ac0 f i CctBoxController.obj
 0001:00000ad0       ?setSlopeLimit@BoxController@Cct@physx@@UAEXM@Z 10001ad0 f i CctBoxController.obj
 0001:00000af0       ?setStepOffset@BoxController@Cct@physx@@UAEXM@Z 10001af0 f i CctBoxController.obj
 0001:00000b10       ?setUpDirection@BoxController@Cct@physx@@UAEXABVPxVec3@3@@Z 10001b10 f i CctBoxController.obj
 0001:00000b20       ?setUserData@BoxController@Cct@physx@@UAEXPAX@Z 10001b20 f i CctBoxController.obj
 0001:00000b30       ??0CapsuleController@Cct@physx@@QAE@ABVPxControllerDesc@2@AAVPxPhysics@2@PAVPxScene@2@@Z 10001b30 f   CctCapsuleController.obj
 0001:00000bd0       ??1CapsuleController@Cct@physx@@UAE@XZ 10001bd0 f   CctCapsuleController.obj
 0001:00000bf0       ?getWorldBox@CapsuleController@Cct@physx@@UBE_NAAUPxExtendedBounds3@3@@Z 10001bf0 f   CctCapsuleController.obj
 0001:00000ca0       ?setFootPosition@CapsuleController@Cct@physx@@UAE_NABUPxExtendedVec3@3@@Z 10001ca0 f   CctCapsuleController.obj
 0001:00000d30       ?getFootPosition@CapsuleController@Cct@physx@@UBE?AUPxExtendedVec3@3@XZ 10001d30 f   CctCapsuleController.obj
 0001:00000dc0       ?invalidateCache@CapsuleController@Cct@physx@@UAEXXZ 10001dc0 f   CctCapsuleController.obj
 0001:00000e00       ?resize@CapsuleController@Cct@physx@@UAEXM@Z 10001e00 f   CctCapsuleController.obj
 0001:00000ec0       ?getClimbingMode@CapsuleController@Cct@physx@@UBE?AW4Enum@PxCapsuleClimbingMode@3@XZ 10001ec0 f   CctCapsuleController.obj
 0001:00000ed0       ?setRadius@CapsuleController@Cct@physx@@UAE_NM@Z 10001ed0 f   CctCapsuleController.obj
 0001:00000f50       ?setHeight@CapsuleController@Cct@physx@@UAE_NM@Z 10001f50 f   CctCapsuleController.obj
 0001:00000fd0       ?setClimbingMode@CapsuleController@Cct@physx@@UAE_NW4Enum@PxCapsuleClimbingMode@3@@Z 10001fd0 f   CctCapsuleController.obj
 0001:00000ff0       ?getCapsule@CapsuleController@Cct@physx@@QBEXAAUPxExtendedCapsule@3@@Z 10001ff0 f   CctCapsuleController.obj
 0001:000010c0       ??1PxCapsuleController@physx@@MAE@XZ 100020c0 f i CctCapsuleController.obj
 0001:000010c7       ??_ECapsuleController@Cct@physx@@W7AEPAXI@Z 100020c7 f i CctCapsuleController.obj
 0001:000010d0       ??_GCapsuleController@Cct@physx@@UAEPAXI@Z 100020d0 f i CctCapsuleController.obj
 0001:000010d0       ??_ECapsuleController@Cct@physx@@UAEPAXI@Z 100020d0 f i CctCapsuleController.obj
 0001:00001130       ??_GPxCapsuleController@physx@@MAEPAXI@Z 10002130 f i CctCapsuleController.obj
 0001:00001130       ??_EPxCapsuleController@physx@@MAEPAXI@Z 10002130 f i CctCapsuleController.obj
 0001:00001160       ?getActor@CapsuleController@Cct@physx@@UBEPAVPxRigidDynamic@3@XZ 10002160 f i CctCapsuleController.obj
 0001:00001170       ?getContactOffset@CapsuleController@Cct@physx@@UBEMXZ 10002170 f i CctCapsuleController.obj
 0001:00001180       ?getHalfHeightInternal@CapsuleController@Cct@physx@@UBEMXZ 10002180 f i CctCapsuleController.obj
 0001:000011a0       ?getHeight@CapsuleController@Cct@physx@@UBEMXZ 100021a0 f i CctCapsuleController.obj
 0001:000011b0       ?getNonWalkableMode@CapsuleController@Cct@physx@@UBE?AW4Enum@PxControllerNonWalkableMode@3@XZ 100021b0 f i CctCapsuleController.obj
 0001:000011c0       ?getPosition@CapsuleController@Cct@physx@@UBEABUPxExtendedVec3@3@XZ 100021c0 f i CctCapsuleController.obj
 0001:000011d0       ?getPxController@CapsuleController@Cct@physx@@UAEPAVPxController@3@XZ 100021d0 f i CctCapsuleController.obj
 0001:000011e0       ?getRadius@CapsuleController@Cct@physx@@UBEMXZ 100021e0 f i CctCapsuleController.obj
 0001:000011f0       ?getScene@CapsuleController@Cct@physx@@UAEPAVPxScene@3@XZ 100021f0 f i CctCapsuleController.obj
 0001:00001200       ?getSlopeLimit@CapsuleController@Cct@physx@@UBEMXZ 10002200 f i CctCapsuleController.obj
 0001:00001210       ?getState@CapsuleController@Cct@physx@@UBEXAAUPxControllerState@3@@Z 10002210 f i CctCapsuleController.obj
 0001:00001220       ?getStats@CapsuleController@Cct@physx@@UBEXAAUPxControllerStats@3@@Z 10002220 f i CctCapsuleController.obj
 0001:00001230       ?getStepOffset@CapsuleController@Cct@physx@@UBEMXZ 10002230 f i CctCapsuleController.obj
 0001:00001240       ?getType@CapsuleController@Cct@physx@@UBE?AW4Enum@PxControllerShapeType@3@XZ 10002240 f i CctCapsuleController.obj
 0001:00001250       ?getUpDirection@CapsuleController@Cct@physx@@UBE?AVPxVec3@3@XZ 10002250 f i CctCapsuleController.obj
 0001:00001270       ?getUserData@CapsuleController@Cct@physx@@UBEPAXXZ 10002270 f i CctCapsuleController.obj
 0001:00001280       ?release@CapsuleController@Cct@physx@@UAEXXZ 10002280 f i CctCapsuleController.obj
 0001:00001290       ?setContactOffset@CapsuleController@Cct@physx@@UAEXM@Z 10002290 f i CctCapsuleController.obj
 0001:000012b0       ?setNonWalkableMode@CapsuleController@Cct@physx@@UAEXW4Enum@PxControllerNonWalkableMode@3@@Z 100022b0 f i CctCapsuleController.obj
 0001:000012c0       ?setPosition@CapsuleController@Cct@physx@@UAE_NABUPxExtendedVec3@3@@Z 100022c0 f i CctCapsuleController.obj
 0001:000012d0       ?setSlopeLimit@CapsuleController@Cct@physx@@UAEXM@Z 100022d0 f i CctCapsuleController.obj
 0001:000012f0       ?setStepOffset@CapsuleController@Cct@physx@@UAEXM@Z 100022f0 f i CctCapsuleController.obj
 0001:00001310       ?setUpDirection@CapsuleController@Cct@physx@@UAEXABVPxVec3@3@@Z 10002310 f i CctCapsuleController.obj
 0001:00001320       ?setUserData@CapsuleController@Cct@physx@@UAEXPAX@Z 10002320 f i CctCapsuleController.obj
 0001:00001330       ??0CCTParams@Cct@physx@@QAE@XZ 10002330 f   CctCharacterController.obj
 0001:000013a0       ??0SweepTest@Cct@physx@@QAE@XZ 100023a0 f   CctCharacterController.obj
 0001:00001500       ??1SweepTest@Cct@physx@@QAE@XZ 10002500 f   CctCharacterController.obj
 0001:00001570       ?moveCharacter@SweepTest@Cct@physx@@QAE?AV?$PxFlags@W4Enum@PxControllerCollisionFlag@physx@@E@3@PBUInternalCBData_FindTouchedGeom@23@PBUInternalCBData_OnHit@23@AAVSweptVolume@23@ABVPxVec3@3@ABUUserObstacles@23@MABVPxControllerFilters@3@_N6@Z 10002570 f   CctCharacterController.obj
 0001:00001e40       ?doSweepTest@SweepTest@Cct@physx@@QAE_NPBUInternalCBData_FindTouchedGeom@23@PBUInternalCBData_OnHit@23@ABUUserObstacles@23@AAVSweptVolume@23@ABVPxVec3@3@4IPAIMABVPxControllerFilters@3@W4SweepPass@23@@Z 10002e40 f   CctCharacterController.obj
 0001:00002af0       ?findTouchedObstacles@SweepTest@Cct@physx@@QAEXABUUserObstacles@23@ABUPxExtendedBounds3@3@@Z 10003af0 f   CctCharacterController.obj
 0001:00003250       ?voidTestCache@SweepTest@Cct@physx@@QAEXXZ 10004250 f   CctCharacterController.obj
 0001:00003290       ?onRelease@SweepTest@Cct@physx@@QAEXABVPxBase@3@@Z 10004290 f   CctCharacterController.obj
 0001:00003330       ?onObstacleRemoved@SweepTest@Cct@physx@@QAEXI@Z 10004330 f   CctCharacterController.obj
 0001:00003350       ?onObstacleUpdated@SweepTest@Cct@physx@@QAEXIPBVPxObstacleContext@3@ABVPxVec3@3@1M@Z 10004350 f   CctCharacterController.obj
 0001:00003450       ?onObstacleAdded@SweepTest@Cct@physx@@QAEXIPBVPxObstacleContext@3@ABVPxVec3@3@1M@Z 10004450 f   CctCharacterController.obj
 0001:000035a0       ?onOriginShift@SweepTest@Cct@physx@@QAEXABVPxVec3@3@@Z 100045a0 f   CctCharacterController.obj
 0001:00003740       ?updateTouchedGeoms@SweepTest@Cct@physx@@AAEXPBUInternalCBData_FindTouchedGeom@23@ABUUserObstacles@23@ABUPxExtendedBounds3@3@ABVPxControllerFilters@3@ABVPxVec3@3@@Z 10004740 f   CctCharacterController.obj
 0001:00003df0       ?findTouchedObject@Controller@Cct@physx@@IAEXABVPxControllerFilters@3@PBVPxObstacleContext@3@ABVPxVec3@3@@Z 10004df0 f   CctCharacterController.obj
 0001:000042b0       ?rideOnTouchedObject@Controller@Cct@physx@@IAE_NAAVSweptVolume@23@ABVPxVec3@3@AAV53@PBVPxObstacleContext@3@@Z 100052b0 f   CctCharacterController.obj
 0001:00004840       ?move@Controller@Cct@physx@@IAE?AV?$PxFlags@W4Enum@PxControllerCollisionFlag@physx@@E@3@AAVSweptVolume@23@ABVPxVec3@3@MMABVPxControllerFilters@3@PBVPxObstacleContext@3@_N@Z 10005840 f   CctCharacterController.obj
 0001:00005570       ?filterTouchedShape@Controller@Cct@physx@@IAE_NABVPxControllerFilters@3@@Z 10006570 f   CctCharacterController.obj
 0001:00006a40       ?move@BoxController@Cct@physx@@UAE?AV?$PxFlags@W4Enum@PxControllerCollisionFlag@physx@@E@3@ABVPxVec3@3@MMABVPxControllerFilters@3@PBVPxObstacleContext@3@@Z 10007a40 f   CctCharacterController.obj
 0001:00006b00       ?move@CapsuleController@Cct@physx@@UAE?AV?$PxFlags@W4Enum@PxControllerCollisionFlag@physx@@E@3@ABVPxVec3@3@MMABVPxControllerFilters@3@PBVPxObstacleContext@3@@Z 10007b00 f   CctCharacterController.obj
 0001:00006bd0       ??0PxMat33@physx@@QAE@ABV01@@Z 10007bd0 f i CctCharacterController.obj
 0001:00006c10       ??0PxVec3@physx@@QAE@XZ    10007c10 f i CctCharacterController.obj
 0001:00006c20       ??1?$PxHitBuffer@UPxRaycastHit@physx@@@physx@@UAE@XZ 10007c20 f i CctCharacterController.obj
 0001:00006c30       ??1?$PxHitCallback@UPxRaycastHit@physx@@@physx@@UAE@XZ 10007c30 f i CctCharacterController.obj
 0001:00006c40       ??1PxQueryFilterCallback@physx@@UAE@XZ 10007c40 f i CctCharacterController.obj
 0001:00006c50       ??4CCTParams@Cct@physx@@QAEAAU012@ABU012@@Z 10007c50 f i CctCharacterController.obj
 0001:00006ce0       ??4PxRaycastHit@physx@@QAEAAU01@ABU01@@Z 10007ce0 f i CctCharacterController.obj
 0001:00006d50       ??_G?$PxHitBuffer@UPxRaycastHit@physx@@@physx@@UAEPAXI@Z 10007d50 f i CctCharacterController.obj
 0001:00006d50       ??_E?$PxHitBuffer@UPxRaycastHit@physx@@@physx@@UAEPAXI@Z 10007d50 f i CctCharacterController.obj
 0001:00006d80       ??_E?$PxHitCallback@UPxRaycastHit@physx@@@physx@@UAEPAXI@Z 10007d80 f i CctCharacterController.obj
 0001:00006d80       ??_G?$PxHitCallback@UPxRaycastHit@physx@@@physx@@UAEPAXI@Z 10007d80 f i CctCharacterController.obj
 0001:00006db0       ??_EControllerFilter@@UAEPAXI@Z 10007db0 f i CctCharacterController.obj
 0001:00006db0       ??_GControllerFilter@@UAEPAXI@Z 10007db0 f i CctCharacterController.obj
 0001:00006de0       ??_EPxQueryFilterCallback@physx@@UAEPAXI@Z 10007de0 f i CctCharacterController.obj
 0001:00006de0       ??_GPxQueryFilterCallback@physx@@UAEPAXI@Z 10007de0 f i CctCharacterController.obj
 0001:00006fa0       ?allocate@?$Array@IV?$ReflectionAllocator@I@shdfnd@physx@@@shdfnd@physx@@IAEPAII@Z 10007fa0 f i CctCharacterController.obj
 0001:00007020       ?allocate@?$Array@PBXV?$ReflectionAllocator@PBX@shdfnd@physx@@@shdfnd@physx@@IAEPAPBXI@Z 10008020 f i CctCharacterController.obj
 0001:000070a0       ?allocate@?$Array@UPxExtendedCapsule@physx@@V?$ReflectionAllocator@UPxExtendedCapsule@physx@@@shdfnd@2@@shdfnd@physx@@IAEPAUPxExtendedCapsule@3@I@Z 100080a0 f i CctCharacterController.obj
 0001:00007120       ?allocate@?$Array@VPxExtendedBox@physx@@V?$ReflectionAllocator@VPxExtendedBox@physx@@@shdfnd@2@@shdfnd@physx@@IAEPAVPxExtendedBox@3@I@Z 10008120 f i CctCharacterController.obj
 0001:000078b0       ?copy@?$Array@UPxExtendedCapsule@physx@@V?$ReflectionAllocator@UPxExtendedCapsule@physx@@@shdfnd@2@@shdfnd@physx@@KAXPAUPxExtendedCapsule@3@0PBU43@@Z 100088b0 f i CctCharacterController.obj
 0001:000078f0       ?copy@?$Array@VPxExtendedBox@physx@@V?$ReflectionAllocator@VPxExtendedBox@physx@@@shdfnd@2@@shdfnd@physx@@KAXPAVPxExtendedBox@3@0PBV43@@Z 100088f0 f i CctCharacterController.obj
 0001:00007970       ?finalizeQuery@?$PxHitCallback@UPxRaycastHit@physx@@@physx@@UAEXXZ 10008970 f i CctCharacterController.obj
 0001:00007980       ?find@?$HashBase@PAVPxShape@physx@@PAV12@U?$Hash@PAVPxShape@physx@@@shdfnd@2@UGetKey@?$HashSetBase@PAVPxShape@physx@@U?$Hash@PAVPxShape@physx@@@shdfnd@2@VAllocator@42@$0A@@internal@42@VAllocator@42@$0A@@internal@shdfnd@physx@@QBEPBQAVPxShape@4@ABQAV54@@Z 10008980 f i CctCharacterController.obj
 0001:00007a10       ?getGlobalPose@PxShapeExt@physx@@SA?AVPxTransform@2@ABVPxShape@2@ABVPxRigidActor@2@@Z 10008a10 f i CctCharacterController.obj
 0001:00007c50       ?growAndPushBack@?$Array@PBXV?$ReflectionAllocator@PBX@shdfnd@physx@@@shdfnd@physx@@IAEAAPBXABQBX@Z 10008c50 f i CctCharacterController.obj
 0001:00007ce0       ?growAndPushBack@?$Array@UPxExtendedCapsule@physx@@V?$ReflectionAllocator@UPxExtendedCapsule@physx@@@shdfnd@2@@shdfnd@physx@@IAEAAUPxExtendedCapsule@3@ABU43@@Z 10008ce0 f i CctCharacterController.obj
 0001:00007da0       ?growAndPushBack@?$Array@VPxExtendedBox@physx@@V?$ReflectionAllocator@VPxExtendedBox@physx@@@shdfnd@2@@shdfnd@physx@@IAEAAVPxExtendedBox@3@ABV43@@Z 10008da0 f i CctCharacterController.obj
 0001:00007e70       ?postFilter@ControllerFilter@@UAE?AW4Enum@PxQueryHitType@physx@@ABUPxFilterData@4@ABUPxQueryHit@4@@Z 10008e70 f i CctCharacterController.obj
 0001:00007e90       ?preFilter@ControllerFilter@@UAE?AW4Enum@PxQueryHitType@physx@@ABUPxFilterData@4@PBVPxShape@4@PBVPxRigidActor@4@AAV?$PxFlags@W4Enum@PxHitFlag@physx@@G@4@@Z 10008e90 f i CctCharacterController.obj
 0001:00007ef0       ?processTouches@?$PxHitBuffer@UPxRaycastHit@physx@@@physx@@MAE_NPBUPxRaycastHit@2@I@Z 10008ef0 f i CctCharacterController.obj
 0001:00007f00       ?recreate@?$Array@IV?$ReflectionAllocator@I@shdfnd@physx@@@shdfnd@physx@@IAEXI@Z 10008f00 f i CctCharacterController.obj
 0001:00008030       ?resizeUninitialized@?$Array@IV?$ReflectionAllocator@I@shdfnd@physx@@@shdfnd@physx@@QAEXI@Z 10009030 f i CctCharacterController.obj
 0001:000082d0       ?getSceneTimestamp@Cct@physx@@YAIPBUInternalCBData_FindTouchedGeom@12@@Z 100092d0 f   CctCharacterControllerCallbacks.obj
 0001:000082f0       ?findTouchedGeometry@Cct@physx@@YAXPBUInternalCBData_FindTouchedGeom@12@ABUPxExtendedBounds3@2@AAV?$Array@VPxTriangle@physx@@V?$ReflectionAllocator@VPxTriangle@physx@@@shdfnd@2@@shdfnd@2@AAV?$Array@IV?$ReflectionAllocator@I@shdfnd@physx@@@62@3ABVCCTFilter@12@ABUCCTParams@12@AAG@Z 100092f0 f   CctCharacterControllerCallbacks.obj
 0001:00008720       ?shapeHitCallback@Cct@physx@@YAIPBUInternalCBData_OnHit@12@ABUSweptContact@12@ABVPxVec3@2@M@Z 10009720 f   CctCharacterControllerCallbacks.obj
 0001:000087e0       ?userHitCallback@Cct@physx@@YAIPBUInternalCBData_OnHit@12@ABUSweptContact@12@ABVPxVec3@2@M@Z 100097e0 f   CctCharacterControllerCallbacks.obj
 0001:000089a0       ??0PxOverlapHit@physx@@QAE@XZ 100099a0 f i CctCharacterControllerCallbacks.obj
 0001:000089c0       ??1?$PxHitBuffer@UPxOverlapHit@physx@@@physx@@UAE@XZ 100099c0 f i CctCharacterControllerCallbacks.obj
 0001:000089d0       ??1?$PxHitCallback@UPxOverlapHit@physx@@@physx@@UAE@XZ 100099d0 f i CctCharacterControllerCallbacks.obj
 0001:000089e0       ??_E?$PxHitBuffer@UPxOverlapHit@physx@@@physx@@UAEPAXI@Z 100099e0 f i CctCharacterControllerCallbacks.obj
 0001:000089e0       ??_G?$PxHitBuffer@UPxOverlapHit@physx@@@physx@@UAEPAXI@Z 100099e0 f i CctCharacterControllerCallbacks.obj
 0001:00008a10       ??_G?$PxHitCallback@UPxOverlapHit@physx@@@physx@@UAEPAXI@Z 10009a10 f i CctCharacterControllerCallbacks.obj
 0001:00008a10       ??_E?$PxHitCallback@UPxOverlapHit@physx@@@physx@@UAEPAXI@Z 10009a10 f i CctCharacterControllerCallbacks.obj
 0001:00008a40       ?allocate@?$Array@VPxTriangle@physx@@V?$ReflectionAllocator@VPxTriangle@physx@@@shdfnd@2@@shdfnd@physx@@IAEPAVPxTriangle@3@I@Z 10009a40 f i CctCharacterControllerCallbacks.obj
 0001:00008ac0       ?copy@?$Array@VPxTriangle@physx@@V?$ReflectionAllocator@VPxTriangle@physx@@@shdfnd@2@@shdfnd@physx@@KAXPAVPxTriangle@3@0PBV43@@Z 10009ac0 f i CctCharacterControllerCallbacks.obj
 0001:00009220       ?finalizeQuery@?$PxHitCallback@UPxOverlapHit@physx@@@physx@@UAEXXZ 1000a220 f i CctCharacterControllerCallbacks.obj
 0001:00009230       ?growAndPushBack@?$Array@IV?$ReflectionAllocator@I@shdfnd@physx@@@shdfnd@physx@@IAEAAIABI@Z 1000a230 f i CctCharacterControllerCallbacks.obj
 0001:000092c0       ?growAndPushBack@?$Array@VPxTriangle@physx@@V?$ReflectionAllocator@VPxTriangle@physx@@@shdfnd@2@@shdfnd@physx@@IAEAAVPxTriangle@3@ABV43@@Z 1000a2c0 f i CctCharacterControllerCallbacks.obj
 0001:0000cdf0       ?processTouches@?$PxHitBuffer@UPxOverlapHit@physx@@@physx@@MAE_NPBUPxOverlapHit@2@I@Z 1000ddf0 f i CctCharacterControllerCallbacks.obj
 0001:0000ce00       ?recreate@?$Array@VPxTriangle@physx@@V?$ReflectionAllocator@VPxTriangle@physx@@@shdfnd@2@@shdfnd@physx@@IAEXI@Z 1000de00 f i CctCharacterControllerCallbacks.obj
 0001:0000ce60       ?resizeUninitialized@?$Array@VPxTriangle@physx@@V?$ReflectionAllocator@VPxTriangle@physx@@@shdfnd@2@@shdfnd@physx@@QAEXI@Z 1000de60 f i CctCharacterControllerCallbacks.obj
 0001:0000d550       _PxCreateControllerManager 1000e550 f   CctCharacterControllerManager.obj
 0001:0000d5c0       ??0CharacterControllerManager@Cct@physx@@QAE@AAVPxScene@2@_N@Z 1000e5c0 f   CctCharacterControllerManager.obj
 0001:0000d6e0       ??1CharacterControllerManager@Cct@physx@@UAE@XZ 1000e6e0 f   CctCharacterControllerManager.obj
 0001:0000d7e0       ?release@CharacterControllerManager@Cct@physx@@UAEXXZ 1000e7e0 f   CctCharacterControllerManager.obj
 0001:0000d8c0       ?getScene@CharacterControllerManager@Cct@physx@@UBEAAVPxScene@3@XZ 1000e8c0 f   CctCharacterControllerManager.obj
 0001:0000d8d0       ?getNbControllers@CharacterControllerManager@Cct@physx@@UBEIXZ 1000e8d0 f   CctCharacterControllerManager.obj
 0001:0000d8e0       ?getController@CharacterControllerManager@Cct@physx@@UAEPAVPxController@3@I@Z 1000e8e0 f   CctCharacterControllerManager.obj
 0001:0000d920       ?createController@CharacterControllerManager@Cct@physx@@UAEPAVPxController@3@ABVPxControllerDesc@3@@Z 1000e920 f   CctCharacterControllerManager.obj
 0001:0000dac0       ?purgeControllers@CharacterControllerManager@Cct@physx@@UAEXXZ 1000eac0 f   CctCharacterControllerManager.obj
 0001:0000db70       ?getRenderBuffer@CharacterControllerManager@Cct@physx@@UAEAAVPxRenderBuffer@3@XZ 1000eb70 f   CctCharacterControllerManager.obj
 0001:0000dbe0       ?setDebugRenderingFlags@CharacterControllerManager@Cct@physx@@UAEXV?$PxFlags@W4Enum@PxControllerDebugRenderFlag@physx@@I@3@@Z 1000ebe0 f   CctCharacterControllerManager.obj
 0001:0000dc10       ?getNbObstacleContexts@CharacterControllerManager@Cct@physx@@UBEIXZ 1000ec10 f   CctCharacterControllerManager.obj
 0001:0000dc20       ?getObstacleContext@CharacterControllerManager@Cct@physx@@UAEPAVPxObstacleContext@3@I@Z 1000ec20 f   CctCharacterControllerManager.obj
 0001:0000dc60       ?createObstacleContext@CharacterControllerManager@Cct@physx@@UAEPAVPxObstacleContext@3@XZ 1000ec60 f   CctCharacterControllerManager.obj
 0001:0000dd00       ?computeInteractions@CharacterControllerManager@Cct@physx@@UAEXMPAVPxControllerFilterCallback@3@@Z 1000ed00 f   CctCharacterControllerManager.obj
 0001:0000deb0       ?setTessellation@CharacterControllerManager@Cct@physx@@UAEX_NM@Z 1000eeb0 f   CctCharacterControllerManager.obj
 0001:0000ded0       ?setOverlapRecoveryModule@CharacterControllerManager@Cct@physx@@UAEX_N@Z 1000eed0 f   CctCharacterControllerManager.obj
 0001:0000dee0       ?setPreciseSweeps@CharacterControllerManager@Cct@physx@@UAEX_N@Z 1000eee0 f   CctCharacterControllerManager.obj
 0001:0000def0       ?setPreventVerticalSlidingAgainstCeiling@CharacterControllerManager@Cct@physx@@UAEX_N@Z 1000eef0 f   CctCharacterControllerManager.obj
 0001:0000df00       ?shiftOrigin@CharacterControllerManager@Cct@physx@@UAEXABVPxVec3@3@@Z 1000ef00 f   CctCharacterControllerManager.obj
 0001:0000df90       ?onObstacleRemoved@CharacterControllerManager@Cct@physx@@QBEXI@Z 1000ef90 f   CctCharacterControllerManager.obj
 0001:0000dfc0       ?onObstacleUpdated@CharacterControllerManager@Cct@physx@@QBEXIPBVPxObstacleContext@3@@Z 1000efc0 f   CctCharacterControllerManager.obj
 0001:0000e090       ?onObstacleAdded@CharacterControllerManager@Cct@physx@@QBEXIPBVPxObstacleContext@3@@Z 1000f090 f   CctCharacterControllerManager.obj
 0001:0000e160       ?releaseController@CharacterControllerManager@Cct@physx@@QAEXAAVPxController@3@@Z 1000f160 f   CctCharacterControllerManager.obj
 0001:0000e1f0       ?getControllers@CharacterControllerManager@Cct@physx@@QAEPAPAVController@23@XZ 1000f1f0 f   CctCharacterControllerManager.obj
 0001:0000e200       ?releaseObstacleContext@CharacterControllerManager@Cct@physx@@QAEXAAVObstacleContext@23@@Z 1000f200 f   CctCharacterControllerManager.obj
 0001:0000e250       ?resetObstaclesBuffers@CharacterControllerManager@Cct@physx@@QAEXXZ 1000f250 f   CctCharacterControllerManager.obj
 0001:0000e350       ??$append@UPxDebugLine@physx@@@RenderBuffer@Cm@physx@@AAEXAAV?$Array@UPxDebugLine@physx@@V?$ReflectionAllocator@UPxDebugLine@physx@@@shdfnd@2@@shdfnd@2@PBUPxDebugLine@2@I@Z 1000f350 f i CctCharacterControllerManager.obj
 0001:0000e400       ??$append@UPxDebugPoint@physx@@@RenderBuffer@Cm@physx@@AAEXAAV?$Array@UPxDebugPoint@physx@@V?$ReflectionAllocator@UPxDebugPoint@physx@@@shdfnd@2@@shdfnd@2@PBUPxDebugPoint@2@I@Z 1000f400 f i CctCharacterControllerManager.obj
 0001:0000e480       ??$append@UPxDebugText@physx@@@RenderBuffer@Cm@physx@@AAEXAAV?$Array@UPxDebugText@physx@@V?$ReflectionAllocator@UPxDebugText@physx@@@shdfnd@2@@shdfnd@2@PBUPxDebugText@2@I@Z 1000f480 f i CctCharacterControllerManager.obj
 0001:0000e530       ??$append@UPxDebugTriangle@physx@@@RenderBuffer@Cm@physx@@AAEXAAV?$Array@UPxDebugTriangle@physx@@V?$ReflectionAllocator@UPxDebugTriangle@physx@@@shdfnd@2@@shdfnd@2@PBUPxDebugTriangle@2@I@Z 1000f530 f i CctCharacterControllerManager.obj
 0001:0000e600       ??$resetOrClear@V?$Array@PBXV?$ReflectionAllocator@PBX@shdfnd@physx@@@shdfnd@physx@@@@YAXAAV?$Array@PBXV?$ReflectionAllocator@PBX@shdfnd@physx@@@shdfnd@physx@@@Z 1000f600 f i CctCharacterControllerManager.obj
 0001:0000e650       ??$resetOrClear@V?$Array@UPxExtendedCapsule@physx@@V?$ReflectionAllocator@UPxExtendedCapsule@physx@@@shdfnd@2@@shdfnd@physx@@@@YAXAAV?$Array@UPxExtendedCapsule@physx@@V?$ReflectionAllocator@UPxExtendedCapsule@physx@@@shdfnd@2@@shdfnd@physx@@@Z 1000f650 f i CctCharacterControllerManager.obj
 0001:0000e6b0       ??$resetOrClear@V?$Array@VPxExtendedBox@physx@@V?$ReflectionAllocator@VPxExtendedBox@physx@@@shdfnd@2@@shdfnd@physx@@@@YAXAAV?$Array@VPxExtendedBox@physx@@V?$ReflectionAllocator@VPxExtendedBox@physx@@@shdfnd@2@@shdfnd@physx@@@Z 1000f6b0 f i CctCharacterControllerManager.obj
 0001:0000e700       ??0RenderBuffer@Cm@physx@@QAE@XZ 1000f700 f i CctCharacterControllerManager.obj
 0001:0000e780       ??1PxRenderBuffer@physx@@UAE@XZ 1000f780 f i CctCharacterControllerManager.obj
 0001:0000e790       ??1RenderBuffer@Cm@physx@@UAE@XZ 1000f790 f i CctCharacterControllerManager.obj
 0001:0000e840       ??_ECharacterControllerManager@Cct@physx@@UAEPAXI@Z 1000f840 f i CctCharacterControllerManager.obj
 0001:0000e840       ??_GCharacterControllerManager@Cct@physx@@UAEPAXI@Z 1000f840 f i CctCharacterControllerManager.obj
 0001:0000e880       ??_GPxRenderBuffer@physx@@UAEPAXI@Z 1000f880 f i CctCharacterControllerManager.obj
 0001:0000e880       ??_EPxRenderBuffer@physx@@UAEPAXI@Z 1000f880 f i CctCharacterControllerManager.obj
 0001:0000e8b0       ??_ERenderBuffer@Cm@physx@@UAEPAXI@Z 1000f8b0 f i CctCharacterControllerManager.obj
 0001:0000e8b0       ??_GRenderBuffer@Cm@physx@@UAEPAXI@Z 1000f8b0 f i CctCharacterControllerManager.obj
 0001:0000f3a0       ?allocate@?$Array@PAVController@Cct@physx@@V?$ReflectionAllocator@PAVController@Cct@physx@@@shdfnd@3@@shdfnd@physx@@IAEPAPAVController@Cct@3@I@Z 100103a0 f i CctCharacterControllerManager.obj
 0001:0000f420       ?allocate@?$Array@PAVObstacleContext@Cct@physx@@V?$ReflectionAllocator@PAVObstacleContext@Cct@physx@@@shdfnd@3@@shdfnd@physx@@IAEPAPAVObstacleContext@Cct@3@I@Z 10010420 f i CctCharacterControllerManager.obj
 0001:0000f4a0       ?allocate@?$Array@UPxDebugLine@physx@@V?$ReflectionAllocator@UPxDebugLine@physx@@@shdfnd@2@@shdfnd@physx@@IAEPAUPxDebugLine@3@I@Z 100104a0 f i CctCharacterControllerManager.obj
 0001:0000f510       ?allocate@?$Array@UPxDebugPoint@physx@@V?$ReflectionAllocator@UPxDebugPoint@physx@@@shdfnd@2@@shdfnd@physx@@IAEPAUPxDebugPoint@3@I@Z 10010510 f i CctCharacterControllerManager.obj
 0001:0000f580       ?allocate@?$Array@UPxDebugText@physx@@V?$ReflectionAllocator@UPxDebugText@physx@@@shdfnd@2@@shdfnd@physx@@IAEPAUPxDebugText@3@I@Z 10010580 f i CctCharacterControllerManager.obj
 0001:0000f600       ?allocate@?$Array@UPxDebugTriangle@physx@@V?$ReflectionAllocator@UPxDebugTriangle@physx@@@shdfnd@2@@shdfnd@physx@@IAEPAUPxDebugTriangle@3@I@Z 10010600 f i CctCharacterControllerManager.obj
 0001:0000f680       ?append@RenderBuffer@Cm@physx@@UAEXABVPxRenderBuffer@3@@Z 10010680 f i CctCharacterControllerManager.obj
 0001:0000f700       ?clear@RenderBuffer@Cm@physx@@UAEXXZ 10010700 f i CctCharacterControllerManager.obj
 0001:0000fc60       ?copy@?$Array@UPxDebugLine@physx@@V?$ReflectionAllocator@UPxDebugLine@physx@@@shdfnd@2@@shdfnd@physx@@KAXPAUPxDebugLine@3@0PBU43@@Z 10010c60 f i CctCharacterControllerManager.obj
 0001:0000fcd0       ?copy@?$Array@UPxDebugPoint@physx@@V?$ReflectionAllocator@UPxDebugPoint@physx@@@shdfnd@2@@shdfnd@physx@@KAXPAUPxDebugPoint@3@0PBU43@@Z 10010cd0 f i CctCharacterControllerManager.obj
 0001:0000fd20       ?copy@?$Array@UPxDebugText@physx@@V?$ReflectionAllocator@UPxDebugText@physx@@@shdfnd@2@@shdfnd@physx@@KAXPAUPxDebugText@3@0PBU43@@Z 10010d20 f i CctCharacterControllerManager.obj
 0001:0000fd80       ?copy@?$Array@UPxDebugTriangle@physx@@V?$ReflectionAllocator@UPxDebugTriangle@physx@@@shdfnd@2@@shdfnd@physx@@KAXPAUPxDebugTriangle@3@0PBU43@@Z 10010d80 f i CctCharacterControllerManager.obj
 0001:0000fe00       ?create@?$Array@UPxExtendedCapsule@physx@@V?$ReflectionAllocator@UPxExtendedCapsule@physx@@@shdfnd@2@@shdfnd@physx@@KAXPAUPxExtendedCapsule@3@0ABU43@@Z 10010e00 f i CctCharacterControllerManager.obj
 0001:0000fe40       ?create@?$Array@VPxExtendedBox@physx@@V?$ReflectionAllocator@VPxExtendedBox@physx@@@shdfnd@2@@shdfnd@physx@@KAXPAVPxExtendedBox@3@0ABV43@@Z 10010e40 f i CctCharacterControllerManager.obj
 0001:0000feb0       ?create@?$HashBase@PAVPxShape@physx@@PAV12@U?$Hash@PAVPxShape@physx@@@shdfnd@2@UGetKey@?$HashSetBase@PAVPxShape@physx@@U?$Hash@PAVPxShape@physx@@@shdfnd@2@VAllocator@42@$0A@@internal@42@VAllocator@42@$0A@@internal@shdfnd@physx@@QAEPAPAVPxShape@4@ABQAV54@AA_N@Z 10010eb0 f i CctCharacterControllerManager.obj
 0001:0000ffe0       ?createController@CharacterControllerManager@Cct@physx@@UAEPAVPxController@3@AAVPxPhysics@3@PAVPxScene@3@ABVPxControllerDesc@3@@Z 10010fe0 f i CctCharacterControllerManager.obj
 0001:00010020       ?erase@?$HashBase@PAVPxShape@physx@@PAV12@U?$Hash@PAVPxShape@physx@@@shdfnd@2@UGetKey@?$HashSetBase@PAVPxShape@physx@@U?$Hash@PAVPxShape@physx@@@shdfnd@2@VAllocator@42@$0A@@internal@42@VAllocator@42@$0A@@internal@shdfnd@physx@@QAE_NABQAVPxShape@4@@Z 10011020 f i CctCharacterControllerManager.obj
 0001:000101c0       ?freeListAdd@?$HashBase@PAVPxShape@physx@@PAV12@U?$Hash@PAVPxShape@physx@@@shdfnd@2@UGetKey@?$HashSetBase@PAVPxShape@physx@@U?$Hash@PAVPxShape@physx@@@shdfnd@2@VAllocator@42@$0A@@internal@42@VAllocator@42@$0A@@internal@shdfnd@physx@@AAEXII@Z 100111c0 f i CctCharacterControllerManager.obj
 0001:00010290       ?getLines@RenderBuffer@Cm@physx@@UBEPBUPxDebugLine@3@XZ 10011290 f i CctCharacterControllerManager.obj
 0001:000102a0       ?getNbLines@RenderBuffer@Cm@physx@@UBEIXZ 100112a0 f i CctCharacterControllerManager.obj
 0001:000102b0       ?getNbPoints@RenderBuffer@Cm@physx@@UBEIXZ 100112b0 f i CctCharacterControllerManager.obj
 0001:000102c0       ?getNbTexts@RenderBuffer@Cm@physx@@UBEIXZ 100112c0 f i CctCharacterControllerManager.obj
 0001:000102d0       ?getNbTriangles@RenderBuffer@Cm@physx@@UBEIXZ 100112d0 f i CctCharacterControllerManager.obj
 0001:000102e0       ?getPoints@RenderBuffer@Cm@physx@@UBEPBUPxDebugPoint@3@XZ 100112e0 f i CctCharacterControllerManager.obj
 0001:000102f0       ?getTexts@RenderBuffer@Cm@physx@@UBEPBUPxDebugText@3@XZ 100112f0 f i CctCharacterControllerManager.obj
 0001:00010300       ?getTriangles@RenderBuffer@Cm@physx@@UBEPBUPxDebugTriangle@3@XZ 10011300 f i CctCharacterControllerManager.obj
 0001:00010310       ?growAndPushBack@?$Array@PAVController@Cct@physx@@V?$ReflectionAllocator@PAVController@Cct@physx@@@shdfnd@3@@shdfnd@physx@@IAEAAPAVController@Cct@3@ABQAV453@@Z 10011310 f i CctCharacterControllerManager.obj
 0001:000103a0       ?growAndPushBack@?$Array@PAVObstacleContext@Cct@physx@@V?$ReflectionAllocator@PAVObstacleContext@Cct@physx@@@shdfnd@3@@shdfnd@physx@@IAEAAPAVObstacleContext@Cct@3@ABQAV453@@Z 100113a0 f i CctCharacterControllerManager.obj
 0001:00010430       ?growAndPushBack@?$Array@UPxDebugLine@physx@@V?$ReflectionAllocator@UPxDebugLine@physx@@@shdfnd@2@@shdfnd@physx@@IAEAAUPxDebugLine@3@ABU43@@Z 10011430 f i CctCharacterControllerManager.obj
 0001:000104e0       ?growAndPushBack@?$Array@UPxDebugPoint@physx@@V?$ReflectionAllocator@UPxDebugPoint@physx@@@shdfnd@2@@shdfnd@physx@@IAEAAUPxDebugPoint@3@ABU43@@Z 100114e0 f i CctCharacterControllerManager.obj
 0001:00010580       ?growAndPushBack@?$Array@UPxDebugText@physx@@V?$ReflectionAllocator@UPxDebugText@physx@@@shdfnd@2@@shdfnd@physx@@IAEAAUPxDebugText@3@ABU43@@Z 10011580 f i CctCharacterControllerManager.obj
 0001:00010630       ?growAndPushBack@?$Array@UPxDebugTriangle@physx@@V?$ReflectionAllocator@UPxDebugTriangle@physx@@@shdfnd@2@@shdfnd@physx@@IAEAAUPxDebugTriangle@3@ABU43@@Z 10011630 f i CctCharacterControllerManager.obj
 0001:00010700       ?recreate@?$Array@PBXV?$ReflectionAllocator@PBX@shdfnd@physx@@@shdfnd@physx@@IAEXI@Z 10011700 f i CctCharacterControllerManager.obj
 0001:00010760       ?recreate@?$Array@UPxDebugLine@physx@@V?$ReflectionAllocator@UPxDebugLine@physx@@@shdfnd@2@@shdfnd@physx@@IAEXI@Z 10011760 f i CctCharacterControllerManager.obj
 0001:000107c0       ?recreate@?$Array@UPxDebugPoint@physx@@V?$ReflectionAllocator@UPxDebugPoint@physx@@@shdfnd@2@@shdfnd@physx@@IAEXI@Z 100117c0 f i CctCharacterControllerManager.obj
 0001:00010820       ?recreate@?$Array@UPxDebugText@physx@@V?$ReflectionAllocator@UPxDebugText@physx@@@shdfnd@2@@shdfnd@physx@@IAEXI@Z 10011820 f i CctCharacterControllerManager.obj
 0001:00010880       ?recreate@?$Array@UPxDebugTriangle@physx@@V?$ReflectionAllocator@UPxDebugTriangle@physx@@@shdfnd@2@@shdfnd@physx@@IAEXI@Z 10011880 f i CctCharacterControllerManager.obj
 0001:000108e0       ?recreate@?$Array@UPxExtendedCapsule@physx@@V?$ReflectionAllocator@UPxExtendedCapsule@physx@@@shdfnd@2@@shdfnd@physx@@IAEXI@Z 100118e0 f i CctCharacterControllerManager.obj
 0001:00010940       ?recreate@?$Array@VPxExtendedBox@physx@@V?$ReflectionAllocator@VPxExtendedBox@physx@@@shdfnd@2@@shdfnd@physx@@IAEXI@Z 10011940 f i CctCharacterControllerManager.obj
 0001:000109a0       ?reserveInternal@?$HashBase@PAVPxShape@physx@@PAV12@U?$Hash@PAVPxShape@physx@@@shdfnd@2@UGetKey@?$HashSetBase@PAVPxShape@physx@@U?$Hash@PAVPxShape@physx@@@shdfnd@2@VAllocator@42@$0A@@internal@42@VAllocator@42@$0A@@internal@shdfnd@physx@@AAEXI@Z 100119a0 f i CctCharacterControllerManager.obj
 0001:00010be0       ?resize@?$Array@PBXV?$ReflectionAllocator@PBX@shdfnd@physx@@@shdfnd@physx@@QAEXIABQBX@Z 10011be0 f i CctCharacterControllerManager.obj
 0001:00010c30       ?resize@?$Array@UPxExtendedCapsule@physx@@V?$ReflectionAllocator@UPxExtendedCapsule@physx@@@shdfnd@2@@shdfnd@physx@@QAEXIABUPxExtendedCapsule@3@@Z 10011c30 f i CctCharacterControllerManager.obj
 0001:00010c80       ?resize@?$Array@VPxExtendedBox@physx@@V?$ReflectionAllocator@VPxExtendedBox@physx@@@shdfnd@2@@shdfnd@physx@@QAEXIABVPxExtendedBox@3@@Z 10011c80 f i CctCharacterControllerManager.obj
 0001:00010cd0       ?shift@RenderBuffer@Cm@physx@@QAEXABVPxVec3@3@@Z 10011cd0 f i CctCharacterControllerManager.obj
 0001:00010e90       ??0Controller@Cct@physx@@QAE@ABVPxControllerDesc@2@PAVPxScene@2@@Z 10011e90 f   CctController.obj
 0001:00011030       ??1Controller@Cct@physx@@UAE@XZ 10012030 f   CctController.obj
 0001:000110a0       ?releaseInternal@Controller@Cct@physx@@QAEXXZ 100120a0 f   CctController.obj
 0001:000110c0       ?getInternalState@Controller@Cct@physx@@QBEXAAUPxControllerState@3@@Z 100120c0 f   CctController.obj
 0001:00011170       ?getInternalStats@Controller@Cct@physx@@QBEXAAUPxControllerStats@3@@Z 10012170 f   CctController.obj
 0001:000111b0       ?onRelease@Controller@Cct@physx@@UAEXPBVPxBase@3@PAXW4Enum@PxDeletionEventFlag@3@@Z 100121b0 f   CctController.obj
 0001:00011210       ?onOriginShift@Controller@Cct@physx@@QAEXABVPxVec3@3@@Z 10012210 f   CctController.obj
 0001:000112c0       ?setUpDirectionInternal@Controller@Cct@physx@@IAEXABVPxVec3@3@@Z 100122c0 f   CctController.obj
 0001:00011340       ?getKineShape@Controller@Cct@physx@@IBEPAVPxShape@3@XZ 10012340 f   CctController.obj
 0001:00011370       ?createProxyActor@Controller@Cct@physx@@IAE_NAAVPxPhysics@3@ABVPxGeometry@3@ABVPxMaterial@3@@Z 10012370 f   CctController.obj
 0001:00011440       ?setPos@Controller@Cct@physx@@IAE_NABUPxExtendedVec3@3@@Z 10012440 f   CctController.obj
 0001:000114d0       ??0?$MutexT@V?$ReflectionAllocator@VMutexImpl@shdfnd@physx@@@shdfnd@physx@@@shdfnd@physx@@QAE@ABV?$ReflectionAllocator@VMutexImpl@shdfnd@physx@@@12@@Z 100124d0 f i CctController.obj
 0001:00011540       ??1PxDeletionListener@physx@@MAE@XZ 10012540 f i CctController.obj
 0001:00011550       ??_GController@Cct@physx@@UAEPAXI@Z 10012550 f i CctController.obj
 0001:00011550       ??_EController@Cct@physx@@UAEPAXI@Z 10012550 f i CctController.obj
 0001:00011590       ??_EPxDeletionListener@physx@@MAEPAXI@Z 10012590 f i CctController.obj
 0001:00011590       ??_GPxDeletionListener@physx@@MAEPAXI@Z 10012590 f i CctController.obj
 0001:000115c0       ?rotationArc@shdfnd@physx@@YA?AVPxQuat@2@ABVPxVec3@2@0@Z 100125c0 f i CctController.obj
 0001:000117a0       ??0HandleManager@Cct@physx@@QAE@XZ 100127a0 f   CctObstacleContext.obj
 0001:00011860       ??1HandleManager@Cct@physx@@QAE@XZ 10012860 f   CctObstacleContext.obj
 0001:000118d0       ?Add@HandleManager@Cct@physx@@QAEIPAX@Z 100128d0 f   CctObstacleContext.obj
 0001:00011a90       ?Remove@HandleManager@Cct@physx@@QAEXI@Z 10012a90 f   CctObstacleContext.obj
 0001:00011b40       ?GetObject@HandleManager@Cct@physx@@QBEPAXI@Z 10012b40 f   CctObstacleContext.obj
 0001:00011b90       ?UpdateObject@HandleManager@Cct@physx@@QAE_NIPAX@Z 10012b90 f   CctObstacleContext.obj
 0001:00011bf0       ?SetupLists@HandleManager@Cct@physx@@AAE_NPAPAXPAG11@Z 10012bf0 f   CctObstacleContext.obj
 0001:00011c60       ??0ObstacleContext@Cct@physx@@QAE@AAVCharacterControllerManager@12@@Z 10012c60 f   CctObstacleContext.obj
 0001:00011cb0       ??1ObstacleContext@Cct@physx@@UAE@XZ 10012cb0 f   CctObstacleContext.obj
 0001:00011d70       ?release@ObstacleContext@Cct@physx@@UAEXXZ 10012d70 f   CctObstacleContext.obj
 0001:00011d80       ?getControllerManager@ObstacleContext@Cct@physx@@UBEAAVPxControllerManager@3@XZ 10012d80 f   CctObstacleContext.obj
 0001:00011d90       ?addObstacle@ObstacleContext@Cct@physx@@UAEIABVPxObstacle@3@@Z 10012d90 f   CctObstacleContext.obj
 0001:00011f70       ?removeObstacle@ObstacleContext@Cct@physx@@UAE_NI@Z 10012f70 f   CctObstacleContext.obj
 0001:00012110       ?updateObstacle@ObstacleContext@Cct@physx@@UAE_NIABVPxObstacle@3@@Z 10013110 f   CctObstacleContext.obj
 0001:000121e0       ?getNbObstacles@ObstacleContext@Cct@physx@@UBEIXZ 100131e0 f   CctObstacleContext.obj
 0001:000121f0       ?getObstacle@ObstacleContext@Cct@physx@@UBEPBVPxObstacle@3@I@Z 100131f0 f   CctObstacleContext.obj
 0001:00012230       ?getObstacleByHandle@ObstacleContext@Cct@physx@@UBEPBVPxObstacle@3@I@Z 10013230 f   CctObstacleContext.obj
 0001:000122c0       ?raycastSingle@ObstacleContext@Cct@physx@@QBEPBVPxObstacle@3@AAUPxRaycastHit@3@ABVPxVec3@3@1MAAI@Z 100132c0 f   CctObstacleContext.obj
 0001:000125c0       ?raycastSingle@ObstacleContext@Cct@physx@@QBEPBVPxObstacle@3@AAUPxRaycastHit@3@ABIABVPxVec3@3@2M@Z 100135c0 f   CctObstacleContext.obj
 0001:00012770       ?onOriginShift@ObstacleContext@Cct@physx@@QAEXABVPxVec3@3@@Z 10013770 f   CctObstacleContext.obj
 0001:00012840       ??0InternalBoxObstacle@ObstacleContext@Cct@physx@@QAE@ABU0123@@Z 10013840 f i CctObstacleContext.obj
 0001:000128a0       ??1PxObstacleContext@physx@@UAE@XZ 100138a0 f i CctObstacleContext.obj
 0001:000128b0       ??4PxBoxObstacle@physx@@QAEAAV01@ABV01@@Z 100138b0 f i CctObstacleContext.obj
 0001:00012910       ??4PxCapsuleObstacle@physx@@QAEAAV01@ABV01@@Z 10013910 f i CctObstacleContext.obj
 0001:00012960       ??_GObstacleContext@Cct@physx@@UAEPAXI@Z 10013960 f i CctObstacleContext.obj
 0001:00012960       ??_EObstacleContext@Cct@physx@@UAEPAXI@Z 10013960 f i CctObstacleContext.obj
 0001:000129a0       ??_EPxObstacleContext@physx@@UAEPAXI@Z 100139a0 f i CctObstacleContext.obj
 0001:000129a0       ??_GPxObstacleContext@physx@@UAEPAXI@Z 100139a0 f i CctObstacleContext.obj
 0001:000129d0       ?allocate@?$Array@UInternalBoxObstacle@ObstacleContext@Cct@physx@@V?$ReflectionAllocator@UInternalBoxObstacle@ObstacleContext@Cct@physx@@@shdfnd@4@@shdfnd@physx@@IAEPAUInternalBoxObstacle@ObstacleContext@Cct@3@I@Z 100139d0 f i CctObstacleContext.obj
 0001:00012a50       ?allocate@?$Array@UInternalCapsuleObstacle@ObstacleContext@Cct@physx@@V?$ReflectionAllocator@UInternalCapsuleObstacle@ObstacleContext@Cct@physx@@@shdfnd@4@@shdfnd@physx@@IAEPAUInternalCapsuleObstacle@ObstacleContext@Cct@3@I@Z 10013a50 f i CctObstacleContext.obj
 0001:00012ac0       ?copy@?$Array@UInternalBoxObstacle@ObstacleContext@Cct@physx@@V?$ReflectionAllocator@UInternalBoxObstacle@ObstacleContext@Cct@physx@@@shdfnd@4@@shdfnd@physx@@KAXPAUInternalBoxObstacle@ObstacleContext@Cct@3@0PBU4563@@Z 10013ac0 f i CctObstacleContext.obj
 0001:00012b50       ?copy@?$Array@UInternalCapsuleObstacle@ObstacleContext@Cct@physx@@V?$ReflectionAllocator@UInternalCapsuleObstacle@ObstacleContext@Cct@physx@@@shdfnd@4@@shdfnd@physx@@KAXPAUInternalCapsuleObstacle@ObstacleContext@Cct@3@0PBU4563@@Z 10013b50 f i CctObstacleContext.obj
 0001:00012bd0       ?growAndPushBack@?$Array@UInternalBoxObstacle@ObstacleContext@Cct@physx@@V?$ReflectionAllocator@UInternalBoxObstacle@ObstacleContext@Cct@physx@@@shdfnd@4@@shdfnd@physx@@IAEAAUInternalBoxObstacle@ObstacleContext@Cct@3@ABU4563@@Z 10013bd0 f i CctObstacleContext.obj
 0001:00012ca0       ?growAndPushBack@?$Array@UInternalCapsuleObstacle@ObstacleContext@Cct@physx@@V?$ReflectionAllocator@UInternalCapsuleObstacle@ObstacleContext@Cct@physx@@@shdfnd@4@@shdfnd@physx@@IAEAAUInternalCapsuleObstacle@ObstacleContext@Cct@3@ABU4563@@Z 10013ca0 f i CctObstacleContext.obj
 0001:00012d70       ?replaceWithLast@?$Array@UInternalBoxObstacle@ObstacleContext@Cct@physx@@V?$ReflectionAllocator@UInternalBoxObstacle@ObstacleContext@Cct@physx@@@shdfnd@4@@shdfnd@physx@@QAEXI@Z 10013d70 f i CctObstacleContext.obj
 0001:00012df0       ?replaceWithLast@?$Array@UInternalCapsuleObstacle@ObstacleContext@Cct@physx@@V?$ReflectionAllocator@UInternalCapsuleObstacle@ObstacleContext@Cct@physx@@@shdfnd@4@@shdfnd@physx@@QAEXI@Z 10013df0 f i CctObstacleContext.obj
 0001:00012e60       ??0SweptBox@Cct@physx@@QAE@XZ 10013e60 f   CctSweptBox.obj
 0001:00012e80       ??1SweptBox@Cct@physx@@UAE@XZ 10013e80 f   CctSweptBox.obj
 0001:00012e90       ?computeTemporalBox@SweptBox@Cct@physx@@UBEXABVSweepTest@23@AAUPxExtendedBounds3@3@ABUPxExtendedVec3@3@ABVPxVec3@3@@Z 10013e90 f   CctSweptBox.obj
 0001:00012f00       ??_GSweptBox@Cct@physx@@UAEPAXI@Z 10013f00 f i CctSweptBox.obj
 0001:00012f00       ??_ESweptBox@Cct@physx@@UAEPAXI@Z 10013f00 f i CctSweptBox.obj
 0001:00012f30       ??0SweptCapsule@Cct@physx@@QAE@XZ 10013f30 f   CctSweptCapsule.obj
 0001:00012f50       ??1SweptCapsule@Cct@physx@@UAE@XZ 10013f50 f   CctSweptCapsule.obj
 0001:00012f60       ?computeTemporalBox@SweptCapsule@Cct@physx@@UBEXABVSweepTest@23@AAUPxExtendedBounds3@3@ABUPxExtendedVec3@3@ABVPxVec3@3@@Z 10013f60 f   CctSweptCapsule.obj
 0001:00012fc0       ??_GSweptCapsule@Cct@physx@@UAEPAXI@Z 10013fc0 f i CctSweptCapsule.obj
 0001:00012fc0       ??_ESweptCapsule@Cct@physx@@UAEPAXI@Z 10013fc0 f i CctSweptCapsule.obj
 0001:00012ff0       ??0SweptVolume@Cct@physx@@QAE@XZ 10013ff0 f   CctSweptVolume.obj
 0001:00013000       ??1SweptVolume@Cct@physx@@UAE@XZ 10014000 f   CctSweptVolume.obj
 0001:00013010       ?computeTemporalBox@Cct@physx@@YAXAAUPxExtendedBounds3@2@MMMMABVPxVec3@2@ABUPxExtendedVec3@2@1@Z 10014010 f   CctSweptVolume.obj
 0001:00013380       ??_ESweptVolume@Cct@physx@@UAEPAXI@Z 10014380 f i CctSweptVolume.obj
 0001:00013380       ??_GSweptVolume@Cct@physx@@UAEPAXI@Z 10014380 f i CctSweptVolume.obj
 0001:000133a4       _PxGetFoundation           100143a4 f   PhysX3Common_x86:PhysX3Common_x86.dll
 0001:000133aa       ?deallocate@Allocator@shdfnd@physx@@QAEXPAX@Z 100143aa f   PhysX3Common_x86:PhysX3Common_x86.dll
 0001:000133b0       ?lock@MutexImpl@shdfnd@physx@@QAEXXZ 100143b0 f   PhysX3Common_x86:PhysX3Common_x86.dll
 0001:000133b6       ?unlock@MutexImpl@shdfnd@physx@@QAEXXZ 100143b6 f   PhysX3Common_x86:PhysX3Common_x86.dll
 0001:000133bc       ?PxTransformFromSegment@physx@@YA?AVPxTransform@1@ABVPxVec3@1@0PAM@Z 100143bc f   PhysX3Common_x86:PhysX3Common_x86.dll
 0001:000133c2       ?sweep@PxGeometryQuery@physx@@SA_NABVPxVec3@2@MABVPxGeometry@2@ABVPxTransform@2@12AAUPxSweepHit@2@V?$PxFlags@W4Enum@PxHitFlag@physx@@G@2@M@Z 100143c2 f   PhysX3Common_x86:PhysX3Common_x86.dll
 0001:000133c8       ?computePenetration@PxGeometryQuery@physx@@SA_NAAVPxVec3@2@AAMABVPxGeometry@2@ABVPxTransform@2@23@Z 100143c8 f   PhysX3Common_x86:PhysX3Common_x86.dll
 0001:000133ce       ?getAllocator@shdfnd@physx@@YAAAVPxAllocatorCallback@2@XZ 100143ce f   PhysX3Common_x86:PhysX3Common_x86.dll
 0001:000133d4       ??0RenderOutput@Cm@physx@@QAE@AAVRenderBuffer@12@@Z 100143d4 f   PhysX3Common_x86:PhysX3Common_x86.dll
 0001:000133da       ??6RenderOutput@Cm@physx@@QAEAAV012@I@Z 100143da f   PhysX3Common_x86:PhysX3Common_x86.dll
 0001:000133e0       ??6RenderOutput@Cm@physx@@QAEAAV012@ABVPxTransform@2@@Z 100143e0 f   PhysX3Common_x86:PhysX3Common_x86.dll
 0001:000133e6       ?outputCapsule@RenderOutput@Cm@physx@@QAEAAV123@MMABVMatrix34@23@@Z 100143e6 f   PhysX3Common_x86:PhysX3Common_x86.dll
 0001:000133ec       ??6Cm@physx@@YAAAVRenderOutput@01@AAV201@ABUDebugBox@01@@Z 100143ec f   PhysX3Common_x86:PhysX3Common_x86.dll
 0001:000133f2       ?intersectOBBOBB@Gu@physx@@YA_NABVPxVec3@2@0ABVPxMat33@2@001_N@Z 100143f2 f   PhysX3Common_x86:PhysX3Common_x86.dll
 0001:000133f8       ?distanceSegmentBoxSquared@Gu@physx@@YAMABVPxVec3@2@000ABVPxMat33@2@PAMPAV32@@Z 100143f8 f   PhysX3Common_x86:PhysX3Common_x86.dll
 0001:000133fe       ?sweep@PxMeshQuery@physx@@SA_NABVPxVec3@2@MABVPxGeometry@2@ABVPxTransform@2@IPBVPxTriangle@2@AAUPxSweepHit@2@V?$PxFlags@W4Enum@PxHitFlag@physx@@G@2@PBIM_N@Z 100143fe f   PhysX3Common_x86:PhysX3Common_x86.dll
 0001:00013404       ?getTriangle@PxMeshQuery@physx@@SAXABVPxTriangleMeshGeometry@2@ABVPxTransform@2@IAAVPxTriangle@2@PAI3@Z 10014404 f   PhysX3Common_x86:PhysX3Common_x86.dll
 0001:0001340a       ?getTriangle@PxMeshQuery@physx@@SAXABVPxHeightFieldGeometry@2@ABVPxTransform@2@IAAVPxTriangle@2@PAI3@Z 1001440a f   PhysX3Common_x86:PhysX3Common_x86.dll
 0001:00013410       ??6RenderOutput@Cm@physx@@QAEAAV012@W4Primitive@012@@Z 10014410 f   PhysX3Common_x86:PhysX3Common_x86.dll
 0001:00013416       ??6RenderOutput@Cm@physx@@QAEAAV012@VPxVec3@2@@Z 10014416 f   PhysX3Common_x86:PhysX3Common_x86.dll
 0001:0001341c       ?intersectTriangleBox@Gu@physx@@YAHABVPxVec3@2@0000@Z 1001441c f   PhysX3Common_x86:PhysX3Common_x86.dll
 0001:00013422       ?allocate@Allocator@shdfnd@physx@@QAEPAXIPBDH@Z 10014422 f   PhysX3Common_x86:PhysX3Common_x86.dll
 0001:00013428       ?getInstance@Foundation@shdfnd@physx@@SAAAV123@XZ 10014428 f   PhysX3Common_x86:PhysX3Common_x86.dll
 0001:0001342e       ?incRefCount@Foundation@shdfnd@physx@@SAXXZ 1001442e f   PhysX3Common_x86:PhysX3Common_x86.dll
 0001:00013434       ?decRefCount@Foundation@shdfnd@physx@@SAXXZ 10014434 f   PhysX3Common_x86:PhysX3Common_x86.dll
 0001:0001343a       ?error@Foundation@shdfnd@physx@@QAAXW4Enum@PxErrorCode@3@PBDH1ZZ 1001443a f   PhysX3Common_x86:PhysX3Common_x86.dll
 0001:00013440       ?CompleteBoxPruning@Gu@physx@@YA_NPBVPxBounds3@2@IAAV?$Array@IV?$ReflectionAllocator@I@shdfnd@physx@@@shdfnd@2@ABVAxes@12@@Z 10014440 f   PhysX3Common_x86:PhysX3Common_x86.dll
 0001:00013446       ?distanceSegmentSegmentSquaredOLD@Gu@physx@@YAMABVPxVec3@2@000PAM1@Z 10014446 f   PhysX3Common_x86:PhysX3Common_x86.dll
 0001:0001344c       ??0MutexImpl@shdfnd@physx@@QAE@XZ 1001444c f   PhysX3Common_x86:PhysX3Common_x86.dll
 0001:00013452       ??1MutexImpl@shdfnd@physx@@QAE@XZ 10014452 f   PhysX3Common_x86:PhysX3Common_x86.dll
 0001:00013458       ?getSize@MutexImpl@shdfnd@physx@@SAABIXZ 10014458 f   PhysX3Common_x86:PhysX3Common_x86.dll
 0001:0001345e       ?GetRaycastFuncTable@Gu@physx@@YAAAY06P6AIABVPxGeometry@2@ABVPxTransform@2@ABVPxVec3@2@2MV?$PxFlags@W4Enum@PxHitFlag@physx@@G@2@IPIAUPxRaycastHit@2@_NP6A_NAAU72@PAX@Z7@ZXZ 1001445e f   PhysX3Common_x86:PhysX3Common_x86.dll
 0001:00013470       ??0PxMeshOverlapUtil@physx@@QAE@XZ 10014470 f   PhysX3Extensions:ExtTriangleMeshExt.obj
 0001:00013490       ??1PxMeshOverlapUtil@physx@@QAE@XZ 10014490 f   PhysX3Extensions:ExtTriangleMeshExt.obj
 0001:000134b0       ?findOverlap@PxMeshOverlapUtil@physx@@QAEIABVPxGeometry@2@ABVPxTransform@2@ABVPxTriangleMeshGeometry@2@1@Z 100144b0 f   PhysX3Extensions:ExtTriangleMeshExt.obj
 0001:00013570       ?findOverlap@PxMeshOverlapUtil@physx@@QAEIABVPxGeometry@2@ABVPxTransform@2@ABVPxHeightFieldGeometry@2@1@Z 10014570 f   PhysX3Extensions:ExtTriangleMeshExt.obj
 0001:00013600       ?PxComputeMeshPenetration@physx@@YA?AVPxVec3@1@IABVPxGeometry@1@ABVPxTransform@1@ABVPxTriangleMeshGeometry@1@1AAI@Z 10014600 f   PhysX3Extensions:ExtTriangleMeshExt.obj
 0001:000136e0       ?PxComputeHeightFieldPenetration@physx@@YA?AVPxVec3@1@IABVPxGeometry@1@ABVPxTransform@1@ABVPxHeightFieldGeometry@1@1AAI@Z 100146e0 f   PhysX3Extensions:ExtTriangleMeshExt.obj
 0001:000137c0       ?updateMassAndInertia@PxRigidBodyExt@physx@@SA_NAAVPxRigidBody@2@PBMIPBVPxVec3@2@_N@Z 100147c0 f   PhysX3Extensions:ExtRigidBodyExt.obj
 0001:000137e0       ?updateMassAndInertia@PxRigidBodyExt@physx@@SA_NAAVPxRigidBody@2@MPBVPxVec3@2@_N@Z 100147e0 f   PhysX3Extensions:ExtRigidBodyExt.obj
 0001:00013800       ?setMassAndUpdateInertia@PxRigidBodyExt@physx@@SA_NAAVPxRigidBody@2@PBMIPBVPxVec3@2@_N@Z 10014800 f   PhysX3Extensions:ExtRigidBodyExt.obj
 0001:00013820       ?setMassAndUpdateInertia@PxRigidBodyExt@physx@@SA_NAAVPxRigidBody@2@MPBVPxVec3@2@_N@Z 10014820 f   PhysX3Extensions:ExtRigidBodyExt.obj
 0001:00013840       ?addForceAtPos@PxRigidBodyExt@physx@@SAXAAVPxRigidBody@2@ABVPxVec3@2@1W4Enum@PxForceMode@2@_N@Z 10014840 f   PhysX3Extensions:ExtRigidBodyExt.obj
 0001:00013850       ?addForceAtLocalPos@PxRigidBodyExt@physx@@SAXAAVPxRigidBody@2@ABVPxVec3@2@1W4Enum@PxForceMode@2@_N@Z 10014850 f   PhysX3Extensions:ExtRigidBodyExt.obj
 0001:000139b0       ?addLocalForceAtPos@PxRigidBodyExt@physx@@SAXAAVPxRigidBody@2@ABVPxVec3@2@1W4Enum@PxForceMode@2@_N@Z 100149b0 f   PhysX3Extensions:ExtRigidBodyExt.obj
 0001:00013b00       ?addLocalForceAtLocalPos@PxRigidBodyExt@physx@@SAXAAVPxRigidBody@2@ABVPxVec3@2@1W4Enum@PxForceMode@2@_N@Z 10014b00 f   PhysX3Extensions:ExtRigidBodyExt.obj
 0001:00013d40       ?getVelocityAtPos@PxRigidBodyExt@physx@@SA?AVPxVec3@2@ABVPxRigidBody@2@ABV32@@Z 10014d40 f   PhysX3Extensions:ExtRigidBodyExt.obj
 0001:00013f40       ?getLocalVelocityAtLocalPos@PxRigidBodyExt@physx@@SA?AVPxVec3@2@ABVPxRigidBody@2@ABV32@@Z 10014f40 f   PhysX3Extensions:ExtRigidBodyExt.obj
 0001:00014240       ?getVelocityAtOffset@PxRigidBodyExt@physx@@SA?AVPxVec3@2@ABVPxRigidBody@2@ABV32@@Z 10015240 f   PhysX3Extensions:ExtRigidBodyExt.obj
 0001:00014420       ?linearSweepSingle@PxRigidBodyExt@physx@@SA_NAAVPxRigidBody@2@AAVPxScene@2@ABVPxVec3@2@MV?$PxFlags@W4Enum@PxHitFlag@physx@@G@2@AAUPxSweepHit@2@AAIABUPxQueryFilterData@2@PAVPxQueryFilterCallback@2@PBUPxQueryCache@2@M@Z 10015420 f   PhysX3Extensions:ExtRigidBodyExt.obj
 0001:00014600       ?linearSweepMultiple@PxRigidBodyExt@physx@@SAIAAVPxRigidBody@2@AAVPxScene@2@ABVPxVec3@2@MV?$PxFlags@W4Enum@PxHitFlag@physx@@G@2@PAUPxSweepHit@2@PAIIAAU72@AAHAA_NABUPxQueryFilterData@2@PAVPxQueryFilterCallback@2@PBUPxQueryCache@2@M@Z 10015600 f   PhysX3Extensions:ExtRigidBodyExt.obj
 0001:00014b80       ?computeVelocityDeltaFromImpulse@PxRigidBodyExt@physx@@SAXABVPxRigidBody@2@ABVPxVec3@2@1AAV42@2@Z 10015b80 f   PhysX3Extensions:ExtRigidBodyExt.obj
 0001:00014fd0       ?computeVelocityDeltaFromImpulse@PxRigidBodyExt@physx@@SAXABVPxRigidBody@2@ABVPxTransform@2@ABVPxVec3@2@2MMAAV52@3@Z 10015fd0 f   PhysX3Extensions:ExtRigidBodyExt.obj
 0001:000154a0       ?computeLinearAngularImpulse@PxRigidBodyExt@physx@@SAXABVPxRigidBody@2@ABVPxTransform@2@ABVPxVec3@2@2MMAAV52@3@Z 100164a0 f   PhysX3Extensions:ExtRigidBodyExt.obj
 0001:00015680       ??0InertiaTensorComputer@Ext@physx@@QAE@_N@Z 10016680 f   PhysX3Extensions:ExtRigidBodyExt.obj
 0001:000156a0       ??0InertiaTensorComputer@Ext@physx@@QAE@ABVPxMat33@2@ABVPxVec3@2@M@Z 100166a0 f   PhysX3Extensions:ExtRigidBodyExt.obj
 0001:00015710       ??1InertiaTensorComputer@Ext@physx@@QAE@XZ 10016710 f   PhysX3Extensions:ExtRigidBodyExt.obj
 0001:00015720       ?translate@InertiaTensorComputer@Ext@physx@@QAEXABVPxVec3@3@@Z 10016720 f   PhysX3Extensions:ExtRigidBodyExt.obj
 0001:00015d10       ?setBox@InertiaTensorComputer@Ext@physx@@QAEXABVPxVec3@3@@Z 10016d10 f   PhysX3Extensions:ExtRigidBodyExt.obj
 0001:00015df0       ?setSphere@InertiaTensorComputer@Ext@physx@@QAEXM@Z 10016df0 f   PhysX3Extensions:ExtRigidBodyExt.obj
 0001:00015e80       ?setCylinder@InertiaTensorComputer@Ext@physx@@QAEXHMM@Z 10016e80 f   PhysX3Extensions:ExtRigidBodyExt.obj
 0001:00015f80       ?setCapsule@InertiaTensorComputer@Ext@physx@@QAEXHMM@Z 10016f80 f   PhysX3Extensions:ExtRigidBodyExt.obj
 0001:000160f0       ?setEllipsoid@InertiaTensorComputer@Ext@physx@@QAEXMMM@Z 100170f0 f   PhysX3Extensions:ExtRigidBodyExt.obj
 0001:000161c0       ?computeSphereMass@Ext@physx@@YAMMM@Z 100171c0 f   PhysX3Extensions:ExtRigidBodyExt.obj
 0001:000161f0       ?computeSphereDensity@Ext@physx@@YAMMM@Z 100171f0 f   PhysX3Extensions:ExtRigidBodyExt.obj
 0001:00016220       ?computeBoxMass@Ext@physx@@YAMABVPxVec3@2@M@Z 10017220 f   PhysX3Extensions:ExtRigidBodyExt.obj
 0001:00016290       ?computeBoxDensity@Ext@physx@@YAMABVPxVec3@2@M@Z 10017290 f   PhysX3Extensions:ExtRigidBodyExt.obj
 0001:00016300       ?computeEllipsoidMass@Ext@physx@@YAMABVPxVec3@2@M@Z 10017300 f   PhysX3Extensions:ExtRigidBodyExt.obj
 0001:00016370       ?computeEllipsoidDensity@Ext@physx@@YAMABVPxVec3@2@M@Z 10017370 f   PhysX3Extensions:ExtRigidBodyExt.obj
 0001:000163e0       ?computeCylinderMass@Ext@physx@@YAMMMM@Z 100173e0 f   PhysX3Extensions:ExtRigidBodyExt.obj
 0001:00016420       ?computeCylinderDensity@Ext@physx@@YAMMMM@Z 10017420 f   PhysX3Extensions:ExtRigidBodyExt.obj
 0001:00016460       ?computeCapsuleMass@Ext@physx@@YAMMMM@Z 10017460 f   PhysX3Extensions:ExtRigidBodyExt.obj
 0001:000164b0       ?computeCapsuleDensity@Ext@physx@@YAMMMM@Z 100174b0 f   PhysX3Extensions:ExtRigidBodyExt.obj
 0001:00016510       ?computeConeMass@Ext@physx@@YAMMMM@Z 10017510 f   PhysX3Extensions:ExtRigidBodyExt.obj
 0001:00016550       ?computeConeDensity@Ext@physx@@YAMMMM@Z 10017550 f   PhysX3Extensions:ExtRigidBodyExt.obj
 0001:00016590       ?computeBoxInertiaTensor@Ext@physx@@YAXAAVPxVec3@2@MMMM@Z 10017590 f   PhysX3Extensions:ExtRigidBodyExt.obj
 0001:000165f0       ?computeSphereInertiaTensor@Ext@physx@@YAXAAVPxVec3@2@MM_N@Z 100175f0 f   PhysX3Extensions:ExtRigidBodyExt.obj
 0001:00016650       ??0PxConvexMeshGeometry@physx@@QAE@XZ 10017650 f i PhysX3Extensions:ExtRigidBodyExt.obj
 0001:000166a0       ??1?$PxHitBuffer@UPxSweepHit@physx@@@physx@@UAE@XZ 100176a0 f i PhysX3Extensions:ExtRigidBodyExt.obj
 0001:000166b0       ??1?$PxHitCallback@UPxSweepHit@physx@@@physx@@UAE@XZ 100176b0 f i PhysX3Extensions:ExtRigidBodyExt.obj
 0001:000166c0       ??4InertiaTensorComputer@Ext@physx@@QAEAAV012@ABV012@@Z 100176c0 f i PhysX3Extensions:ExtRigidBodyExt.obj
 0001:00016720       ??_G?$PxHitBuffer@UPxSweepHit@physx@@@physx@@UAEPAXI@Z 10017720 f i PhysX3Extensions:ExtRigidBodyExt.obj
 0001:00016720       ??_E?$PxHitBuffer@UPxSweepHit@physx@@@physx@@UAEPAXI@Z 10017720 f i PhysX3Extensions:ExtRigidBodyExt.obj
 0001:00016750       ??_G?$PxHitCallback@UPxSweepHit@physx@@@physx@@UAEPAXI@Z 10017750 f i PhysX3Extensions:ExtRigidBodyExt.obj
 0001:00016750       ??_E?$PxHitCallback@UPxSweepHit@physx@@@physx@@UAEPAXI@Z 10017750 f i PhysX3Extensions:ExtRigidBodyExt.obj
 0001:00016780       ?addForceAtPosInternal@@YAXAAVPxRigidBody@physx@@ABVPxVec3@2@1W4Enum@PxForceMode@2@_N@Z 10017780 f i PhysX3Extensions:ExtRigidBodyExt.obj
 0001:00016990       ?allocate@?$InlineAllocator@$0EA@V?$ReflectionAllocator@PAVPxShape@physx@@@shdfnd@physx@@@shdfnd@physx@@QAEPAXIPBDH@Z 10017990 f i PhysX3Extensions:ExtRigidBodyExt.obj
 0001:00017c40       ?finalizeQuery@?$PxHitCallback@UPxSweepHit@physx@@@physx@@UAEXXZ 10018c40 f i PhysX3Extensions:ExtRigidBodyExt.obj
 0001:00017c50       ?processTouches@?$PxHitBuffer@UPxSweepHit@physx@@@physx@@MAE_NPBUPxSweepHit@2@I@Z 10018c50 f i PhysX3Extensions:ExtRigidBodyExt.obj
 0001:00017c60       ?recreate@?$Array@PAVPxShape@physx@@V?$InlineAllocator@$0EA@V?$ReflectionAllocator@PAVPxShape@physx@@@shdfnd@physx@@@shdfnd@2@@shdfnd@physx@@IAEXI@Z 10018c60 f i PhysX3Extensions:ExtRigidBodyExt.obj
 0001:00017d00       ?resize@?$Array@PAVPxShape@physx@@V?$InlineAllocator@$0EA@V?$ReflectionAllocator@PAVPxShape@physx@@@shdfnd@physx@@@shdfnd@2@@shdfnd@physx@@QAEXIABQAVPxShape@3@@Z 10018d00 f i PhysX3Extensions:ExtRigidBodyExt.obj
 0001:00017d50       ?rotate@InertiaTensorComputer@Ext@physx@@QAEXABVPxMat33@3@@Z 10018d50 f i PhysX3Extensions:ExtRigidBodyExt.obj
 0001:000181b0       ?rotateInertia@MassProps@Ext@physx@@SA?AVPxMat33@3@ABV43@ABVPxQuat@3@@Z 100191b0 f i PhysX3Extensions:ExtRigidBodyExt.obj
 0001:00018670       ?scaleInertia@MassProps@Ext@physx@@SA?AVPxMat33@3@ABV43@ABVPxQuat@3@ABVPxVec3@3@@Z 10019670 f i PhysX3Extensions:ExtRigidBodyExt.obj
 0001:00018a20       ?setSphere@InertiaTensorComputer@Ext@physx@@QAEXMPBVPxTransform@3@@Z 10019a20 f i PhysX3Extensions:ExtRigidBodyExt.obj
 0001:00018ac0       ?transform@InertiaTensorComputer@Ext@physx@@QAEXABVPxTransform@3@@Z 10019ac0 f i PhysX3Extensions:ExtRigidBodyExt.obj
 0001:00018c00       ?transformFast@PxBounds3@physx@@SA?AV12@ABVPxTransform@2@ABV12@@Z 10019c00 f i PhysX3Extensions:ExtRigidBodyExt.obj
 0001:00019170       ?zero@InertiaTensorComputer@Ext@physx@@QAEXXZ 1001a170 f i PhysX3Extensions:ExtRigidBodyExt.obj
 0001:000191cb       ??3@YAXPAX@Z               1001a1cb f   MSVCRT:delete_scalar.obj
 0001:000191d0       ??3@YAXPAXI@Z              1001a1d0 f   MSVCRT:delete_scalar_size.obj
 0001:000191de       ??_V@YAXPAX@Z              1001a1de f   MSVCRT:delete_array.obj
 0001:000191e3       ??_V@YAXPAXI@Z             1001a1e3 f   MSVCRT:delete_array_size.obj
 0001:000191f1       ?__scrt_initialize_type_info@@YAXXZ 1001a1f1 f   MSVCRT:tncleanup.obj
 0001:000191fd       ?__scrt_uninitialize_type_info@@YAXXZ 1001a1fd f   MSVCRT:tncleanup.obj
 0001:00019209       ??1type_info@@UAE@XZ       1001a209 f   MSVCRT:std_type_info_static.obj
 0001:00019210       ??_Etype_info@@UAEPAXI@Z   1001a210 f i MSVCRT:std_type_info_static.obj
 0001:00019210       ??_Gtype_info@@UAEPAXI@Z   1001a210 f i MSVCRT:std_type_info_static.obj
 0001:00019240       __alloca_probe_16          1001a240 f   MSVCRT:alloca16.obj
 0001:00019256       __alloca_probe_8           1001a256     MSVCRT:alloca16.obj
 0001:00019270       __ftoui3                   1001a270 f   MSVCRT:_ftol3_.obj
 0001:0001927f       __ftoul3                   1001a27f f   MSVCRT:_ftol3_.obj
 0001:0001928e       __ftol3                    1001a28e f   MSVCRT:_ftol3_.obj
 0001:0001929b       __ftol3_NaN                1001a29b f   MSVCRT:_ftol3_.obj
 0001:000192b3       __ftol3_work               1001a2b3 f   MSVCRT:_ftol3_.obj
 0001:00019339       __ftol3_common             1001a339 f   MSVCRT:_ftol3_.obj
 0001:000193fb       __ftol3_arg_error          1001a3fb f   MSVCRT:_ftol3_.obj
 0001:0001940d       __ftol3_except             1001a40d f   MSVCRT:_ftol3_.obj
 0001:00019451       __dtoui3                   1001a451 f   MSVCRT:_ftol3_.obj
 0001:00019460       __dtoul3                   1001a460 f   MSVCRT:_ftol3_.obj
 0001:0001946f       __dtol3                    1001a46f f   MSVCRT:_ftol3_.obj
 0001:0001947c       __dtol3_NaN                1001a47c f   MSVCRT:_ftol3_.obj
 0001:00019499       __dtol3_work               1001a499 f   MSVCRT:_ftol3_.obj
 0001:00019580       __ultod3                   1001a580 f   MSVCRT:_ftol3_.obj
 0001:000195c0       __ltod3                    1001a5c0 f   MSVCRT:_ftol3_.obj
 0001:000198fc       __CRT_INIT@12              1001a8fc f   MSVCRT:dll_dllmain.obj
 0001:00019905       __DllMainCRTStartup@12     1001a905 f   MSVCRT:dll_dllmain.obj
 0001:00019930       __chkstk                   1001a930 f   MSVCRT:chkstk.obj
 0001:00019930       __alloca_probe             1001a930 f   MSVCRT:chkstk.obj
 0001:0001995d       ??$__crt_fast_decode_pointer@PAP6AXXZ@@YAPAP6AXXZQAP6AXXZ@Z 1001a95d f i MSVCRT:utility.obj
 0001:00019971       ??$__crt_fast_encode_pointer@PAP6AXXZ@@YAPAP6AXXZQAP6AXXZ@Z 1001a971 f i MSVCRT:utility.obj
 0001:0001998e       ?__crt_rotate_pointer_value@@YAIIH@Z 1001a98e f i MSVCRT:utility.obj
 0001:00019a12       _NtCurrentTeb              1001aa12 f i MSVCRT:utility.obj
 0001:00019a19       ___scrt_acquire_startup_lock 1001aa19 f   MSVCRT:utility.obj
 0001:00019a4e       ___scrt_dllmain_after_initialize_c 1001aa4e f   MSVCRT:utility.obj
 0001:00019a66       ___scrt_dllmain_before_initialize_c 1001aa66 f   MSVCRT:utility.obj
 0001:00019a74       ___scrt_dllmain_crt_thread_attach 1001aa74 f   MSVCRT:utility.obj
 0001:00019a93       ___scrt_dllmain_crt_thread_detach 1001aa93 f   MSVCRT:utility.obj
 0001:00019aa0       ___scrt_dllmain_exception_filter 1001aaa0 f   MSVCRT:utility.obj
 0001:00019ad3       ___scrt_dllmain_uninitialize_c 1001aad3 f   MSVCRT:utility.obj
 0001:00019af6       ___scrt_dllmain_uninitialize_critical 1001aaf6 f   MSVCRT:utility.obj
 0001:00019b03       ___scrt_initialize_crt     1001ab03 f   MSVCRT:utility.obj
 0001:00019b3c       ___scrt_initialize_onexit_tables 1001ab3c f   MSVCRT:utility.obj
 0001:00019bd3       ___scrt_is_nonwritable_in_current_image 1001abd3 f   MSVCRT:utility.obj
 0001:00019c60       ___scrt_release_startup_lock 1001ac60 f   MSVCRT:utility.obj
 0001:00019c7d       ___scrt_uninitialize_crt   1001ac7d f   MSVCRT:utility.obj
 0001:00019ca5       __onexit                   1001aca5 f   MSVCRT:utility.obj
 0001:00019ce0       _at_quick_exit             1001ace0 f   MSVCRT:utility.obj
 0001:00019d11       _atexit                    1001ad11 f   MSVCRT:utility.obj
 0001:00019d26       ___security_init_cookie    1001ad26 f   MSVCRT:gs_support.obj
 0001:00019dc2       _DllMain@12                1001adc2 f   MSVCRT:dll_dllmain_stub.obj
 0001:00019de4       ___local_stdio_printf_options 1001ade4 f i MSVCRT:default_local_stdio_options.obj
 0001:00019dea       ___local_stdio_scanf_options 1001adea f i MSVCRT:default_local_stdio_options.obj
 0001:00019df0       ___scrt_initialize_default_local_stdio_options 1001adf0 f   MSVCRT:default_local_stdio_options.obj
 0001:00019e0d       ___scrt_get_dyn_tls_init_callback 1001ae0d f   MSVCRT:dyn_tls_init.obj
 0001:00019e13       ___scrt_fastfail           1001ae13 f   MSVCRT:utility_desktop.obj
 0001:00019f2e       ___scrt_get_show_window_mode 1001af2e f   MSVCRT:utility_desktop.obj
 0001:00019f61       ___scrt_initialize_winrt   1001af61 f   MSVCRT:utility_desktop.obj
 0001:00019f64       ___scrt_is_managed_app     1001af64 f   MSVCRT:utility_desktop.obj
 0001:00019fa8       ___scrt_set_unhandled_exception_filter 1001afa8 f   MSVCRT:utility_desktop.obj
 0001:00019fb4       ___scrt_unhandled_exception_filter@4 1001afb4 f   MSVCRT:utility_desktop.obj
 0001:00019ff5       __crt_debugger_hook        1001aff5 f   MSVCRT:utility_desktop.obj
 0001:00019ffd       __RTC_Initialize           1001affd f   MSVCRT:_initsect_.obj
 0001:0001a028       __RTC_Terminate            1001b028 f   MSVCRT:_initsect_.obj
 0001:0001a053       @_guard_check_icall@4      1001b053 f i MSVCRT:checkcfg.obj
 0001:0001a060       __SEH_prolog4              1001b060 f   MSVCRT:_sehprolg4_.obj
 0001:0001a0a6       __SEH_epilog4              1001b0a6 f   MSVCRT:_sehprolg4_.obj
 0001:0001a0bb       __except_handler4          1001b0bb f   MSVCRT:_chandler4gs_.obj
 0001:0001a0de       ___isa_available_init      1001b0de f   MSVCRT:_cpu_disp_.obj
 0001:0001a27f       ___scrt_is_ucrt_dll_in_use 1001b27f f   MSVCRT:ucrt_detection.obj
 0001:0001a28b       @_guard_check_icall_nop@4  1001b28b f i MSVCRT:guard_support.obj
 0001:0001a28c       __guard_icall_checks_enforced 1001b28c f i MSVCRT:guard_support.obj
 0001:0001a29e       @__security_check_cookie@4 1001b29e f   MSVCRT:_secchk_.obj
 0001:0001a2af       ___raise_securityfailure   1001b2af f   MSVCRT:gs_report.obj
 0001:0001a2d7       ___report_gsfailure        1001b2d7 f   MSVCRT:gs_report.obj
 0001:0001a3d2       ___report_rangecheckfailure 1001b3d2 f   MSVCRT:gs_report.obj
 0001:0001a3de       ___report_securityfailure  1001b3de f   MSVCRT:gs_report.obj
 0001:0001a4ae       ___report_securityfailureEx 1001b4ae f   MSVCRT:gs_report.obj
 0001:0001a5c4       __purecall                 1001b5c4 f   vcruntime:VCRUNTIME140.dll
 0001:0001a5ca       ___std_type_info_name      1001b5ca f   vcruntime:VCRUNTIME140.dll
 0001:0001a5d0       _memcpy                    1001b5d0 f   vcruntime:VCRUNTIME140.dll
 0001:0001a5d6       _memset                    1001b5d6 f   vcruntime:VCRUNTIME140.dll
 0001:0001a5dc       ___std_type_info_destroy_list 1001b5dc f   vcruntime:VCRUNTIME140.dll
 0001:0001a5e2       ___telemetry_main_invoke_trigger 1001b5e2 f   vcruntime:VCRUNTIME140.dll
 0001:0001a5e8       ___telemetry_main_return_trigger 1001b5e8 f   vcruntime:VCRUNTIME140.dll
 0001:0001a5ee       __except_handler4_common   1001b5ee f   vcruntime:VCRUNTIME140.dll
 0001:0001a5f4       __fpclass                  1001b5f4 f   ucrt:api-ms-win-crt-math-l1-1-0.dll
 0001:0001a5fa       _free                      1001b5fa f   ucrt:api-ms-win-crt-heap-l1-1-0.dll
 0001:0001a600       __except1                  1001b600 f   ucrt:api-ms-win-crt-math-l1-1-0.dll
 0001:0001a606       __initterm                 1001b606 f   ucrt:api-ms-win-crt-runtime-l1-1-0.dll
 0001:0001a60c       __initterm_e               1001b60c f   ucrt:api-ms-win-crt-runtime-l1-1-0.dll
 0001:0001a612       __seh_filter_dll           1001b612 f   ucrt:api-ms-win-crt-runtime-l1-1-0.dll
 0001:0001a618       __initialize_narrow_environment 1001b618 f   ucrt:api-ms-win-crt-runtime-l1-1-0.dll
 0001:0001a61e       __initialize_onexit_table  1001b61e f   ucrt:api-ms-win-crt-runtime-l1-1-0.dll
 0001:0001a624       __register_onexit_function 1001b624 f   ucrt:api-ms-win-crt-runtime-l1-1-0.dll
 0001:0001a62a       __execute_onexit_table     1001b62a f   ucrt:api-ms-win-crt-runtime-l1-1-0.dll
 0001:0001a630       __crt_atexit               1001b630 f   ucrt:api-ms-win-crt-runtime-l1-1-0.dll
 0001:0001a636       __crt_at_quick_exit        1001b636 f   ucrt:api-ms-win-crt-runtime-l1-1-0.dll
 0001:0001a63c       __cexit                    1001b63c f   ucrt:api-ms-win-crt-runtime-l1-1-0.dll
 0001:0001a642       _terminate                 1001b642 f   ucrt:api-ms-win-crt-runtime-l1-1-0.dll
 0001:0001a648       _InitializeSListHead@4     1001b648 f   kernel32:KERNEL32.dll
 0001:0001a64e       _QueryPerformanceCounter@4 1001b64e f   kernel32:KERNEL32.dll
 0001:0001a654       _GetCurrentProcessId@0     1001b654 f   kernel32:KERNEL32.dll
 0001:0001a65a       _GetCurrentThreadId@0      1001b65a f   kernel32:KERNEL32.dll
 0001:0001a660       _GetSystemTimeAsFileTime@4 1001b660 f   kernel32:KERNEL32.dll
 0001:0001a666       _DisableThreadLibraryCalls@4 1001b666 f   kernel32:KERNEL32.dll
 0001:0001a66c       _IsDebuggerPresent@0       1001b66c f   kernel32:KERNEL32.dll
 0001:0001a672       _UnhandledExceptionFilter@4 1001b672 f   kernel32:KERNEL32.dll
 0001:0001a678       _SetUnhandledExceptionFilter@4 1001b678 f   kernel32:KERNEL32.dll
 0001:0001a67e       _GetStartupInfoW@4         1001b67e f   kernel32:KERNEL32.dll
 0001:0001a684       _IsProcessorFeaturePresent@4 1001b684 f   kernel32:KERNEL32.dll
 0001:0001a68a       _GetModuleHandleW@4        1001b68a f   kernel32:KERNEL32.dll
 0001:0001a690       _GetCurrentProcess@0       1001b690 f   kernel32:KERNEL32.dll
 0001:0001a696       _TerminateProcess@8        1001b696 f   kernel32:KERNEL32.dll
 0001:0001a69c       ?findOverlapTriangleMesh@PxMeshQuery@physx@@SAIABVPxGeometry@2@ABVPxTransform@2@ABVPxTriangleMeshGeometry@2@1PAIIIAA_N@Z 1001b69c f   PhysX3Common_x86:PhysX3Common_x86.dll
 0001:0001a6a2       ?findOverlapHeightField@PxMeshQuery@physx@@SAIABVPxGeometry@2@ABVPxTransform@2@ABVPxHeightFieldGeometry@2@1PAIIIAA_N@Z 1001b6a2 f   PhysX3Common_x86:PhysX3Common_x86.dll
 0001:0001a6a8       ?PxDiagonalize@physx@@YA?AVPxVec3@1@ABVPxMat33@1@AAVPxQuat@1@@Z 1001b6a8 f   PhysX3Common_x86:PhysX3Common_x86.dll
 0001:0001a6ae       ___vcrt_initialize         1001b6ae f   MSVCRT:ucrt_stubs.obj
 0001:0001a6ae       ___acrt_initialize         1001b6ae f   MSVCRT:ucrt_stubs.obj
 0001:0001a6ae       ___scrt_stub_for_acrt_initialize 1001b6ae f   MSVCRT:ucrt_stubs.obj
 0001:0001a6b1       ___scrt_stub_for_acrt_thread_attach 1001b6b1 f   MSVCRT:ucrt_stubs.obj
 0001:0001a6b1       ___vcrt_thread_attach      1001b6b1 f   MSVCRT:ucrt_stubs.obj
 0001:0001a6b1       ___acrt_thread_attach      1001b6b1 f   MSVCRT:ucrt_stubs.obj
 0001:0001a6b4       ___scrt_stub_for_acrt_thread_detach 1001b6b4 f   MSVCRT:ucrt_stubs.obj
 0001:0001a6b4       ___acrt_thread_detach      1001b6b4 f   MSVCRT:ucrt_stubs.obj
 0001:0001a6b4       ___vcrt_thread_detach      1001b6b4 f   MSVCRT:ucrt_stubs.obj
 0001:0001a6b7       ___vcrt_uninitialize       1001b6b7 f   MSVCRT:ucrt_stubs.obj
 0001:0001a6b7       ___acrt_uninitialize       1001b6b7 f   MSVCRT:ucrt_stubs.obj
 0001:0001a6b7       ___scrt_stub_for_acrt_uninitialize 1001b6b7 f   MSVCRT:ucrt_stubs.obj
 0001:0001a6ba       ___vcrt_uninitialize_critical 1001b6ba f   MSVCRT:ucrt_stubs.obj
 0001:0001a6ba       ___scrt_stub_for_acrt_uninitialize_critical 1001b6ba f   MSVCRT:ucrt_stubs.obj
 0001:0001a6ba       ___acrt_uninitialize_critical 1001b6ba f   MSVCRT:ucrt_stubs.obj
 0001:0001a6bd       ___scrt_stub_for_is_c_termination_complete 1001b6bd f   MSVCRT:ucrt_stubs.obj
 0001:0001a6bd       __is_c_termination_complete 1001b6bd f   MSVCRT:ucrt_stubs.obj
 0002:00000000       __imp__InitializeSListHead@4 1001c000     kernel32:KERNEL32.dll
 0002:00000004       __imp__GetCurrentProcessId@0 1001c004     kernel32:KERNEL32.dll
 0002:00000008       __imp__GetCurrentThreadId@0 1001c008     kernel32:KERNEL32.dll
 0002:0000000c       __imp__GetSystemTimeAsFileTime@4 1001c00c     kernel32:KERNEL32.dll
 0002:00000010       __imp__DisableThreadLibraryCalls@4 1001c010     kernel32:KERNEL32.dll
 0002:00000014       __imp__IsDebuggerPresent@0 1001c014     kernel32:KERNEL32.dll
 0002:00000018       __imp__UnhandledExceptionFilter@4 1001c018     kernel32:KERNEL32.dll
 0002:0000001c       __imp__SetUnhandledExceptionFilter@4 1001c01c     kernel32:KERNEL32.dll
 0002:00000020       __imp__GetStartupInfoW@4   1001c020     kernel32:KERNEL32.dll
 0002:00000024       __imp__IsProcessorFeaturePresent@4 1001c024     kernel32:KERNEL32.dll
 0002:00000028       __imp__GetModuleHandleW@4  1001c028     kernel32:KERNEL32.dll
 0002:0000002c       __imp__GetCurrentProcess@0 1001c02c     kernel32:KERNEL32.dll
 0002:00000030       __imp__TerminateProcess@8  1001c030     kernel32:KERNEL32.dll
 0002:00000034       __imp__QueryPerformanceCounter@4 1001c034     kernel32:KERNEL32.dll
 0002:00000038       \177KERNEL32_NULL_THUNK_DATA 1001c038     kernel32:KERNEL32.dll
 0002:0000003c       __imp_?sweep@PxMeshQuery@physx@@SA_NABVPxVec3@2@MABVPxGeometry@2@ABVPxTransform@2@IPBVPxTriangle@2@AAUPxSweepHit@2@V?$PxFlags@W4Enum@PxHitFlag@physx@@G@2@PBIM_N@Z 1001c03c     PhysX3Common_x86:PhysX3Common_x86.dll
 0002:00000040       __imp_?getTriangle@PxMeshQuery@physx@@SAXABVPxTriangleMeshGeometry@2@ABVPxTransform@2@IAAVPxTriangle@2@PAI3@Z 1001c040     PhysX3Common_x86:PhysX3Common_x86.dll
 0002:00000044       __imp_?getTriangle@PxMeshQuery@physx@@SAXABVPxHeightFieldGeometry@2@ABVPxTransform@2@IAAVPxTriangle@2@PAI3@Z 1001c044     PhysX3Common_x86:PhysX3Common_x86.dll
 0002:00000048       __imp_??6RenderOutput@Cm@physx@@QAEAAV012@W4Primitive@012@@Z 1001c048     PhysX3Common_x86:PhysX3Common_x86.dll
 0002:0000004c       __imp_??6RenderOutput@Cm@physx@@QAEAAV012@VPxVec3@2@@Z 1001c04c     PhysX3Common_x86:PhysX3Common_x86.dll
 0002:00000050       __imp_?intersectTriangleBox@Gu@physx@@YAHABVPxVec3@2@0000@Z 1001c050     PhysX3Common_x86:PhysX3Common_x86.dll
 0002:00000054       __imp_?allocate@Allocator@shdfnd@physx@@QAEPAXIPBDH@Z 1001c054     PhysX3Common_x86:PhysX3Common_x86.dll
 0002:00000058       __imp_?getInstance@Foundation@shdfnd@physx@@SAAAV123@XZ 1001c058     PhysX3Common_x86:PhysX3Common_x86.dll
 0002:0000005c       __imp_?incRefCount@Foundation@shdfnd@physx@@SAXXZ 1001c05c     PhysX3Common_x86:PhysX3Common_x86.dll
 0002:00000060       __imp_?decRefCount@Foundation@shdfnd@physx@@SAXXZ 1001c060     PhysX3Common_x86:PhysX3Common_x86.dll
 0002:00000064       __imp_?distanceSegmentBoxSquared@Gu@physx@@YAMABVPxVec3@2@000ABVPxMat33@2@PAMPAV32@@Z 1001c064     PhysX3Common_x86:PhysX3Common_x86.dll
 0002:00000068       __imp_?CompleteBoxPruning@Gu@physx@@YA_NPBVPxBounds3@2@IAAV?$Array@IV?$ReflectionAllocator@I@shdfnd@physx@@@shdfnd@2@ABVAxes@12@@Z 1001c068     PhysX3Common_x86:PhysX3Common_x86.dll
 0002:0000006c       __imp_?distanceSegmentSegmentSquaredOLD@Gu@physx@@YAMABVPxVec3@2@000PAM1@Z 1001c06c     PhysX3Common_x86:PhysX3Common_x86.dll
 0002:00000070       __imp_??0MutexImpl@shdfnd@physx@@QAE@XZ 1001c070     PhysX3Common_x86:PhysX3Common_x86.dll
 0002:00000074       __imp_??1MutexImpl@shdfnd@physx@@QAE@XZ 1001c074     PhysX3Common_x86:PhysX3Common_x86.dll
 0002:00000078       __imp_?getSize@MutexImpl@shdfnd@physx@@SAABIXZ 1001c078     PhysX3Common_x86:PhysX3Common_x86.dll
 0002:0000007c       __imp_?GetRaycastFuncTable@Gu@physx@@YAAAY06P6AIABVPxGeometry@2@ABVPxTransform@2@ABVPxVec3@2@2MV?$PxFlags@W4Enum@PxHitFlag@physx@@G@2@IPIAUPxRaycastHit@2@_NP6A_NAAU72@PAX@Z7@ZXZ 1001c07c     PhysX3Common_x86:PhysX3Common_x86.dll
 0002:00000080       __imp_?findOverlapHeightField@PxMeshQuery@physx@@SAIABVPxGeometry@2@ABVPxTransform@2@ABVPxHeightFieldGeometry@2@1PAIIIAA_N@Z 1001c080     PhysX3Common_x86:PhysX3Common_x86.dll
 0002:00000084       __imp_?findOverlapTriangleMesh@PxMeshQuery@physx@@SAIABVPxGeometry@2@ABVPxTransform@2@ABVPxTriangleMeshGeometry@2@1PAIIIAA_N@Z 1001c084     PhysX3Common_x86:PhysX3Common_x86.dll
[...]
 0000:fffde000       .debug$S                   10000000     kernel32:KERNEL32.dll
 0000:fffde000       .debug$S                   10000000     kernel32:KERNEL32.dll
 0000:fffde000       .debug$S                   10000000     kernel32:KERNEL32.dll
 0000:fffde000       .debug$S                   10000000     kernel32:KERNEL32.dll
 0000:fffde000       .debug$S                   10000000     kernel32:KERNEL32.dll
 0000:fffde000       .debug$S                   10000000     kernel32:KERNEL32.dll
 0000:fffde000       .debug$S                   10000000     kernel32:KERNEL32.dll
 0000:fffde000       .debug$S                   10000000     kernel32:KERNEL32.dll
 0000:fffde000       .debug$S                   10000000     kernel32:KERNEL32.dll
 0000:fffde000       .debug$S                   10000000     ucrt:api-ms-win-crt-runtime-l1-1-0.dll
 0000:fffde000       .debug$S                   10000000     ucrt:api-ms-win-crt-runtime-l1-1-0.dll
 0000:fffde000       .debug$S                   10000000     ucrt:api-ms-win-crt-runtime-l1-1-0.dll
 0000:fffde000       .debug$S                   10000000     ucrt:api-ms-win-crt-runtime-l1-1-0.dll
 0000:fffde000       .debug$S                   10000000     ucrt:api-ms-win-crt-runtime-l1-1-0.dll
 0000:fffde000       .debug$S                   10000000     ucrt:api-ms-win-crt-runtime-l1-1-0.dll
 0000:fffde000       .debug$S                   10000000     ucrt:api-ms-win-crt-runtime-l1-1-0.dll
 0000:fffde000       .debug$S                   10000000     vcruntime:VCRUNTIME140.dll
 0001:00000000       ??__EmaxFError@_VecMathTests@aos@shdfnd@physx@@YAXXZ 10001000 f   CctCharacterController.obj
 0001:00000020       ??__EmaxV3Error@_VecMathTests@aos@shdfnd@physx@@YAXXZ 10001020 f   CctCharacterController.obj
 0001:00000030       ??__EmaxV4Error@_VecMathTests@aos@shdfnd@physx@@YAXXZ 10001030 f   CctCharacterController.obj
 0001:00000050       ??__EminFError@_VecMathTests@aos@shdfnd@physx@@YAXXZ 10001050 f   CctCharacterController.obj
 0001:00000070       ??__EminV3Error@_VecMathTests@aos@shdfnd@physx@@YAXXZ 10001070 f   CctCharacterController.obj
 0001:00000080       ??__EminV4Error@_VecMathTests@aos@shdfnd@physx@@YAXXZ 10001080 f   CctCharacterController.obj
 0001:000000a0       ??__EmaxFError@_VecMathTests@aos@shdfnd@physx@@YAXXZ 100010a0 f   CctCharacterControllerManager.obj
 0001:000000c0       ??__EmaxV3Error@_VecMathTests@aos@shdfnd@physx@@YAXXZ 100010c0 f   CctCharacterControllerManager.obj
 0001:000000d0       ??__EmaxV4Error@_VecMathTests@aos@shdfnd@physx@@YAXXZ 100010d0 f   CctCharacterControllerManager.obj
 0001:000000f0       ??__EminFError@_VecMathTests@aos@shdfnd@physx@@YAXXZ 100010f0 f   CctCharacterControllerManager.obj
 0001:00000110       ??__EminV3Error@_VecMathTests@aos@shdfnd@physx@@YAXXZ 10001110 f   CctCharacterControllerManager.obj
 0001:00000120       ??__EminV4Error@_VecMathTests@aos@shdfnd@physx@@YAXXZ 10001120 f   CctCharacterControllerManager.obj
 0001:00005600       ?SweepBoxUserBox@@YA_NPBVSweepTest@Cct@physx@@PBVSweptVolume@23@PBUTouchedGeom@23@ABUPxExtendedVec3@3@ABVPxVec3@3@AAUSweptContact@23@@Z 10006600 f   CctCharacterController.obj
 0001:000057f0       ?SweepBoxUserCapsule@@YA_NPBVSweepTest@Cct@physx@@PBVSweptVolume@23@PBUTouchedGeom@23@ABUPxExtendedVec3@3@ABVPxVec3@3@AAUSweptContact@23@@Z 100067f0 f   CctCharacterController.obj
 0001:000059a0       ?SweepBoxMesh@@YA_NPBVSweepTest@Cct@physx@@PBVSweptVolume@23@PBUTouchedGeom@23@ABUPxExtendedVec3@3@ABVPxVec3@3@AAUSweptContact@23@@Z 100069a0 f   CctCharacterController.obj
 0001:00005a70       ?SweepCapsuleMesh@@YA_NPBVSweepTest@Cct@physx@@PBVSweptVolume@23@PBUTouchedGeom@23@ABUPxExtendedVec3@3@ABVPxVec3@3@AAUSweptContact@23@@Z 10006a70 f   CctCharacterController.obj
 0001:00005b40       ?SweepBoxBox@@YA_NPBVSweepTest@Cct@physx@@PBVSweptVolume@23@PBUTouchedGeom@23@ABUPxExtendedVec3@3@ABVPxVec3@3@AAUSweptContact@23@@Z 10006b40 f   CctCharacterController.obj
 0001:00005d20       ?SweepBoxSphere@@YA_NPBVSweepTest@Cct@physx@@PBVSweptVolume@23@PBUTouchedGeom@23@ABUPxExtendedVec3@3@ABVPxVec3@3@AAUSweptContact@23@@Z 10006d20 f   CctCharacterController.obj
 0001:00005ec0       ?SweepBoxCapsule@@YA_NPBVSweepTest@Cct@physx@@PBVSweptVolume@23@PBUTouchedGeom@23@ABUPxExtendedVec3@3@ABVPxVec3@3@AAUSweptContact@23@@Z 10006ec0 f   CctCharacterController.obj
 0001:000060c0       ?SweepCapsuleBox@@YA_NPBVSweepTest@Cct@physx@@PBVSweptVolume@23@PBUTouchedGeom@23@ABUPxExtendedVec3@3@ABVPxVec3@3@AAUSweptContact@23@@Z 100070c0 f   CctCharacterController.obj
 0001:000062a0       ?SweepCapsuleSphere@@YA_NPBVSweepTest@Cct@physx@@PBVSweptVolume@23@PBUTouchedGeom@23@ABUPxExtendedVec3@3@ABVPxVec3@3@AAUSweptContact@23@@Z 100072a0 f   CctCharacterController.obj
 0001:000064a0       ?SweepCapsuleCapsule@@YA_NPBVSweepTest@Cct@physx@@PBVSweptVolume@23@PBUTouchedGeom@23@ABUPxExtendedVec3@3@ABVPxVec3@3@AAUSweptContact@23@@Z 100074a0 f   CctCharacterController.obj
 0001:000066a0       ?SweepCapsuleUserCapsule@@YA_NPBVSweepTest@Cct@physx@@PBVSweptVolume@23@PBUTouchedGeom@23@ABUPxExtendedVec3@3@ABVPxVec3@3@AAUSweptContact@23@@Z 100076a0 f   CctCharacterController.obj
 0001:00006850       ?SweepCapsuleUserBox@@YA_NPBVSweepTest@Cct@physx@@PBVSweptVolume@23@PBUTouchedGeom@23@ABUPxExtendedVec3@3@ABVPxVec3@3@AAUSweptContact@23@@Z 10007850 f   CctCharacterController.obj
 0001:00006e10       ?CollideGeoms@@YAPAUTouchedGeom@Cct@physx@@PBVSweepTest@23@ABVSweptVolume@23@ABV?$Array@IV?$ReflectionAllocator@I@shdfnd@physx@@@shdfnd@3@ABUPxExtendedVec3@3@ABVPxVec3@3@AAUSweptContact@23@_N@Z 10007e10 f   CctCharacterController.obj
 0001:000071a0       ?collisionResponse@@YAXAAUPxExtendedVec3@physx@@ABU12@ABVPxVec3@2@2MM_N@Z 100081a0 f   CctCharacterController.obj
 0001:000074a0       ?computeMTD@@YA?AVPxVec3@physx@@PBVSweepTest@Cct@2@ABVSweptVolume@42@ABV?$Array@IV?$ReflectionAllocator@I@shdfnd@physx@@@shdfnd@2@ABUPxExtendedVec3@2@M@Z 100084a0 f   CctCharacterController.obj
 0001:00007f60       ?relocateCapsule@@YAXAAVPxCapsuleGeometry@physx@@AAVPxTransform@2@ABUTouchedUserCapsule@Cct@2@@Z 10008f60 f   CctCharacterController.obj
 0001:00008060       ?sweepVolumeVsMesh@@YA_NPBVSweepTest@Cct@physx@@PBUTouchedMesh@23@AAUSweptContact@23@ABVPxVec3@3@ABVPxGeometry@3@ABVPxTransform@3@IPBVPxTriangle@3@I@Z 10009060 f   CctCharacterController.obj
 0001:00008190       ?worldToLocal@@YA?AVPxVec3@physx@@ABVPxObstacle@2@ABUPxExtendedVec3@2@@Z 10009190 f   CctCharacterController.obj
 0001:00008b30       ?createInvisibleWalls@@YAIABUCCTParams@Cct@physx@@ABVPxTriangle@3@AAV?$Array@VPxTriangle@physx@@V?$ReflectionAllocator@VPxTriangle@physx@@@shdfnd@2@@shdfnd@3@AAV?$Array@IV?$ReflectionAllocator@I@shdfnd@physx@@@63@@Z 10009b30 f   CctCharacterControllerCallbacks.obj
 0001:000091c0       ?fillCCTHit@@YAXAAUPxControllerHit@physx@@ABUSweptContact@Cct@2@ABVPxVec3@2@MPAVController@42@@Z 1000a1c0 f   CctCharacterControllerCallbacks.obj
 0001:00009380       ?outputBoxToStream@@YAXPAVPxShape@physx@@PBVPxRigidActor@2@ABVPxTransform@2@AAV?$Array@IV?$ReflectionAllocator@I@shdfnd@physx@@@shdfnd@2@AAV?$Array@VPxTriangle@physx@@V?$ReflectionAllocator@VPxTriangle@physx@@@shdfnd@2@@62@3ABUPxExtendedVec3@2@ABVPxBounds3@2@ABUCCTParams@Cct@2@AAG@Z 1000a380 f   CctCharacterControllerCallbacks.obj
 0001:0000a290       ?outputCapsuleToStream@@YAXPAVPxShape@physx@@PBVPxRigidActor@2@ABVPxTransform@2@AAV?$Array@IV?$ReflectionAllocator@I@shdfnd@physx@@@shdfnd@2@ABUPxExtendedVec3@2@@Z 1000b290 f   CctCharacterControllerCallbacks.obj
 0001:0000a470       ?outputConvexToStream@@YAXPAVPxShape@physx@@PBVPxRigidActor@2@ABVPxTransform@2@AAV?$Array@IV?$ReflectionAllocator@I@shdfnd@physx@@@shdfnd@2@AAV?$Array@VPxTriangle@physx@@V?$ReflectionAllocator@VPxTriangle@physx@@@shdfnd@2@@62@3ABUPxExtendedVec3@2@ABVPxBounds3@2@ABUCCTParams@Cct@2@PAVRenderBuffer@Cm@2@AAG@Z 1000b470 f   CctCharacterControllerCallbacks.obj
 0001:0000b3a0       ?outputHeightFieldToStream@@YAXPAVPxShape@physx@@PBVPxRigidActor@2@ABVPxTransform@2@AAV?$Array@IV?$ReflectionAllocator@I@shdfnd@physx@@@shdfnd@2@AAV?$Array@VPxTriangle@physx@@V?$ReflectionAllocator@VPxTriangle@physx@@@shdfnd@2@@62@3ABUPxExtendedVec3@2@ABVPxBounds3@2@ABUCCTParams@Cct@2@PAVRenderBuffer@Cm@2@AAG@Z 1000c3a0 f   CctCharacterControllerCallbacks.obj
 0001:0000bd40       ?outputMeshToStream@@YAXPAVPxShape@physx@@PBVPxRigidActor@2@ABVPxTransform@2@AAV?$Array@IV?$ReflectionAllocator@I@shdfnd@physx@@@shdfnd@2@AAV?$Array@VPxTriangle@physx@@V?$ReflectionAllocator@VPxTriangle@physx@@@shdfnd@2@@62@3ABUPxExtendedVec3@2@ABVPxBounds3@2@ABUCCTParams@Cct@2@PAVRenderBuffer@Cm@2@AAG@Z 1000cd40 f   CctCharacterControllerCallbacks.obj
 0001:0000c6e0       ?outputPlaneToStream@@YAXPAVPxShape@physx@@PBVPxRigidActor@2@ABVPxTransform@2@AAV?$Array@IV?$ReflectionAllocator@I@shdfnd@physx@@@shdfnd@2@AAV?$Array@VPxTriangle@physx@@V?$ReflectionAllocator@VPxTriangle@physx@@@shdfnd@2@@62@3ABUPxExtendedVec3@2@ABVPxBounds3@2@ABUCCTParams@Cct@2@PAVRenderBuffer@Cm@2@@Z 1000d6e0 f   CctCharacterControllerCallbacks.obj
 0001:0000cd10       ?outputSphereToStream@@YAXPAVPxShape@physx@@PBVPxRigidActor@2@ABVPxTransform@2@AAV?$Array@IV?$ReflectionAllocator@I@shdfnd@physx@@@shdfnd@2@ABUPxExtendedVec3@2@@Z 1000dd10 f   CctCharacterControllerCallbacks.obj
 0001:0000ce90       ?tessellateTriangle@@YAXPAUTessParams@@ABVPxVec3@physx@@11@Z 1000de90 f   CctCharacterControllerCallbacks.obj
 0001:0000d308       $LN115                     1000e308     CctCharacterControllerCallbacks.obj
 0001:0000d330       ?visualizeTouchedTriangles@@YAXIIPBVPxTriangle@physx@@PAVRenderBuffer@Cm@2@ABVPxVec3@2@2@Z 1000e330 f   CctCharacterControllerCallbacks.obj
 0001:0000e8f0       ?InteractionCharacterCharacter@@YAXPAVController@Cct@physx@@0M@Z 1000f8f0 f   CctCharacterControllerManager.obj
 0001:0000f730       ?computeMTD@@YA_NAAVPxVec3@physx@@AAMABV12@2ABVPxMat33@2@223@Z 10010730 f   CctCharacterControllerManager.obj
 0001:0000fc40       $LN335                     10010c40     CctCharacterControllerManager.obj
 0001:000100d0       ?fixDir@@YA?AVPxVec3@physx@@ABV12@0@Z 100110d0 f   CctCharacterControllerManager.obj
 0001:00016a10       ?computeMassAndDiagInertia@@YA_NAAVInertiaTensorComputer@Ext@physx@@AAVPxVec3@3@AAVPxQuat@3@AAM1_NABVPxRigidBody@3@PBD@Z 10017a10 f   PhysX3Extensions:ExtRigidBodyExt.obj
 0001:00016db0       ?computeMassAndInertia@@YA_N_NAAVPxRigidBody@physx@@PBM2I0AAVInertiaTensorComputer@Ext@2@@Z 10017db0 f   PhysX3Extensions:ExtRigidBodyExt.obj
 0001:00017c2c       $LN479                     10018c2c     PhysX3Extensions:ExtRigidBodyExt.obj
 0001:00018800       ?setMassAndUpdateInertia@@YA_N_NAAVPxRigidBody@physx@@PBMIPBVPxVec3@2@0@Z 10019800 f   PhysX3Extensions:ExtRigidBodyExt.obj
 0001:00018fb0       ?updateMassAndInertia@@YA_N_NAAVPxRigidBody@physx@@PBMIPBVPxVec3@2@0@Z 10019fb0 f   PhysX3Extensions:ExtRigidBodyExt.obj
 0001:00019240       $$000000                   1001a240     MSVCRT:alloca16.obj
 0001:00019270       $$000000                   1001a270     MSVCRT:_ftol3_.obj
 0001:000195e7       ?dllmain_crt_dispatch@@YGHQAUHINSTANCE__@@KQAX@Z 1001a5e7 f   MSVCRT:dll_dllmain.obj
 0001:0001963a       ?dllmain_crt_process_attach@@YAHQAUHINSTANCE__@@QAX@Z 1001a63a f   MSVCRT:dll_dllmain.obj
 0001:0001974c       ?dllmain_crt_process_detach@@YAH_N@Z 1001a74c f   MSVCRT:dll_dllmain.obj
 0001:000197c9       ?dllmain_dispatch@@YAHQAUHINSTANCE__@@KQAX@Z 1001a7c9 f   MSVCRT:dll_dllmain.obj
 0001:000198d2       ?dllmain_raw@@YGHQAUHINSTANCE__@@KQAX@Z 1001a8d2 f   MSVCRT:dll_dllmain.obj
 0001:00019930       $$000000                   1001a930     MSVCRT:chkstk.obj
 0001:0001999b       ?find_pe_section@@YAPAU_IMAGE_SECTION_HEADER@@QAEI@Z 1001a99b f   MSVCRT:utility.obj
 0001:000199df       ?is_potentially_valid_image_base@@YA_NQAX@Z 1001a9df f   MSVCRT:utility.obj
 0001:0001a060       $$000000                   1001b060     MSVCRT:_sehprolg4_.obj
 0002:0000013c       ?minFError$initializer$@_VecMathTests@aos@shdfnd@physx@@3P6AXXZA 1001c13c     CctCharacterController.obj
 0002:00000140       ?maxFError$initializer$@_VecMathTests@aos@shdfnd@physx@@3P6AXXZA 1001c140     CctCharacterController.obj
 0002:00000144       ?minV3Error$initializer$@_VecMathTests@aos@shdfnd@physx@@3P6AXXZA 1001c144     CctCharacterController.obj
 0002:00000148       ?maxV3Error$initializer$@_VecMathTests@aos@shdfnd@physx@@3P6AXXZA 1001c148     CctCharacterController.obj
 0002:0000014c       ?minV4Error$initializer$@_VecMathTests@aos@shdfnd@physx@@3P6AXXZA 1001c14c     CctCharacterController.obj
 0002:00000150       ?maxV4Error$initializer$@_VecMathTests@aos@shdfnd@physx@@3P6AXXZA 1001c150     CctCharacterController.obj
 0002:00000154       ?minFError$initializer$@_VecMathTests@aos@shdfnd@physx@@3P6AXXZA 1001c154     CctCharacterControllerManager.obj
 0002:00000158       ?maxFError$initializer$@_VecMathTests@aos@shdfnd@physx@@3P6AXXZA 1001c158     CctCharacterControllerManager.obj
 0002:0000015c       ?minV3Error$initializer$@_VecMathTests@aos@shdfnd@physx@@3P6AXXZA 1001c15c     CctCharacterControllerManager.obj
 0002:00000160       ?maxV3Error$initializer$@_VecMathTests@aos@shdfnd@physx@@3P6AXXZA 1001c160     CctCharacterControllerManager.obj
 0002:00000164       ?minV4Error$initializer$@_VecMathTests@aos@shdfnd@physx@@3P6AXXZA 1001c164     CctCharacterControllerManager.obj
 0002:00000168       ?maxV4Error$initializer$@_VecMathTests@aos@shdfnd@physx@@3P6AXXZA 1001c168     CctCharacterControllerManager.obj
 0002:000006e0       ?gMaskXYZ@internalWindowsSimd@aos@shdfnd@physx@@3QBIB 1001c6e0     CctCharacterController.obj
 0002:000006f0       ?GeomSizes@@3QBIB          1001c6f0     CctCharacterController.obj
 0002:000008c0       ?gMaskXYZ@internalWindowsSimd@aos@shdfnd@physx@@3QBIB 1001c8c0     CctCharacterControllerManager.obj
 0002:00001020       _Int32ToUInt32             1001d020     MSVCRT:_ftol3_.obj
 0002:00001028       _DP2to32                   1001d028     MSVCRT:_ftol3_.obj
 0002:00001030       _MantissaMask              1001d030     MSVCRT:_ftol3_.obj
 0002:00001038       _IntegerBit                1001d038     MSVCRT:_ftol3_.obj
 0002:00001040       _SignBit64                 1001d040     MSVCRT:_ftol3_.obj
 0002:00001048       _MinFP64                   1001d048     MSVCRT:_ftol3_.obj
 0002:00001050       _MinInt64                  1001d050     MSVCRT:_ftol3_.obj
 0002:00001058       _MaxInt64                  1001d058     MSVCRT:_ftol3_.obj
 0002:00001060       _MaxUInt64                 1001d060     MSVCRT:_ftol3_.obj
 0002:00001068       _MaxFP32                   1001d068     MSVCRT:_ftol3_.obj
 0002:00001070       _MinFP32                   1001d070     MSVCRT:_ftol3_.obj
 0002:00001078       _MinSubInexact             1001d078     MSVCRT:_ftol3_.obj
 0002:00001080       _FpExcptTable              1001d080     MSVCRT:_ftol3_.obj
 0002:00001090       _i1075                     1001d090     MSVCRT:_ftol3_.obj
 0002:00001094       _i1087                     1001d094     MSVCRT:_ftol3_.obj
 0002:00001098       _x0800                     1001d098     MSVCRT:_ftol3_.obj
 0002:0000109c       _x17FF                     1001d09c     MSVCRT:_ftol3_.obj
 0002:000010a0       _CWMask                    1001d0a0     MSVCRT:_ftol3_.obj
 0002:000010a8       _GS_ExceptionPointers      1001d0a8     MSVCRT:gs_report.obj
 0002:000014d8       __sehtable$?dllmain_crt_process_attach@@YAHQAUHINSTANCE__@@QAX@Z 1001d4d8     MSVCRT:dll_dllmain.obj
 0002:000014f8       __sehtable$?dllmain_crt_process_detach@@YAH_N@Z 1001d4f8     MSVCRT:dll_dllmain.obj
 0002:00001518       __sehtable$?dllmain_dispatch@@YAHQAUHINSTANCE__@@KQAX@Z 1001d518     MSVCRT:dll_dllmain.obj
 0002:00001538       __sehtable$___scrt_is_nonwritable_in_current_image 1001d538     MSVCRT:utility.obj
 0002:00001560       .edata                     1001d560     PhysX3CharacterKinematic_x86.exp
 0002:00001588       rgpv                       1001d588     PhysX3CharacterKinematic_x86.exp
 0002:000015a4       rgszName                   1001d5a4     PhysX3CharacterKinematic_x86.exp
 0002:000015c0       rgwOrd                     1001d5c0     PhysX3CharacterKinematic_x86.exp
 0002:000015ce       szName                     1001d5ce     PhysX3CharacterKinematic_x86.exp
 0002:000015ef       $N00001                    1001d5ef     PhysX3CharacterKinematic_x86.exp
 0002:00001614       $N00002                    1001d614     PhysX3CharacterKinematic_x86.exp
 0002:0000163f       $N00003                    1001d63f     PhysX3CharacterKinematic_x86.exp
 0002:00001664       $N00004                    1001d664     PhysX3CharacterKinematic_x86.exp
 0002:00001694       $N00005                    1001d694     PhysX3CharacterKinematic_x86.exp
 0002:000016b7       $N00006                    1001d6b7     PhysX3CharacterKinematic_x86.exp
 0002:0000172e       $N00007                    1001d72e     PhysX3CharacterKinematic_x86.exp
 0002:000021d4       .idata$6                   1001e1d4     PhysX3Common_x86:PhysX3Common_x86.dll
 0002:000022a0       .idata$6                   1001e2a0     vcruntime:VCRUNTIME140.dll
 0002:000023aa       .idata$6                   1001e3aa     ucrt:api-ms-win-crt-math-l1-1-0.dll
 0002:000023ca       .idata$6                   1001e3ca     ucrt:api-ms-win-crt-heap-l1-1-0.dll
 0002:000023ea       .idata$6                   1001e3ea     ucrt:api-ms-win-crt-runtime-l1-1-0.dll
 0002:00002556       .idata$6                   1001e556     kernel32:KERNEL32.dll
 0003:00000000       ?gSweepMap@@3PAY05P6A_NPBVSweepTest@Cct@physx@@PBVSweptVolume@23@PBUTouchedGeom@23@ABUPxExtendedVec3@3@ABVPxVec3@3@AAUSweptContact@23@@ZA 1001f000     CctCharacterController.obj
 0003:00000370       ?maxV3Error@_VecMathTests@aos@shdfnd@physx@@3T__m128@@B 1001f370     CctCharacterController.obj
 0003:00000380       ?minFError@_VecMathTests@aos@shdfnd@physx@@3T__m128@@B 1001f380     CctCharacterController.obj
 0003:00000390       ?maxV4Error@_VecMathTests@aos@shdfnd@physx@@3T__m128@@B 1001f390     CctCharacterController.obj
 0003:000003a0       ?minV4Error@_VecMathTests@aos@shdfnd@physx@@3T__m128@@B 1001f3a0     CctCharacterController.obj
 0003:000003b0       ?minV3Error@_VecMathTests@aos@shdfnd@physx@@3T__m128@@B 1001f3b0     CctCharacterController.obj
 0003:000003c0       ?maxFError@_VecMathTests@aos@shdfnd@physx@@3T__m128@@B 1001f3c0     CctCharacterController.obj
 0003:000003d0       ?maxV3Error@_VecMathTests@aos@shdfnd@physx@@3T__m128@@B 1001f3d0     CctCharacterControllerManager.obj
 0003:000003e0       ?minFError@_VecMathTests@aos@shdfnd@physx@@3T__m128@@B 1001f3e0     CctCharacterControllerManager.obj
 0003:000003f0       ?maxV4Error@_VecMathTests@aos@shdfnd@physx@@3T__m128@@B 1001f3f0     CctCharacterControllerManager.obj
 0003:00000400       ?minV4Error@_VecMathTests@aos@shdfnd@physx@@3T__m128@@B 1001f400     CctCharacterControllerManager.obj
 0003:00000410       ?minV3Error@_VecMathTests@aos@shdfnd@physx@@3T__m128@@B 1001f410     CctCharacterControllerManager.obj
 0003:00000420       ?maxFError@_VecMathTests@aos@shdfnd@physx@@3T__m128@@B 1001f420     CctCharacterControllerManager.obj
 0003:00000438       ?__proc_attached@@3HA      1001f438     MSVCRT:dll_dllmain.obj
 0003:00000444       ?module_local_atexit_table@@3U_onexit_table_t@@A 1001f444     MSVCRT:utility.obj
 0003:00000450       ?module_local_at_quick_exit_table@@3U_onexit_table_t@@A 1001f450     MSVCRT:utility.obj
 0003:0000045c       ?is_initialized_as_dll@@3_NA 1001f45c     MSVCRT:utility.obj
 0003:00000480       _GS_ExceptionRecord        1001f480     MSVCRT:gs_report.obj
 0003:000004d0       _GS_ContextRecord          1001f4d0     MSVCRT:gs_report.obj
 0004:000000a0       $R000000                   100200a0     PhysX3CharacterKinematic.res
 0004:00000420       $R000380                   10020420     PhysX3CharacterKinematic.res
