 PhysX3CommonDEBUG_x86

 Timestamp is 56532e32 (Mon Nov 23 16:18:10 2015)

 Preferred load address is 10000000

 Start         Length     Name                   Class
 0001:00000000 00018126H .text$di                CODE
 0001:00018130 001479f8H .text$mn                CODE
 0001:0015fb30 00001012H .text$yd                CODE
 0002:00000000 00000104H .CRT$XCA                DATA
 0002:00000104 00000cfbH .CRT$XCU                DATA
 0002:00000e00 00000104H .CRT$XCZ                DATA
 0002:00000f04 00000104H .CRT$XIA                DATA
 0002:00001008 00000104H .CRT$XIZ                DATA
 0002:0000110c 00000104H .CRT$XPA                DATA
 0002:00001210 00000104H .CRT$XPZ                DATA
 0002:00001314 00000104H .CRT$XTA                DATA
 0002:00001418 00000104H .CRT$XTZ                DATA
 0002:00001520 0000c5b0H .rdata                  DATA
 0002:0000dad0 00000271H .rdata$r                DATA
 0002:0000dd50 00000109H .rdata$sxdata           DATA
 0002:0000de5c 000001b1H .rdata$zzzdbg           DATA
 0002:0000e010 00000104H .rtc$IAA                DATA
 0002:0000e114 00000383H .rtc$IMZ                DATA
 0002:0000e498 00000104H .rtc$IZZ                DATA
 0002:0000e59c 00000104H .rtc$TAA                DATA
 0002:0000e6a0 00000383H .rtc$TMZ                DATA
 0002:0000ea24 00000104H .rtc$TZZ                DATA
 0002:0000eb28 000002aaH .xdata$x                DATA
 0002:0000ede0 00016f4fH .edata                  DATA
 0003:00000000 000005e2H .data                   DATA
 0003:000005e4 0000040cH .data$r                 DATA
 0003:000009f0 00003e90H .bss                    DATA
 0004:00000000 00000354H .idata$5                DATA
 0004:00000354 00000050H .idata$2                DATA
 0004:000003a4 00000014H .idata$3                DATA
 0004:000003b8 00000354H .idata$4                DATA
 0004:0000070c 00000ac3H .idata$6                DATA
 0005:00000000 00000104H .00cfg                  DATA
 0006:00000000 000001c0H .rsrc$01                DATA
 0006:000001c0 000006a9H .rsrc$02                DATA

  Address         Publics by Value              Rva+Base       Lib:Object

 0000:00000000       ___guard_fids_table        00000000     <absolute>
 0000:00000000       ___guard_fids_count        00000000     <absolute>
 0000:00000002       ___safe_se_handler_count   00000002     <absolute>
 0000:00000100       ___guard_flags             00000100     <absolute>
 0000:00000000       ___ImageBase               10000000     <linker-defined>
 0001:00018130       ?atomicExchange@shdfnd@physx@@YAHPCHH@Z 10019130 f   PsWindowsAtomic.obj
 0001:00018140       ?atomicCompareExchange@shdfnd@physx@@YAHPCHHH@Z 10019140 f   PsWindowsAtomic.obj
 0001:00018160       ?atomicCompareExchangePointer@shdfnd@physx@@YAPAXPAPCXPAX1@Z 10019160 f   PsWindowsAtomic.obj
 0001:00018180       ?atomicIncrement@shdfnd@physx@@YAHPCH@Z 10019180 f   PsWindowsAtomic.obj
 0001:000181a0       ?atomicDecrement@shdfnd@physx@@YAHPCH@Z 100191a0 f   PsWindowsAtomic.obj
 0001:000181c0       ?atomicAdd@shdfnd@physx@@YAHPCHH@Z 100191c0 f   PsWindowsAtomic.obj
 0001:000181f0       ?atomicMax@shdfnd@physx@@YAHPCHH@Z 100191f0 f   PsWindowsAtomic.obj
 0001:00018270       __InlineInterlockedCompareExchangePointer 10019270 f i PsWindowsAtomic.obj
 0001:00018290       ?getCpuId@Cpu@shdfnd@physx@@SAEXZ 10019290 f   PsWindowsCpu.obj
 0001:000182e0       ??0FPUGuard@shdfnd@physx@@QAE@XZ 100192e0 f   PsWindowsFPU.obj
 0001:00018330       ??1FPUGuard@shdfnd@physx@@QAE@XZ 10019330 f   PsWindowsFPU.obj
 0001:00018390       ?enableFPExceptions@shdfnd@physx@@YAXXZ 10019390 f   PsWindowsFPU.obj
 0001:000183b0       ?disableFPExceptions@shdfnd@physx@@YAXXZ 100193b0 f   PsWindowsFPU.obj
 0001:00018410       ??4FPUGuard@shdfnd@physx@@QAEAAV012@ABV012@@Z 10019410 f i PsWindowsFPU.obj
 0001:00018440       ?__global_array_delete@@YAXPAX@Z 10019440 f i PsWindowsFPU.obj
 0001:00018460       ?__global_array_delete@@YAXPAXI@Z 10019460 f i PsWindowsFPU.obj
 0001:00018480       ?__global_delete@@YAXPAX@Z 10019480 f i PsWindowsFPU.obj
 0001:000184a0       ?__global_delete@@YAXPAXI@Z 100194a0 f i PsWindowsFPU.obj
 0001:000184c0       ??0MemoryMappedFile@shdfnd@physx@@QAE@PBDI@Z 100194c0 f   PsWindowsMemoryMappedFile.obj
 0001:00018580       ??1MemoryMappedFile@shdfnd@physx@@QAE@XZ 10019580 f   PsWindowsMemoryMappedFile.obj
 0001:000185e0       ?getBaseAddress@MemoryMappedFile@shdfnd@physx@@QAEPAXXZ 100195e0 f   PsWindowsMemoryMappedFile.obj
 0001:00018640       ??0Allocator@shdfnd@physx@@QAE@PBD@Z 10019640 f i PsWindowsMemoryMappedFile.obj
 0001:00018660       ??0PxFoundation@physx@@QAE@ABV01@@Z 10019660 f i PsWindowsMemoryMappedFile.obj
 0001:00018680       ??0PxFoundation@physx@@QAE@XZ 10019680 f i PsWindowsMemoryMappedFile.obj
 0001:000186a0       ??1PxFoundation@physx@@MAE@XZ 100196a0 f i PsWindowsMemoryMappedFile.obj
 0001:000186c0       ??4Allocator@shdfnd@physx@@QAEAAV012@$$QAV012@@Z 100196c0 f i PsWindowsMemoryMappedFile.obj
 0001:000186e0       ??4Allocator@shdfnd@physx@@QAEAAV012@ABV012@@Z 100196e0 f i PsWindowsMemoryMappedFile.obj
 0001:00018700       ??4ErrorHandler@shdfnd@physx@@QAEAAV012@ABV012@@Z 10019700 f i PsWindowsMemoryMappedFile.obj
 0001:00018740       ??4MutexImpl@shdfnd@physx@@QAEAAV012@ABV012@@Z 10019740 f i PsWindowsMemoryMappedFile.obj
 0001:00018760       ??4PAUtils@shdfnd@physx@@QAEAAV012@ABV012@@Z 10019760 f i PsWindowsMemoryMappedFile.obj
 0001:00018780       ??4PxFoundation@physx@@QAEAAV01@ABV01@@Z 10019780 f i PsWindowsMemoryMappedFile.obj
 0001:000187a0       ??_EPxFoundation@physx@@MAEPAXI@Z 100197a0 f i PsWindowsMemoryMappedFile.obj
 0001:00018840       ??_FAllocator@shdfnd@physx@@QAEXXZ 10019840 f i PsWindowsMemoryMappedFile.obj
 0001:00018860       ??_FNamedAllocator@shdfnd@physx@@QAEXXZ 10019860 f i PsWindowsMemoryMappedFile.obj
 0001:00018880       ??_GPxFoundation@physx@@MAEPAXI@Z 10019880 f i PsWindowsMemoryMappedFile.obj
 0001:000188c0       ??_I@YGXPAXIIP6EX0@Z@Z     100198c0 f i PsWindowsMemoryMappedFile.obj
 0001:00018930       ?getAllocator@Foundation@shdfnd@physx@@UBEAAVPxBroadcastingAllocator@3@XZ 10019930 f i PsWindowsMemoryMappedFile.obj
 0001:00018950       ?getCallbackCount@ErrorHandler@shdfnd@physx@@QBEIXZ 10019950 f i PsWindowsMemoryMappedFile.obj
 0001:00018970       ?getCheckedAllocator@Foundation@shdfnd@physx@@QAEAAVPxAllocatorCallback@3@XZ 10019970 f i PsWindowsMemoryMappedFile.obj
 0001:00018990       ?getErrorCallback@ErrorHandler@shdfnd@physx@@QBEPAVPxErrorCallback@3@H@Z 10019990 f i PsWindowsMemoryMappedFile.obj
 0001:000189b0       ?getErrorHandler@Foundation@shdfnd@physx@@QAEAAVErrorHandler@23@XZ 100199b0 f i PsWindowsMemoryMappedFile.obj
 0001:000189d0       ?getErrorMutex@Foundation@shdfnd@physx@@QAEAAV?$MutexT@VAllocator@shdfnd@physx@@@23@XZ 100199d0 f i PsWindowsMemoryMappedFile.obj
 0001:000189f0       ?getMaxCallbackNum@ErrorHandler@shdfnd@physx@@QBEIXZ 100199f0 f i PsWindowsMemoryMappedFile.obj
 0001:00018a10       ?getNamedAllocMap@Foundation@shdfnd@physx@@QAEAAV?$HashMap@PBVNamedAllocator@shdfnd@physx@@PBDU?$Hash@PBVNamedAllocator@shdfnd@physx@@@23@VNonTrackingAllocator@23@@23@XZ 10019a10 f i PsWindowsMemoryMappedFile.obj
 0001:00018a30       ?getNamedAllocMutex@Foundation@shdfnd@physx@@QAEAAV?$MutexT@VAllocator@shdfnd@physx@@@23@XZ 10019a30 f i PsWindowsMemoryMappedFile.obj
 0001:00018a50       ?getPAUtils@Foundation@shdfnd@physx@@QAEAAVPAUtils@23@XZ 10019a50 f i PsWindowsMemoryMappedFile.obj
 0001:00018a70       ?getReportAllocationNames@Foundation@shdfnd@physx@@UBE_NXZ 10019a70 f i PsWindowsMemoryMappedFile.obj
 0001:00018a90       ?getTempAllocFreeTable@Foundation@shdfnd@physx@@QAEAAV?$Array@PATTempAllocatorChunk@shdfnd@physx@@VAllocator@23@@23@XZ 10019a90 f i PsWindowsMemoryMappedFile.obj
 0001:00018ab0       ?getTempAllocMutex@Foundation@shdfnd@physx@@QAEAAV?$MutexT@VAllocator@shdfnd@physx@@@23@XZ 10019ab0 f i PsWindowsMemoryMappedFile.obj
 0001:00018ad0       ?setReportAllocationNames@Foundation@shdfnd@physx@@UAEX_N@Z 10019ad0 f i PsWindowsMemoryMappedFile.obj
 0001:00018af0       ??0PsModuleUpdateLoader@shdfnd@physx@@QAE@PBD@Z 10019af0 f   PsWindowsModuleUpdateLoader.obj
 0001:00018b40       ??1PsModuleUpdateLoader@shdfnd@physx@@QAE@XZ 10019b40 f   PsWindowsModuleUpdateLoader.obj
 0001:00018b70       ?LoadModule@PsModuleUpdateLoader@shdfnd@physx@@QAEPAUHINSTANCE__@@PBD0@Z 10019b70 f   PsWindowsModuleUpdateLoader.obj
 0001:00018bf0       ??4PsModuleUpdateLoader@shdfnd@physx@@QAEAAV012@ABV012@@Z 10019bf0 f i PsWindowsModuleUpdateLoader.obj
 0001:00018c20       ?loadLibrary@shdfnd@physx@@YGPAUHINSTANCE__@@PBD@Z 10019c20 f i PsWindowsModuleUpdateLoader.obj
 0001:00018c40       ??0MutexImpl@shdfnd@physx@@QAE@XZ 10019c40 f   PsWindowsMutex.obj
 0001:00018c80       ??1MutexImpl@shdfnd@physx@@QAE@XZ 10019c80 f   PsWindowsMutex.obj
 0001:00018ca0       ?lock@MutexImpl@shdfnd@physx@@QAEXXZ 10019ca0 f   PsWindowsMutex.obj
 0001:00018ce0       ?trylock@MutexImpl@shdfnd@physx@@QAE_NXZ 10019ce0 f   PsWindowsMutex.obj
 0001:00018d40       ?unlock@MutexImpl@shdfnd@physx@@QAEXXZ 10019d40 f   PsWindowsMutex.obj
 0001:00018da0       ?getSize@MutexImpl@shdfnd@physx@@SAABIXZ 10019da0 f   PsWindowsMutex.obj
 0001:00018db0       ??0ReadWriteLock@shdfnd@physx@@QAE@XZ 10019db0 f   PsWindowsMutex.obj
 0001:00018e30       ??1ReadWriteLock@shdfnd@physx@@QAE@XZ 10019e30 f   PsWindowsMutex.obj
 0001:00018e60       ?lockReader@ReadWriteLock@shdfnd@physx@@QAEXXZ 10019e60 f   PsWindowsMutex.obj
 0001:00018e90       ?lockWriter@ReadWriteLock@shdfnd@physx@@QAEXXZ 10019e90 f   PsWindowsMutex.obj
 0001:00018ec0       ?unlockReader@ReadWriteLock@shdfnd@physx@@QAEXXZ 10019ec0 f   PsWindowsMutex.obj
 0001:00018ee0       ?unlockWriter@ReadWriteLock@shdfnd@physx@@QAEXXZ 10019ee0 f   PsWindowsMutex.obj
 0001:00018fc0       ??0?$MutexT@V?$ReflectionAllocator@VMutexImpl@shdfnd@physx@@@shdfnd@physx@@@shdfnd@physx@@QAE@ABV?$ReflectionAllocator@VMutexImpl@shdfnd@physx@@@12@@Z 10019fc0 f i PsWindowsMutex.obj
 0001:00019040       ??0?$ReflectionAllocator@VMutexImpl@shdfnd@physx@@@shdfnd@physx@@QAE@ABV012@@Z 1001a040 f i PsWindowsMutex.obj
 0001:00019060       ??0?$ReflectionAllocator@VMutexImpl@shdfnd@physx@@@shdfnd@physx@@QAE@PBD@Z 1001a060 f i PsWindowsMutex.obj
 0001:00019080       ??0ReadWriteLockImpl@shdfnd@physx@@QAE@XZ 1001a080 f i PsWindowsMutex.obj
 0001:000190b0       ??1?$MutexT@V?$ReflectionAllocator@VMutexImpl@shdfnd@physx@@@shdfnd@physx@@@shdfnd@physx@@QAE@XZ 1001a0b0 f i PsWindowsMutex.obj
 0001:000190e0       ??1ReadWriteLockImpl@shdfnd@physx@@QAE@XZ 1001a0e0 f i PsWindowsMutex.obj
 0001:00019100       ??2@YAPAXIPAX@Z            1001a100 f i PsWindowsMutex.obj
 0001:00019110       ??4ThreadImpl@shdfnd@physx@@QAEAAV012@ABV012@@Z 1001a110 f i PsWindowsMutex.obj
 0001:00019130       ??_GMutexImpl@shdfnd@physx@@QAEPAXI@Z 1001a130 f i PsWindowsMutex.obj
 0001:00019170       ??_GReadWriteLockImpl@shdfnd@physx@@QAEPAXI@Z 1001a170 f i PsWindowsMutex.obj
 0001:000191b0       ?__empty_global_delete@@YAXPAX@Z 1001a1b0 f i PsWindowsMutex.obj
 0001:000191c0       ?__empty_global_delete@@YAXPAXI@Z 1001a1c0 f i PsWindowsMutex.obj
 0001:000191d0       ?allocate@?$ReflectionAllocator@VMutexImpl@shdfnd@physx@@@shdfnd@physx@@QAEPAXIPBDH@Z 1001a1d0 f i PsWindowsMutex.obj
 0001:00019230       ?deallocate@?$ReflectionAllocator@VMutexImpl@shdfnd@physx@@@shdfnd@physx@@QAEXPAX@Z 1001a230 f i PsWindowsMutex.obj
 0001:00019270       ?getFoundation@shdfnd@physx@@YAAAVFoundation@12@XZ 1001a270 f i PsWindowsMutex.obj
 0001:00019280       ?getId@?$ThreadT@V?$ReflectionAllocator@VThreadImpl@shdfnd@physx@@@shdfnd@physx@@@shdfnd@physx@@SAIXZ 1001a280 f i PsWindowsMutex.obj
 0001:00019290       ?getName@?$ReflectionAllocator@VMutexImpl@shdfnd@physx@@@shdfnd@physx@@CAPBDXZ 1001a290 f i PsWindowsMutex.obj
 0001:000192e0       ?lock@?$MutexT@V?$ReflectionAllocator@VMutexImpl@shdfnd@physx@@@shdfnd@physx@@@shdfnd@physx@@QBEXXZ 1001a2e0 f i PsWindowsMutex.obj
 0001:00019300       ?name@type_info@@QBEPBDXZ  1001a300 f i PsWindowsMutex.obj
 0001:00019330       ?unlock@?$MutexT@V?$ReflectionAllocator@VMutexImpl@shdfnd@physx@@@shdfnd@physx@@@shdfnd@physx@@QBEXXZ 1001a330 f i PsWindowsMutex.obj
 0001:00019350       ??0PAUtils@shdfnd@physx@@QAE@XZ 1001a350 f   PsWindowsPAEventSrc.obj
 0001:00019370       ??1PAUtils@shdfnd@physx@@QAE@XZ 1001a370 f   PsWindowsPAEventSrc.obj
 0001:000193b0       ?isEnabled@PAUtils@shdfnd@physx@@QAE_NXZ 1001a3b0 f   PsWindowsPAEventSrc.obj
 0001:000193e0       ?isEventEnabled@PAUtils@shdfnd@physx@@QAE_NG@Z 1001a3e0 f   PsWindowsPAEventSrc.obj
 0001:00019410       ?registerEvent@PAUtils@shdfnd@physx@@QAEGPBD@Z 1001a410 f   PsWindowsPAEventSrc.obj
 0001:00019480       ?startEvent@PAUtils@shdfnd@physx@@QAEXGG@Z 1001a480 f   PsWindowsPAEventSrc.obj
 0001:00019510       ?stopEvent@PAUtils@shdfnd@physx@@QAEXGG@Z 1001a510 f   PsWindowsPAEventSrc.obj
 0001:000195a0       ?statEvent@PAUtils@shdfnd@physx@@QAEXGI@Z 1001a5a0 f   PsWindowsPAEventSrc.obj
 0001:000195e0       ?statEvent@PAUtils@shdfnd@physx@@QAEXGII@Z 1001a5e0 f   PsWindowsPAEventSrc.obj
 0001:00019610       ?debugEvent@PAUtils@shdfnd@physx@@QAEXGII@Z 1001a610 f   PsWindowsPAEventSrc.obj
 0001:00019640       ?rawEvent@PAUtils@shdfnd@physx@@QAEXGIIE@Z 1001a640 f   PsWindowsPAEventSrc.obj
 0001:00019680       ?rawEventWithTimestamp@PAUtils@shdfnd@physx@@QAE_NG_KIIE@Z 1001a680 f   PsWindowsPAEventSrc.obj
 0001:000196c0       ?lock@PAUtils@shdfnd@physx@@QAE_NXZ 1001a6c0 f   PsWindowsPAEventSrc.obj
 0001:00019730       ?unlock@PAUtils@shdfnd@physx@@QAE_NXZ 1001a730 f   PsWindowsPAEventSrc.obj
 0001:00019760       ??0ConnImpl@shdfnd@physx@@QAE@XZ 1001a760 f   PsWindowsPAEventSrc.obj
 0001:000199b0       ??1ConnImpl@shdfnd@physx@@QAE@XZ 1001a9b0 f   PsWindowsPAEventSrc.obj
 0001:00019bc0       ??$?2V?$ReflectionAllocator@VConnImpl@shdfnd@physx@@@shdfnd@physx@@@UserAllocated@shdfnd@physx@@SAPAXIV?$ReflectionAllocator@VConnImpl@shdfnd@physx@@@12@PBDH@Z 1001abc0 f i PsWindowsPAEventSrc.obj
 0001:00019be0       ??0?$ReflectionAllocator@VConnImpl@shdfnd@physx@@@shdfnd@physx@@QAE@PBD@Z 1001abe0 f i PsWindowsPAEventSrc.obj
 0001:00019c00       ??3UserAllocated@shdfnd@physx@@SAXPAX@Z 1001ac00 f i PsWindowsPAEventSrc.obj
 0001:00019c30       ??_GConnImpl@shdfnd@physx@@QAEPAXI@Z 1001ac30 f i PsWindowsPAEventSrc.obj
 0001:00019c90       ?GetProcID@ConnImpl@shdfnd@physx@@QAEEXZ 1001ac90 f i PsWindowsPAEventSrc.obj
 0001:00019cc0       ?GetThreadPriority@ConnImpl@shdfnd@physx@@QAEIXZ 1001acc0 f i PsWindowsPAEventSrc.obj
 0001:00019d20       ?allocate@?$ReflectionAllocator@VConnImpl@shdfnd@physx@@@shdfnd@physx@@QAEPAXIPBDH@Z 1001ad20 f i PsWindowsPAEventSrc.obj
 0001:00019d80       ?eventEnabled@ConnImpl@shdfnd@physx@@QAE_NG@Z 1001ad80 f i PsWindowsPAEventSrc.obj
 0001:00019dc0       ?eventLoggingEnabled@ConnImpl@shdfnd@physx@@QAE_NXZ 1001adc0 f i PsWindowsPAEventSrc.obj
 0001:00019e00       ?getName@?$ReflectionAllocator@VConnImpl@shdfnd@physx@@@shdfnd@physx@@CAPBDXZ 1001ae00 f i PsWindowsPAEventSrc.obj
 0001:00019e50       ?registerEvent@ConnImpl@shdfnd@physx@@QAEGPBD@Z 1001ae50 f i PsWindowsPAEventSrc.obj
 0001:00019e90       ?submitEvent@ConnImpl@shdfnd@physx@@QAE_NGIIE@Z 1001ae90 f i PsWindowsPAEventSrc.obj
 0001:00019ee0       ?printFormatted@shdfnd@physx@@YAXPBDZZ 1001aee0 f   PsWindowsPrintString.obj
 0001:00019f30       ?printString@shdfnd@physx@@YAXPBD@Z 1001af30 f   PsWindowsPrintString.obj
 0001:00019f80       ??$__vcrt_va_start_verify_argument_type@PBD@@YAXXZ 1001af80 f i PsWindowsPrintString.obj
 0001:00019f90       ___local_stdio_printf_options 1001af90 f i PsWindowsPrintString.obj
 0001:00019fa0       __vsprintf_s_l             1001afa0 f i PsWindowsPrintString.obj
 0001:0001a010       _vsprintf_s                1001b010 f i PsWindowsPrintString.obj
 0001:0001a040       ??0SListImpl@shdfnd@physx@@QAE@XZ 1001b040 f   PsWindowsSList.obj
 0001:0001a070       ??1SListImpl@shdfnd@physx@@QAE@XZ 1001b070 f   PsWindowsSList.obj
 0001:0001a080       ?push@SListImpl@shdfnd@physx@@QAEXPAVSListEntry@23@@Z 1001b080 f   PsWindowsSList.obj
 0001:0001a0b0       ?pop@SListImpl@shdfnd@physx@@QAEPAVSListEntry@23@XZ 1001b0b0 f   PsWindowsSList.obj
 0001:0001a0d0       ?flush@SListImpl@shdfnd@physx@@QAEPAVSListEntry@23@XZ 1001b0d0 f   PsWindowsSList.obj
 0001:0001a0f0       ?getSize@SListImpl@shdfnd@physx@@SAABIXZ 1001b0f0 f   PsWindowsSList.obj
 0001:0001a140       ??4SListImpl@shdfnd@physx@@QAEAAU012@ABU012@@Z 1001b140 f i PsWindowsSList.obj
 0001:0001a160       ??0Socket@shdfnd@physx@@QAE@_N@Z 1001b160 f   PsWindowsSocket.obj
 0001:0001a250       ??1Socket@shdfnd@physx@@UAE@XZ 1001b250 f   PsWindowsSocket.obj
 0001:0001a2b0       ?connect@Socket@shdfnd@physx@@QAE_NPBDGI@Z 1001b2b0 f   PsWindowsSocket.obj
 0001:0001a2e0       ?listen@Socket@shdfnd@physx@@QAE_NGPAVConnection@123@@Z 1001b2e0 f   PsWindowsSocket.obj
 0001:0001a310       ?disconnect@Socket@shdfnd@physx@@QAEXXZ 1001b310 f   PsWindowsSocket.obj
 0001:0001a330       ?isConnected@Socket@shdfnd@physx@@QBE_NXZ 1001b330 f   PsWindowsSocket.obj
 0001:0001a350       ?getHost@Socket@shdfnd@physx@@QBEPBDXZ 1001b350 f   PsWindowsSocket.obj
 0001:0001a370       ?getPort@Socket@shdfnd@physx@@QBEGXZ 1001b370 f   PsWindowsSocket.obj
 0001:0001a390       ?flush@Socket@shdfnd@physx@@QAE_NXZ 1001b390 f   PsWindowsSocket.obj
 0001:0001a3d0       ?write@Socket@shdfnd@physx@@QAEIPBEI@Z 1001b3d0 f   PsWindowsSocket.obj
 0001:0001a410       ?read@Socket@shdfnd@physx@@QAEIPAEI@Z 1001b410 f   PsWindowsSocket.obj
 0001:0001a450       ?setBlocking@Socket@shdfnd@physx@@QAEX_N@Z 1001b450 f   PsWindowsSocket.obj
 0001:0001a490       ?isBlocking@Socket@shdfnd@physx@@QBE_NXZ 1001b490 f   PsWindowsSocket.obj
 0001:0001a4c0       ??0SocketImpl@shdfnd@physx@@QAE@XZ 1001b4c0 f   PsWindowsSocket.obj
 0001:0001a580       ??1SocketImpl@shdfnd@physx@@UAE@XZ 1001b580 f   PsWindowsSocket.obj
 0001:0001a5b0       ?connect@SocketImpl@shdfnd@physx@@QAE_NPBDGI@Z 1001b5b0 f   PsWindowsSocket.obj
 0001:0001a850       ?listen@SocketImpl@shdfnd@physx@@QAE_NGPAVConnection@Socket@23@@Z 1001b850 f   PsWindowsSocket.obj
 0001:0001a920       ?disconnect@SocketImpl@shdfnd@physx@@QAEXXZ 1001b920 f   PsWindowsSocket.obj
 0001:0001a9b0       ?setBlocking@SocketImpl@shdfnd@physx@@QAEX_N@Z 1001b9b0 f   PsWindowsSocket.obj
 0001:0001aa10       ?write@SocketImpl@shdfnd@physx@@UAEIPBEI@Z 1001ba10 f   PsWindowsSocket.obj
 0001:0001aa70       ?flush@SocketImpl@shdfnd@physx@@UAE_NXZ 1001ba70 f   PsWindowsSocket.obj
 0001:0001aa80       ?read@SocketImpl@shdfnd@physx@@QAEIPAEI@Z 1001ba80 f   PsWindowsSocket.obj
 0001:0001ab40       ?execute@SocketImpl@shdfnd@physx@@UAEXXZ 1001bb40 f   PsWindowsSocket.obj
 0001:0001abb0       ??0BufferedSocketImpl@shdfnd@physx@@QAE@XZ 1001bbb0 f   PsWindowsSocket.obj
 0001:0001abe0       ?flush@BufferedSocketImpl@shdfnd@physx@@UAE_NXZ 1001bbe0 f   PsWindowsSocket.obj
 0001:0001ac70       ?write@BufferedSocketImpl@shdfnd@physx@@UAEIPBEI@Z 1001bc70 f   PsWindowsSocket.obj
 0001:0001b080       ??0?$ReflectionAllocator@VThreadImpl@shdfnd@physx@@@shdfnd@physx@@QAE@ABV012@@Z 1001c080 f i PsWindowsSocket.obj
 0001:0001b0a0       ??0?$ReflectionAllocator@VThreadImpl@shdfnd@physx@@@shdfnd@physx@@QAE@PBD@Z 1001c0a0 f i PsWindowsSocket.obj
 0001:0001b0c0       ??0?$ThreadT@V?$ReflectionAllocator@VThreadImpl@shdfnd@physx@@@shdfnd@physx@@@shdfnd@physx@@QAE@ABV?$ReflectionAllocator@VThreadImpl@shdfnd@physx@@@12@@Z 1001c0c0 f i PsWindowsSocket.obj
 0001:0001b170       ??0Runnable@shdfnd@physx@@QAE@XZ 1001c170 f i PsWindowsSocket.obj
 0001:0001b190       ??0Socket@shdfnd@physx@@QAE@ABV012@@Z 1001c190 f i PsWindowsSocket.obj
 0001:0001b1e0       ??1?$ThreadT@V?$ReflectionAllocator@VThreadImpl@shdfnd@physx@@@shdfnd@physx@@@shdfnd@physx@@UAE@XZ 1001c1e0 f i PsWindowsSocket.obj
 0001:0001b230       ??1BufferedSocketImpl@shdfnd@physx@@UAE@XZ 1001c230 f i PsWindowsSocket.obj
 0001:0001b260       ??1Runnable@shdfnd@physx@@UAE@XZ 1001c260 f i PsWindowsSocket.obj
 0001:0001b280       ??2UserAllocated@shdfnd@physx@@SAPAXIPAX@Z 1001c280 f i PsWindowsSocket.obj
 0001:0001b290       ??4Socket@shdfnd@physx@@QAEAAV012@ABV012@@Z 1001c290 f i PsWindowsSocket.obj
 0001:0001b2c0       ??_ESocket@shdfnd@physx@@UAEPAXI@Z 1001c2c0 f i PsWindowsSocket.obj
 0001:0001b3a0       ??_FSocket@shdfnd@physx@@QAEXXZ 1001c3a0 f i PsWindowsSocket.obj
 0001:0001b3c0       ??_G?$ThreadT@V?$ReflectionAllocator@VThreadImpl@shdfnd@physx@@@shdfnd@physx@@@shdfnd@physx@@UAEPAXI@Z 1001c3c0 f i PsWindowsSocket.obj
 0001:0001b3c0       ??_E?$ThreadT@V?$ReflectionAllocator@VThreadImpl@shdfnd@physx@@@shdfnd@physx@@@shdfnd@physx@@UAEPAXI@Z 1001c3c0 f i PsWindowsSocket.obj
 0001:0001b420       ??_GBufferedSocketImpl@shdfnd@physx@@UAEPAXI@Z 1001c420 f i PsWindowsSocket.obj
 0001:0001b420       ??_EBufferedSocketImpl@shdfnd@physx@@UAEPAXI@Z 1001c420 f i PsWindowsSocket.obj
 0001:0001b480       ??_ERunnable@shdfnd@physx@@UAEPAXI@Z 1001c480 f i PsWindowsSocket.obj
 0001:0001b480       ??_GRunnable@shdfnd@physx@@UAEPAXI@Z 1001c480 f i PsWindowsSocket.obj
 0001:0001b4c0       ??_GSocket@shdfnd@physx@@UAEPAXI@Z 1001c4c0 f i PsWindowsSocket.obj
 0001:0001b520       ??_GSocketImpl@shdfnd@physx@@UAEPAXI@Z 1001c520 f i PsWindowsSocket.obj
 0001:0001b520       ??_ESocketImpl@shdfnd@physx@@UAEPAXI@Z 1001c520 f i PsWindowsSocket.obj
 0001:0001b580       ??_GThreadImpl@shdfnd@physx@@QAEPAXI@Z 1001c580 f i PsWindowsSocket.obj
 0001:0001b5c0       ??_VUserAllocated@shdfnd@physx@@SAXPAX@Z 1001c5c0 f i PsWindowsSocket.obj
 0001:0001b5f0       ?PxMemCopy@physx@@YAPAXPIAXPIBXI@Z 1001c5f0 f i PsWindowsSocket.obj
 0001:0001b610       ?PxMemSet@physx@@YAPAXPIAXHI@Z 1001c610 f i PsWindowsSocket.obj
 0001:0001b630       ?allocate@?$ReflectionAllocator@VThreadImpl@shdfnd@physx@@@shdfnd@physx@@QAEPAXIPBDH@Z 1001c630 f i PsWindowsSocket.obj
 0001:0001b690       ?deallocate@?$ReflectionAllocator@VThreadImpl@shdfnd@physx@@@shdfnd@physx@@QAEXPAX@Z 1001c690 f i PsWindowsSocket.obj
 0001:0001b6d0       ?execute@?$ThreadT@V?$ReflectionAllocator@VThreadImpl@shdfnd@physx@@@shdfnd@physx@@@shdfnd@physx@@UAEXXZ 1001c6d0 f i PsWindowsSocket.obj
 0001:0001b6e0       ?execute@Runnable@shdfnd@physx@@UAEXXZ 1001c6e0 f i PsWindowsSocket.obj
 0001:0001b6f0       ?getDefaultStackSize@?$ThreadT@V?$ReflectionAllocator@VThreadImpl@shdfnd@physx@@@shdfnd@physx@@@shdfnd@physx@@SAIXZ 1001c6f0 f i PsWindowsSocket.obj
 0001:0001b700       ?getHost@SocketImpl@shdfnd@physx@@QBEPBDXZ 1001c700 f i PsWindowsSocket.obj
 0001:0001b720       ?getName@?$ReflectionAllocator@VThreadImpl@shdfnd@physx@@@shdfnd@physx@@CAPBDXZ 1001c720 f i PsWindowsSocket.obj
 0001:0001b770       ?getPort@SocketImpl@shdfnd@physx@@QBEGXZ 1001c770 f i PsWindowsSocket.obj
 0001:0001b790       ?isBlocking@SocketImpl@shdfnd@physx@@QBE_NXZ 1001c790 f i PsWindowsSocket.obj
 0001:0001b7b0       ?isConnected@SocketImpl@shdfnd@physx@@QBE_NXZ 1001c7b0 f i PsWindowsSocket.obj
 0001:0001b7d0       ?memCopy@intrinsics@physx@@YAPAXPIAXPIBXI@Z 1001c7d0 f i PsWindowsSocket.obj
 0001:0001b7f0       ?memSet@intrinsics@physx@@YAPAXPIAXHI@Z 1001c7f0 f i PsWindowsSocket.obj
 0001:0001b810       ?quit@?$ThreadT@V?$ReflectionAllocator@VThreadImpl@shdfnd@physx@@@shdfnd@physx@@@shdfnd@physx@@QAEXXZ 1001c810 f i PsWindowsSocket.obj
 0001:0001b830       ?quitIsSignalled@?$ThreadT@V?$ReflectionAllocator@VThreadImpl@shdfnd@physx@@@shdfnd@physx@@@shdfnd@physx@@QAE_NXZ 1001c830 f i PsWindowsSocket.obj
 0001:0001b850       ?signalQuit@?$ThreadT@V?$ReflectionAllocator@VThreadImpl@shdfnd@physx@@@shdfnd@physx@@@shdfnd@physx@@QAEXXZ 1001c850 f i PsWindowsSocket.obj
 0001:0001b870       ?sleep@?$ThreadT@V?$ReflectionAllocator@VThreadImpl@shdfnd@physx@@@shdfnd@physx@@@shdfnd@physx@@SAXI@Z 1001c870 f i PsWindowsSocket.obj
 0001:0001b890       ?start@?$ThreadT@V?$ReflectionAllocator@VThreadImpl@shdfnd@physx@@@shdfnd@physx@@@shdfnd@physx@@QAEXI@Z 1001c890 f i PsWindowsSocket.obj
 0001:0001b8c0       ?waitForQuit@?$ThreadT@V?$ReflectionAllocator@VThreadImpl@shdfnd@physx@@@shdfnd@physx@@@shdfnd@physx@@QAE_NXZ 1001c8c0 f i PsWindowsSocket.obj
 0001:0001b8e0       ??0SyncImpl@shdfnd@physx@@QAE@XZ 1001c8e0 f   PsWindowsSync.obj
 0001:0001b910       ??1SyncImpl@shdfnd@physx@@QAE@XZ 1001c910 f   PsWindowsSync.obj
 0001:0001b930       ?wait@SyncImpl@shdfnd@physx@@QAE_NI@Z 1001c930 f   PsWindowsSync.obj
 0001:0001b980       ?set@SyncImpl@shdfnd@physx@@QAEXXZ 1001c980 f   PsWindowsSync.obj
 0001:0001b9a0       ?reset@SyncImpl@shdfnd@physx@@QAEXXZ 1001c9a0 f   PsWindowsSync.obj
 0001:0001b9c0       ?getSize@SyncImpl@shdfnd@physx@@SAABIXZ 1001c9c0 f   PsWindowsSync.obj
 0001:0001ba20       ??4SyncImpl@shdfnd@physx@@QAEAAV012@ABV012@@Z 1001ca20 f i PsWindowsSync.obj
 0001:0001ba40       ?getDefaultStackSize@ThreadImpl@shdfnd@physx@@SAIXZ 1001ca40 f   PsWindowsThread.obj
 0001:0001ba50       ?getId@ThreadImpl@shdfnd@physx@@SAIXZ 1001ca50 f   PsWindowsThread.obj
 0001:0001ba60       ??0ThreadImpl@shdfnd@physx@@QAE@XZ 1001ca60 f   PsWindowsThread.obj
 0001:0001bae0       ??0ThreadImpl@shdfnd@physx@@QAE@P6APAXPAX@Z0@Z 1001cae0 f   PsWindowsThread.obj
 0001:0001bb70       ??1ThreadImpl@shdfnd@physx@@QAE@XZ 1001cb70 f   PsWindowsThread.obj
 0001:0001bbb0       ?start@ThreadImpl@shdfnd@physx@@QAEXIPAVRunnable@23@@Z 1001cbb0 f   PsWindowsThread.obj
 0001:0001bca0       ?kill@ThreadImpl@shdfnd@physx@@QAEXXZ 1001cca0 f   PsWindowsThread.obj
 0001:0001bcf0       ?signalQuit@ThreadImpl@shdfnd@physx@@QAEXXZ 1001ccf0 f   PsWindowsThread.obj
 0001:0001bd10       ?waitForQuit@ThreadImpl@shdfnd@physx@@QAE_NXZ 1001cd10 f   PsWindowsThread.obj
 0001:0001bd50       ?quitIsSignalled@ThreadImpl@shdfnd@physx@@QAE_NXZ 1001cd50 f   PsWindowsThread.obj
 0001:0001bd90       ?quit@ThreadImpl@shdfnd@physx@@QAEXXZ 1001cd90 f   PsWindowsThread.obj
 0001:0001bdc0       ?setAffinityMask@ThreadImpl@shdfnd@physx@@QAEII@Z 1001cdc0 f   PsWindowsThread.obj
 0001:0001be20       ?getPriority@ThreadImpl@shdfnd@physx@@SA?AW4Enum@ThreadPriority@23@I@Z 1001ce20 f   PsWindowsThread.obj
 0001:0001be80       ?setPriority@ThreadImpl@shdfnd@physx@@QAEXW4Enum@ThreadPriority@23@@Z 1001ce80 f   PsWindowsThread.obj
 0001:0001bf40       ?setName@ThreadImpl@shdfnd@physx@@QAEXPBD@Z 1001cf40 f   PsWindowsThread.obj
 0001:0001bfe0       ?sleep@ThreadImpl@shdfnd@physx@@SAXI@Z 1001cfe0 f   PsWindowsThread.obj
 0001:0001bff0       ?yield@ThreadImpl@shdfnd@physx@@SAXXZ 1001cff0 f   PsWindowsThread.obj
 0001:0001c000       ?getNbPhysicalCores@ThreadImpl@shdfnd@physx@@SAIXZ 1001d000 f   PsWindowsThread.obj
 0001:0001c180       ?getSize@ThreadImpl@shdfnd@physx@@SAABIXZ 1001d180 f   PsWindowsThread.obj
 0001:0001c190       ?TlsAlloc@shdfnd@physx@@YAIXZ 1001d190 f   PsWindowsThread.obj
 0001:0001c1f0       ?TlsFree@shdfnd@physx@@YAXI@Z 1001d1f0 f   PsWindowsThread.obj
 0001:0001c200       ?TlsGet@shdfnd@physx@@YAPAXI@Z 1001d200 f   PsWindowsThread.obj
 0001:0001c210       ?TlsSet@shdfnd@physx@@YAIIPAX@Z 1001d210 f   PsWindowsThread.obj
 0001:0001c4b0       ??$PX_UNUSED@K@@YAXABK@Z   1001d4b0 f i PsWindowsThread.obj
 0001:0001c4c0       ?getBootCounterFrequency@Time@shdfnd@physx@@SAABUCounterFrequencyToTensOfNanos@23@XZ 1001d4c0 f   PsWindowsTime.obj
 0001:0001c4d0       ?getCounterFrequency@Time@shdfnd@physx@@SA?AUCounterFrequencyToTensOfNanos@23@XZ 1001d4d0 f   PsWindowsTime.obj
 0001:0001c500       ?getCurrentCounterValue@Time@shdfnd@physx@@SA_KXZ 1001d500 f   PsWindowsTime.obj
 0001:0001c520       ??0Time@shdfnd@physx@@QAE@XZ 1001d520 f   PsWindowsTime.obj
 0001:0001c550       ?getElapsedSeconds@Time@shdfnd@physx@@QAENXZ 1001d550 f   PsWindowsTime.obj
 0001:0001c5a0       ?peekElapsedSeconds@Time@shdfnd@physx@@QAENXZ 1001d5a0 f   PsWindowsTime.obj
 0001:0001c5e0       ?getLastTime@Time@shdfnd@physx@@QBENXZ 1001d5e0 f   PsWindowsTime.obj
 0001:0001c6d0       ??0CounterFrequencyToTensOfNanos@shdfnd@physx@@QAE@_K0@Z 1001d6d0 f i PsWindowsTime.obj
 0001:0001c710       ??4Time@shdfnd@physx@@QAEAAV012@$$QAV012@@Z 1001d710 f i PsWindowsTime.obj
 0001:0001c740       ??4Time@shdfnd@physx@@QAEAAV012@ABV012@@Z 1001d740 f i PsWindowsTime.obj
 0001:0001c770       ?getCurrentTimeInTensOfNanoSeconds@Time@shdfnd@physx@@SA_KXZ 1001d770 f i PsWindowsTime.obj
 0001:0001c7b0       ?toTensOfNanos@CounterFrequencyToTensOfNanos@shdfnd@physx@@QBE_K_K@Z 1001d7b0 f i PsWindowsTime.obj
 0001:0001c800       ?allocate@Allocator@shdfnd@physx@@QAEPAXIPBDH@Z 1001d800 f   PsAllocator.obj
 0001:0001c840       ?deallocate@Allocator@shdfnd@physx@@QAEXPAX@Z 1001d840 f   PsAllocator.obj
 0001:0001c870       ??0NamedAllocator@shdfnd@physx@@QAE@ABW4PxEMPTY@2@@Z 1001d870 f   PsAllocator.obj
 0001:0001c8b0       ??0NamedAllocator@shdfnd@physx@@QAE@PBD@Z 1001d8b0 f   PsAllocator.obj
 0001:0001c8f0       ??0NamedAllocator@shdfnd@physx@@QAE@ABV012@@Z 1001d8f0 f   PsAllocator.obj
 0001:0001c990       ??1NamedAllocator@shdfnd@physx@@QAE@XZ 1001d990 f   PsAllocator.obj
 0001:0001ca20       ??4NamedAllocator@shdfnd@physx@@QAEAAV012@ABV012@@Z 1001da20 f   PsAllocator.obj
 0001:0001cac0       ?allocate@NamedAllocator@shdfnd@physx@@QAEPAXIPBDH@Z 1001dac0 f   PsAllocator.obj
 0001:0001cb70       ?deallocate@NamedAllocator@shdfnd@physx@@QAEXPAX@Z 1001db70 f   PsAllocator.obj
 0001:0001cc90       ??$PX_UNUSED@_N@@YAXAB_N@Z 1001dc90 f i PsAllocator.obj
 0001:0001cca0       ??0?$Pair@QBVNamedAllocator@shdfnd@physx@@PBD@shdfnd@physx@@QAE@ABQBVNamedAllocator@12@ABQBD@Z 1001dca0 f i PsAllocator.obj
 0001:0001ccd0       ??0?$Pair@QBVNamedAllocator@shdfnd@physx@@PBD@shdfnd@physx@@QAE@ABV012@@Z 1001dcd0 f i PsAllocator.obj
 0001:0001cd00       ??0ScopedLock@?$MutexT@VAllocator@shdfnd@physx@@@shdfnd@physx@@QAE@AAV123@@Z 1001dd00 f i PsAllocator.obj
 0001:0001cd30       ??1ScopedLock@?$MutexT@VAllocator@shdfnd@physx@@@shdfnd@physx@@QAE@XZ 1001dd30 f i PsAllocator.obj
 0001:0001cd50       ??A?$HashMapBase@PBVNamedAllocator@shdfnd@physx@@PBDU?$Hash@PBVNamedAllocator@shdfnd@physx@@@23@VNonTrackingAllocator@23@@internal@shdfnd@physx@@QAEAAPBDABQBVNamedAllocator@23@@Z 1001dd50 f i PsAllocator.obj
 0001:0001cde0       ??R?$Hash@PBVNamedAllocator@shdfnd@physx@@@shdfnd@physx@@QBEIABQBVNamedAllocator@12@@Z 1001dde0 f i PsAllocator.obj
 0001:0001ce10       ??R?$Hash@PBVNamedAllocator@shdfnd@physx@@@shdfnd@physx@@QBE_NABQBVNamedAllocator@12@0@Z 1001de10 f i PsAllocator.obj
 0001:0001ce50       ??RGetKey@?$HashMapBase@PBVNamedAllocator@shdfnd@physx@@PBDU?$Hash@PBVNamedAllocator@shdfnd@physx@@@23@VNonTrackingAllocator@23@@internal@shdfnd@physx@@QAEABQBVNamedAllocator@34@ABV?$Pair@QBVNamedAllocator@shdfnd@physx@@PBD@34@@Z 1001de50 f i PsAllocator.obj
 0001:0001ce70       ?allocate@NonTrackingAllocator@shdfnd@physx@@QAEPAXIPBDH@Z 1001de70 f i PsAllocator.obj
 0001:0001ced0       ?create@?$HashBase@V?$Pair@QBVNamedAllocator@shdfnd@physx@@PBD@shdfnd@physx@@PBVNamedAllocator@23@U?$Hash@PBVNamedAllocator@shdfnd@physx@@@23@UGetKey@?$HashMapBase@PBVNamedAllocator@shdfnd@physx@@PBDU?$Hash@PBVNamedAllocator@shdfnd@physx@@@23@VNonTrackingAllocator@23@@internal@23@VNonTrackingAllocator@23@$00@internal@shdfnd@physx@@QAEPAV?$Pair@QBVNamedAllocator@shdfnd@physx@@PBD@34@ABQBVNamedAllocator@34@AA_N@Z 1001ded0 f i PsAllocator.obj
 0001:0001d070       ?deallocate@NonTrackingAllocator@shdfnd@physx@@QAEXPAX@Z 1001e070 f i PsAllocator.obj
 0001:0001d0c0       ?erase@?$HashBase@V?$Pair@QBVNamedAllocator@shdfnd@physx@@PBD@shdfnd@physx@@PBVNamedAllocator@23@U?$Hash@PBVNamedAllocator@shdfnd@physx@@@23@UGetKey@?$HashMapBase@PBVNamedAllocator@shdfnd@physx@@PBDU?$Hash@PBVNamedAllocator@shdfnd@physx@@@23@VNonTrackingAllocator@23@@internal@23@VNonTrackingAllocator@23@$00@internal@shdfnd@physx@@QAE_NABQBVNamedAllocator@34@@Z 1001e0c0 f i PsAllocator.obj
 0001:0001d200       ?erase@?$HashMapBase@PBVNamedAllocator@shdfnd@physx@@PBDU?$Hash@PBVNamedAllocator@shdfnd@physx@@@23@VNonTrackingAllocator@23@@internal@shdfnd@physx@@QAE_NABQBVNamedAllocator@34@@Z 1001e200 f i PsAllocator.obj
 0001:0001d220       ?find@?$HashBase@V?$Pair@QBVNamedAllocator@shdfnd@physx@@PBD@shdfnd@physx@@PBVNamedAllocator@23@U?$Hash@PBVNamedAllocator@shdfnd@physx@@@23@UGetKey@?$HashMapBase@PBVNamedAllocator@shdfnd@physx@@PBDU?$Hash@PBVNamedAllocator@shdfnd@physx@@@23@VNonTrackingAllocator@23@@internal@23@VNonTrackingAllocator@23@$00@internal@shdfnd@physx@@QBEPBV?$Pair@QBVNamedAllocator@shdfnd@physx@@PBD@34@ABQBVNamedAllocator@34@@Z 1001e220 f i PsAllocator.obj
 0001:0001d2f0       ?find@?$HashMapBase@PBVNamedAllocator@shdfnd@physx@@PBDU?$Hash@PBVNamedAllocator@shdfnd@physx@@@23@VNonTrackingAllocator@23@@internal@shdfnd@physx@@QBEPBV?$Pair@QBVNamedAllocator@shdfnd@physx@@PBD@34@ABQBVNamedAllocator@34@@Z 1001e2f0 f i PsAllocator.obj
 0001:0001d310       ?freeListAdd@?$HashBase@V?$Pair@QBVNamedAllocator@shdfnd@physx@@PBD@shdfnd@physx@@PBVNamedAllocator@23@U?$Hash@PBVNamedAllocator@shdfnd@physx@@@23@UGetKey@?$HashMapBase@PBVNamedAllocator@shdfnd@physx@@PBDU?$Hash@PBVNamedAllocator@shdfnd@physx@@@23@VNonTrackingAllocator@23@@internal@23@VNonTrackingAllocator@23@$00@internal@shdfnd@physx@@AAEXI@Z 1001e310 f i PsAllocator.obj
 0001:0001d3c0       ?freeListAdd@?$HashBase@V?$Pair@QBVNamedAllocator@shdfnd@physx@@PBD@shdfnd@physx@@PBVNamedAllocator@23@U?$Hash@PBVNamedAllocator@shdfnd@physx@@@23@UGetKey@?$HashMapBase@PBVNamedAllocator@shdfnd@physx@@PBDU?$Hash@PBVNamedAllocator@shdfnd@physx@@@23@VNonTrackingAllocator@23@@internal@23@VNonTrackingAllocator@23@$00@internal@shdfnd@physx@@AAEXII@Z 1001e3c0 f i PsAllocator.obj
 0001:0001d4b0       ?freeListEmpty@?$HashBase@V?$Pair@QBVNamedAllocator@shdfnd@physx@@PBD@shdfnd@physx@@PBVNamedAllocator@23@U?$Hash@PBVNamedAllocator@shdfnd@physx@@@23@UGetKey@?$HashMapBase@PBVNamedAllocator@shdfnd@physx@@PBDU?$Hash@PBVNamedAllocator@shdfnd@physx@@@23@VNonTrackingAllocator@23@@internal@23@VNonTrackingAllocator@23@$00@internal@shdfnd@physx@@ABE_NXZ 1001e4b0 f i PsAllocator.obj
 0001:0001d520       ?freeListGetNext@?$HashBase@V?$Pair@QBVNamedAllocator@shdfnd@physx@@PBD@shdfnd@physx@@PBVNamedAllocator@23@U?$Hash@PBVNamedAllocator@shdfnd@physx@@@23@UGetKey@?$HashMapBase@PBVNamedAllocator@shdfnd@physx@@PBDU?$Hash@PBVNamedAllocator@shdfnd@physx@@@23@VNonTrackingAllocator@23@@internal@23@VNonTrackingAllocator@23@$00@internal@shdfnd@physx@@AAEIXZ 1001e520 f i PsAllocator.obj
 0001:0001d680       ?grow@?$HashBase@V?$Pair@QBVNamedAllocator@shdfnd@physx@@PBD@shdfnd@physx@@PBVNamedAllocator@23@U?$Hash@PBVNamedAllocator@shdfnd@physx@@@23@UGetKey@?$HashMapBase@PBVNamedAllocator@shdfnd@physx@@PBDU?$Hash@PBVNamedAllocator@shdfnd@physx@@@23@VNonTrackingAllocator@23@@internal@23@VNonTrackingAllocator@23@$00@internal@shdfnd@physx@@AAEXXZ 1001e680 f i PsAllocator.obj
 0001:0001d740       ?hash@?$HashBase@V?$Pair@QBVNamedAllocator@shdfnd@physx@@PBD@shdfnd@physx@@PBVNamedAllocator@23@U?$Hash@PBVNamedAllocator@shdfnd@physx@@@23@UGetKey@?$HashMapBase@PBVNamedAllocator@shdfnd@physx@@PBDU?$Hash@PBVNamedAllocator@shdfnd@physx@@@23@VNonTrackingAllocator@23@@internal@23@VNonTrackingAllocator@23@$00@internal@shdfnd@physx@@ABEIABQBVNamedAllocator@34@@Z 1001e740 f i PsAllocator.obj
 0001:0001d770       ?hash@?$HashBase@V?$Pair@QBVNamedAllocator@shdfnd@physx@@PBD@shdfnd@physx@@PBVNamedAllocator@23@U?$Hash@PBVNamedAllocator@shdfnd@physx@@@23@UGetKey@?$HashMapBase@PBVNamedAllocator@shdfnd@physx@@PBDU?$Hash@PBVNamedAllocator@shdfnd@physx@@@23@VNonTrackingAllocator@23@@internal@23@VNonTrackingAllocator@23@$00@internal@shdfnd@physx@@ABEIABQBVNamedAllocator@34@I@Z 1001e770 f i PsAllocator.obj
 0001:0001d7a0       ?hash@shdfnd@physx@@YAII@Z 1001e7a0 f i PsAllocator.obj
 0001:0001d820       ?hash@shdfnd@physx@@YAIPBX@Z 1001e820 f i PsAllocator.obj
 0001:0001d840       ?insert@?$HashMapBase@PBVNamedAllocator@shdfnd@physx@@PBDU?$Hash@PBVNamedAllocator@shdfnd@physx@@@23@VNonTrackingAllocator@23@@internal@shdfnd@physx@@QAE_NQBVNamedAllocator@34@QBD@Z 1001e840 f i PsAllocator.obj
 0001:0001d8e0       ?isPowerOfTwo@shdfnd@physx@@YA_NI@Z 1001e8e0 f i PsAllocator.obj
 0001:0001d920       ?lock@?$MutexT@VAllocator@shdfnd@physx@@@shdfnd@physx@@QBEXXZ 1001e920 f i PsAllocator.obj
 0001:0001d940       ?nextPowerOfTwo@shdfnd@physx@@YAII@Z 1001e940 f i PsAllocator.obj
 0001:0001d9a0       ?replaceWithLast@?$HashBase@V?$Pair@QBVNamedAllocator@shdfnd@physx@@PBD@shdfnd@physx@@PBVNamedAllocator@23@U?$Hash@PBVNamedAllocator@shdfnd@physx@@@23@UGetKey@?$HashMapBase@PBVNamedAllocator@shdfnd@physx@@PBDU?$Hash@PBVNamedAllocator@shdfnd@physx@@@23@VNonTrackingAllocator@23@@internal@23@VNonTrackingAllocator@23@$00@internal@shdfnd@physx@@AAEXI@Z 1001e9a0 f i PsAllocator.obj
 0001:0001daf0       ?reserve@?$HashBase@V?$Pair@QBVNamedAllocator@shdfnd@physx@@PBD@shdfnd@physx@@PBVNamedAllocator@23@U?$Hash@PBVNamedAllocator@shdfnd@physx@@@23@UGetKey@?$HashMapBase@PBVNamedAllocator@shdfnd@physx@@PBDU?$Hash@PBVNamedAllocator@shdfnd@physx@@@23@VNonTrackingAllocator@23@@internal@23@VNonTrackingAllocator@23@$00@internal@shdfnd@physx@@QAEXI@Z 1001eaf0 f i PsAllocator.obj
 0001:0001db20       ?reserveInternal@?$HashBase@V?$Pair@QBVNamedAllocator@shdfnd@physx@@PBD@shdfnd@physx@@PBVNamedAllocator@23@U?$Hash@PBVNamedAllocator@shdfnd@physx@@@23@UGetKey@?$HashMapBase@PBVNamedAllocator@shdfnd@physx@@PBDU?$Hash@PBVNamedAllocator@shdfnd@physx@@@23@VNonTrackingAllocator@23@@internal@23@VNonTrackingAllocator@23@$00@internal@shdfnd@physx@@AAEXI@Z 1001eb20 f i PsAllocator.obj
 0001:0001dfd0       ?unlock@?$MutexT@VAllocator@shdfnd@physx@@@shdfnd@physx@@QBEXXZ 1001efd0 f i PsAllocator.obj
 0001:0001dff0       ?PxGetAssertHandler@physx@@YAAAVPxAssertHandler@1@XZ 1001eff0 f   PsAssert.obj
 0001:0001e000       ?PxSetAssertHandler@physx@@YAXAAVPxAssertHandler@1@@Z 1001f000 f   PsAssert.obj
 0001:0001e020       ??$__vcrt_va_start_verify_argument_type@QBD@@YAXXZ 1001f020 f i PsAssert.obj
 0001:0001e060       ??0PxAssertHandler@physx@@QAE@XZ 1001f060 f i PsAssert.obj
 0001:0001e0a0       ??1PxAssertHandler@physx@@UAE@XZ 1001f0a0 f i PsAssert.obj
 0001:0001e1a0       ??_EDefaultAssertHandler@?A0x46cf5fe4@@UAEPAXI@Z 1001f1a0 f i PsAssert.obj
 0001:0001e1a0       ??_GDefaultAssertHandler@?A0x46cf5fe4@@UAEPAXI@Z 1001f1a0 f i PsAssert.obj
 0001:0001e1e0       ??_EPxAssertHandler@physx@@UAEPAXI@Z 1001f1e0 f i PsAssert.obj
 0001:0001e1e0       ??_GPxAssertHandler@physx@@UAEPAXI@Z 1001f1e0 f i PsAssert.obj
 0001:0001e220       __vsnprintf_l              1001f220 f i PsAssert.obj
 0001:0001e290       __vsprintf_l               1001f290 f i PsAssert.obj
 0001:0001e2c0       _sprintf                   1001f2c0 f i PsAssert.obj
 0001:0001e310       ??0ErrorHandler@shdfnd@physx@@QAE@XZ 1001f310 f   PsErrorHandler.obj
 0001:0001e360       ??1ErrorHandler@shdfnd@physx@@QAE@XZ 1001f360 f   PsErrorHandler.obj
 0001:0001e3c0       ?reportError@ErrorHandler@shdfnd@physx@@QAEXW4Enum@PxErrorCode@3@PBD1H@Z 1001f3c0 f   PsErrorHandler.obj
 0001:0001e440       ?registerErrorCallback@ErrorHandler@shdfnd@physx@@QAEHAAVPxErrorCallback@3@@Z 1001f440 f   PsErrorHandler.obj
 0001:0001e510       ?unRegisterErrorCallback@ErrorHandler@shdfnd@physx@@QAEXAAVPxErrorCallback@3@@Z 1001f510 f   PsErrorHandler.obj
 0001:0001e560       ?unRegisterErrorCallback@ErrorHandler@shdfnd@physx@@QAEXH@Z 1001f560 f   PsErrorHandler.obj
 0001:0001e6a0       ?lowestSetBit@shdfnd@physx@@YAII@Z 1001f6a0 f i PsErrorHandler.obj
 0001:0001e700       ?lowestSetBitUnsafe@shdfnd@physx@@YAII@Z 1001f700 f i PsErrorHandler.obj
 0001:0001e720       ?createFastIPC@shdfnd@physx@@YAPAVPxIPC@12@AAW4ErrorCode@312@W4ConnectionType@312@PBDII_N3I@Z 1001f720 f   PsFastIPC.obj
 0001:0001e810       ??$?2V?$ReflectionAllocator@VFastIPC@shdfnd@physx@@@shdfnd@physx@@@UserAllocated@shdfnd@physx@@SAPAXIV?$ReflectionAllocator@VFastIPC@shdfnd@physx@@@12@PBDH@Z 1001f810 f i PsFastIPC.obj
 0001:0001e830       ??$?2V?$ReflectionAllocator@VMemoryMappedFile@shdfnd@physx@@@shdfnd@physx@@@UserAllocated@shdfnd@physx@@SAPAXIV?$ReflectionAllocator@VMemoryMappedFile@shdfnd@physx@@@12@PBDH@Z 1001f830 f i PsFastIPC.obj
 0001:0001e850       ??$?2V?$ReflectionAllocator@VMultiPartData@PxRingBuffer@shdfnd@physx@@@shdfnd@physx@@@UserAllocated@shdfnd@physx@@SAPAXIV?$ReflectionAllocator@VMultiPartData@PxRingBuffer@shdfnd@physx@@@12@PBDH@Z 1001f850 f i PsFastIPC.obj
 0001:0001e870       ??$?2V?$ReflectionAllocator@VMultiPartPacket@PxRingBuffer@shdfnd@physx@@@shdfnd@physx@@@UserAllocated@shdfnd@physx@@SAPAXIV?$ReflectionAllocator@VMultiPartPacket@PxRingBuffer@shdfnd@physx@@@12@PBDH@Z 1001f870 f i PsFastIPC.obj
 0001:0001e890       ??0?$ReflectionAllocator@VFastIPC@shdfnd@physx@@@shdfnd@physx@@QAE@PBD@Z 1001f890 f i PsFastIPC.obj
 0001:0001e8b0       ??0?$ReflectionAllocator@VMemoryMappedFile@shdfnd@physx@@@shdfnd@physx@@QAE@PBD@Z 1001f8b0 f i PsFastIPC.obj
 0001:0001e8d0       ??0?$ReflectionAllocator@VMultiPartData@PxRingBuffer@shdfnd@physx@@@shdfnd@physx@@QAE@PBD@Z 1001f8d0 f i PsFastIPC.obj
 0001:0001e8f0       ??0?$ReflectionAllocator@VMultiPartPacket@PxRingBuffer@shdfnd@physx@@@shdfnd@physx@@QAE@PBD@Z 1001f8f0 f i PsFastIPC.obj
 0001:0001e910       ??0FastIPC@shdfnd@physx@@QAE@AAW4ErrorCode@PxIPC@12@W4ConnectionType@412@PBDII_N3I@Z 1001f910 f i PsFastIPC.obj
 0001:0001ee30       ??0MultiPartData@PxRingBuffer@shdfnd@physx@@QAE@PBVMultiPartPacketHeader@123@@Z 1001fe30 f i PsFastIPC.obj
 0001:0001eec0       ??0MultiPartPacket@PxRingBuffer@shdfnd@physx@@QAE@W4MessageType@123@PBXIIPAV123@@Z 1001fec0 f i PsFastIPC.obj
 0001:0001efa0       ??0PxIPC@shdfnd@physx@@QAE@XZ 1001ffa0 f i PsFastIPC.obj
 0001:0001efc0       ??0PxRingBuffer@shdfnd@physx@@QAE@XZ 1001ffc0 f i PsFastIPC.obj
 0001:0001f060       ??1FastIPC@shdfnd@physx@@UAE@XZ 10020060 f i PsFastIPC.obj
 0001:0001f120       ??1MultiPartData@PxRingBuffer@shdfnd@physx@@QAE@XZ 10020120 f i PsFastIPC.obj
 0001:0001f150       ??1MultiPartPacket@PxRingBuffer@shdfnd@physx@@QAE@XZ 10020150 f i PsFastIPC.obj
 0001:0001f180       ??1PxIPC@shdfnd@physx@@MAE@XZ 10020180 f i PsFastIPC.obj
 0001:0001f1a0       ??1PxRingBuffer@shdfnd@physx@@QAE@XZ 100201a0 f i PsFastIPC.obj
 0001:0001f270       ??_GFastIPC@shdfnd@physx@@UAEPAXI@Z 10020270 f i PsFastIPC.obj
 0001:0001f270       ??_EFastIPC@shdfnd@physx@@UAEPAXI@Z 10020270 f i PsFastIPC.obj
 0001:0001f2d0       ??_GMemoryMappedFile@shdfnd@physx@@QAEPAXI@Z 100202d0 f i PsFastIPC.obj
 0001:0001f330       ??_GMultiPartData@PxRingBuffer@shdfnd@physx@@QAEPAXI@Z 10020330 f i PsFastIPC.obj
 0001:0001f390       ??_GMultiPartPacket@PxRingBuffer@shdfnd@physx@@QAEPAXI@Z 10020390 f i PsFastIPC.obj
 0001:0001f3f0       ??_EPxIPC@shdfnd@physx@@MAEPAXI@Z 100203f0 f i PsFastIPC.obj
 0001:0001f3f0       ??_GPxIPC@shdfnd@physx@@MAEPAXI@Z 100203f0 f i PsFastIPC.obj
 0001:0001f430       ?acknowledgeInternal@PxRingBuffer@shdfnd@physx@@AAEXXZ 10020430 f i PsFastIPC.obj
 0001:0001f500       ?allocate@?$ReflectionAllocator@VFastIPC@shdfnd@physx@@@shdfnd@physx@@QAEPAXIPBDH@Z 10020500 f i PsFastIPC.obj
 0001:0001f560       ?allocate@?$ReflectionAllocator@VMemoryMappedFile@shdfnd@physx@@@shdfnd@physx@@QAEPAXIPBDH@Z 10020560 f i PsFastIPC.obj
 0001:0001f5c0       ?allocate@?$ReflectionAllocator@VMultiPartData@PxRingBuffer@shdfnd@physx@@@shdfnd@physx@@QAEPAXIPBDH@Z 100205c0 f i PsFastIPC.obj
 0001:0001f620       ?allocate@?$ReflectionAllocator@VMultiPartPacket@PxRingBuffer@shdfnd@physx@@@shdfnd@physx@@QAEPAXIPBDH@Z 10020620 f i PsFastIPC.obj
 0001:0001f680       ?canSend@FastIPC@shdfnd@physx@@UAE_NI@Z 10020680 f i PsFastIPC.obj
 0001:0001f6f0       ?canSend@PxRingBuffer@shdfnd@physx@@QBE?AW4ErrorCode@123@I@Z 100206f0 f i PsFastIPC.obj
 0001:0001f840       ?getData@MultiPartData@PxRingBuffer@shdfnd@physx@@QBEPBXXZ 10020840 f i PsFastIPC.obj
 0001:0001f860       ?getDataLen@PacketHeader@PxRingBuffer@shdfnd@physx@@QBEIXZ 10020860 f i PsFastIPC.obj
 0001:0001f880       ?getMessageSize@MultiPartData@PxRingBuffer@shdfnd@physx@@QBEIXZ 10020880 f i PsFastIPC.obj
 0001:0001f8a0       ?getMessageSize@MultiPartPacket@PxRingBuffer@shdfnd@physx@@QBEIXZ 100208a0 f i PsFastIPC.obj
 0001:0001f8c0       ?getMessageType@MultiPartData@PxRingBuffer@shdfnd@physx@@QBE?AW4MessageType@234@XZ 100208c0 f i PsFastIPC.obj
 0001:0001f8e0       ?getMessageType@PacketHeader@PxRingBuffer@shdfnd@physx@@QBE?AW4MessageType@234@XZ 100208e0 f i PsFastIPC.obj
 0001:0001f900       ?getName@?$ReflectionAllocator@VFastIPC@shdfnd@physx@@@shdfnd@physx@@CAPBDXZ 10020900 f i PsFastIPC.obj
 0001:0001f950       ?getName@?$ReflectionAllocator@VMemoryMappedFile@shdfnd@physx@@@shdfnd@physx@@CAPBDXZ 10020950 f i PsFastIPC.obj
 0001:0001f9a0       ?getName@?$ReflectionAllocator@VMultiPartData@PxRingBuffer@shdfnd@physx@@@shdfnd@physx@@CAPBDXZ 100209a0 f i PsFastIPC.obj
 0001:0001f9f0       ?getName@?$ReflectionAllocator@VMultiPartPacket@PxRingBuffer@shdfnd@physx@@@shdfnd@physx@@CAPBDXZ 100209f0 f i PsFastIPC.obj
 0001:0001fa40       ?getNext@MultiPartPacket@PxRingBuffer@shdfnd@physx@@QBEPAV1234@XZ 10020a40 f i PsFastIPC.obj
 0001:0001fa60       ?getReadAddress@PxRingBuffer@shdfnd@physx@@ABEIXZ 10020a60 f i PsFastIPC.obj
 0001:0001fad0       ?getWriteAddress@PxRingBuffer@shdfnd@physx@@ABEIXZ 10020ad0 f i PsFastIPC.obj
 0001:0001fb40       ?haveConnection@FastIPC@shdfnd@physx@@UBE_NXZ 10020b40 f i PsFastIPC.obj
 0001:0001fba0       ?init@PacketHeader@PxRingBuffer@shdfnd@physx@@QAEXIII@Z 10020ba0 f i PsFastIPC.obj
 0001:0001fbf0       ?init@PxRingBuffer@shdfnd@physx@@QAEXPAXI_N1IPAI2@Z 10020bf0 f i PsFastIPC.obj
 0001:0001fd70       ?isFinished@MultiPartData@PxRingBuffer@shdfnd@physx@@QBE_NXZ 10020d70 f i PsFastIPC.obj
 0001:0001fdb0       ?isPadded@PacketHeader@PxRingBuffer@shdfnd@physx@@QBE_NXZ 10020db0 f i PsFastIPC.obj
 0001:0001fdf0       ?isServer@FastIPC@shdfnd@physx@@UBE_NXZ 10020df0 f i PsFastIPC.obj
 0001:0001fe10       ?process@MultiPartData@PxRingBuffer@shdfnd@physx@@QAE_NPBXI@Z 10020e10 f i PsFastIPC.obj
 0001:0001ff40       ?process@MultiPartPacket@PxRingBuffer@shdfnd@physx@@QAE?AW4ErrorCode@234@XZ 10020f40 f i PsFastIPC.obj
 0001:00020070       ?pumpPendingSends@FastIPC@shdfnd@physx@@UAE_NXZ 10021070 f i PsFastIPC.obj
 0001:00020100       ?pumpPendingSends@PxRingBuffer@shdfnd@physx@@QAE_NXZ 10021100 f i PsFastIPC.obj
 0001:000201d0       ?readData@PxRingBuffer@shdfnd@physx@@AAEPBXAAII@Z 100211d0 f i PsFastIPC.obj
 0001:00020260       ?receiveAcknowledge@FastIPC@shdfnd@physx@@UAE?AW4ErrorCode@PxIPC@23@XZ 10021260 f i PsFastIPC.obj
 0001:00020310       ?receiveAcknowledge@PxRingBuffer@shdfnd@physx@@QAE?AW4ErrorCode@123@XZ 10021310 f i PsFastIPC.obj
 0001:00020420       ?receiveData@FastIPC@shdfnd@physx@@UAEPBXAAI@Z 10021420 f i PsFastIPC.obj
 0001:000204d0       ?receiveData@PxRingBuffer@shdfnd@physx@@QAE?AW4MessageType@123@AAPBXAAI@Z 100214d0 f i PsFastIPC.obj
 0001:000208f0       ?release@FastIPC@shdfnd@physx@@UAEXXZ 100218f0 f i PsFastIPC.obj
 0001:00020940       ?sendData@FastIPC@shdfnd@physx@@UAE?AW4ErrorCode@PxIPC@23@PBXI_N@Z 10021940 f i PsFastIPC.obj
 0001:00020a00       ?sendData@PxRingBuffer@shdfnd@physx@@QAE?AW4ErrorCode@123@W4MessageType@123@PBXI_N@Z 10021a00 f i PsFastIPC.obj
 0001:00020bf0       ?sendDataInternal@PxRingBuffer@shdfnd@physx@@AAE?AW4ErrorCode@123@W4MessageType@123@PBXI@Z 10021bf0 f i PsFastIPC.obj
 0001:00020c80       ?sendHeader@MultiPartPacket@PxRingBuffer@shdfnd@physx@@QAE?AW4ErrorCode@234@XZ 10021c80 f i PsFastIPC.obj
 0001:00020d30       ?setNext@MultiPartPacket@PxRingBuffer@shdfnd@physx@@QAEXPAV1234@@Z 10021d30 f i PsFastIPC.obj
 0001:00020d50       ?setReadAddress@PxRingBuffer@shdfnd@physx@@AAEXI@Z 10021d50 f i PsFastIPC.obj
 0001:00020e20       ?setWriteAddress@PxRingBuffer@shdfnd@physx@@AAEXI@Z 10021e20 f i PsFastIPC.obj
 0001:00020ef0       ?writeData@PxRingBuffer@shdfnd@physx@@AAEXW4MessageType@123@PBXI@Z 10021ef0 f i PsFastIPC.obj
 0001:00021150       ?createFastXml@shdfnd@physx@@YAPAVFastXml@12@PAVCallback@312@@Z 10022150 f   PsFastXml.obj
 0001:000211c0       ??0AttributePairs@FastXml@shdfnd@physx@@QAE@HPAPBD@Z 100221c0 f i PsFastXml.obj
 0001:000211f0       ??0FastXml@shdfnd@physx@@QAE@XZ 100221f0 f i PsFastXml.obj
 0001:00021400       ??1FastXml@shdfnd@physx@@MAE@XZ 10022400 f i PsFastXml.obj
 0001:00021450       ??_GFastXml@shdfnd@physx@@MAEPAXI@Z 10022450 f i PsFastXml.obj
 0001:00021450       ??_EFastXml@shdfnd@physx@@MAEPAXI@Z 10022450 f i PsFastXml.obj
 0001:00021490       ??_EMyFastXml@?A0x727e5844@@EAEPAXI@Z 10022490 f i PsFastXml.obj
 0001:00021490       ??_GMyFastXml@?A0x727e5844@@EAEPAXI@Z 10022490 f i PsFastXml.obj
 0001:000233b0       ?strchr@@YAPADQADH@Z       100243b0 f i PsFastXml.obj
 0001:000233d0       ?strstr@@YAPADQADQBD@Z     100243d0 f i PsFastXml.obj
 0001:000233f0       _PxCreateFoundation        100243f0 f   PsFoundation.obj
 0001:00023410       _PxGetFoundation           10024410 f   PsFoundation.obj
 0001:00023420       ?getAllocator@shdfnd@physx@@YAAAVPxAllocatorCallback@2@XZ 10024420 f   PsFoundation.obj
 0001:00023440       ??0Foundation@shdfnd@physx@@AAE@AAVPxErrorCallback@2@AAVPxAllocatorCallback@2@@Z 10024440 f   PsFoundation.obj
 0001:00023580       ??1Foundation@shdfnd@physx@@EAE@XZ 10024580 f   PsFoundation.obj
 0001:00023670       ?release@Foundation@shdfnd@physx@@UAEXXZ 10024670 f   PsFoundation.obj
 0001:00023680       ?createInstance@Foundation@shdfnd@physx@@SAPAV123@IAAVPxErrorCallback@3@AAVPxAllocatorCallback@3@@Z 10024680 f   PsFoundation.obj
 0001:00023820       ?destroyInstance@Foundation@shdfnd@physx@@SAXXZ 10024820 f   PsFoundation.obj
 0001:000238e0       ?getInstance@Foundation@shdfnd@physx@@SAAAV123@XZ 100248e0 f   PsFoundation.obj
 0001:00023930       ?incRefCount@Foundation@shdfnd@physx@@SAXXZ 10024930 f   PsFoundation.obj
 0001:000239b0       ?decRefCount@Foundation@shdfnd@physx@@SAXXZ 100249b0 f   PsFoundation.obj
 0001:00023a30       ?getErrorCallback@Foundation@shdfnd@physx@@UBEAAVPxErrorCallback@3@XZ 10024a30 f   PsFoundation.obj
 0001:00023a50       ?setErrorLevel@Foundation@shdfnd@physx@@UAEXW4Enum@PxErrorCode@3@@Z 10024a50 f   PsFoundation.obj
 0001:00023a70       ?getErrorLevel@Foundation@shdfnd@physx@@UBE?AW4Enum@PxErrorCode@3@XZ 10024a70 f   PsFoundation.obj
 0001:00023a90       ?getAllocatorCallback@Foundation@shdfnd@physx@@UBEAAVPxAllocatorCallback@3@XZ 10024a90 f   PsFoundation.obj
 0001:00023ab0       ?error@Foundation@shdfnd@physx@@QAAXW4Enum@PxErrorCode@3@PBDH1ZZ 10024ab0 f   PsFoundation.obj
 0001:00023af0       ?errorImpl@Foundation@shdfnd@physx@@QAEXW4Enum@PxErrorCode@3@PBDH1PAD@Z 10024af0 f   PsFoundation.obj
 0001:00023bb0       ?getWarnOnceTimestamp@Foundation@shdfnd@physx@@SAIXZ 10024bb0 f   PsFoundation.obj
 0001:00023c00       ?allocate@AlignCheckAllocator@Foundation@shdfnd@physx@@UAEPAXIPBD0H@Z 10024c00 f   PsFoundation.obj
 0001:00023f20       ??$PX_UNUSED@H@@YAXABH@Z   10024f20 f i PsFoundation.obj
 0001:00023f30       ??0?$Array@PATTempAllocatorChunk@shdfnd@physx@@VAllocator@23@@shdfnd@physx@@QAE@ABVAllocator@12@@Z 10024f30 f i PsFoundation.obj
 0001:00023f70       ??0?$HashBase@V?$Pair@QBVNamedAllocator@shdfnd@physx@@PBD@shdfnd@physx@@PBVNamedAllocator@23@U?$Hash@PBVNamedAllocator@shdfnd@physx@@@23@UGetKey@?$HashMapBase@PBVNamedAllocator@shdfnd@physx@@PBDU?$Hash@PBVNamedAllocator@shdfnd@physx@@@23@VNonTrackingAllocator@23@@internal@23@VNonTrackingAllocator@23@$00@internal@shdfnd@physx@@QAE@IM@Z 10024f70 f i PsFoundation.obj
 0001:00023fc0       ??0?$HashMap@PBVNamedAllocator@shdfnd@physx@@PBDU?$Hash@PBVNamedAllocator@shdfnd@physx@@@23@VNonTrackingAllocator@23@@shdfnd@physx@@QAE@IM@Z 10024fc0 f i PsFoundation.obj
 0001:00023ff0       ??0?$HashMapBase@PBVNamedAllocator@shdfnd@physx@@PBDU?$Hash@PBVNamedAllocator@shdfnd@physx@@@23@VNonTrackingAllocator@23@@internal@shdfnd@physx@@QAE@IM@Z 10024ff0 f i PsFoundation.obj
 0001:00024020       ??0?$MutexT@VAllocator@shdfnd@physx@@@shdfnd@physx@@QAE@ABVAllocator@12@@Z 10025020 f i PsFoundation.obj
 0001:000240a0       ??0AlignCheckAllocator@Foundation@shdfnd@physx@@QAE@AAVPxAllocatorCallback@3@@Z 100250a0 f i PsFoundation.obj
 0001:000240f0       ??0NonTrackingAllocator@shdfnd@physx@@QAE@PBD@Z 100250f0 f i PsFoundation.obj
 0001:00024110       ??0PxAllocatorCallback@physx@@QAE@XZ 10025110 f i PsFoundation.obj
 0001:00024130       ??0PxBroadcastingAllocator@physx@@QAE@XZ 10025130 f i PsFoundation.obj
 0001:00024160       ??0TempAllocator@shdfnd@physx@@QAE@PBD@Z 10025160 f i PsFoundation.obj
 0001:00024180       ??1?$Array@PATTempAllocatorChunk@shdfnd@physx@@VAllocator@23@@shdfnd@physx@@QAE@XZ 10025180 f i PsFoundation.obj
 0001:000241f0       ??1?$HashBase@V?$Pair@QBVNamedAllocator@shdfnd@physx@@PBD@shdfnd@physx@@PBVNamedAllocator@23@U?$Hash@PBVNamedAllocator@shdfnd@physx@@@23@UGetKey@?$HashMapBase@PBVNamedAllocator@shdfnd@physx@@PBDU?$Hash@PBVNamedAllocator@shdfnd@physx@@@23@VNonTrackingAllocator@23@@internal@23@VNonTrackingAllocator@23@$00@internal@shdfnd@physx@@QAE@XZ 100251f0 f i PsFoundation.obj
 0001:00024230       ??1?$HashMap@PBVNamedAllocator@shdfnd@physx@@PBDU?$Hash@PBVNamedAllocator@shdfnd@physx@@@23@VNonTrackingAllocator@23@@shdfnd@physx@@QAE@XZ 10025230 f i PsFoundation.obj
 0001:00024250       ??1?$HashMapBase@PBVNamedAllocator@shdfnd@physx@@PBDU?$Hash@PBVNamedAllocator@shdfnd@physx@@@23@VNonTrackingAllocator@23@@internal@shdfnd@physx@@QAE@XZ 10025250 f i PsFoundation.obj
 0001:00024270       ??1?$MutexT@VAllocator@shdfnd@physx@@@shdfnd@physx@@QAE@XZ 10025270 f i PsFoundation.obj
 0001:000242a0       ??1AlignCheckAllocator@Foundation@shdfnd@physx@@UAE@XZ 100252a0 f i PsFoundation.obj
 0001:000242c0       ??1PxAllocatorCallback@physx@@UAE@XZ 100252c0 f i PsFoundation.obj
 0001:000242e0       ??1PxBroadcastingAllocator@physx@@MAE@XZ 100252e0 f i PsFoundation.obj
 0001:00024310       ??4TempAllocator@shdfnd@physx@@QAEAAV012@$$QAV012@@Z 10025310 f i PsFoundation.obj
 0001:00024330       ??4TempAllocator@shdfnd@physx@@QAEAAV012@ABV012@@Z 10025330 f i PsFoundation.obj
 0001:00024350       ??A?$Array@PATTempAllocatorChunk@shdfnd@physx@@VAllocator@23@@shdfnd@physx@@QAEAAPATTempAllocatorChunk@12@I@Z 10025350 f i PsFoundation.obj
 0001:000243c0       ??_EFoundation@shdfnd@physx@@EAEPAXI@Z 100253c0 f i PsFoundation.obj
 0001:00024460       ??_FTempAllocator@shdfnd@physx@@QAEXXZ 10025460 f i PsFoundation.obj
 0001:00024480       ??_GAlignCheckAllocator@Foundation@shdfnd@physx@@UAEPAXI@Z 10025480 f i PsFoundation.obj
 0001:00024480       ??_EAlignCheckAllocator@Foundation@shdfnd@physx@@UAEPAXI@Z 10025480 f i PsFoundation.obj
 0001:000244c0       ??_GFoundation@shdfnd@physx@@EAEPAXI@Z 100254c0 f i PsFoundation.obj
 0001:00024500       ??_EPxAllocatorCallback@physx@@UAEPAXI@Z 10025500 f i PsFoundation.obj
 0001:00024500       ??_GPxAllocatorCallback@physx@@UAEPAXI@Z 10025500 f i PsFoundation.obj
 0001:00024540       ??_EPxBroadcastingAllocator@physx@@MAEPAXI@Z 10025540 f i PsFoundation.obj
 0001:00024540       ??_GPxBroadcastingAllocator@physx@@MAEPAXI@Z 10025540 f i PsFoundation.obj
 0001:00024580       ?allocate@?$Array@PATTempAllocatorChunk@shdfnd@physx@@VAllocator@23@@shdfnd@physx@@IAEPAPATTempAllocatorChunk@23@I@Z 10025580 f i PsFoundation.obj
 0001:00024600       ?capacity@?$Array@PATTempAllocatorChunk@shdfnd@physx@@VAllocator@23@@shdfnd@physx@@QBEIXZ 10025600 f i PsFoundation.obj
 0001:00024620       ?copy@?$Array@PATTempAllocatorChunk@shdfnd@physx@@VAllocator@23@@shdfnd@physx@@KAXPAPATTempAllocatorChunk@23@0PBQAT423@@Z 10025620 f i PsFoundation.obj
 0001:00024690       ?create@?$Array@PATTempAllocatorChunk@shdfnd@physx@@VAllocator@23@@shdfnd@physx@@KAXPAPATTempAllocatorChunk@23@0ABQAT423@@Z 10025690 f i PsFoundation.obj
 0001:00024700       ?deallocate@?$Array@PATTempAllocatorChunk@shdfnd@physx@@VAllocator@23@@shdfnd@physx@@IAEXPAX@Z 10025700 f i PsFoundation.obj
 0001:00024720       ?deallocate@AlignCheckAllocator@Foundation@shdfnd@physx@@UAEXPAX@Z 10025720 f i PsFoundation.obj
 0001:000247b0       ?deregisterAllocationListener@AlignCheckAllocator@Foundation@shdfnd@physx@@UAEXAAVPxAllocationListener@4@@Z 100257b0 f i PsFoundation.obj
 0001:00024830       ?destroy@?$Array@PATTempAllocatorChunk@shdfnd@physx@@VAllocator@23@@shdfnd@physx@@KAXPAPATTempAllocatorChunk@23@0@Z 10025830 f i PsFoundation.obj
 0001:00024850       ?destroy@?$HashBase@V?$Pair@QBVNamedAllocator@shdfnd@physx@@PBD@shdfnd@physx@@PBVNamedAllocator@23@U?$Hash@PBVNamedAllocator@shdfnd@physx@@@23@UGetKey@?$HashMapBase@PBVNamedAllocator@shdfnd@physx@@PBDU?$Hash@PBVNamedAllocator@shdfnd@physx@@@23@VNonTrackingAllocator@23@@internal@23@VNonTrackingAllocator@23@$00@internal@shdfnd@physx@@AAEXXZ 10025850 f i PsFoundation.obj
 0001:000248c0       ?getBaseAllocator@AlignCheckAllocator@Foundation@shdfnd@physx@@QBEAAVPxAllocatorCallback@4@XZ 100258c0 f i PsFoundation.obj
 0001:000248e0       ?grow@?$Array@PATTempAllocatorChunk@shdfnd@physx@@VAllocator@23@@shdfnd@physx@@IAEXI@Z 100258e0 f i PsFoundation.obj
 0001:00024960       ?init@?$HashBase@V?$Pair@QBVNamedAllocator@shdfnd@physx@@PBD@shdfnd@physx@@PBVNamedAllocator@23@U?$Hash@PBVNamedAllocator@shdfnd@physx@@@23@UGetKey@?$HashMapBase@PBVNamedAllocator@shdfnd@physx@@PBDU?$Hash@PBVNamedAllocator@shdfnd@physx@@@23@VNonTrackingAllocator@23@@internal@23@VNonTrackingAllocator@23@$00@internal@shdfnd@physx@@AAEXIM@Z 10025960 f i PsFoundation.obj
 0001:00024a10       ?isInUserMemory@?$Array@PATTempAllocatorChunk@shdfnd@physx@@VAllocator@23@@shdfnd@physx@@QBEIXZ 10025a10 f i PsFoundation.obj
 0001:00024a30       ?recreate@?$Array@PATTempAllocatorChunk@shdfnd@physx@@VAllocator@23@@shdfnd@physx@@IAEXI@Z 10025a30 f i PsFoundation.obj
 0001:00024b40       ?registerAllocationListener@AlignCheckAllocator@Foundation@shdfnd@physx@@UAEXAAVPxAllocationListener@4@@Z 10025b40 f i PsFoundation.obj
 0001:00024be0       ?reserve@?$Array@PATTempAllocatorChunk@shdfnd@physx@@VAllocator@23@@shdfnd@physx@@QAEXI@Z 10025be0 f i PsFoundation.obj
 0001:00024c10       ?reset@?$Array@PATTempAllocatorChunk@shdfnd@physx@@VAllocator@23@@shdfnd@physx@@QAEXXZ 10025c10 f i PsFoundation.obj
 0001:00024c50       ?resize@?$Array@PATTempAllocatorChunk@shdfnd@physx@@VAllocator@23@@shdfnd@physx@@QAEXIABQATTempAllocatorChunk@23@@Z 10025c50 f i PsFoundation.obj
 0001:00024ce0       ?shrink@?$Array@PATTempAllocatorChunk@shdfnd@physx@@VAllocator@23@@shdfnd@physx@@QAEXXZ 10025ce0 f i PsFoundation.obj
 0001:00024d00       ?size@?$Array@PATTempAllocatorChunk@shdfnd@physx@@VAllocator@23@@shdfnd@physx@@QBEIXZ 10025d00 f i PsFoundation.obj
 0001:00024d20       ?sprintf_s@string@physx@@YAHPADIPBDZZ 10025d20 f i PsFoundation.obj
 0001:00024d70       __vsnprintf                10025d70 f i PsFoundation.obj
 0001:00024da0       ?computeQuatFromNormal@shdfnd@physx@@YA?AVPxQuat@2@ABVPxVec3@2@@Z 10025da0 f   PsMathUtils.obj
 0001:00024f20       ?optimizeBoundingBox@shdfnd@physx@@YA?AVPxVec3@2@AAVPxMat33@2@@Z 10025f20 f   PsMathUtils.obj
 0001:00025230       ?slerp@shdfnd@physx@@YA?AVPxQuat@2@MABV32@0@Z 10026230 f   PsMathUtils.obj
 0001:000253c0       ?integrateTransform@shdfnd@physx@@YAXABVPxTransform@2@ABVPxVec3@2@1MAAV32@@Z 100263c0 f   PsMathUtils.obj
 0001:00025780       ??$PX_UNUSED@W4PxIDENTITY@physx@@@@YAXABW4PxIDENTITY@physx@@@Z 10026780 f i PsMathUtils.obj
 0001:00025790       ??$PxClamp@M@physx@@YAMMMM@Z 10026790 f i PsMathUtils.obj
 0001:00025830       ??$PxMax@M@physx@@YAMMM@Z  10026830 f i PsMathUtils.obj
 0001:00025860       ??$PxMin@M@physx@@YAMMM@Z  10026860 f i PsMathUtils.obj
 0001:00025890       ??$swap@I@shdfnd@physx@@YAXAAI0@Z 10026890 f i PsMathUtils.obj
 0001:000258c0       ??0PxQuat@physx@@QAE@ABV01@@Z 100268c0 f i PsMathUtils.obj
 0001:00025910       ??0PxQuat@physx@@QAE@MABVPxVec3@1@@Z 10026910 f i PsMathUtils.obj
 0001:00025a50       ??0PxQuat@physx@@QAE@MMMM@Z 10026a50 f i PsMathUtils.obj
 0001:00025ab0       ??0PxQuat@physx@@QAE@W4PxIDENTITY@1@@Z 10026ab0 f i PsMathUtils.obj
 0001:00025b30       ??0PxQuat@physx@@QAE@XZ    10026b30 f i PsMathUtils.obj
 0001:00025b50       ??0PxVec3@physx@@QAE@ABV01@@Z 10026b50 f i PsMathUtils.obj
 0001:00025b90       ??0PxVec3@physx@@QAE@MMM@Z 10026b90 f i PsMathUtils.obj
 0001:00025be0       ??4PxQuat@physx@@QAEAAV01@ABV01@@Z 10026be0 f i PsMathUtils.obj
 0001:00025c30       ??4PxVec3@physx@@QAEAAV01@ABV01@@Z 10026c30 f i PsMathUtils.obj
 0001:00025c70       ??APxMat33@physx@@QAEAAVPxVec3@1@H@Z 10026c70 f i PsMathUtils.obj
 0001:00025c90       ??APxVec3@physx@@QAEAAMH@Z 10026c90 f i PsMathUtils.obj
 0001:00025d00       ??APxVec3@physx@@QAEAAMI@Z 10026d00 f i PsMathUtils.obj
 0001:00025d70       ??DPxQuat@physx@@QBE?AV01@ABV01@@Z 10026d70 f i PsMathUtils.obj
 0001:00025f20       ??DPxQuat@physx@@QBE?AV01@M@Z 10026f20 f i PsMathUtils.obj
 0001:00025fa0       ??DPxVec3@physx@@QBE?AV01@M@Z 10026fa0 f i PsMathUtils.obj
 0001:00026010       ??HPxQuat@physx@@QBE?AV01@ABV01@@Z 10027010 f i PsMathUtils.obj
 0001:000260a0       ??HPxVec3@physx@@QBE?AV01@ABV01@@Z 100270a0 f i PsMathUtils.obj
 0001:00026110       ??XPxVec3@physx@@QAEAAV01@M@Z 10027110 f i PsMathUtils.obj
 0001:00026170       ??ZPxVec3@physx@@QAEAAV01@ABV01@@Z 10027170 f i PsMathUtils.obj
 0001:000261e0       ??_0PxVec3@physx@@QAEAAV01@M@Z 100271e0 f i PsMathUtils.obj
 0001:00026260       ?PxAbs@physx@@YAMM@Z       10027260 f i PsMathUtils.obj
 0001:00026280       ?PxAsin@physx@@YAMM@Z      10027280 f i PsMathUtils.obj
 0001:000262d0       ?PxAtan2@physx@@YAMMM@Z    100272d0 f i PsMathUtils.obj
 0001:00026300       ?PxCos@physx@@YAMM@Z       10027300 f i PsMathUtils.obj
 0001:00026320       ?PxRecipSqrt@physx@@YAMM@Z 10027320 f i PsMathUtils.obj
 0001:00026340       ?PxSin@physx@@YAMM@Z       10027340 f i PsMathUtils.obj
 0001:00026360       ?PxSqrt@physx@@YAMM@Z      10027360 f i PsMathUtils.obj
 0001:00026380       ?abs@intrinsics@physx@@YAMM@Z 10027380 f i PsMathUtils.obj
 0001:000263a0       ?cos@intrinsics@physx@@YAMM@Z 100273a0 f i PsMathUtils.obj
 0001:000263c0       ?dot@PxQuat@physx@@QBEMABV12@@Z 100273c0 f i PsMathUtils.obj
 0001:00026440       ?dot@PxVec3@physx@@QBEMABV12@@Z 10027440 f i PsMathUtils.obj
 0001:000264a0       ?fsel@intrinsics@physx@@YAMMMM@Z 100274a0 f i PsMathUtils.obj
 0001:000264e0       ?magnitude@PxVec3@physx@@QBEMXZ 100274e0 f i PsMathUtils.obj
 0001:00026510       ?magnitudeSquared@PxVec3@physx@@QBEMXZ 10027510 f i PsMathUtils.obj
 0001:00026570       ?normalize@PxVec3@physx@@QAEMXZ 10027570 f i PsMathUtils.obj
 0001:000265c0       ?recipSqrt@intrinsics@physx@@YAMM@Z 100275c0 f i PsMathUtils.obj
 0001:00026610       ?selectMax@intrinsics@physx@@YAMMM@Z 10027610 f i PsMathUtils.obj
 0001:00026650       ?selectMin@intrinsics@physx@@YAMMM@Z 10027650 f i PsMathUtils.obj
 0001:00026690       ?sin@intrinsics@physx@@YAMM@Z 10027690 f i PsMathUtils.obj
 0001:000266b0       ?sqrt@intrinsics@physx@@YAMM@Z 100276b0 f i PsMathUtils.obj
 0001:000266d0       _asinf                     100276d0 f i PsMathUtils.obj
 0001:00026700       _atan2f                    10027700 f i PsMathUtils.obj
 0001:00026740       _cosf                      10027740 f i PsMathUtils.obj
 0001:00026770       _fabsf                     10027770 f i PsMathUtils.obj
 0001:000267a0       _sinf                      100277a0 f i PsMathUtils.obj
 0001:000267d0       _sqrtf                     100277d0 f i PsMathUtils.obj
 0001:00026800       ?allocate@TempAllocator@shdfnd@physx@@QAEPAXIPBDH@Z 10027800 f   PsTempAllocator.obj
 0001:00026970       ?deallocate@TempAllocator@shdfnd@physx@@QAEXPAX@Z 10027970 f   PsTempAllocator.obj
 0001:00026ac0       ??$PxMax@I@physx@@YAIII@Z  10027ac0 f i PsTempAllocator.obj
 0001:00026af0       ??$PxMin@PAPATTempAllocatorChunk@shdfnd@physx@@@physx@@YAPAPATTempAllocatorChunk@shdfnd@0@PAPAT120@0@Z 10027af0 f i PsTempAllocator.obj
 0001:00026b20       ?begin@?$Array@PATTempAllocatorChunk@shdfnd@physx@@VAllocator@23@@shdfnd@physx@@QAEPAPATTempAllocatorChunk@23@XZ 10027b20 f i PsTempAllocator.obj
 0001:00026b40       ?end@?$Array@PATTempAllocatorChunk@shdfnd@physx@@VAllocator@23@@shdfnd@physx@@QAEPAPATTempAllocatorChunk@23@XZ 10027b40 f i PsTempAllocator.obj
 0001:00026ba0       ?highestSetBit@shdfnd@physx@@YAII@Z 10027ba0 f i PsTempAllocator.obj
 0001:00026c00       ?highestSetBitUnsafe@shdfnd@physx@@YAII@Z 10027c00 f i PsTempAllocator.obj
 0001:00026c20       ?checkValid@shdfnd@physx@@YA_NABM@Z 10027c20 f   PsUtilities.obj
 0001:00026c40       ?checkValid@shdfnd@physx@@YA_NABVPxVec3@2@@Z 10027c40 f   PsUtilities.obj
 0001:00026cc0       ?checkValid@shdfnd@physx@@YA_NABVPxQuat@2@@Z 10027cc0 f   PsUtilities.obj
 0001:00026d50       ?checkValid@shdfnd@physx@@YA_NABVPxMat33@2@@Z 10027d50 f   PsUtilities.obj
 0001:00026ea0       ?checkValid@shdfnd@physx@@YA_NABVPxTransform@2@@Z 10027ea0 f   PsUtilities.obj
 0001:00026ef0       ?checkValid@shdfnd@physx@@YA_NPBD@Z 10027ef0 f   PsUtilities.obj
 0001:00026ff0       ??APxMat33@physx@@QBEABVPxVec3@1@I@Z 10027ff0 f i PsUtilities.obj
 0001:00027010       ??APxVec3@physx@@QBEABMI@Z 10028010 f i PsUtilities.obj
 0001:00027080       ??RPxMat33@physx@@QBEMII@Z 10028080 f i PsUtilities.obj
 0001:000270b0       ?PxIsFinite@physx@@YA_NM@Z 100280b0 f i PsUtilities.obj
 0001:000270d0       ?isFinite@intrinsics@physx@@YA_NM@Z 100280d0 f i PsUtilities.obj
 0001:00027120       ?PxCreateCollection@@YAPAVPxCollection@physx@@XZ 10028120 f   CmCollection.obj
 0001:00027170       ?add@Collection@Cm@physx@@UAEXAAVPxBase@3@_K@Z 10028170 f   CmCollection.obj
 0001:00027230       ?remove@Collection@Cm@physx@@UAEXAAVPxBase@3@@Z 10028230 f   CmCollection.obj
 0001:000272e0       ?contains@Collection@Cm@physx@@UBE_NAAVPxBase@3@@Z 100282e0 f   CmCollection.obj
 0001:00027320       ?addId@Collection@Cm@physx@@UAEXAAVPxBase@3@_K@Z 10028320 f   CmCollection.obj
 0001:00027470       ?removeId@Collection@Cm@physx@@UAEX_K@Z 10028470 f   CmCollection.obj
 0001:00027540       ?find@Collection@Cm@physx@@UBEPAVPxBase@3@_K@Z 10028540 f   CmCollection.obj
 0001:000275b0       ?add@Collection@Cm@physx@@UAEXAAVPxCollection@3@@Z 100285b0 f   CmCollection.obj
 0001:00027740       ?remove@Collection@Cm@physx@@UAEXAAVPxCollection@3@@Z 10028740 f   CmCollection.obj
 0001:00027800       ?getNbObjects@Collection@Cm@physx@@UBEIXZ 10028800 f   CmCollection.obj
 0001:00027820       ?getObject@Collection@Cm@physx@@UBEAAVPxBase@3@I@Z 10028820 f   CmCollection.obj
 0001:00027890       ?getObjects@Collection@Cm@physx@@UBEIPAPAVPxBase@3@II@Z 10028890 f   CmCollection.obj
 0001:00027970       ?getNbIds@Collection@Cm@physx@@UBEIXZ 10028970 f   CmCollection.obj
 0001:00027990       ?getId@Collection@Cm@physx@@UBE_KABVPxBase@3@@Z 10028990 f   CmCollection.obj
 0001:000279e0       ?getIds@Collection@Cm@physx@@UBEIPA_KII@Z 100289e0 f   CmCollection.obj
 0001:00027d60       ??$?2V?$ReflectionAllocator@VCollection@Cm@physx@@@shdfnd@physx@@@UserAllocated@shdfnd@physx@@SAPAXIV?$ReflectionAllocator@VCollection@Cm@physx@@@12@PBDH@Z 10028d60 f i CmCollection.obj
 0001:00027d80       ??0?$CoalescedHashMap@PAVPxBase@physx@@_KU?$Hash@PAVPxBase@physx@@@shdfnd@2@VAllocator@42@@shdfnd@physx@@QAE@IM@Z 10028d80 f i CmCollection.obj
 0001:00027db0       ??0?$CoalescedHashMap@_KPAVPxBase@physx@@U?$Hash@_K@shdfnd@2@VAllocator@42@@shdfnd@physx@@QAE@IM@Z 10028db0 f i CmCollection.obj
 0001:00027de0       ??0?$CollectionHashMap@PAVPxBase@physx@@_KU?$Hash@PAVPxBase@physx@@@shdfnd@2@VAllocator@42@@Cm@physx@@QAE@IM@Z 10028de0 f i CmCollection.obj
 0001:00027e10       ??0?$CollectionHashMap@_KPAVPxBase@physx@@U?$Hash@_K@shdfnd@2@VAllocator@42@@Cm@physx@@QAE@IM@Z 10028e10 f i CmCollection.obj
 0001:00027e40       ??0?$HashBase@V?$Pair@$$CB_KPAVPxBase@physx@@@shdfnd@physx@@_KU?$Hash@_K@23@UGetKey@?$HashMapBase@_KPAVPxBase@physx@@U?$Hash@_K@shdfnd@2@VAllocator@42@@internal@23@VAllocator@23@$00@internal@shdfnd@physx@@QAE@IM@Z 10028e40 f i CmCollection.obj
 0001:00027e90       ??0?$HashBase@V?$Pair@QAVPxBase@physx@@_K@shdfnd@physx@@PAVPxBase@3@U?$Hash@PAVPxBase@physx@@@23@UGetKey@?$HashMapBase@PAVPxBase@physx@@_KU?$Hash@PAVPxBase@physx@@@shdfnd@2@VAllocator@42@@internal@23@VAllocator@23@$00@internal@shdfnd@physx@@QAE@IM@Z 10028e90 f i CmCollection.obj
 0001:00027ee0       ??0?$HashMapBase@PAVPxBase@physx@@_KU?$Hash@PAVPxBase@physx@@@shdfnd@2@VAllocator@42@@internal@shdfnd@physx@@QAE@IM@Z 10028ee0 f i CmCollection.obj
 0001:00027f10       ??0?$HashMapBase@_KPAVPxBase@physx@@U?$Hash@_K@shdfnd@2@VAllocator@42@@internal@shdfnd@physx@@QAE@IM@Z 10028f10 f i CmCollection.obj
 0001:00027f40       ??0?$Pair@$$CB_KPAVPxBase@physx@@@shdfnd@physx@@QAE@ABV012@@Z 10028f40 f i CmCollection.obj
 0001:00027f80       ??0?$Pair@$$CB_KPAVPxBase@physx@@@shdfnd@physx@@QAE@AB_KABQAVPxBase@2@@Z 10028f80 f i CmCollection.obj
 0001:00027fc0       ??0?$Pair@QAVPxBase@physx@@_K@shdfnd@physx@@QAE@ABQAVPxBase@2@AB_K@Z 10028fc0 f i CmCollection.obj
 0001:00028000       ??0?$Pair@QAVPxBase@physx@@_K@shdfnd@physx@@QAE@ABV012@@Z 10029000 f i CmCollection.obj
 0001:00028040       ??0?$ReflectionAllocator@VCollection@Cm@physx@@@shdfnd@physx@@QAE@PBD@Z 10029040 f i CmCollection.obj
 0001:00028060       ??0Collection@Cm@physx@@QAE@XZ 10029060 f i CmCollection.obj
 0001:000280d0       ??0Iter@?$HashBase@V?$Pair@$$CB_KPAVPxBase@physx@@@shdfnd@physx@@_KU?$Hash@_K@23@UGetKey@?$HashMapBase@_KPAVPxBase@physx@@U?$Hash@_K@shdfnd@2@VAllocator@42@@internal@23@VAllocator@23@$00@internal@shdfnd@physx@@QAE@AAV1234@@Z 100290d0 f i CmCollection.obj
 0001:00028150       ??0PxCollection@physx@@IAE@XZ 10029150 f i CmCollection.obj
 0001:00028170       ??1?$CoalescedHashMap@PAVPxBase@physx@@_KU?$Hash@PAVPxBase@physx@@@shdfnd@2@VAllocator@42@@shdfnd@physx@@QAE@XZ 10029170 f i CmCollection.obj
 0001:00028190       ??1?$CoalescedHashMap@_KPAVPxBase@physx@@U?$Hash@_K@shdfnd@2@VAllocator@42@@shdfnd@physx@@QAE@XZ 10029190 f i CmCollection.obj
 0001:000281b0       ??1?$CollectionHashMap@PAVPxBase@physx@@_KU?$Hash@PAVPxBase@physx@@@shdfnd@2@VAllocator@42@@Cm@physx@@QAE@XZ 100291b0 f i CmCollection.obj
 0001:000281d0       ??1?$CollectionHashMap@_KPAVPxBase@physx@@U?$Hash@_K@shdfnd@2@VAllocator@42@@Cm@physx@@QAE@XZ 100291d0 f i CmCollection.obj
 0001:000281f0       ??1?$HashBase@V?$Pair@$$CB_KPAVPxBase@physx@@@shdfnd@physx@@_KU?$Hash@_K@23@UGetKey@?$HashMapBase@_KPAVPxBase@physx@@U?$Hash@_K@shdfnd@2@VAllocator@42@@internal@23@VAllocator@23@$00@internal@shdfnd@physx@@QAE@XZ 100291f0 f i CmCollection.obj
 0001:00028230       ??1?$HashBase@V?$Pair@QAVPxBase@physx@@_K@shdfnd@physx@@PAVPxBase@3@U?$Hash@PAVPxBase@physx@@@23@UGetKey@?$HashMapBase@PAVPxBase@physx@@_KU?$Hash@PAVPxBase@physx@@@shdfnd@2@VAllocator@42@@internal@23@VAllocator@23@$00@internal@shdfnd@physx@@QAE@XZ 10029230 f i CmCollection.obj
 0001:00028270       ??1?$HashMapBase@PAVPxBase@physx@@_KU?$Hash@PAVPxBase@physx@@@shdfnd@2@VAllocator@42@@internal@shdfnd@physx@@QAE@XZ 10029270 f i CmCollection.obj
 0001:00028290       ??1?$HashMapBase@_KPAVPxBase@physx@@U?$Hash@_K@shdfnd@2@VAllocator@42@@internal@shdfnd@physx@@QAE@XZ 10029290 f i CmCollection.obj
 0001:000282b0       ??1Collection@Cm@physx@@UAE@XZ 100292b0 f i CmCollection.obj
 0001:000282f0       ??1PxCollection@physx@@MAE@XZ 100292f0 f i CmCollection.obj
 0001:00028310       ??A?$HashMapBase@PAVPxBase@physx@@_KU?$Hash@PAVPxBase@physx@@@shdfnd@2@VAllocator@42@@internal@shdfnd@physx@@QAEAA_KABQAVPxBase@3@@Z 10029310 f i CmCollection.obj
 0001:000283a0       ??A?$HashMapBase@_KPAVPxBase@physx@@U?$Hash@_K@shdfnd@2@VAllocator@42@@internal@shdfnd@physx@@QAEAAPAVPxBase@3@AB_K@Z 100293a0 f i CmCollection.obj
 0001:00028430       ??CIter@?$HashBase@V?$Pair@$$CB_KPAVPxBase@physx@@@shdfnd@physx@@_KU?$Hash@_K@23@UGetKey@?$HashMapBase@_KPAVPxBase@physx@@U?$Hash@_K@shdfnd@2@VAllocator@42@@internal@23@VAllocator@23@$00@internal@shdfnd@physx@@QBEPAV?$Pair@$$CB_KPAVPxBase@physx@@@34@XZ 10029430 f i CmCollection.obj
 0001:00028460       ??EIter@?$HashBase@V?$Pair@$$CB_KPAVPxBase@physx@@@shdfnd@physx@@_KU?$Hash@_K@23@UGetKey@?$HashMapBase@_KPAVPxBase@physx@@U?$Hash@_K@shdfnd@2@VAllocator@42@@internal@23@VAllocator@23@$00@internal@shdfnd@physx@@QAE?AV01234@H@Z 10029460 f i CmCollection.obj
 0001:000284d0       ??R?$Hash@PAVPxBase@physx@@@shdfnd@physx@@QBEIABQAVPxBase@2@@Z 100294d0 f i CmCollection.obj
 0001:00028500       ??R?$Hash@PAVPxBase@physx@@@shdfnd@physx@@QBE_NABQAVPxBase@2@0@Z 10029500 f i CmCollection.obj
 0001:00028540       ??R?$Hash@_K@shdfnd@physx@@QBEIAB_K@Z 10029540 f i CmCollection.obj
 0001:00028570       ??R?$Hash@_K@shdfnd@physx@@QBE_NAB_K0@Z 10029570 f i CmCollection.obj
 0001:000285d0       ??RGetKey@?$HashMapBase@PAVPxBase@physx@@_KU?$Hash@PAVPxBase@physx@@@shdfnd@2@VAllocator@42@@internal@shdfnd@physx@@QAEABQAVPxBase@4@ABV?$Pair@QAVPxBase@physx@@_K@34@@Z 100295d0 f i CmCollection.obj
 0001:000285f0       ??RGetKey@?$HashMapBase@_KPAVPxBase@physx@@U?$Hash@_K@shdfnd@2@VAllocator@42@@internal@shdfnd@physx@@QAEAB_KABV?$Pair@$$CB_KPAVPxBase@physx@@@34@@Z 100295f0 f i CmCollection.obj
 0001:00028610       ??_ECollection@Cm@physx@@UAEPAXI@Z 10029610 f i CmCollection.obj
 0001:00028610       ??_GCollection@Cm@physx@@UAEPAXI@Z 10029610 f i CmCollection.obj
 0001:00028670       ??_EPxCollection@physx@@MAEPAXI@Z 10029670 f i CmCollection.obj
 0001:00028670       ??_GPxCollection@physx@@MAEPAXI@Z 10029670 f i CmCollection.obj
 0001:000286b0       ?advance@Iter@?$HashBase@V?$Pair@$$CB_KPAVPxBase@physx@@@shdfnd@physx@@_KU?$Hash@_K@23@UGetKey@?$HashMapBase@_KPAVPxBase@physx@@U?$Hash@_K@shdfnd@2@VAllocator@42@@internal@23@VAllocator@23@$00@internal@shdfnd@physx@@AAEXXZ 100296b0 f i CmCollection.obj
 0001:000286f0       ?allocate@?$ReflectionAllocator@VCollection@Cm@physx@@@shdfnd@physx@@QAEPAXIPBDH@Z 100296f0 f i CmCollection.obj
 0001:00028750       ?capacity@?$HashBase@V?$Pair@QAVPxBase@physx@@_K@shdfnd@physx@@PAVPxBase@3@U?$Hash@PAVPxBase@physx@@@23@UGetKey@?$HashMapBase@PAVPxBase@physx@@_KU?$Hash@PAVPxBase@physx@@@shdfnd@2@VAllocator@42@@internal@23@VAllocator@23@$00@internal@shdfnd@physx@@QBEIXZ 10029750 f i CmCollection.obj
 0001:00028770       ?capacity@?$HashMapBase@PAVPxBase@physx@@_KU?$Hash@PAVPxBase@physx@@@shdfnd@2@VAllocator@42@@internal@shdfnd@physx@@QBEIXZ 10029770 f i CmCollection.obj
 0001:00028790       ?check@Iter@?$HashBase@V?$Pair@$$CB_KPAVPxBase@physx@@@shdfnd@physx@@_KU?$Hash@_K@23@UGetKey@?$HashMapBase@_KPAVPxBase@physx@@U?$Hash@_K@shdfnd@2@VAllocator@42@@internal@23@VAllocator@23@$00@internal@shdfnd@physx@@QBEXXZ 10029790 f i CmCollection.obj
 0001:00028800       ?create@?$HashBase@V?$Pair@$$CB_KPAVPxBase@physx@@@shdfnd@physx@@_KU?$Hash@_K@23@UGetKey@?$HashMapBase@_KPAVPxBase@physx@@U?$Hash@_K@shdfnd@2@VAllocator@42@@internal@23@VAllocator@23@$00@internal@shdfnd@physx@@QAEPAV?$Pair@$$CB_KPAVPxBase@physx@@@34@AB_KAA_N@Z 10029800 f i CmCollection.obj
 0001:000289a0       ?create@?$HashBase@V?$Pair@QAVPxBase@physx@@_K@shdfnd@physx@@PAVPxBase@3@U?$Hash@PAVPxBase@physx@@@23@UGetKey@?$HashMapBase@PAVPxBase@physx@@_KU?$Hash@PAVPxBase@physx@@@shdfnd@2@VAllocator@42@@internal@23@VAllocator@23@$00@internal@shdfnd@physx@@QAEPAV?$Pair@QAVPxBase@physx@@_K@34@ABQAVPxBase@4@AA_N@Z 100299a0 f i CmCollection.obj
 0001:00028b40       ?destroy@?$HashBase@V?$Pair@$$CB_KPAVPxBase@physx@@@shdfnd@physx@@_KU?$Hash@_K@23@UGetKey@?$HashMapBase@_KPAVPxBase@physx@@U?$Hash@_K@shdfnd@2@VAllocator@42@@internal@23@VAllocator@23@$00@internal@shdfnd@physx@@AAEXXZ 10029b40 f i CmCollection.obj
 0001:00028bb0       ?destroy@?$HashBase@V?$Pair@QAVPxBase@physx@@_K@shdfnd@physx@@PAVPxBase@3@U?$Hash@PAVPxBase@physx@@@23@UGetKey@?$HashMapBase@PAVPxBase@physx@@_KU?$Hash@PAVPxBase@physx@@@shdfnd@2@VAllocator@42@@internal@23@VAllocator@23@$00@internal@shdfnd@physx@@AAEXXZ 10029bb0 f i CmCollection.obj
 0001:00028c20       ?done@Iter@?$HashBase@V?$Pair@$$CB_KPAVPxBase@physx@@@shdfnd@physx@@_KU?$Hash@_K@23@UGetKey@?$HashMapBase@_KPAVPxBase@physx@@U?$Hash@_K@shdfnd@2@VAllocator@42@@internal@23@VAllocator@23@$00@internal@shdfnd@physx@@QBE_NXZ 10029c20 f i CmCollection.obj
 0001:00028c60       ?erase@?$HashBase@V?$Pair@$$CB_KPAVPxBase@physx@@@shdfnd@physx@@_KU?$Hash@_K@23@UGetKey@?$HashMapBase@_KPAVPxBase@physx@@U?$Hash@_K@shdfnd@2@VAllocator@42@@internal@23@VAllocator@23@$00@internal@shdfnd@physx@@QAE_NAB_K@Z 10029c60 f i CmCollection.obj
 0001:00028da0       ?erase@?$HashBase@V?$Pair@QAVPxBase@physx@@_K@shdfnd@physx@@PAVPxBase@3@U?$Hash@PAVPxBase@physx@@@23@UGetKey@?$HashMapBase@PAVPxBase@physx@@_KU?$Hash@PAVPxBase@physx@@@shdfnd@2@VAllocator@42@@internal@23@VAllocator@23@$00@internal@shdfnd@physx@@QAE_NABQAVPxBase@4@@Z 10029da0 f i CmCollection.obj
 0001:00028ee0       ?erase@?$HashMapBase@PAVPxBase@physx@@_KU?$Hash@PAVPxBase@physx@@@shdfnd@2@VAllocator@42@@internal@shdfnd@physx@@QAE_NABQAVPxBase@4@@Z 10029ee0 f i CmCollection.obj
 0001:00028f00       ?erase@?$HashMapBase@_KPAVPxBase@physx@@U?$Hash@_K@shdfnd@2@VAllocator@42@@internal@shdfnd@physx@@QAE_NAB_K@Z 10029f00 f i CmCollection.obj
 0001:00028f20       ?find@?$HashBase@V?$Pair@$$CB_KPAVPxBase@physx@@@shdfnd@physx@@_KU?$Hash@_K@23@UGetKey@?$HashMapBase@_KPAVPxBase@physx@@U?$Hash@_K@shdfnd@2@VAllocator@42@@internal@23@VAllocator@23@$00@internal@shdfnd@physx@@QBEPBV?$Pair@$$CB_KPAVPxBase@physx@@@34@AB_K@Z 10029f20 f i CmCollection.obj
 0001:00028ff0       ?find@?$HashBase@V?$Pair@QAVPxBase@physx@@_K@shdfnd@physx@@PAVPxBase@3@U?$Hash@PAVPxBase@physx@@@23@UGetKey@?$HashMapBase@PAVPxBase@physx@@_KU?$Hash@PAVPxBase@physx@@@shdfnd@2@VAllocator@42@@internal@23@VAllocator@23@$00@internal@shdfnd@physx@@QBEPBV?$Pair@QAVPxBase@physx@@_K@34@ABQAVPxBase@4@@Z 10029ff0 f i CmCollection.obj
 0001:000290c0       ?find@?$HashMapBase@PAVPxBase@physx@@_KU?$Hash@PAVPxBase@physx@@@shdfnd@2@VAllocator@42@@internal@shdfnd@physx@@QBEPBV?$Pair@QAVPxBase@physx@@_K@34@ABQAVPxBase@4@@Z 1002a0c0 f i CmCollection.obj
 0001:000290e0       ?find@?$HashMapBase@_KPAVPxBase@physx@@U?$Hash@_K@shdfnd@2@VAllocator@42@@internal@shdfnd@physx@@QBEPBV?$Pair@$$CB_KPAVPxBase@physx@@@34@AB_K@Z 1002a0e0 f i CmCollection.obj
 0001:00029100       ?freeListAdd@?$HashBase@V?$Pair@$$CB_KPAVPxBase@physx@@@shdfnd@physx@@_KU?$Hash@_K@23@UGetKey@?$HashMapBase@_KPAVPxBase@physx@@U?$Hash@_K@shdfnd@2@VAllocator@42@@internal@23@VAllocator@23@$00@internal@shdfnd@physx@@AAEXI@Z 1002a100 f i CmCollection.obj
 0001:000291b0       ?freeListAdd@?$HashBase@V?$Pair@$$CB_KPAVPxBase@physx@@@shdfnd@physx@@_KU?$Hash@_K@23@UGetKey@?$HashMapBase@_KPAVPxBase@physx@@U?$Hash@_K@shdfnd@2@VAllocator@42@@internal@23@VAllocator@23@$00@internal@shdfnd@physx@@AAEXII@Z 1002a1b0 f i CmCollection.obj
 0001:000292a0       ?freeListAdd@?$HashBase@V?$Pair@QAVPxBase@physx@@_K@shdfnd@physx@@PAVPxBase@3@U?$Hash@PAVPxBase@physx@@@23@UGetKey@?$HashMapBase@PAVPxBase@physx@@_KU?$Hash@PAVPxBase@physx@@@shdfnd@2@VAllocator@42@@internal@23@VAllocator@23@$00@internal@shdfnd@physx@@AAEXI@Z 1002a2a0 f i CmCollection.obj
 0001:00029350       ?freeListAdd@?$HashBase@V?$Pair@QAVPxBase@physx@@_K@shdfnd@physx@@PAVPxBase@3@U?$Hash@PAVPxBase@physx@@@23@UGetKey@?$HashMapBase@PAVPxBase@physx@@_KU?$Hash@PAVPxBase@physx@@@shdfnd@2@VAllocator@42@@internal@23@VAllocator@23@$00@internal@shdfnd@physx@@AAEXII@Z 1002a350 f i CmCollection.obj
 0001:00029440       ?freeListEmpty@?$HashBase@V?$Pair@$$CB_KPAVPxBase@physx@@@shdfnd@physx@@_KU?$Hash@_K@23@UGetKey@?$HashMapBase@_KPAVPxBase@physx@@U?$Hash@_K@shdfnd@2@VAllocator@42@@internal@23@VAllocator@23@$00@internal@shdfnd@physx@@ABE_NXZ 1002a440 f i CmCollection.obj
 0001:000294b0       ?freeListEmpty@?$HashBase@V?$Pair@QAVPxBase@physx@@_K@shdfnd@physx@@PAVPxBase@3@U?$Hash@PAVPxBase@physx@@@23@UGetKey@?$HashMapBase@PAVPxBase@physx@@_KU?$Hash@PAVPxBase@physx@@@shdfnd@2@VAllocator@42@@internal@23@VAllocator@23@$00@internal@shdfnd@physx@@ABE_NXZ 1002a4b0 f i CmCollection.obj
[...]
 0003:000040ca       ?_ignore@?5??freeListAdd@?$HashBase@PAVHeightField@Gu@physx@@PAV123@U?$Hash@PAVHeightField@Gu@physx@@@shdfnd@3@UGetKey@?$HashSetBase@PAVHeightField@Gu@physx@@U?$Hash@PAVHeightField@Gu@physx@@@shdfnd@3@VAllocator@53@$00@internal@53@VAllocator@53@$00@internal@shdfnd@physx@@AAEXI@Z@4_NA 1018c0ca     GuMeshFactory.obj
 0003:000040cb       ?_ignore@?3??replaceWithLast@?$HashBase@PAVConvexMesh@Gu@physx@@PAV123@U?$Hash@PAVConvexMesh@Gu@physx@@@shdfnd@3@UGetKey@?$HashSetBase@PAVConvexMesh@Gu@physx@@U?$Hash@PAVConvexMesh@Gu@physx@@@shdfnd@3@VAllocator@53@$00@internal@53@VAllocator@53@$00@internal@shdfnd@physx@@AAEXI@Z@4_NA 1018c0cb     GuMeshFactory.obj
 0003:000040cc       ?_ignore@?5??freeListAdd@?$HashBase@PAVConvexMesh@Gu@physx@@PAV123@U?$Hash@PAVConvexMesh@Gu@physx@@@shdfnd@3@UGetKey@?$HashSetBase@PAVConvexMesh@Gu@physx@@U?$Hash@PAVConvexMesh@Gu@physx@@@shdfnd@3@VAllocator@53@$00@internal@53@VAllocator@53@$00@internal@shdfnd@physx@@AAEXI@Z@4_NA 1018c0cc     GuMeshFactory.obj
 0003:000040cd       ?_ignore@?3??replaceWithLast@?$HashBase@PAVTriangleMesh@Gu@physx@@PAV123@U?$Hash@PAVTriangleMesh@Gu@physx@@@shdfnd@3@UGetKey@?$HashSetBase@PAVTriangleMesh@Gu@physx@@U?$Hash@PAVTriangleMesh@Gu@physx@@@shdfnd@3@VAllocator@53@$00@internal@53@VAllocator@53@$00@internal@shdfnd@physx@@AAEXI@Z@4_NA 1018c0cd     GuMeshFactory.obj
 0003:000040ce       ?_ignore@?5??freeListAdd@?$HashBase@PAVTriangleMesh@Gu@physx@@PAV123@U?$Hash@PAVTriangleMesh@Gu@physx@@@shdfnd@3@UGetKey@?$HashSetBase@PAVTriangleMesh@Gu@physx@@U?$Hash@PAVTriangleMesh@Gu@physx@@@shdfnd@3@VAllocator@53@$00@internal@53@VAllocator@53@$00@internal@shdfnd@physx@@AAEXI@Z@4_NA 1018c0ce     GuMeshFactory.obj
 0003:000040cf       ?_ignore@?2??growAndPushBack@?$Array@PAVGuMeshFactoryListener@physx@@VNamedAllocator@shdfnd@2@@shdfnd@physx@@IAEAAPAVGuMeshFactoryListener@4@ABQAV54@@Z@4_NA 1018c0cf     GuMeshFactory.obj
 0003:000040d0       ?_ignore@?2??grow@?$HashBase@PAVHeightField@Gu@physx@@PAV123@U?$Hash@PAVHeightField@Gu@physx@@@shdfnd@3@UGetKey@?$HashSetBase@PAVHeightField@Gu@physx@@U?$Hash@PAVHeightField@Gu@physx@@@shdfnd@3@VAllocator@53@$00@internal@53@VAllocator@53@$00@internal@shdfnd@physx@@AAEXXZ@4_NA 1018c0d0     GuMeshFactory.obj
 0003:000040d1       ?_ignore@?2??freeListGetNext@?$HashBase@PAVHeightField@Gu@physx@@PAV123@U?$Hash@PAVHeightField@Gu@physx@@@shdfnd@3@UGetKey@?$HashSetBase@PAVHeightField@Gu@physx@@U?$Hash@PAVHeightField@Gu@physx@@@shdfnd@3@VAllocator@53@$00@internal@53@VAllocator@53@$00@internal@shdfnd@physx@@AAEIXZ@4_NA 1018c0d1     GuMeshFactory.obj
 0003:000040d2       ?_ignore@?6??freeListGetNext@?$HashBase@PAVHeightField@Gu@physx@@PAV123@U?$Hash@PAVHeightField@Gu@physx@@@shdfnd@3@UGetKey@?$HashSetBase@PAVHeightField@Gu@physx@@U?$Hash@PAVHeightField@Gu@physx@@@shdfnd@3@VAllocator@53@$00@internal@53@VAllocator@53@$00@internal@shdfnd@physx@@AAEIXZ@4_NA 1018c0d2     GuMeshFactory.obj
 0003:000040d3       ?_ignore@?2??grow@?$HashBase@PAVConvexMesh@Gu@physx@@PAV123@U?$Hash@PAVConvexMesh@Gu@physx@@@shdfnd@3@UGetKey@?$HashSetBase@PAVConvexMesh@Gu@physx@@U?$Hash@PAVConvexMesh@Gu@physx@@@shdfnd@3@VAllocator@53@$00@internal@53@VAllocator@53@$00@internal@shdfnd@physx@@AAEXXZ@4_NA 1018c0d3     GuMeshFactory.obj
 0003:000040d4       ?_ignore@?2??freeListGetNext@?$HashBase@PAVConvexMesh@Gu@physx@@PAV123@U?$Hash@PAVConvexMesh@Gu@physx@@@shdfnd@3@UGetKey@?$HashSetBase@PAVConvexMesh@Gu@physx@@U?$Hash@PAVConvexMesh@Gu@physx@@@shdfnd@3@VAllocator@53@$00@internal@53@VAllocator@53@$00@internal@shdfnd@physx@@AAEIXZ@4_NA 1018c0d4     GuMeshFactory.obj
 0003:000040d5       ?_ignore@?6??freeListGetNext@?$HashBase@PAVConvexMesh@Gu@physx@@PAV123@U?$Hash@PAVConvexMesh@Gu@physx@@@shdfnd@3@UGetKey@?$HashSetBase@PAVConvexMesh@Gu@physx@@U?$Hash@PAVConvexMesh@Gu@physx@@@shdfnd@3@VAllocator@53@$00@internal@53@VAllocator@53@$00@internal@shdfnd@physx@@AAEIXZ@4_NA 1018c0d5     GuMeshFactory.obj
 0003:000040d6       ?_ignore@?2??grow@?$HashBase@PAVTriangleMesh@Gu@physx@@PAV123@U?$Hash@PAVTriangleMesh@Gu@physx@@@shdfnd@3@UGetKey@?$HashSetBase@PAVTriangleMesh@Gu@physx@@U?$Hash@PAVTriangleMesh@Gu@physx@@@shdfnd@3@VAllocator@53@$00@internal@53@VAllocator@53@$00@internal@shdfnd@physx@@AAEXXZ@4_NA 1018c0d6     GuMeshFactory.obj
 0003:000040d7       ?_ignore@?2??freeListGetNext@?$HashBase@PAVTriangleMesh@Gu@physx@@PAV123@U?$Hash@PAVTriangleMesh@Gu@physx@@@shdfnd@3@UGetKey@?$HashSetBase@PAVTriangleMesh@Gu@physx@@U?$Hash@PAVTriangleMesh@Gu@physx@@@shdfnd@3@VAllocator@53@$00@internal@53@VAllocator@53@$00@internal@shdfnd@physx@@AAEIXZ@4_NA 1018c0d7     GuMeshFactory.obj
 0003:000040d8       ?_ignore@?6??freeListGetNext@?$HashBase@PAVTriangleMesh@Gu@physx@@PAV123@U?$Hash@PAVTriangleMesh@Gu@physx@@@shdfnd@3@UGetKey@?$HashSetBase@PAVTriangleMesh@Gu@physx@@U?$Hash@PAVTriangleMesh@Gu@physx@@@shdfnd@3@VAllocator@53@$00@internal@53@VAllocator@53@$00@internal@shdfnd@physx@@AAEIXZ@4_NA 1018c0d8     GuMeshFactory.obj
 0003:0000418e       ?_ignore@?2??transform@PxTransform@physx@@QBE?AV23@ABV23@@Z@4_NA 1018c18e     GuOverlapTests.obj
 0003:0000418f       ?_ignore@?3??transform@PxTransform@physx@@QBE?AV23@ABV23@@Z@4_NA 1018c18f     GuOverlapTests.obj
 0003:000042c3       ?_ignore@?L@???$traceSegment@VRayCastCallback@Gu@physx@@$0A@$0A@$0A@@HeightFieldUtil@Gu@physx@@QBEXABVPxVec3@3@0PAVRayCastCallback@23@PBV43@@Z@4_NA 1018c2c3     GuRaycastTests.obj
 0003:000042c4       ?_ignore@?BC@???$traceSegment@VRayCastCallback@Gu@physx@@$0A@$0A@$0A@@HeightFieldUtil@Gu@physx@@QBEXABVPxVec3@3@0PAVRayCastCallback@23@PBV43@@Z@4_NA 1018c2c4     GuRaycastTests.obj
 0003:000042c5       ?_ignore@?BH@???$traceSegment@VRayCastCallback@Gu@physx@@$0A@$0A@$0A@@HeightFieldUtil@Gu@physx@@QBEXABVPxVec3@3@0PAVRayCastCallback@23@PBV43@@Z@4_NA 1018c2c5     GuRaycastTests.obj
 0003:000042c6       ?_ignore@?BI@???$traceSegment@VRayCastCallback@Gu@physx@@$0A@$0A@$0A@@HeightFieldUtil@Gu@physx@@QBEXABVPxVec3@3@0PAVRayCastCallback@23@PBV43@@Z@4_NA 1018c2c6     GuRaycastTests.obj
 0003:00004448       ?__type_info_root_node@@3U__type_info_node@@A 1018c448     MSVCRTD:tncleanup.obj
 0003:00004454       ___scrt_current_native_startup_state 1018c454     MSVCRTD:utility.obj
 0003:00004458       ___scrt_native_startup_lock 1018c458     MSVCRTD:utility.obj
 0003:0000448c       ___isa_available           1018c48c     MSVCRTD:_cpu_disp_.obj
 0003:00004490       ___favor                   1018c490     MSVCRTD:_cpu_disp_.obj
 0003:00004498       ___scrt_debugger_hook_flag 1018c498     MSVCRTD:utility_desktop.obj
 0003:000044a0       ?_OptionsStorage@?1??__local_stdio_scanf_options@@9@4_KA 1018c4a0     MSVCRTD:default_local_stdio_options.obj
 0003:00004874       ___dyn_tls_init_callback   1018c874     <common>
 0004:00000000       __imp__CloseHandle@4       1018d000     kernel32:KERNEL32.dll
 0004:00000004       __imp__MapViewOfFile@20    1018d004     kernel32:KERNEL32.dll
 0004:00000008       __imp__UnmapViewOfFile@4   1018d008     kernel32:KERNEL32.dll
 0004:0000000c       __imp__CreateFileMappingA@24 1018d00c     kernel32:KERNEL32.dll
 0004:00000010       __imp__OpenFileMappingA@12 1018d010     kernel32:KERNEL32.dll
 0004:00000014       __imp__FreeLibrary@4       1018d014     kernel32:KERNEL32.dll
 0004:00000018       __imp__GetProcAddress@8    1018d018     kernel32:KERNEL32.dll
 0004:0000001c       __imp__LoadLibraryA@4      1018d01c     kernel32:KERNEL32.dll
 0004:00000020       __imp__InitializeCriticalSection@4 1018d020     kernel32:KERNEL32.dll
 0004:00000024       __imp__EnterCriticalSection@4 1018d024     kernel32:KERNEL32.dll
 0004:00000028       __imp__LeaveCriticalSection@4 1018d028     kernel32:KERNEL32.dll
 0004:0000002c       __imp__TryEnterCriticalSection@4 1018d02c     kernel32:KERNEL32.dll
 0004:00000030       __imp__DeleteCriticalSection@4 1018d030     kernel32:KERNEL32.dll
 0004:00000034       __imp__GetCurrentThread@0  1018d034     kernel32:KERNEL32.dll
 0004:00000038       __imp__GetCurrentThreadId@0 1018d038     kernel32:KERNEL32.dll
 0004:0000003c       __imp__OutputDebugStringA@4 1018d03c     kernel32:KERNEL32.dll
 0004:00000040       __imp__InitializeSListHead@4 1018d040     kernel32:KERNEL32.dll
 0004:00000044       __imp__InterlockedPopEntrySList@4 1018d044     kernel32:KERNEL32.dll
 0004:00000048       __imp__InterlockedPushEntrySList@8 1018d048     kernel32:KERNEL32.dll
 0004:0000004c       __imp__InterlockedFlushSList@4 1018d04c     kernel32:KERNEL32.dll
 0004:00000050       __imp__SetEvent@4          1018d050     kernel32:KERNEL32.dll
 0004:00000054       __imp__ResetEvent@4        1018d054     kernel32:KERNEL32.dll
 0004:00000058       __imp__WaitForSingleObject@8 1018d058     kernel32:KERNEL32.dll
 0004:0000005c       __imp__CreateEventA@16     1018d05c     kernel32:KERNEL32.dll
 0004:00000060       __imp__RaiseException@16   1018d060     kernel32:KERNEL32.dll
 0004:00000064       __imp__GetLastError@0      1018d064     kernel32:KERNEL32.dll
 0004:00000068       __imp__Sleep@4             1018d068     kernel32:KERNEL32.dll
 0004:0000006c       __imp__SwitchToThread@0    1018d06c     kernel32:KERNEL32.dll
 0004:00000070       __imp__CreateThread@24     1018d070     kernel32:KERNEL32.dll
 0004:00000074       __imp__SetThreadPriority@8 1018d074     kernel32:KERNEL32.dll
 0004:00000078       __imp__GetThreadPriority@4 1018d078     kernel32:KERNEL32.dll
 0004:0000007c       __imp__ExitThread@4        1018d07c     kernel32:KERNEL32.dll
 0004:00000080       __imp__TerminateThread@8   1018d080     kernel32:KERNEL32.dll
 0004:00000084       __imp__ResumeThread@4      1018d084     kernel32:KERNEL32.dll
 0004:00000088       __imp__TlsAlloc@0          1018d088     kernel32:KERNEL32.dll
 0004:0000008c       __imp__TlsGetValue@4       1018d08c     kernel32:KERNEL32.dll
 0004:00000090       __imp__TlsSetValue@8       1018d090     kernel32:KERNEL32.dll
 0004:00000094       __imp__TlsFree@4           1018d094     kernel32:KERNEL32.dll
 0004:00000098       __imp__GetModuleHandleA@4  1018d098     kernel32:KERNEL32.dll
 0004:0000009c       __imp__SetThreadAffinityMask@8 1018d09c     kernel32:KERNEL32.dll
 0004:000000a0       __imp__QueryPerformanceCounter@4 1018d0a0     kernel32:KERNEL32.dll
 0004:000000a4       __imp__QueryPerformanceFrequency@4 1018d0a4     kernel32:KERNEL32.dll
 0004:000000a8       __imp__GetCurrentProcess@0 1018d0a8     kernel32:KERNEL32.dll
 0004:000000ac       __imp__VirtualQuery@12     1018d0ac     kernel32:KERNEL32.dll
 0004:000000b0       __imp__GetProcessHeap@0    1018d0b0     kernel32:KERNEL32.dll
 0004:000000b4       __imp__HeapFree@12         1018d0b4     kernel32:KERNEL32.dll
 0004:000000b8       __imp__HeapAlloc@12        1018d0b8     kernel32:KERNEL32.dll
 0004:000000bc       __imp__WideCharToMultiByte@32 1018d0bc     kernel32:KERNEL32.dll
 0004:000000c0       __imp__MultiByteToWideChar@24 1018d0c0     kernel32:KERNEL32.dll
 0004:000000c4       __imp__DisableThreadLibraryCalls@4 1018d0c4     kernel32:KERNEL32.dll
 0004:000000c8       __imp__GetSystemTimeAsFileTime@4 1018d0c8     kernel32:KERNEL32.dll
 0004:000000cc       __imp__GetCurrentProcessId@0 1018d0cc     kernel32:KERNEL32.dll
 0004:000000d0       __imp__GetModuleHandleW@4  1018d0d0     kernel32:KERNEL32.dll
 0004:000000d4       __imp__GetStartupInfoW@4   1018d0d4     kernel32:KERNEL32.dll
 0004:000000d8       __imp__SetUnhandledExceptionFilter@4 1018d0d8     kernel32:KERNEL32.dll
 0004:000000dc       __imp__UnhandledExceptionFilter@4 1018d0dc     kernel32:KERNEL32.dll
 0004:000000e0       __imp__IsDebuggerPresent@0 1018d0e0     kernel32:KERNEL32.dll
 0004:000000e4       __imp__IsProcessorFeaturePresent@4 1018d0e4     kernel32:KERNEL32.dll
 0004:000000e8       __imp__TerminateProcess@8  1018d0e8     kernel32:KERNEL32.dll
 0004:000000ec       \177KERNEL32_NULL_THUNK_DATA 1018d0ec     kernel32:KERNEL32.dll
 0004:00000144       __imp__strstr              1018d144     vcruntimed:VCRUNTIME140D.dll
 0004:00000148       __imp____vcrt_LoadLibraryExW 1018d148     vcruntimed:VCRUNTIME140D.dll
 0004:0000014c       __imp____vcrt_GetModuleHandleW 1018d14c     vcruntimed:VCRUNTIME140D.dll
 0004:00000150       __imp____vcrt_GetModuleFileNameW 1018d150     vcruntimed:VCRUNTIME140D.dll
 0004:00000154       __imp___CxxThrowException@8 1018d154     vcruntimed:VCRUNTIME140D.dll
 0004:00000158       __imp____std_exception_destroy 1018d158     vcruntimed:VCRUNTIME140D.dll
 0004:0000015c       __imp___purecall           1018d15c     vcruntimed:VCRUNTIME140D.dll
 0004:00000160       __imp____std_type_info_name 1018d160     vcruntimed:VCRUNTIME140D.dll
 0004:00000164       __imp__memcpy              1018d164     vcruntimed:VCRUNTIME140D.dll
 0004:00000168       __imp__memset              1018d168     vcruntimed:VCRUNTIME140D.dll
 0004:0000016c       __imp___except_handler3    1018d16c     vcruntimed:VCRUNTIME140D.dll
 0004:00000170       __imp__memmove             1018d170     vcruntimed:VCRUNTIME140D.dll
 0004:00000174       __imp__strchr              1018d174     vcruntimed:VCRUNTIME140D.dll
 0004:00000178       __imp____std_exception_copy 1018d178     vcruntimed:VCRUNTIME140D.dll
 0004:0000017c       __imp____std_type_info_destroy_list 1018d17c     vcruntimed:VCRUNTIME140D.dll
 0004:00000180       __imp____telemetry_main_invoke_trigger 1018d180     vcruntimed:VCRUNTIME140D.dll
 0004:00000184       __imp____telemetry_main_return_trigger 1018d184     vcruntimed:VCRUNTIME140D.dll
 0004:00000188       __imp___except_handler4_common 1018d188     vcruntimed:VCRUNTIME140D.dll
 0004:0000018c       \177VCRUNTIME140D_NULL_THUNK_DATA 1018d18c     vcruntimed:VCRUNTIME140D.dll
 0004:000001c4       __imp__WSASendDisconnect@8 1018d1c4     Ws2_32:WS2_32.dll
 0004:000001c8       __imp__WSAGetLastError@0   1018d1c8     Ws2_32:WS2_32.dll
 0004:000001cc       __imp__WSACleanup@0        1018d1cc     Ws2_32:WS2_32.dll
 0004:000001d0       __imp__WSAStartup@8        1018d1d0     Ws2_32:WS2_32.dll
 0004:000001d4       __imp__gethostbyaddr@12    1018d1d4     Ws2_32:WS2_32.dll
 0004:000001d8       __imp____WSAFDIsSet@8      1018d1d8     Ws2_32:WS2_32.dll
 0004:000001dc       __imp__accept@12           1018d1dc     Ws2_32:WS2_32.dll
 0004:000001e0       __imp__bind@12             1018d1e0     Ws2_32:WS2_32.dll
 0004:000001e4       __imp__closesocket@4       1018d1e4     Ws2_32:WS2_32.dll
 0004:000001e8       __imp__connect@12          1018d1e8     Ws2_32:WS2_32.dll
 0004:000001ec       __imp__ioctlsocket@12      1018d1ec     Ws2_32:WS2_32.dll
 0004:000001f0       __imp__getsockopt@20       1018d1f0     Ws2_32:WS2_32.dll
 0004:000001f4       __imp__htonl@4             1018d1f4     Ws2_32:WS2_32.dll
 0004:000001f8       __imp__htons@4             1018d1f8     Ws2_32:WS2_32.dll
 0004:000001fc       __imp__inet_addr@4         1018d1fc     Ws2_32:WS2_32.dll
 0004:00000200       __imp__listen@8            1018d200     Ws2_32:WS2_32.dll
 0004:00000204       __imp__recv@16             1018d204     Ws2_32:WS2_32.dll
 0004:00000208       __imp__select@20           1018d208     Ws2_32:WS2_32.dll
 0004:0000020c       __imp__send@16             1018d20c     Ws2_32:WS2_32.dll
 0004:00000210       __imp__setsockopt@20       1018d210     Ws2_32:WS2_32.dll
 0004:00000214       __imp__socket@12           1018d214     Ws2_32:WS2_32.dll
 0004:00000218       __imp__gethostbyname@4     1018d218     Ws2_32:WS2_32.dll
 0004:0000021c       \177WS2_32_NULL_THUNK_DATA 1018d21c     Ws2_32:WS2_32.dll
 0004:00000258       __imp__sin                 1018d258     ucrtd:ucrtbased.dll
 0004:0000025c       __imp__fabs                1018d25c     ucrtd:ucrtbased.dll
 0004:00000260       __imp___fpclass            1018d260     ucrtd:ucrtbased.dll
 0004:00000264       __imp__strnlen             1018d264     ucrtd:ucrtbased.dll
 0004:00000268       __imp____acrt_iob_func     1018d268     ucrtd:ucrtbased.dll
 0004:0000026c       __imp____stdio_common_vfprintf 1018d26c     ucrtd:ucrtbased.dll
 0004:00000270       __imp__ceil                1018d270     ucrtd:ucrtbased.dll
 0004:00000274       __imp__floor               1018d274     ucrtd:ucrtbased.dll
 0004:00000278       __imp___CrtDbgReportW      1018d278     ucrtd:ucrtbased.dll
 0004:0000027c       __imp___free_dbg           1018d27c     ucrtd:ucrtbased.dll
 0004:00000280       __imp___except1            1018d280     ucrtd:ucrtbased.dll
 0004:00000284       __imp___seh_filter_dll     1018d284     ucrtd:ucrtbased.dll
 0004:00000288       __imp___initialize_narrow_environment 1018d288     ucrtd:ucrtbased.dll
 0004:0000028c       __imp___initialize_onexit_table 1018d28c     ucrtd:ucrtbased.dll
 0004:00000290       __imp___register_onexit_function 1018d290     ucrtd:ucrtbased.dll
 0004:00000294       __imp___execute_onexit_table 1018d294     ucrtd:ucrtbased.dll
 0004:00000298       __imp___crt_atexit         1018d298     ucrtd:ucrtbased.dll
 0004:0000029c       __imp___crt_at_quick_exit  1018d29c     ucrtd:ucrtbased.dll
 0004:000002a0       __imp___cexit              1018d2a0     ucrtd:ucrtbased.dll
 0004:000002a4       __imp___initterm           1018d2a4     ucrtd:ucrtbased.dll
 0004:000002a8       __imp___initterm_e         1018d2a8     ucrtd:ucrtbased.dll
 0004:000002ac       __imp__terminate           1018d2ac     ucrtd:ucrtbased.dll
 0004:000002b0       __imp___callnewh           1018d2b0     ucrtd:ucrtbased.dll
 0004:000002b4       __imp__malloc              1018d2b4     ucrtd:ucrtbased.dll
 0004:000002b8       __imp___wmakepath_s        1018d2b8     ucrtd:ucrtbased.dll
 0004:000002bc       __imp___wsplitpath_s       1018d2bc     ucrtd:ucrtbased.dll
 0004:000002c0       __imp__wcscpy_s            1018d2c0     ucrtd:ucrtbased.dll
 0004:000002c4       __imp__cos                 1018d2c4     ucrtd:ucrtbased.dll
 0004:000002c8       __imp__atan2               1018d2c8     ucrtd:ucrtbased.dll
 0004:000002cc       __imp__asin                1018d2cc     ucrtd:ucrtbased.dll
 0004:000002d0       __imp__tolower             1018d2d0     ucrtd:ucrtbased.dll
 0004:000002d4       __imp__strncmp             1018d2d4     ucrtd:ucrtbased.dll
 0004:000002d8       __imp__strlen              1018d2d8     ucrtd:ucrtbased.dll
 0004:000002dc       __imp__strcmp              1018d2dc     ucrtd:ucrtbased.dll
 0004:000002e0       __imp___wassert            1018d2e0     ucrtd:ucrtbased.dll
 0004:000002e4       __imp___CrtSetReportMode   1018d2e4     ucrtd:ucrtbased.dll
 0004:000002e8       __imp___CrtDbgReport       1018d2e8     ucrtd:ucrtbased.dll
 0004:000002ec       __imp____stdio_common_vsprintf 1018d2ec     ucrtd:ucrtbased.dll
 0004:000002f0       __imp____stdio_common_vsprintf_s 1018d2f0     ucrtd:ucrtbased.dll
 0004:000002f4       __imp__puts                1018d2f4     ucrtd:ucrtbased.dll
 0004:000002f8       __imp____control87_2       1018d2f8     ucrtd:ucrtbased.dll
 0004:000002fc       __imp___controlfp_s        1018d2fc     ucrtd:ucrtbased.dll
 0004:00000300       __imp___clearfp            1018d300     ucrtd:ucrtbased.dll
 0004:00000304       __imp__sqrt                1018d304     ucrtd:ucrtbased.dll
 0004:00000308       \177ucrtbased_NULL_THUNK_DATA 1018d308     ucrtd:ucrtbased.dll
 0004:00000354       __IMPORT_DESCRIPTOR_KERNEL32 1018d354     kernel32:KERNEL32.dll
 0004:00000368       __IMPORT_DESCRIPTOR_WS2_32 1018d368     Ws2_32:WS2_32.dll
 0004:0000037c       __IMPORT_DESCRIPTOR_VCRUNTIME140D 1018d37c     vcruntimed:VCRUNTIME140D.dll
 0004:00000390       __IMPORT_DESCRIPTOR_ucrtbased 1018d390     ucrtd:ucrtbased.dll
 0004:000003a4       __NULL_IMPORT_DESCRIPTOR   1018d3a4     kernel32:KERNEL32.dll
 0005:00000000       ___guard_check_icall_fptr  1018f000     MSVCRTD:guard_support.obj
