 PhysX3CharacterKinematicDEBUG_x64

 Timestamp is 58ca81eb (Thu Mar 16 12:15:39 2017)

 Preferred load address is 0000000180000000

 Start         Length     Name                   Class
 0001:00000000 00008bd0H .text$di                CODE
 0001:00008bd0 000ef790H .text$mn                CODE
 0001:000f8360 00001020H .text$mn$00             CODE
 0001:000f9380 00002069H .text$x                 CODE
 0002:00000000 00000110H .CRT$XCA                DATA
 0002:00000110 00000140H .CRT$XCU                DATA
 0002:00000250 00000110H .CRT$XCZ                DATA
 0002:00000360 00000110H .CRT$XIA                DATA
 0002:00000470 00000130H .CRT$XIC                DATA
 0002:000005a0 00000110H .CRT$XIZ                DATA
 0002:000006b0 00000110H .CRT$XPA                DATA
 0002:000007c0 00000120H .CRT$XPX                DATA
 0002:000008e0 00000110H .CRT$XPXA               DATA
 0002:000009f0 00000110H .CRT$XPZ                DATA
 0002:00000b00 00000110H .CRT$XTA                DATA
 0002:00000c10 00000110H .CRT$XTZ                DATA
 0002:00000d20 00027488H .rdata                  DATA
 0002:000281a8 0000060cH .rdata$r                DATA
 0002:000287b4 000001a4H .rdata$zzzdbg           DATA
 0002:00028958 00000110H .rtc$IAA                DATA
 0002:00028a68 000001d0H .rtc$IMZ                DATA
 0002:00028c38 00000110H .rtc$IZZ                DATA
 0002:00028d48 00000110H .rtc$TAA                DATA
 0002:00028e58 000001d0H .rtc$TMZ                DATA
 0002:00029028 00000118H .rtc$TZZ                DATA
 0002:00029140 000089b0H .xdata                  DATA
 0002:00031af0 000001a0H .xdata$x                DATA
 0002:00031c90 00000b11H .edata                  DATA
 0003:00000000 00000d70H .data                   DATA
 0003:00000d70 00000430H .data$r                 DATA
 0003:000011a0 00002291H .bss                    DATA
 0004:00000000 0000ae54H .pdata                  DATA
 0005:00000000 00000608H .idata$5                DATA
 0005:00000608 0000003cH .idata$2                DATA
 0005:00000644 00000014H .idata$3                DATA
 0005:00000658 00000608H .idata$4                DATA
 0005:00000c60 000015a6H .idata$6                DATA
 0006:00000000 000001f4H .gfids$x                DATA
 0006:000001f4 000001c2H .gfids$y                DATA
 0007:00000000 0000011bH .00cfg                  DATA
 0008:00000000 000001c0H .rsrc$01                DATA
 0008:000001c0 00000700H .rsrc$02                DATA

  Address         Publics by Value              Rva+Base               Lib:Object

 0000:00000000       __guard_iat_table          0000000000000000     <absolute>
 0000:00000000       __dynamic_value_reloc_table 0000000000000000     <absolute>
 0000:00000000       __guard_fids_table         0000000000000000     <absolute>
 0000:00000000       __guard_longjmp_count      0000000000000000     <absolute>
 0000:00000000       ___safe_se_handler_table   0000000000000000     <absolute>
 0000:00000000       ___safe_se_handler_count   0000000000000000     <absolute>
 0000:00000000       __guard_longjmp_table      0000000000000000     <absolute>
 0000:00000000       __guard_iat_count          0000000000000000     <absolute>
 0000:00000000       __guard_fids_count         0000000000000000     <absolute>
 0000:00000100       __guard_flags              0000000000000100     <absolute>
 0000:00000000       __ImageBase                0000000180000000     <linker-defined>
 0001:00008bd0       ??0BoxController@Cct@physx@@QEAA@AEBVPxControllerDesc@2@AEAVPxPhysics@2@PEAVPxScene@2@@Z 0000000180009bd0 f   CctBoxController.obj
 0001:00008d30       ??1BoxController@Cct@physx@@UEAA@XZ 0000000180009d30 f   CctBoxController.obj
 0001:00008d80       ?getWorldBox@BoxController@Cct@physx@@UEBA_NAEAUPxExtendedBounds3@3@@Z 0000000180009d80 f   CctBoxController.obj
 0001:00008df0       ?setFootPosition@BoxController@Cct@physx@@UEAA_NAEBUPxExtendedVec3@3@@Z 0000000180009df0 f   CctBoxController.obj
 0001:00008e80       ?getFootPosition@BoxController@Cct@physx@@UEBA?AUPxExtendedVec3@3@XZ 0000000180009e80 f   CctBoxController.obj
 0001:00008f10       ?invalidateCache@BoxController@Cct@physx@@UEAAXXZ 0000000180009f10 f   CctBoxController.obj
 0001:00008f90       ?resize@BoxController@Cct@physx@@UEAAXM@Z 0000000180009f90 f   CctBoxController.obj
 0001:00009060       ?getHalfHeight@BoxController@Cct@physx@@UEBAMXZ 000000018000a060 f   CctBoxController.obj
 0001:00009080       ?getHalfSideExtent@BoxController@Cct@physx@@UEBAMXZ 000000018000a080 f   CctBoxController.obj
 0001:000090a0       ?getHalfForwardExtent@BoxController@Cct@physx@@UEBAMXZ 000000018000a0a0 f   CctBoxController.obj
 0001:000090c0       ?setHalfHeight@BoxController@Cct@physx@@UEAA_NM@Z 000000018000a0c0 f   CctBoxController.obj
 0001:00009110       ?setHalfSideExtent@BoxController@Cct@physx@@UEAA_NM@Z 000000018000a110 f   CctBoxController.obj
 0001:00009160       ?setHalfForwardExtent@BoxController@Cct@physx@@UEAA_NM@Z 000000018000a160 f   CctBoxController.obj
 0001:000091b0       ?updateKinematicProxy@BoxController@Cct@physx@@QEAA_NXZ 000000018000a1b0 f   CctBoxController.obj
 0001:000092d0       ?getOBB@BoxController@Cct@physx@@QEBAXAEAVPxExtendedBox@3@@Z 000000018000a2d0 f   CctBoxController.obj
 0001:000095d0       ??0Allocator@shdfnd@physx@@QEAA@PEBD@Z 000000018000a5d0 f i CctBoxController.obj
 0001:000095f0       ??0NonTrackingAllocator@shdfnd@physx@@QEAA@PEBD@Z 000000018000a5f0 f i CctBoxController.obj
 0001:00009610       ??0PxBoxController@physx@@IEAA@XZ 000000018000a610 f i CctBoxController.obj
 0001:00009650       ??0PxBoxGeometry@physx@@QEAA@XZ 000000018000a650 f i CctBoxController.obj
 0001:000096a0       ??0PxController@physx@@IEAA@XZ 000000018000a6a0 f i CctBoxController.obj
 0001:000096c0       ??0PxControllerManager@physx@@IEAA@XZ 000000018000a6c0 f i CctBoxController.obj
 0001:000096e0       ??0PxControllerManager@physx@@QEAA@AEBV01@@Z 000000018000a6e0 f i CctBoxController.obj
 0001:00009710       ??0PxExtendedBounds3@physx@@QEAA@XZ 000000018000a710 f i CctBoxController.obj
 0001:00009750       ??0PxExtendedVec3@physx@@QEAA@NNN@Z 000000018000a750 f i CctBoxController.obj
 0001:000097b0       ??0PxExtendedVec3@physx@@QEAA@XZ 000000018000a7b0 f i CctBoxController.obj
 0001:000097c0       ??0PxFoundation@physx@@QEAA@AEBV01@@Z 000000018000a7c0 f i CctBoxController.obj
 0001:000097f0       ??0PxFoundation@physx@@QEAA@XZ 000000018000a7f0 f i CctBoxController.obj
 0001:00009810       ??0PxGeometry@physx@@IEAA@W4Enum@PxGeometryType@1@@Z 000000018000a810 f i CctBoxController.obj
 0001:00009830       ??0PxVec3@physx@@QEAA@AEBV01@@Z 000000018000a830 f i CctBoxController.obj
 0001:00009890       ??0PxVec3@physx@@QEAA@MMM@Z 000000018000a890 f i CctBoxController.obj
 0001:000098f0       ??1PxBoxController@physx@@MEAA@XZ 000000018000a8f0 f i CctBoxController.obj
 0001:00009920       ??1PxController@physx@@MEAA@XZ 000000018000a920 f i CctBoxController.obj
 0001:00009940       ??1PxControllerManager@physx@@MEAA@XZ 000000018000a940 f i CctBoxController.obj
 0001:00009960       ??1PxFoundation@physx@@MEAA@XZ 000000018000a960 f i CctBoxController.obj
 0001:00009980       ??3UserAllocated@shdfnd@physx@@SAXPEAX@Z 000000018000a980 f i CctBoxController.obj
 0001:000099b0       ??4Allocator@shdfnd@physx@@QEAAAEAV012@$$QEAV012@@Z 000000018000a9b0 f i CctBoxController.obj
 0001:000099d0       ??4Allocator@shdfnd@physx@@QEAAAEAV012@AEBV012@@Z 000000018000a9d0 f i CctBoxController.obj
 0001:000099f0       ??4MutexImpl@shdfnd@physx@@QEAAAEAV012@AEBV012@@Z 000000018000a9f0 f i CctBoxController.obj
 0001:00009a10       ??4PxControllerManager@physx@@QEAAAEAV01@AEBV01@@Z 000000018000aa10 f i CctBoxController.obj
 0001:00009a30       ??4PxFoundation@physx@@QEAAAEAV01@AEBV01@@Z 000000018000aa30 f i CctBoxController.obj
 0001:00009a50       ??4PxQuat@physx@@QEAAAEAV01@AEBV01@@Z 000000018000aa50 f i CctBoxController.obj
 0001:00009ad0       ??4PxVec3@physx@@QEAAAEAV01@AEBV01@@Z 000000018000aad0 f i CctBoxController.obj
 0001:00009b30       ??DPxVec3@physx@@QEBA?AV01@M@Z 000000018000ab30 f i CctBoxController.obj
 0001:00009bc0       ??GPxExtendedVec3@physx@@QEBA?AVPxVec3@1@AEBU01@@Z 000000018000abc0 f i CctBoxController.obj
 0001:00009c70       ??HPxExtendedVec3@physx@@QEBA?AU01@AEBU01@@Z 000000018000ac70 f i CctBoxController.obj
 0001:00009d10       ??XPxExtendedVec3@physx@@QEAAAEAU01@AEBM@Z 000000018000ad10 f i CctBoxController.obj
 0001:00009db0       ??XPxVec3@physx@@QEAAAEAV01@M@Z 000000018000adb0 f i CctBoxController.obj
 0001:00009e30       ??YPxExtendedVec3@physx@@QEAAAEAU01@AEBVPxVec3@1@@Z 000000018000ae30 f i CctBoxController.obj
 0001:00009ed0       ??ZPxExtendedVec3@physx@@QEAAAEAU01@AEBVPxVec3@1@@Z 000000018000aed0 f i CctBoxController.obj
 0001:00009f6c       ??_EBoxController@Cct@physx@@W7EAAPEAXI@Z 000000018000af6c f i CctBoxController.obj
 0001:00009f80       ??_EPxControllerManager@physx@@MEAAPEAXI@Z 000000018000af80 f i CctBoxController.obj
 0001:0000a050       ??_EPxFoundation@physx@@MEAAPEAXI@Z 000000018000b050 f i CctBoxController.obj
 0001:0000a120       ??_FAllocator@shdfnd@physx@@QEAAXXZ 000000018000b120 f i CctBoxController.obj
 0001:0000a140       ??_FNamedAllocator@shdfnd@physx@@QEAAXXZ 000000018000b140 f i CctBoxController.obj
 0001:0000a160       ??_GBoxController@Cct@physx@@UEAAPEAXI@Z 000000018000b160 f i CctBoxController.obj
 0001:0000a160       ??_EBoxController@Cct@physx@@UEAAPEAXI@Z 000000018000b160 f i CctBoxController.obj
 0001:0000a1d0       ??_EPxBoxController@physx@@MEAAPEAXI@Z 000000018000b1d0 f i CctBoxController.obj
 0001:0000a1d0       ??_GPxBoxController@physx@@MEAAPEAXI@Z 000000018000b1d0 f i CctBoxController.obj
 0001:0000a220       ??_EPxController@physx@@MEAAPEAXI@Z 000000018000b220 f i CctBoxController.obj
 0001:0000a220       ??_GPxController@physx@@MEAAPEAXI@Z 000000018000b220 f i CctBoxController.obj
 0001:0000a270       ??_GPxControllerManager@physx@@MEAAPEAXI@Z 000000018000b270 f i CctBoxController.obj
 0001:0000a2c0       ??_GPxFoundation@physx@@MEAAPEAXI@Z 000000018000b2c0 f i CctBoxController.obj
 0001:0000a310       ??_H@YAXPEAX_K1P6APEAX0@Z@Z 000000018000b310 f i CctBoxController.obj
 0001:0000a3b0       ??_I@YAXPEAX_K1P6AX0@Z@Z   000000018000b3b0 f i CctBoxController.obj
 0001:0000a470       ?__empty_global_delete@@YAXPEAX@Z 000000018000b470 f i CctBoxController.obj
 0001:0000a480       ?__empty_global_delete@@YAXPEAX_K@Z 000000018000b480 f i CctBoxController.obj
 0001:0000a480       ?__global_delete@@YAXPEAX_K@Z 000000018000b480 f i CctBoxController.obj
 0001:0000a490       ?deallocate@NonTrackingAllocator@shdfnd@physx@@QEAAXPEAX@Z 000000018000b490 f i CctBoxController.obj
 0001:0000a4e0       ?getActor@BoxController@Cct@physx@@UEBAPEAVPxRigidDynamic@3@XZ 000000018000b4e0 f i CctBoxController.obj
 0001:0000a500       ?getCenter@physx@@YAXAEBUPxExtendedBounds3@1@AEAUPxExtendedVec3@1@@Z 000000018000b500 f i CctBoxController.obj
 0001:0000a580       ?getContactOffset@BoxController@Cct@physx@@UEBAMXZ 000000018000b580 f i CctBoxController.obj
 0001:0000a5a0       ?getExtents@physx@@YAXAEBUPxExtendedBounds3@1@AEAVPxVec3@1@@Z 000000018000b5a0 f i CctBoxController.obj
 0001:0000a600       ?getHalfHeightInternal@BoxController@Cct@physx@@UEBAMXZ 000000018000b600 f i CctBoxController.obj
 0001:0000a620       ?getNonWalkableMode@BoxController@Cct@physx@@UEBA?AW4Enum@PxControllerNonWalkableMode@3@XZ 000000018000b620 f i CctBoxController.obj
 0001:0000a640       ?getPosition@BoxController@Cct@physx@@UEBAAEBUPxExtendedVec3@3@XZ 000000018000b640 f i CctBoxController.obj
 0001:0000a660       ?getPxController@BoxController@Cct@physx@@UEAAPEAVPxController@3@XZ 000000018000b660 f i CctBoxController.obj
 0001:0000a680       ?getScene@BoxController@Cct@physx@@UEAAPEAVPxScene@3@XZ 000000018000b680 f i CctBoxController.obj
 0001:0000a6a0       ?getSlopeLimit@BoxController@Cct@physx@@UEBAMXZ 000000018000b6a0 f i CctBoxController.obj
 0001:0000a6c0       ?getState@BoxController@Cct@physx@@UEBAXAEAUPxControllerState@3@@Z 000000018000b6c0 f i CctBoxController.obj
 0001:0000a700       ?getStats@BoxController@Cct@physx@@UEBAXAEAUPxControllerStats@3@@Z 000000018000b700 f i CctBoxController.obj
 0001:0000a740       ?getStepOffset@BoxController@Cct@physx@@UEBAMXZ 000000018000b740 f i CctBoxController.obj
 0001:0000a760       ?getType@BoxController@Cct@physx@@UEBA?AW4Enum@PxControllerShapeType@3@XZ 000000018000b760 f i CctBoxController.obj
 0001:0000a780       ?getUpDirection@BoxController@Cct@physx@@UEBA?AVPxVec3@3@XZ 000000018000b780 f i CctBoxController.obj
 0001:0000a7c0       ?getUserData@BoxController@Cct@physx@@UEBAPEAXXZ 000000018000b7c0 f i CctBoxController.obj
 0001:0000a7e0       ?lock@?$MutexT@V?$ReflectionAllocator@VMutexImpl@shdfnd@physx@@@shdfnd@physx@@@shdfnd@physx@@QEBAXXZ 000000018000b7e0 f i CctBoxController.obj
 0001:0000a810       ?release@BoxController@Cct@physx@@UEAAXXZ 000000018000b810 f i CctBoxController.obj
 0001:0000a840       ?setCenterExtents@physx@@YAXAEAUPxExtendedBounds3@1@AEBUPxExtendedVec3@1@AEBVPxVec3@1@@Z 000000018000b840 f i CctBoxController.obj
 0001:0000a8d0       ?setContactOffset@BoxController@Cct@physx@@UEAAXM@Z 000000018000b8d0 f i CctBoxController.obj
 0001:0000a910       ?setNonWalkableMode@BoxController@Cct@physx@@UEAAXW4Enum@PxControllerNonWalkableMode@3@@Z 000000018000b910 f i CctBoxController.obj
 0001:0000a930       ?setPosition@BoxController@Cct@physx@@UEAA_NAEBUPxExtendedVec3@3@@Z 000000018000b930 f i CctBoxController.obj
 0001:0000a970       ?setSlopeLimit@BoxController@Cct@physx@@UEAAXM@Z 000000018000b970 f i CctBoxController.obj
 0001:0000a9b0       ?setStepOffset@BoxController@Cct@physx@@UEAAXM@Z 000000018000b9b0 f i CctBoxController.obj
 0001:0000a9f0       ?setUpDirection@BoxController@Cct@physx@@UEAAXAEBVPxVec3@3@@Z 000000018000b9f0 f i CctBoxController.obj
 0001:0000aa30       ?setUserData@BoxController@Cct@physx@@UEAAXPEAX@Z 000000018000ba30 f i CctBoxController.obj
 0001:0000aa50       ?unlock@?$MutexT@V?$ReflectionAllocator@VMutexImpl@shdfnd@physx@@@shdfnd@physx@@@shdfnd@physx@@QEBAXXZ 000000018000ba50 f i CctBoxController.obj
 0001:0000aa80       ??0CapsuleController@Cct@physx@@QEAA@AEBVPxControllerDesc@2@AEAVPxPhysics@2@PEAVPxScene@2@@Z 000000018000ba80 f   CctCapsuleController.obj
 0001:0000abd0       ??1CapsuleController@Cct@physx@@UEAA@XZ 000000018000bbd0 f   CctCapsuleController.obj
 0001:0000ac20       ?getWorldBox@CapsuleController@Cct@physx@@UEBA_NAEAUPxExtendedBounds3@3@@Z 000000018000bc20 f   CctCapsuleController.obj
 0001:0000acb0       ?setFootPosition@CapsuleController@Cct@physx@@UEAA_NAEBUPxExtendedVec3@3@@Z 000000018000bcb0 f   CctCapsuleController.obj
 0001:0000ad50       ?getFootPosition@CapsuleController@Cct@physx@@UEBA?AUPxExtendedVec3@3@XZ 000000018000bd50 f   CctCapsuleController.obj
 0001:0000ae00       ?invalidateCache@CapsuleController@Cct@physx@@UEAAXXZ 000000018000be00 f   CctCapsuleController.obj
 0001:0000ae80       ?resize@CapsuleController@Cct@physx@@UEAAXM@Z 000000018000be80 f   CctCapsuleController.obj
 0001:0000af80       ?getClimbingMode@CapsuleController@Cct@physx@@UEBA?AW4Enum@PxCapsuleClimbingMode@3@XZ 000000018000bf80 f   CctCapsuleController.obj
 0001:0000afa0       ?setRadius@CapsuleController@Cct@physx@@UEAA_NM@Z 000000018000bfa0 f   CctCapsuleController.obj
 0001:0000b0b0       ?setHeight@CapsuleController@Cct@physx@@UEAA_NM@Z 000000018000c0b0 f   CctCapsuleController.obj
 0001:0000b1c0       ?setClimbingMode@CapsuleController@Cct@physx@@UEAA_NW4Enum@PxCapsuleClimbingMode@3@@Z 000000018000c1c0 f   CctCapsuleController.obj
 0001:0000b1f0       ?getCapsule@CapsuleController@Cct@physx@@QEBAXAEAUPxExtendedCapsule@3@@Z 000000018000c1f0 f   CctCapsuleController.obj
 0001:0000b580       ??0PxCapsuleController@physx@@IEAA@XZ 000000018000c580 f i CctCapsuleController.obj
 0001:0000b5c0       ??0PxCapsuleGeometry@physx@@QEAA@XZ 000000018000c5c0 f i CctCapsuleController.obj
 0001:0000b610       ??1PxCapsuleController@physx@@MEAA@XZ 000000018000c610 f i CctCapsuleController.obj
 0001:0000b640       ??_ECapsuleController@Cct@physx@@W7EAAPEAXI@Z 000000018000c640 f i CctCapsuleController.obj
 0001:0000b650       ??_ECapsuleController@Cct@physx@@UEAAPEAXI@Z 000000018000c650 f i CctCapsuleController.obj
 0001:0000b650       ??_GCapsuleController@Cct@physx@@UEAAPEAXI@Z 000000018000c650 f i CctCapsuleController.obj
 0001:0000b6c0       ??_GPxCapsuleController@physx@@MEAAPEAXI@Z 000000018000c6c0 f i CctCapsuleController.obj
 0001:0000b6c0       ??_EPxCapsuleController@physx@@MEAAPEAXI@Z 000000018000c6c0 f i CctCapsuleController.obj
 0001:0000b710       ?getActor@CapsuleController@Cct@physx@@UEBAPEAVPxRigidDynamic@3@XZ 000000018000c710 f i CctCapsuleController.obj
 0001:0000b730       ?getContactOffset@CapsuleController@Cct@physx@@UEBAMXZ 000000018000c730 f i CctCapsuleController.obj
 0001:0000b750       ?getHalfHeightInternal@CapsuleController@Cct@physx@@UEBAMXZ 000000018000c750 f i CctCapsuleController.obj
 0001:0000b790       ?getHeight@CapsuleController@Cct@physx@@UEBAMXZ 000000018000c790 f i CctCapsuleController.obj
 0001:0000b7b0       ?getNonWalkableMode@CapsuleController@Cct@physx@@UEBA?AW4Enum@PxControllerNonWalkableMode@3@XZ 000000018000c7b0 f i CctCapsuleController.obj
 0001:0000b7d0       ?getPosition@CapsuleController@Cct@physx@@UEBAAEBUPxExtendedVec3@3@XZ 000000018000c7d0 f i CctCapsuleController.obj
 0001:0000b7f0       ?getPxController@CapsuleController@Cct@physx@@UEAAPEAVPxController@3@XZ 000000018000c7f0 f i CctCapsuleController.obj
 0001:0000b810       ?getRadius@CapsuleController@Cct@physx@@UEBAMXZ 000000018000c810 f i CctCapsuleController.obj
 0001:0000b830       ?getScene@CapsuleController@Cct@physx@@UEAAPEAVPxScene@3@XZ 000000018000c830 f i CctCapsuleController.obj
 0001:0000b850       ?getSlopeLimit@CapsuleController@Cct@physx@@UEBAMXZ 000000018000c850 f i CctCapsuleController.obj
 0001:0000b870       ?getState@CapsuleController@Cct@physx@@UEBAXAEAUPxControllerState@3@@Z 000000018000c870 f i CctCapsuleController.obj
 0001:0000b8b0       ?getStats@CapsuleController@Cct@physx@@UEBAXAEAUPxControllerStats@3@@Z 000000018000c8b0 f i CctCapsuleController.obj
 0001:0000b8f0       ?getStepOffset@CapsuleController@Cct@physx@@UEBAMXZ 000000018000c8f0 f i CctCapsuleController.obj
 0001:0000b910       ?getType@CapsuleController@Cct@physx@@UEBA?AW4Enum@PxControllerShapeType@3@XZ 000000018000c910 f i CctCapsuleController.obj
 0001:0000b930       ?getUpDirection@CapsuleController@Cct@physx@@UEBA?AVPxVec3@3@XZ 000000018000c930 f i CctCapsuleController.obj
 0001:0000b970       ?getUserData@CapsuleController@Cct@physx@@UEBAPEAXXZ 000000018000c970 f i CctCapsuleController.obj
 0001:0000b990       ?release@CapsuleController@Cct@physx@@UEAAXXZ 000000018000c990 f i CctCapsuleController.obj
 0001:0000b9c0       ?setContactOffset@CapsuleController@Cct@physx@@UEAAXM@Z 000000018000c9c0 f i CctCapsuleController.obj
 0001:0000ba00       ?setNonWalkableMode@CapsuleController@Cct@physx@@UEAAXW4Enum@PxControllerNonWalkableMode@3@@Z 000000018000ca00 f i CctCapsuleController.obj
 0001:0000ba20       ?setPosition@CapsuleController@Cct@physx@@UEAA_NAEBUPxExtendedVec3@3@@Z 000000018000ca20 f i CctCapsuleController.obj
 0001:0000ba60       ?setSlopeLimit@CapsuleController@Cct@physx@@UEAAXM@Z 000000018000ca60 f i CctCapsuleController.obj
 0001:0000baa0       ?setStepOffset@CapsuleController@Cct@physx@@UEAAXM@Z 000000018000caa0 f i CctCapsuleController.obj
 0001:0000bae0       ?setUpDirection@CapsuleController@Cct@physx@@UEAAXAEBVPxVec3@3@@Z 000000018000cae0 f i CctCapsuleController.obj
 0001:0000bb20       ?setUserData@CapsuleController@Cct@physx@@UEAAXPEAX@Z 000000018000cb20 f i CctCapsuleController.obj
 0001:0000bb40       ??0CCTParams@Cct@physx@@QEAA@XZ 000000018000cb40 f   CctCharacterController.obj
 0001:0000bc10       ??0SweepTest@Cct@physx@@QEAA@_N@Z 000000018000cc10 f   CctCharacterController.obj
 0001:0000c040       ??1SweepTest@Cct@physx@@QEAA@XZ 000000018000d040 f   CctCharacterController.obj
 0001:0000c0c0       ?moveCharacter@SweepTest@Cct@physx@@QEAA?AV?$PxFlags@W4Enum@PxControllerCollisionFlag@physx@@E@3@PEBUInternalCBData_FindTouchedGeom@23@PEAUInternalCBData_OnHit@23@AEAVSweptVolume@23@AEBVPxVec3@3@AEBUUserObstacles@23@MAEBVPxControllerFilters@3@_N6AEAPEBVPxRigidActor@3@AEAPEBVPxShape@3@_K@Z 000000018000d0c0 f   CctCharacterController.obj
 0001:0000d000       ?doSweepTest@SweepTest@Cct@physx@@QEAA_NPEBUInternalCBData_FindTouchedGeom@23@PEAUInternalCBData_OnHit@23@AEBUUserObstacles@23@AEAVSweptVolume@23@AEBVPxVec3@3@4IPEAIMAEBVPxControllerFilters@3@W4SweepPass@23@AEAPEBVPxRigidActor@3@AEAPEBVPxShape@3@_K@Z 000000018000e000 f   CctCharacterController.obj
 0001:0000de10       ?findTouchedObstacles@SweepTest@Cct@physx@@QEAAXAEBUUserObstacles@23@AEBUPxExtendedBounds3@3@@Z 000000018000ee10 f   CctCharacterController.obj
 0001:0000e470       ?voidTestCache@SweepTest@Cct@physx@@QEAAXXZ 000000018000f470 f   CctCharacterController.obj
 0001:0000e4d0       ?onRelease@SweepTest@Cct@physx@@QEAAXAEBVPxBase@3@@Z 000000018000f4d0 f   CctCharacterController.obj
 0001:0000e5a0       ?updateCachedShapesRegistration@SweepTest@Cct@physx@@QEAAXI_N@Z 000000018000f5a0 f   CctCharacterController.obj
 0001:0000e740       ?onObstacleRemoved@SweepTest@Cct@physx@@QEAAXI@Z 000000018000f740 f   CctCharacterController.obj
 0001:0000e770       ?onObstacleUpdated@SweepTest@Cct@physx@@QEAAXIPEBVPxObstacleContext@3@AEBVPxVec3@3@1M@Z 000000018000f770 f   CctCharacterController.obj
 0001:0000e960       ?onObstacleAdded@SweepTest@Cct@physx@@QEAAXIPEBVPxObstacleContext@3@AEBVPxVec3@3@1M@Z 000000018000f960 f   CctCharacterController.obj
 0001:0000eb80       ?onOriginShift@SweepTest@Cct@physx@@QEAAXAEBVPxVec3@3@@Z 000000018000fb80 f   CctCharacterController.obj
 0001:0000ed00       ?updateTouchedGeoms@SweepTest@Cct@physx@@AEAAXPEBUInternalCBData_FindTouchedGeom@23@AEBUUserObstacles@23@AEBUPxExtendedBounds3@3@AEBVPxControllerFilters@3@AEBVPxVec3@3@@Z 000000018000fd00 f   CctCharacterController.obj
 0001:0000f6a0       ?findTouchedObject@Controller@Cct@physx@@IEAAXAEBVPxControllerFilters@3@PEBVPxObstacleContext@3@AEBVPxVec3@3@@Z 00000001800106a0 f   CctCharacterController.obj
 0001:0000ff20       ?rideOnTouchedObject@Controller@Cct@physx@@IEAA_NAEAVSweptVolume@23@AEBVPxVec3@3@AEAV53@PEBVPxObstacleContext@3@@Z 0000000180010f20 f   CctCharacterController.obj
 0001:000105a0       ?move@Controller@Cct@physx@@IEAA?AV?$PxFlags@W4Enum@PxControllerCollisionFlag@physx@@E@3@AEAVSweptVolume@23@AEBVPxVec3@3@MMAEBVPxControllerFilters@3@PEBVPxObstacleContext@3@_N@Z 00000001800115a0 f   CctCharacterController.obj
 0001:00011ce0       ?filterTouchedShape@Controller@Cct@physx@@IEAA_NAEBVPxControllerFilters@3@@Z 0000000180012ce0 f   CctCharacterController.obj
 0001:000153a0       ?move@BoxController@Cct@physx@@UEAA?AV?$PxFlags@W4Enum@PxControllerCollisionFlag@physx@@E@3@AEBVPxVec3@3@MMAEBVPxControllerFilters@3@PEBVPxObstacleContext@3@@Z 00000001800163a0 f   CctCharacterController.obj
 0001:00015520       ?move@CapsuleController@Cct@physx@@UEAA?AV?$PxFlags@W4Enum@PxControllerCollisionFlag@physx@@E@3@AEBVPxVec3@3@MMAEBVPxControllerFilters@3@PEBVPxObstacleContext@3@@Z 0000000180016520 f   CctCharacterController.obj
 0001:00017db0       ??$PX_UNUSED@I@@YAXAEBI@Z  0000000180018db0 f i CctCharacterController.obj
 0001:00017dc0       ??$PX_UNUSED@PEBUPxRaycastHit@physx@@@@YAXAEBQEBUPxRaycastHit@physx@@@Z 0000000180018dc0 f i CctCharacterController.obj
 0001:00017dd0       ??$PX_UNUSED@W4PxIDENTITY@physx@@@@YAXAEBW4PxIDENTITY@physx@@@Z 0000000180018dd0 f i CctCharacterController.obj
 0001:00017de0       ??$PX_UNUSED@_K@@YAXAEB_K@Z 0000000180018de0 f i CctCharacterController.obj
 0001:00017df0       ??$PxMax@I@physx@@YAIII@Z  0000000180018df0 f i CctCharacterController.obj
 0001:00017e30       ??$PxMax@N@physx@@YANNN@Z  0000000180018e30 f i CctCharacterController.obj
 0001:00017e80       ??$PxMin@N@physx@@YANNN@Z  0000000180018e80 f i CctCharacterController.obj
 0001:00017ed0       ??$PxUnionCast@PEBVPxGeometry@physx@@PEAY03$$CBE@physx@@YAPEBVPxGeometry@0@PEAY03$$CBE@Z 0000000180018ed0 f i CctCharacterController.obj
 0001:00017f00       ??0?$Array@IVNamedAllocator@shdfnd@physx@@@shdfnd@physx@@QEAA@AEBVNamedAllocator@12@@Z 0000000180018f00 f i CctCharacterController.obj
 0001:00017f60       ??0?$Array@VPxTriangle@physx@@VNamedAllocator@shdfnd@2@@shdfnd@physx@@QEAA@AEBVNamedAllocator@12@@Z 0000000180018f60 f i CctCharacterController.obj
 0001:00017fc0       ??0?$PxFlags@W4Enum@PxControllerCollisionFlag@physx@@E@physx@@QEAA@AEBV01@@Z 0000000180018fc0 f i CctCharacterController.obj
 0001:00017ff0       ??0?$PxFlags@W4Enum@PxControllerCollisionFlag@physx@@E@physx@@QEAA@E@Z 0000000180018ff0 f i CctCharacterController.obj
 0001:00018020       ??0?$PxFlags@W4Enum@PxHitFlag@physx@@G@physx@@QEAA@AEBV01@@Z 0000000180019020 f i CctCharacterController.obj
 0001:00018050       ??0?$PxFlags@W4Enum@PxHitFlag@physx@@G@physx@@QEAA@G@Z 0000000180019050 f i CctCharacterController.obj
 0001:00018080       ??0?$PxFlags@W4Enum@PxHitFlag@physx@@G@physx@@QEAA@W4Enum@PxHitFlag@1@@Z 0000000180019080 f i CctCharacterController.obj
 0001:000180b0       ??0?$PxFlags@W4Enum@PxQueryFlag@physx@@G@physx@@QEAA@AEBV01@@Z 00000001800190b0 f i CctCharacterController.obj
 0001:000180e0       ??0?$PxFlags@W4Enum@PxQueryFlag@physx@@G@physx@@QEAA@W4Enum@PxQueryFlag@1@@Z 00000001800190e0 f i CctCharacterController.obj
 0001:00018110       ??0?$PxFlags@W4Enum@PxQueryFlag@physx@@G@physx@@QEAA@XZ 0000000180019110 f i CctCharacterController.obj
 0001:00018130       ??0?$PxFlags@W4Enum@PxRigidBodyFlag@physx@@E@physx@@QEAA@AEBV01@@Z 0000000180019130 f i CctCharacterController.obj
 0001:00018160       ??0?$PxFlags@W4Enum@PxShapeFlag@physx@@E@physx@@QEAA@AEBV01@@Z 0000000180019160 f i CctCharacterController.obj
 0001:00018190       ??0?$PxHitBuffer@UPxRaycastHit@physx@@@physx@@QEAA@PEAUPxRaycastHit@1@I@Z 0000000180019190 f i CctCharacterController.obj
 0001:000181e0       ??0?$PxHitCallback@UPxRaycastHit@physx@@@physx@@QEAA@PEAUPxRaycastHit@1@I@Z 00000001800191e0 f i CctCharacterController.obj
 0001:00018270       ??0?$TouchedObject@VPxRigidActor@physx@@@Cct@physx@@QEAA@_N@Z 0000000180019270 f i CctCharacterController.obj
 0001:000182c0       ??0?$TouchedObject@VPxShape@physx@@@Cct@physx@@QEAA@_N@Z 00000001800192c0 f i CctCharacterController.obj
 0001:00018340       ??0CCTFilter@Cct@physx@@QEAA@XZ 0000000180019340 f i CctCharacterController.obj
 0001:000183b0       ??0ControllerFilter@@QEAA@XZ 00000001800193b0 f i CctCharacterController.obj
 0001:00018400       ??0DebugBox@Cm@physx@@QEAA@AEBVPxBounds3@2@_N@Z 0000000180019400 f i CctCharacterController.obj
 0001:00018470       ??0DebugBox@Cm@physx@@QEAA@AEBVPxVec3@2@_N@Z 0000000180019470 f i CctCharacterController.obj
 0001:000184e0       ??0PxActorShape@physx@@QEAA@XZ 00000001800194e0 f i CctCharacterController.obj
 0001:00018510       ??0PxBounds3@physx@@QEAA@AEBVPxVec3@1@0@Z 0000000180019510 f i CctCharacterController.obj
 0001:00018570       ??0PxBoxGeometry@physx@@QEAA@VPxVec3@1@@Z 0000000180019570 f i CctCharacterController.obj
 0001:000185c0       ??0PxCapsuleGeometry@physx@@QEAA@MM@Z 00000001800195c0 f i CctCharacterController.obj
 0001:00018630       ??0PxExtendedBox@physx@@QEAA@AEBV01@@Z 0000000180019630 f i CctCharacterController.obj
 0001:000186b0       ??0PxExtendedBox@physx@@QEAA@XZ 00000001800196b0 f i CctCharacterController.obj
 0001:00018710       ??0PxExtendedCapsule@physx@@QEAA@XZ 0000000180019710 f i CctCharacterController.obj
 0001:00018740       ??0PxExtendedSegment@physx@@QEAA@XZ 0000000180019740 f i CctCharacterController.obj
 0001:00018780       ??0PxFilterData@physx@@QEAA@XZ 0000000180019780 f i CctCharacterController.obj
 0001:000187d0       ??0PxLocationHit@physx@@QEAA@XZ 00000001800197d0 f i CctCharacterController.obj
 0001:00018860       ??0PxMat33@physx@@QEAA@AEBVPxQuat@1@@Z 0000000180019860 f i CctCharacterController.obj
 0001:00018ba0       ??0PxMat33@physx@@QEAA@W4PxIDENTITY@1@@Z 0000000180019ba0 f i CctCharacterController.obj
 0001:00018c40       ??0PxMat44@physx@@QEAA@AEBVPxMat33@1@AEBVPxVec3@1@@Z 0000000180019c40 f i CctCharacterController.obj
 0001:00018cf0       ??0PxMat44@physx@@QEAA@AEBVPxTransform@1@@Z 0000000180019cf0 f i CctCharacterController.obj
 0001:00018de0       ??0PxProfileScoped@physx@@QEAA@PEBD_N_K@Z 0000000180019de0 f i CctCharacterController.obj
 0001:00018eb0       ??0PxQuat@physx@@QEAA@AEBV01@@Z 0000000180019eb0 f i CctCharacterController.obj
 0001:00018f30       ??0PxQuat@physx@@QEAA@MMMM@Z 0000000180019f30 f i CctCharacterController.obj
 0001:00018fb0       ??0PxQuat@physx@@QEAA@W4PxIDENTITY@1@@Z 0000000180019fb0 f i CctCharacterController.obj
 0001:00019020       ??0PxQuat@physx@@QEAA@XZ   000000018001a020 f i CctCharacterController.obj
 0001:00019030       ??0PxQueryFilterCallback@physx@@QEAA@XZ 000000018001a030 f i CctCharacterController.obj
 0001:00019050       ??0PxQueryFilterData@physx@@QEAA@AEBUPxFilterData@1@V?$PxFlags@W4Enum@PxQueryFlag@physx@@G@1@@Z 000000018001a050 f i CctCharacterController.obj
 0001:000190c0       ??0PxQueryHit@physx@@QEAA@XZ 000000018001a0c0 f i CctCharacterController.obj
 0001:00019100       ??0PxRaycastHit@physx@@QEAA@XZ 000000018001a100 f i CctCharacterController.obj
 0001:00019150       ??0PxSphereGeometry@physx@@QEAA@XZ 000000018001a150 f i CctCharacterController.obj
 0001:00019190       ??0PxSweepHit@physx@@QEAA@XZ 000000018001a190 f i CctCharacterController.obj
 0001:000191c0       ??0PxTransform@physx@@QEAA@AEBVPxVec3@1@AEBVPxQuat@1@@Z 000000018001a1c0 f i CctCharacterController.obj
 0001:00019290       ??0PxTransform@physx@@QEAA@XZ 000000018001a290 f i CctCharacterController.obj
 0001:000192d0       ??0PxVec3@physx@@QEAA@M@Z  000000018001a2d0 f i CctCharacterController.obj
 0001:00019320       ??0PxVec3@physx@@QEAA@XZ   000000018001a320 f i CctCharacterController.obj
 0001:00019330       ??0PxVec4@physx@@QEAA@AEBVPxVec3@1@M@Z 000000018001a330 f i CctCharacterController.obj
 0001:000193b0       ??0PxVec4@physx@@QEAA@XZ   000000018001a3b0 f i CctCharacterController.obj
 0001:000193c0       ??0SIMDGuard@shdfnd@physx@@QEAA@XZ 000000018001a3c0 f i CctCharacterController.obj
 0001:00019400       ??0SweptContact@Cct@physx@@QEAA@XZ 000000018001a400 f i CctCharacterController.obj
 0001:00019440       ??0TriArray@Cct@physx@@QEAA@XZ 000000018001a440 f i CctCharacterController.obj
 0001:00019490       ??1?$Array@IVNamedAllocator@shdfnd@physx@@@shdfnd@physx@@QEAA@XZ 000000018001a490 f i CctCharacterController.obj
 0001:00019520       ??1?$Array@VPxTriangle@physx@@VNamedAllocator@shdfnd@2@@shdfnd@physx@@QEAA@XZ 000000018001a520 f i CctCharacterController.obj
 0001:000195b0       ??1?$PxHitBuffer@UPxRaycastHit@physx@@@physx@@UEAA@XZ 000000018001a5b0 f i CctCharacterController.obj
 0001:000195e0       ??1?$PxHitCallback@UPxRaycastHit@physx@@@physx@@UEAA@XZ 000000018001a5e0 f i CctCharacterController.obj
 0001:00019600       ??1ControllerFilter@@UEAA@XZ 000000018001a600 f i CctCharacterController.obj
 0001:00019620       ??1PxExtendedBox@physx@@QEAA@XZ 000000018001a620 f i CctCharacterController.obj
 0001:00019630       ??1PxProfileScoped@physx@@QEAA@XZ 000000018001a630 f i CctCharacterController.obj
 0001:000196a0       ??1PxQueryFilterCallback@physx@@UEAA@XZ 000000018001a6a0 f i CctCharacterController.obj
 0001:000196c0       ??1PxTriangle@physx@@QEAA@XZ 000000018001a6c0 f i CctCharacterController.obj
 0001:000196d0       ??1SIMDGuard@shdfnd@physx@@QEAA@XZ 000000018001a6d0 f i CctCharacterController.obj
 0001:00019700       ??1TriArray@Cct@physx@@QEAA@XZ 000000018001a700 f i CctCharacterController.obj
 0001:00019720       ??2@YAPEAX_KPEAX@Z         000000018001a720 f i CctCharacterController.obj
 0001:00019740       ??4?$PxFlags@W4Enum@PxControllerCollisionFlag@physx@@E@physx@@QEAAAEAV01@AEBV01@@Z 000000018001a740 f i CctCharacterController.obj
 0001:00019770       ??4?$PxFlags@W4Enum@PxHitFlag@physx@@G@physx@@QEAAAEAV01@AEBV01@@Z 000000018001a770 f i CctCharacterController.obj
 0001:000197a0       ??4?$PxFlags@W4Enum@PxQueryFlag@physx@@G@physx@@QEAAAEAV01@AEBV01@@Z 000000018001a7a0 f i CctCharacterController.obj
 0001:000197d0       ??4?$TouchedObject@VPxRigidActor@physx@@@Cct@physx@@QEAAAEAU012@PEBVPxRigidActor@2@@Z 000000018001a7d0 f i CctCharacterController.obj
 0001:00019870       ??4?$TouchedObject@VPxShape@physx@@@Cct@physx@@QEAAAEAU012@PEBVPxShape@2@@Z 000000018001a870 f i CctCharacterController.obj
 0001:00019910       ??4CCTParams@Cct@physx@@QEAAAEAU012@AEBU012@@Z 000000018001a910 f i CctCharacterController.obj
 0001:00019a80       ??4FPUGuard@shdfnd@physx@@QEAAAEAV012@AEBV012@@Z 000000018001aa80 f i CctCharacterController.obj
 0001:00019ab0       ??4PxExtendedBox@physx@@QEAAAEAV01@AEBV01@@Z 000000018001aab0 f i CctCharacterController.obj
 0001:00019b30       ??4PxLocationHit@physx@@QEAAAEAU01@AEBU01@@Z 000000018001ab30 f i CctCharacterController.obj
 0001:00019bf0       ??4PxMat44@physx@@QEAAAEAV01@AEBV01@@Z 000000018001abf0 f i CctCharacterController.obj
 0001:00019c90       ??4PxRaycastHit@physx@@QEAAAEAU01@AEBU01@@Z 000000018001ac90 f i CctCharacterController.obj
 0001:00019d00       ??4PxTransform@physx@@QEAAAEAV01@$$QEAV01@@Z 000000018001ad00 f i CctCharacterController.obj
 0001:00019d60       ??4PxVec4@physx@@QEAAAEAV01@AEBV01@@Z 000000018001ad60 f i CctCharacterController.obj
 0001:00019de0       ??4SweptContact@Cct@physx@@QEAAAEAU012@AEBU012@@Z 000000018001ade0 f i CctCharacterController.obj
 0001:00019e90       ??8?$TouchedObject@VPxRigidActor@physx@@@Cct@physx@@QEAA_NPEBVPxBase@2@@Z 000000018001ae90 f i CctCharacterController.obj
 0001:00019ee0       ??8?$TouchedObject@VPxShape@physx@@@Cct@physx@@QEAA_NPEBVPxBase@2@@Z 000000018001aee0 f i CctCharacterController.obj
 0001:00019f30       ??8?$TouchedObject@VPxShape@physx@@@Cct@physx@@QEAA_NPEBVPxShape@2@@Z 000000018001af30 f i CctCharacterController.obj
 0001:00019f80       ??A?$Array@IVNamedAllocator@shdfnd@physx@@@shdfnd@physx@@QEAAAEAII@Z 000000018001af80 f i CctCharacterController.obj
 0001:0001a020       ??A?$Array@IVNamedAllocator@shdfnd@physx@@@shdfnd@physx@@QEBAAEBII@Z 000000018001b020 f i CctCharacterController.obj
 0001:0001a0c0       ??A?$Array@UInternalBoxObstacle@ObstacleContext@Cct@physx@@VNamedAllocator@shdfnd@4@@shdfnd@physx@@QEBAAEBUInternalBoxObstacle@ObstacleContext@Cct@2@I@Z 000000018001b0c0 f i CctCharacterController.obj
 0001:0001a160       ??A?$Array@UInternalCapsuleObstacle@ObstacleContext@Cct@physx@@VNamedAllocator@shdfnd@4@@shdfnd@physx@@QEBAAEBUInternalCapsuleObstacle@ObstacleContext@Cct@2@I@Z 000000018001b160 f i CctCharacterController.obj
 0001:0001a200       ??A?$Array@VPxTriangle@physx@@VNamedAllocator@shdfnd@2@@shdfnd@physx@@QEBAAEBVPxTriangle@2@I@Z 000000018001b200 f i CctCharacterController.obj
 0001:0001a2a0       ??B?$PxFlags@W4Enum@PxControllerBehaviorFlag@physx@@E@physx@@QEBAIXZ 000000018001b2a0 f i CctCharacterController.obj
 0001:0001a2c0       ??B?$PxFlags@W4Enum@PxControllerDebugRenderFlag@physx@@I@physx@@QEBAIXZ 000000018001b2c0 f i CctCharacterController.obj
 0001:0001a2d0       ??B?$PxFlags@W4Enum@PxQueryFlag@physx@@G@physx@@QEBA_NXZ 000000018001b2d0 f i CctCharacterController.obj
 0001:0001a310       ??B?$PxFlags@W4Enum@PxRigidBodyFlag@physx@@E@physx@@QEBA_NXZ 000000018001b310 f i CctCharacterController.obj
 0001:0001a350       ??B?$PxFlags@W4Enum@PxShapeFlag@physx@@E@physx@@QEBA_NXZ 000000018001b350 f i CctCharacterController.obj
 0001:0001a390       ??B?$TouchedObject@VPxRigidActor@physx@@@Cct@physx@@QEBA_NXZ 000000018001b390 f i CctCharacterController.obj
 0001:0001a3d0       ??B?$TouchedObject@VPxShape@physx@@@Cct@physx@@QEBA_NXZ 000000018001b3d0 f i CctCharacterController.obj
 0001:0001a410       ??C?$TouchedObject@VPxRigidActor@physx@@@Cct@physx@@QEBAPEBVPxRigidActor@2@XZ 000000018001b410 f i CctCharacterController.obj
 0001:0001a430       ??C?$TouchedObject@VPxShape@physx@@@Cct@physx@@QEBAPEBVPxShape@2@XZ 000000018001b430 f i CctCharacterController.obj
 0001:0001a450       ??DPxQuat@physx@@QEBA?AV01@AEBV01@@Z 000000018001b450 f i CctCharacterController.obj
 0001:0001a660       ??DPxTransform@physx@@QEBA?AV01@AEBV01@@Z 000000018001b660 f i CctCharacterController.obj
 0001:0001a710       ??GPxVec3@physx@@QEBA?AV01@AEBV01@@Z 000000018001b710 f i CctCharacterController.obj
 0001:0001a7b0       ??GPxVec3@physx@@QEBA?AV01@XZ 000000018001b7b0 f i CctCharacterController.obj
 0001:0001a840       ??HPxVec3@physx@@QEBA?AV01@AEBV01@@Z 000000018001b840 f i CctCharacterController.obj
 0001:0001a8e0       ??I?$PxFlags@W4Enum@PxQueryFlag@physx@@G@physx@@QEBA?AV01@W4Enum@PxQueryFlag@1@@Z 000000018001b8e0 f i CctCharacterController.obj
 0001:0001a950       ??I?$PxFlags@W4Enum@PxRigidBodyFlag@physx@@E@physx@@QEBA?AV01@W4Enum@PxRigidBodyFlag@1@@Z 000000018001b950 f i CctCharacterController.obj
 0001:0001a9b0       ??I?$PxFlags@W4Enum@PxShapeFlag@physx@@E@physx@@QEBA?AV01@W4Enum@PxShapeFlag@1@@Z 000000018001b9b0 f i CctCharacterController.obj
 0001:0001aa10       ??R?$Hash@PEAVPxShape@physx@@@shdfnd@physx@@QEBAIAEBQEAVPxShape@2@@Z 000000018001ba10 f i CctCharacterController.obj
 0001:0001aa40       ??RGetKey@?$HashSetBase@PEAVPxShape@physx@@U?$Hash@PEAVPxShape@physx@@@shdfnd@2@VNonTrackingAllocator@42@$0A@@internal@shdfnd@physx@@QEAAAEBQEAVPxShape@4@AEBQEAV54@@Z 000000018001ba40 f i CctCharacterController.obj
 0001:0001aa60       ??U?$PxFlags@W4Enum@PxQueryFlag@physx@@G@physx@@QEBA?AV01@W4Enum@PxQueryFlag@1@@Z 000000018001ba60 f i CctCharacterController.obj
 0001:0001aac0       ??Uphysx@@YA?AV?$PxFlags@W4Enum@PxQueryFlag@physx@@G@0@W4Enum@PxQueryFlag@0@0@Z 000000018001bac0 f i CctCharacterController.obj
 0001:0001ab20       ??YPxVec3@physx@@QEAAAEAV01@AEBV01@@Z 000000018001bb20 f i CctCharacterController.obj
 0001:0001aba0       ??ZPxVec3@physx@@QEAAAEAV01@AEBV01@@Z 000000018001bba0 f i CctCharacterController.obj
 0001:0001ac20       ??_0PxVec3@physx@@QEAAAEAV01@M@Z 000000018001bc20 f i CctCharacterController.obj
 0001:0001acb0       ??_5?$PxFlags@W4Enum@PxControllerCollisionFlag@physx@@E@physx@@QEAAAEAV01@W4Enum@PxControllerCollisionFlag@1@@Z 000000018001bcb0 f i CctCharacterController.obj
 0001:0001ace0       ??_5?$PxFlags@W4Enum@PxHitFlag@physx@@G@physx@@QEAAAEAV01@W4Enum@PxHitFlag@1@@Z 000000018001bce0 f i CctCharacterController.obj
 0001:0001ad20       ??_5?$PxFlags@W4Enum@PxQueryFlag@physx@@G@physx@@QEAAAEAV01@W4Enum@PxQueryFlag@1@@Z 000000018001bd20 f i CctCharacterController.obj
 0001:0001ad60       ??_E?$PxHitBuffer@UPxRaycastHit@physx@@@physx@@UEAAPEAXI@Z 000000018001bd60 f i CctCharacterController.obj
 0001:0001ad60       ??_G?$PxHitBuffer@UPxRaycastHit@physx@@@physx@@UEAAPEAXI@Z 000000018001bd60 f i CctCharacterController.obj
 0001:0001adb0       ??_E?$PxHitCallback@UPxRaycastHit@physx@@@physx@@UEAAPEAXI@Z 000000018001bdb0 f i CctCharacterController.obj
 0001:0001adb0       ??_G?$PxHitCallback@UPxRaycastHit@physx@@@physx@@UEAAPEAXI@Z 000000018001bdb0 f i CctCharacterController.obj
 0001:0001ae00       ??_EControllerFilter@@UEAAPEAXI@Z 000000018001be00 f i CctCharacterController.obj
 0001:0001ae00       ??_GControllerFilter@@UEAAPEAXI@Z 000000018001be00 f i CctCharacterController.obj
 0001:0001ae50       ??_GPxExtendedBox@physx@@QEAAPEAXI@Z 000000018001be50 f i CctCharacterController.obj
 0001:0001aea0       ??_EPxQueryFilterCallback@physx@@UEAAPEAXI@Z 000000018001bea0 f i CctCharacterController.obj
 0001:0001aea0       ??_GPxQueryFilterCallback@physx@@UEAAPEAXI@Z 000000018001bea0 f i CctCharacterController.obj
 0001:0001aef0       ??_GPxTriangle@physx@@QEAAPEAXI@Z 000000018001bef0 f i CctCharacterController.obj
 0001:0001af40       ?PxAbs@physx@@YAMM@Z       000000018001bf40 f i CctCharacterController.obj
 0001:0001af60       ?PxIsFinite@physx@@YA_NM@Z 000000018001bf60 f i CctCharacterController.obj
 0001:0001af80       ?PxRecipSqrt@physx@@YAMM@Z 000000018001bf80 f i CctCharacterController.obj
 0001:0001afa0       ?PxSqrt@physx@@YAMM@Z      000000018001bfa0 f i CctCharacterController.obj
 0001:0001afc0       ?abs@intrinsics@physx@@YAMM@Z 000000018001bfc0 f i CctCharacterController.obj
 0001:0001afe0       ?add@physx@@YAXAEAUPxExtendedBounds3@1@AEBU21@@Z 000000018001bfe0 f i CctCharacterController.obj
 0001:0001b030       ?allocate@?$Array@IVNamedAllocator@shdfnd@physx@@@shdfnd@physx@@IEAAPEAII@Z 000000018001c030 f i CctCharacterController.obj
 0001:0001b0e0       ?allocate@?$Array@PEBXVNamedAllocator@shdfnd@physx@@@shdfnd@physx@@IEAAPEAPEBXI@Z 000000018001c0e0 f i CctCharacterController.obj
 0001:0001b190       ?allocate@?$Array@UPxExtendedCapsule@physx@@VNamedAllocator@shdfnd@2@@shdfnd@physx@@IEAAPEAUPxExtendedCapsule@3@I@Z 000000018001c190 f i CctCharacterController.obj
 0001:0001b240       ?allocate@?$Array@VPxExtendedBox@physx@@VNamedAllocator@shdfnd@2@@shdfnd@physx@@IEAAPEAVPxExtendedBox@3@I@Z 000000018001c240 f i CctCharacterController.obj
 0001:0001b2f0       ?any@PxGeometryHolder@physx@@QEBAAEBVPxGeometry@2@XZ 000000018001c2f0 f i CctCharacterController.obj
 0001:0001b320       ?begin@?$Array@IVNamedAllocator@shdfnd@physx@@@shdfnd@physx@@QEAAPEAIXZ 000000018001c320 f i CctCharacterController.obj
 0001:0001b340       ?begin@?$Array@IVNamedAllocator@shdfnd@physx@@@shdfnd@physx@@QEBAPEBIXZ 000000018001c340 f i CctCharacterController.obj
 0001:0001b360       ?begin@?$Array@PEBXVNamedAllocator@shdfnd@physx@@@shdfnd@physx@@QEAAPEAPEBXXZ 000000018001c360 f i CctCharacterController.obj
 0001:0001b380       ?begin@?$Array@UPxExtendedCapsule@physx@@VNamedAllocator@shdfnd@2@@shdfnd@physx@@QEAAPEAUPxExtendedCapsule@3@XZ 000000018001c380 f i CctCharacterController.obj
 0001:0001b3a0       ?begin@?$Array@VPxExtendedBox@physx@@VNamedAllocator@shdfnd@2@@shdfnd@physx@@QEAAPEAVPxExtendedBox@3@XZ 000000018001c3a0 f i CctCharacterController.obj
 0001:0001b3c0       ?capacity@?$Array@IVNamedAllocator@shdfnd@physx@@@shdfnd@physx@@QEBAIXZ 000000018001c3c0 f i CctCharacterController.obj
 0001:0001b3e0       ?capacity@?$Array@PEBXVNamedAllocator@shdfnd@physx@@@shdfnd@physx@@QEBAIXZ 000000018001c3e0 f i CctCharacterController.obj
 0001:0001b400       ?capacity@?$Array@UPxExtendedCapsule@physx@@VNamedAllocator@shdfnd@2@@shdfnd@physx@@QEBAIXZ 000000018001c400 f i CctCharacterController.obj
 0001:0001b420       ?capacity@?$Array@VPxExtendedBox@physx@@VNamedAllocator@shdfnd@2@@shdfnd@physx@@QEBAIXZ 000000018001c420 f i CctCharacterController.obj
 0001:0001b440       ?capacity@?$Array@VPxTriangle@physx@@VNamedAllocator@shdfnd@2@@shdfnd@physx@@QEBAIXZ 000000018001c440 f i CctCharacterController.obj
 0001:0001b460       ?capacityIncrement@?$Array@PEBXVNamedAllocator@shdfnd@physx@@@shdfnd@physx@@IEBAIXZ 000000018001c460 f i CctCharacterController.obj
 0001:0001b4b0       ?capacityIncrement@?$Array@UPxExtendedCapsule@physx@@VNamedAllocator@shdfnd@2@@shdfnd@physx@@IEBAIXZ 000000018001c4b0 f i CctCharacterController.obj
 0001:0001b500       ?capacityIncrement@?$Array@VPxExtendedBox@physx@@VNamedAllocator@shdfnd@2@@shdfnd@physx@@IEBAIXZ 000000018001c500 f i CctCharacterController.obj
 0001:0001b550       ?clear@?$Array@IVNamedAllocator@shdfnd@physx@@@shdfnd@physx@@QEAAXXZ 000000018001c550 f i CctCharacterController.obj
 0001:0001b5a0       ?clear@?$Array@VPxTriangle@physx@@VNamedAllocator@shdfnd@2@@shdfnd@physx@@QEAAXXZ 000000018001c5a0 f i CctCharacterController.obj
 0001:0001b5f0       ?clear@TriArray@Cct@physx@@QEAAXXZ 000000018001c5f0 f i CctCharacterController.obj
 0001:0001b610       ?computeTimeCoeff@Controller@Cct@physx@@IEAAMXZ 000000018001c610 f i CctCharacterController.obj
 0001:0001b680       ?contains@?$HashSetBase@PEAVPxShape@physx@@U?$Hash@PEAVPxShape@physx@@@shdfnd@2@VNonTrackingAllocator@42@$0A@@internal@shdfnd@physx@@QEBA_NAEBQEAVPxShape@4@@Z 000000018001c680 f i CctCharacterController.obj
 0001:0001b6e0       ?copy@?$Array@IVNamedAllocator@shdfnd@physx@@@shdfnd@physx@@KAXPEAI0PEBI@Z 000000018001c6e0 f i CctCharacterController.obj
 0001:0001b7e0       ?copy@?$Array@PEBXVNamedAllocator@shdfnd@physx@@@shdfnd@physx@@KAXPEAPEBX0PEBQEBX@Z 000000018001c7e0 f i CctCharacterController.obj
 0001:0001b8f0       ?copy@?$Array@UPxExtendedCapsule@physx@@VNamedAllocator@shdfnd@2@@shdfnd@physx@@KAXPEAUPxExtendedCapsule@3@0PEBU43@@Z 000000018001c8f0 f i CctCharacterController.obj
 0001:0001ba00       ?copy@?$Array@VPxExtendedBox@physx@@VNamedAllocator@shdfnd@2@@shdfnd@physx@@KAXPEAVPxExtendedBox@3@0PEBV43@@Z 000000018001ca00 f i CctCharacterController.obj
 0001:0001bb10       ?cross@PxVec3@physx@@QEBA?AV12@AEBV12@@Z 000000018001cb10 f i CctCharacterController.obj
 0001:0001bc00       ?deallocate@?$Array@IVNamedAllocator@shdfnd@physx@@@shdfnd@physx@@IEAAXPEAX@Z 000000018001cc00 f i CctCharacterController.obj
 0001:0001bc30       ?deallocate@?$Array@PEBXVNamedAllocator@shdfnd@physx@@@shdfnd@physx@@IEAAXPEAX@Z 000000018001cc30 f i CctCharacterController.obj
 0001:0001bc60       ?deallocate@?$Array@UPxExtendedCapsule@physx@@VNamedAllocator@shdfnd@2@@shdfnd@physx@@IEAAXPEAX@Z 000000018001cc60 f i CctCharacterController.obj
 0001:0001bc90       ?deallocate@?$Array@VPxExtendedBox@physx@@VNamedAllocator@shdfnd@2@@shdfnd@physx@@IEAAXPEAX@Z 000000018001cc90 f i CctCharacterController.obj
 0001:0001bcc0       ?deallocate@?$Array@VPxTriangle@physx@@VNamedAllocator@shdfnd@2@@shdfnd@physx@@IEAAXPEAX@Z 000000018001ccc0 f i CctCharacterController.obj
 0001:0001bcf0       ?decomposeVector@shdfnd@physx@@YAXAEAVPxVec3@2@0AEBV32@1@Z 000000018001ccf0 f i CctCharacterController.obj
 0001:0001bd80       ?destroy@?$Array@IVNamedAllocator@shdfnd@physx@@@shdfnd@physx@@KAXPEAI0@Z 000000018001cd80 f i CctCharacterController.obj
 0001:0001bdd0       ?destroy@?$Array@PEBXVNamedAllocator@shdfnd@physx@@@shdfnd@physx@@KAXPEAPEBX0@Z 000000018001cdd0 f i CctCharacterController.obj
 0001:0001be20       ?destroy@?$Array@UPxExtendedCapsule@physx@@VNamedAllocator@shdfnd@2@@shdfnd@physx@@KAXPEAUPxExtendedCapsule@3@0@Z 000000018001ce20 f i CctCharacterController.obj
 0001:0001be70       ?destroy@?$Array@VPxExtendedBox@physx@@VNamedAllocator@shdfnd@2@@shdfnd@physx@@KAXPEAVPxExtendedBox@3@0@Z 000000018001ce70 f i CctCharacterController.obj
 0001:0001bed0       ?destroy@?$Array@VPxTriangle@physx@@VNamedAllocator@shdfnd@2@@shdfnd@physx@@KAXPEAVPxTriangle@3@0@Z 000000018001ced0 f i CctCharacterController.obj
 0001:0001bf30       ?dot@PxExtendedVec3@physx@@QEBANAEBVPxVec3@2@@Z 000000018001cf30 f i CctCharacterController.obj
 0001:0001bfb0       ?dot@PxVec3@physx@@QEBAMAEBV12@@Z 000000018001cfb0 f i CctCharacterController.obj
 0001:0001c010       ?encodeUserObject@Cct@physx@@YAIIW4UserObjectType@12@@Z 000000018001d010 f i CctCharacterController.obj
 0001:0001c100       ?end@?$Array@IVNamedAllocator@shdfnd@physx@@@shdfnd@physx@@QEAAPEAIXZ 000000018001d100 f i CctCharacterController.obj
 0001:0001c120       ?end@?$Array@IVNamedAllocator@shdfnd@physx@@@shdfnd@physx@@QEBAPEBIXZ 000000018001d120 f i CctCharacterController.obj
 0001:0001c140       ?equal@?$Hash@PEAVPxShape@physx@@@shdfnd@physx@@QEBA_NAEBQEAVPxShape@3@0@Z 000000018001d140 f i CctCharacterController.obj
 0001:0001c190       ?finalizeQuery@?$PxHitCallback@UPxRaycastHit@physx@@@physx@@UEAAXXZ 000000018001d190 f i CctCharacterController.obj
 0001:0001c1a0       ?find@?$HashBase@PEAVPxShape@physx@@PEAV12@U?$Hash@PEAVPxShape@physx@@@shdfnd@2@UGetKey@?$HashSetBase@PEAVPxShape@physx@@U?$Hash@PEAVPxShape@physx@@@shdfnd@2@VNonTrackingAllocator@42@$0A@@internal@42@VNonTrackingAllocator@42@$0A@@internal@shdfnd@physx@@QEBAPEBQEAVPxShape@4@AEBQEAV54@@Z 000000018001d1a0 f i CctCharacterController.obj
 0001:0001c2a0       ?forceSize_Unsafe@?$Array@IVNamedAllocator@shdfnd@physx@@@shdfnd@physx@@QEAAXI@Z 000000018001d2a0 f i CctCharacterController.obj
 0001:0001c330       ?forceSize_Unsafe@?$Array@VPxTriangle@physx@@VNamedAllocator@shdfnd@2@@shdfnd@physx@@QEAAXI@Z 000000018001d330 f i CctCharacterController.obj
 0001:0001c3c0       ?forceSize_Unsafe@TriArray@Cct@physx@@QEAAXI@Z 000000018001d3c0 f i CctCharacterController.obj
 0001:0001c3f0       ?get@?$TouchedObject@VPxRigidActor@physx@@@Cct@physx@@QEBAPEBVPxRigidActor@3@XZ 000000018001d3f0 f i CctCharacterController.obj
 0001:0001c410       ?get@?$TouchedObject@VPxShape@physx@@@Cct@physx@@QEBAPEBVPxShape@3@XZ 000000018001d410 f i CctCharacterController.obj
 0001:0001c430       ?getAnyHit@?$PxHitBuffer@UPxRaycastHit@physx@@@physx@@QEBAAEBUPxRaycastHit@2@I@Z 000000018001d430 f i CctCharacterController.obj
 0001:0001c520       ?getBasisVector0@PxQuat@physx@@QEBA?AVPxVec3@2@XZ 000000018001d520 f i CctCharacterController.obj
 0001:0001c640       ?getCenter@PxBounds3@physx@@QEBA?AVPxVec3@2@XZ 000000018001d640 f i CctCharacterController.obj
 0001:0001c710       ?getConcreteType@PxBase@physx@@QEBAGXZ 000000018001d710 f i CctCharacterController.obj
 0001:0001c730       ?getContextId@Controller@Cct@physx@@QEBA_KXZ 000000018001d730 f i CctCharacterController.obj
 0001:0001c750       ?getDimensions@PxBounds3@physx@@QEBA?AVPxVec3@2@XZ 000000018001d750 f i CctCharacterController.obj
 0001:0001c800       ?getExtents@PxBounds3@physx@@QEBA?AVPxVec3@2@XZ 000000018001d800 f i CctCharacterController.obj
 0001:0001c8c0       ?getGlobalPose@PxShapeExt@physx@@SA?AVPxTransform@2@AEBVPxShape@2@AEBVPxRigidActor@2@@Z 000000018001d8c0 f i CctCharacterController.obj
 0001:0001c970       ?getNbTouches@?$PxHitBuffer@UPxRaycastHit@physx@@@physx@@QEBAIXZ 000000018001d970 f i CctCharacterController.obj
 0001:0001c990       ?getNormalized@PxVec3@physx@@QEBA?AV12@XZ 000000018001d990 f i CctCharacterController.obj
 0001:0001ca40       ?getShapeGlobalPose@physx@@YA?AVPxTransform@1@AEBVPxShape@1@AEBVPxRigidActor@1@@Z 000000018001da40 f i CctCharacterController.obj
 0001:0001ca80       ?getTouches@?$PxHitBuffer@UPxRaycastHit@physx@@@physx@@QEBAPEBUPxRaycastHit@2@XZ 000000018001da80 f i CctCharacterController.obj
 0001:0001caa0       ?getTriangle@TriArray@Cct@physx@@QEBAAEBVPxTriangle@3@I@Z 000000018001daa0 f i CctCharacterController.obj
 0001:0001cad0       ?getType@SweptVolume@Cct@physx@@QEBA?AW4Enum@SweptVolumeType@23@XZ 000000018001dad0 f i CctCharacterController.obj
 0001:0001caf0       ?grow@?$Array@IVNamedAllocator@shdfnd@physx@@@shdfnd@physx@@IEAAXI@Z 000000018001daf0 f i CctCharacterController.obj
 0001:0001cb90       ?growAndPushBack@?$Array@PEBXVNamedAllocator@shdfnd@physx@@@shdfnd@physx@@IEAAAEAPEBXAEBQEBX@Z 000000018001db90 f i CctCharacterController.obj
 0001:0001cda0       ?growAndPushBack@?$Array@UPxExtendedCapsule@physx@@VNamedAllocator@shdfnd@2@@shdfnd@physx@@IEAAAEAUPxExtendedCapsule@3@AEBU43@@Z 000000018001dda0 f i CctCharacterController.obj
 0001:0001d000       ?growAndPushBack@?$Array@VPxExtendedBox@physx@@VNamedAllocator@shdfnd@2@@shdfnd@physx@@IEAAAEAVPxExtendedBox@3@AEBV43@@Z 000000018001e000 f i CctCharacterController.obj
 0001:0001d210       ?hash@?$HashBase@PEAVPxShape@physx@@PEAV12@U?$Hash@PEAVPxShape@physx@@@shdfnd@2@UGetKey@?$HashSetBase@PEAVPxShape@physx@@U?$Hash@PEAVPxShape@physx@@@shdfnd@2@VNonTrackingAllocator@42@$0A@@internal@42@VNonTrackingAllocator@42@$0A@@internal@shdfnd@physx@@AEBAIAEBQEAVPxShape@4@@Z 000000018001e210 f i CctCharacterController.obj
 0001:0001d250       ?hash@?$HashBase@PEAVPxShape@physx@@PEAV12@U?$Hash@PEAVPxShape@physx@@@shdfnd@2@UGetKey@?$HashSetBase@PEAVPxShape@physx@@U?$Hash@PEAVPxShape@physx@@@shdfnd@2@VNonTrackingAllocator@42@$0A@@internal@42@VNonTrackingAllocator@42@$0A@@internal@shdfnd@physx@@AEBAIAEBQEAVPxShape@4@I@Z 000000018001e250 f i CctCharacterController.obj
 0001:0001d290       ?hash@shdfnd@physx@@YAIPEBX@Z 000000018001e290 f i CctCharacterController.obj
 0001:0001d2b0       ?hash@shdfnd@physx@@YAI_K@Z 000000018001e2b0 f i CctCharacterController.obj
 0001:0001d3c0       ?intersectOBBAABB@Gu@physx@@YA_NAEBVBox@12@AEBVPxBounds3@2@@Z 000000018001e3c0 f i CctCharacterController.obj
 0001:0001d480       ?isAlmostZero@shdfnd@physx@@YA_NAEBVPxVec3@2@@Z 000000018001e480 f i CctCharacterController.obj
 0001:0001d500       ?isArrayOfPOD@?$Array@IVNamedAllocator@shdfnd@physx@@@shdfnd@physx@@SA_NXZ 000000018001e500 f i CctCharacterController.obj
 0001:0001d510       ?isArrayOfPOD@?$Array@PEBXVNamedAllocator@shdfnd@physx@@@shdfnd@physx@@SA_NXZ 000000018001e510 f i CctCharacterController.obj
 0001:0001d520       ?isArrayOfPOD@?$Array@UPxExtendedCapsule@physx@@VNamedAllocator@shdfnd@2@@shdfnd@physx@@SA_NXZ 000000018001e520 f i CctCharacterController.obj
 0001:0001d530       ?isArrayOfPOD@?$Array@VPxExtendedBox@physx@@VNamedAllocator@shdfnd@2@@shdfnd@physx@@SA_NXZ 000000018001e530 f i CctCharacterController.obj
 0001:0001d540       ?isArrayOfPOD@?$Array@VPxTriangle@physx@@VNamedAllocator@shdfnd@2@@shdfnd@physx@@SA_NXZ 000000018001e540 f i CctCharacterController.obj
 0001:0001d550       ?isFinite@PxBounds3@physx@@QEBA_NXZ 000000018001e550 f i CctCharacterController.obj
 0001:0001d5c0       ?isFinite@PxQuat@physx@@QEBA_NXZ 000000018001e5c0 f i CctCharacterController.obj
 0001:0001d660       ?isFinite@PxTransform@physx@@QEBA_NXZ 000000018001e660 f i CctCharacterController.obj
 0001:0001d6d0       ?isFinite@PxVec3@physx@@QEBA_NXZ 000000018001e6d0 f i CctCharacterController.obj
 0001:0001d750       ?isFinite@intrinsics@physx@@YA_NM@Z 000000018001e750 f i CctCharacterController.obj
 0001:0001d7a0       ?isInUserMemory@?$Array@IVNamedAllocator@shdfnd@physx@@@shdfnd@physx@@QEBAIXZ 000000018001e7a0 f i CctCharacterController.obj
 0001:0001d7c0       ?isInUserMemory@?$Array@PEBXVNamedAllocator@shdfnd@physx@@@shdfnd@physx@@QEBAIXZ 000000018001e7c0 f i CctCharacterController.obj
 0001:0001d7e0       ?isInUserMemory@?$Array@UPxExtendedCapsule@physx@@VNamedAllocator@shdfnd@2@@shdfnd@physx@@QEBAIXZ 000000018001e7e0 f i CctCharacterController.obj
 0001:0001d800       ?isInUserMemory@?$Array@VPxExtendedBox@physx@@VNamedAllocator@shdfnd@2@@shdfnd@physx@@QEBAIXZ 000000018001e800 f i CctCharacterController.obj
 0001:0001d820       ?isInUserMemory@?$Array@VPxTriangle@physx@@VNamedAllocator@shdfnd@2@@shdfnd@physx@@QEBAIXZ 000000018001e820 f i CctCharacterController.obj
 0001:0001d840       ?isInside@PxExtendedBounds3@physx@@QEBA_NAEBU12@@Z 000000018001e840 f i CctCharacterController.obj
 0001:0001d920       ?isSane@PxQuat@physx@@QEBA_NXZ 000000018001e920 f i CctCharacterController.obj
 0001:0001d9a0       ?isSane@PxTransform@physx@@QEBA_NXZ 000000018001e9a0 f i CctCharacterController.obj
 0001:0001da00       ?isValid@PxBounds3@physx@@QEBA_NXZ 000000018001ea00 f i CctCharacterController.obj
 0001:0001db30       ?isZero@PxVec3@physx@@QEBA_NXZ 000000018001eb30 f i CctCharacterController.obj
 0001:0001db90       ?magnitude@PxQuat@physx@@QEBAMXZ 000000018001eb90 f i CctCharacterController.obj
 0001:0001dbc0       ?magnitude@PxVec3@physx@@QEBAMXZ 000000018001ebc0 f i CctCharacterController.obj
 0001:0001dbf0       ?magnitudeSquared@PxQuat@physx@@QEBAMXZ 000000018001ebf0 f i CctCharacterController.obj
 0001:0001dc70       ?magnitudeSquared@PxVec3@physx@@QEBAMXZ 000000018001ec70 f i CctCharacterController.obj
 0001:0001dcd0       ?maximum@PxExtendedVec3@physx@@QEAAXAEBU12@@Z 000000018001ecd0 f i CctCharacterController.obj
 0001:0001dd80       ?memCopy@intrinsics@physx@@YAPEAXPEIAXPEIBXI@Z 000000018001ed80 f i CctCharacterController.obj
 0001:0001ddc0       ?minimum@PxExtendedVec3@physx@@QEAAXAEBU12@@Z 000000018001edc0 f i CctCharacterController.obj
 0001:0001de70       ?normal@PxTriangle@physx@@QEBAXAEAVPxVec3@2@@Z 000000018001ee70 f i CctCharacterController.obj
 0001:0001df60       ?normalize@PxVec3@physx@@QEAAMXZ 000000018001ef60 f i CctCharacterController.obj
 0001:0001dfc0       ?postFilter@ControllerFilter@@UEAA?AW4Enum@PxQueryHitType@physx@@AEBUPxFilterData@4@AEBUPxQueryHit@4@@Z 000000018001efc0 f i CctCharacterController.obj
 0001:0001e0c0       ?preFilter@ControllerFilter@@UEAA?AW4Enum@PxQueryHitType@physx@@AEBUPxFilterData@4@PEBVPxShape@4@PEBVPxRigidActor@4@AEAV?$PxFlags@W4Enum@PxHitFlag@physx@@G@4@@Z 000000018001f0c0 f i CctCharacterController.obj
 0001:0001e200       ?processTouches@?$PxHitBuffer@UPxRaycastHit@physx@@@physx@@MEAA_NPEBUPxRaycastHit@2@I@Z 000000018001f200 f i CctCharacterController.obj
 0001:0001e240       ?pushBack@?$Array@PEBXVNamedAllocator@shdfnd@physx@@@shdfnd@physx@@QEAAAEAPEBXAEBQEBX@Z 000000018001f240 f i CctCharacterController.obj
 0001:0001e330       ?pushBack@?$Array@UPxExtendedCapsule@physx@@VNamedAllocator@shdfnd@2@@shdfnd@physx@@QEAAAEAUPxExtendedCapsule@3@AEBU43@@Z 000000018001f330 f i CctCharacterController.obj
 0001:0001e430       ?pushBack@?$Array@VPxExtendedBox@physx@@VNamedAllocator@shdfnd@2@@shdfnd@physx@@QEAAAEAVPxExtendedBox@3@AEBV43@@Z 000000018001f430 f i CctCharacterController.obj
 0001:0001e520       ?recipSqrt@intrinsics@physx@@YAMM@Z 000000018001f520 f i CctCharacterController.obj
 0001:0001e560       ?recreate@?$Array@IVNamedAllocator@shdfnd@physx@@@shdfnd@physx@@IEAAXI@Z 000000018001f560 f i CctCharacterController.obj
 0001:0001e6b0       ?reserve@?$Array@IVNamedAllocator@shdfnd@physx@@@shdfnd@physx@@QEAAXI@Z 000000018001f6b0 f i CctCharacterController.obj
 0001:0001e6f0       ?resetStats@SweepTest@Cct@physx@@QEAAXXZ 000000018001f6f0 f i CctCharacterController.obj
 0001:0001e740       ?rotate@PxQuat@physx@@QEBA?BVPxVec3@2@AEBV32@@Z 000000018001f740 f i CctCharacterController.obj
 0001:0001e990       ?rotateInv@PxQuat@physx@@QEBA?BVPxVec3@2@AEBV32@@Z 000000018001f990 f i CctCharacterController.obj
 0001:0001ebe0       ?selectMax@intrinsics@physx@@YAMMM@Z 000000018001fbe0 f i CctCharacterController.obj
 0001:0001ec30       ?selectMin@intrinsics@physx@@YAMMM@Z 000000018001fc30 f i CctCharacterController.obj
 0001:0001ec80       ?set@PxExtendedBounds3@physx@@QEAAXNNNNNN@Z 000000018001fc80 f i CctCharacterController.obj
 0001:0001ed00       ?set@PxExtendedVec3@physx@@QEAAXNNN@Z 000000018001fd00 f i CctCharacterController.obj
 0001:0001ed60       ?setEmpty@PxExtendedBounds3@physx@@QEAAXXZ 000000018001fd60 f i CctCharacterController.obj
 0001:0001edd0       ?setWorldPos@SweptContact@Cct@physx@@QEAAXAEBVPxVec3@3@AEBUPxExtendedVec3@3@@Z 000000018001fdd0 f i CctCharacterController.obj
 0001:0001ee50       ?size@?$Array@IVNamedAllocator@shdfnd@physx@@@shdfnd@physx@@QEBAIXZ 000000018001fe50 f i CctCharacterController.obj
 0001:0001ee70       ?size@?$Array@PEBXVNamedAllocator@shdfnd@physx@@@shdfnd@physx@@QEBAIXZ 000000018001fe70 f i CctCharacterController.obj
 0001:0001ee90       ?size@?$Array@UInternalBoxObstacle@ObstacleContext@Cct@physx@@VNamedAllocator@shdfnd@4@@shdfnd@physx@@QEBAIXZ 000000018001fe90 f i CctCharacterController.obj
 0001:0001eeb0       ?size@?$Array@UInternalCapsuleObstacle@ObstacleContext@Cct@physx@@VNamedAllocator@shdfnd@4@@shdfnd@physx@@QEBAIXZ 000000018001feb0 f i CctCharacterController.obj
 0001:0001eed0       ?size@?$Array@UPxExtendedCapsule@physx@@VNamedAllocator@shdfnd@2@@shdfnd@physx@@QEBAIXZ 000000018001fed0 f i CctCharacterController.obj
 0001:0001eef0       ?size@?$Array@VPxExtendedBox@physx@@VNamedAllocator@shdfnd@2@@shdfnd@physx@@QEBAIXZ 000000018001fef0 f i CctCharacterController.obj
 0001:0001ef10       ?size@?$Array@VPxTriangle@physx@@VNamedAllocator@shdfnd@2@@shdfnd@physx@@QEBAIXZ 000000018001ff10 f i CctCharacterController.obj
 0001:0001ef30       ?size@TriArray@Cct@physx@@QEBAIXZ 000000018001ff30 f i CctCharacterController.obj
 0001:0001ef50       ?sqrt@intrinsics@physx@@YAMM@Z 000000018001ff50 f i CctCharacterController.obj
 0001:0001ef70       ?testSlope@physx@@YA_NAEBVPxVec3@1@0M@Z 000000018001ff70 f i CctCharacterController.obj
 0001:0001eff0       ?toVec3@physx@@YA?AVPxVec3@1@AEBUPxExtendedVec3@1@@Z 000000018001fff0 f i CctCharacterController.obj
 0001:0001f060       ?transform@PxTransform@physx@@QEBA?AV12@AEBV12@@Z 0000000180020060 f i CctCharacterController.obj
 0001:0001f230       ?transform@PxTransform@physx@@QEBA?AVPxVec3@2@AEBV32@@Z 0000000180020230 f i CctCharacterController.obj
 0001:0001f310       ?transformInv@PxTransform@physx@@QEBA?AVPxVec3@2@AEBV32@@Z 0000000180020310 f i CctCharacterController.obj
 0001:0001f3e0       fabsf                      00000001800203e0 f i CctCharacterController.obj
 0001:0001f490       ?getSceneTimestamp@Cct@physx@@YAIPEBUInternalCBData_FindTouchedGeom@12@@Z 0000000180020490 f   CctCharacterControllerCallbacks.obj
 0001:0001f520       ?findTouchedGeometry@Cct@physx@@YAXPEBUInternalCBData_FindTouchedGeom@12@AEBUPxExtendedBounds3@2@AEAVTriArray@12@AEAV?$Array@IVNamedAllocator@shdfnd@physx@@@shdfnd@2@3AEBVCCTFilter@12@AEBUCCTParams@12@AEAG@Z 0000000180020520 f   CctCharacterControllerCallbacks.obj
 0001:0001fd10       ?shapeHitCallback@Cct@physx@@YAIPEBUInternalCBData_OnHit@12@AEBUSweptContact@12@AEBVPxVec3@2@M@Z 0000000180020d10 f   CctCharacterControllerCallbacks.obj
 0001:0001fe40       ?userHitCallback@Cct@physx@@YAIPEBUInternalCBData_OnHit@12@AEBUSweptContact@12@AEBVPxVec3@2@M@Z 0000000180020e40 f   CctCharacterControllerCallbacks.obj
 0001:000255d0       ??$PX_UNUSED@PEBUPxOverlapHit@physx@@@@YAXAEBQEBUPxOverlapHit@physx@@@Z 00000001800265d0 f i CctCharacterControllerCallbacks.obj
 0001:000255e0       ??0?$PxFlags@W4Enum@PxConvexMeshGeometryFlag@physx@@E@physx@@QEAA@XZ 00000001800265e0 f i CctCharacterControllerCallbacks.obj
 0001:00025600       ??0?$PxFlags@W4Enum@PxMeshGeometryFlag@physx@@E@physx@@QEAA@E@Z 0000000180026600 f i CctCharacterControllerCallbacks.obj
 0001:00025630       ??0?$PxFlags@W4Enum@PxMeshGeometryFlag@physx@@E@physx@@QEAA@XZ 0000000180026630 f i CctCharacterControllerCallbacks.obj
 0001:00025650       ??0?$PxHitBuffer@UPxOverlapHit@physx@@@physx@@QEAA@PEAUPxOverlapHit@1@I@Z 0000000180026650 f i CctCharacterControllerCallbacks.obj
 0001:000256a0       ??0?$PxHitCallback@UPxOverlapHit@physx@@@physx@@QEAA@PEAUPxOverlapHit@1@I@Z 00000001800266a0 f i CctCharacterControllerCallbacks.obj
 0001:00025730       ??0?$PxPadding@$02@physx@@QEAA@XZ 0000000180026730 f i CctCharacterControllerCallbacks.obj
 0001:00025780       ??0PxControllerHit@physx@@QEAA@XZ 0000000180026780 f i CctCharacterControllerCallbacks.obj
 0001:000257e0       ??0PxControllerObstacleHit@physx@@QEAA@XZ 00000001800267e0 f i CctCharacterControllerCallbacks.obj
 0001:00025810       ??0PxControllerShapeHit@physx@@QEAA@XZ 0000000180026810 f i CctCharacterControllerCallbacks.obj
 0001:00025840       ??0PxControllersHit@physx@@QEAA@XZ 0000000180026840 f i CctCharacterControllerCallbacks.obj
 0001:00025870       ??0PxConvexMeshGeometry@physx@@QEAA@XZ 0000000180026870 f i CctCharacterControllerCallbacks.obj
 0001:00025900       ??0PxExtendedSphere@physx@@QEAA@XZ 0000000180026900 f i CctCharacterControllerCallbacks.obj
 0001:00025930       ??0PxHeightFieldGeometry@physx@@QEAA@XZ 0000000180026930 f i CctCharacterControllerCallbacks.obj
 0001:000259e0       ??0PxMat33@physx@@QEAA@AEBVPxVec3@1@00@Z 00000001800269e0 f i CctCharacterControllerCallbacks.obj
 0001:00025a60       ??0PxMeshScale@physx@@QEAA@M@Z 0000000180026a60 f i CctCharacterControllerCallbacks.obj
 0001:00025ab0       ??0PxMeshScale@physx@@QEAA@XZ 0000000180026ab0 f i CctCharacterControllerCallbacks.obj
 0001:00025b00       ??0PxOverlapHit@physx@@QEAA@XZ 0000000180026b00 f i CctCharacterControllerCallbacks.obj
 0001:00025b30       ??0PxPlane@physx@@QEAA@AEBVPxVec3@1@M@Z 0000000180026b30 f i CctCharacterControllerCallbacks.obj
 0001:00025b80       ??0PxPlane@physx@@QEAA@MMMM@Z 0000000180026b80 f i CctCharacterControllerCallbacks.obj
 0001:00025bf0       ??0PxQueryFilterData@physx@@QEAA@$$QEAU01@@Z 0000000180026bf0 f i CctCharacterControllerCallbacks.obj
 0001:00025c60       ??0PxQueryFilterData@physx@@QEAA@V?$PxFlags@W4Enum@PxQueryFlag@physx@@G@1@@Z 0000000180026c60 f i CctCharacterControllerCallbacks.obj
 0001:00025cc0       ??0PxTransform@physx@@QEAA@AEBVPxVec3@1@@Z 0000000180026cc0 f i CctCharacterControllerCallbacks.obj
 0001:00025d10       ??0PxTriangle@physx@@QEAA@AEBV01@@Z 0000000180026d10 f i CctCharacterControllerCallbacks.obj
 0001:00025e10       ??0PxTriangle@physx@@QEAA@AEBVPxVec3@1@00@Z 0000000180026e10 f i CctCharacterControllerCallbacks.obj
 0001:00025ee0       ??0PxTriangle@physx@@QEAA@XZ 0000000180026ee0 f i CctCharacterControllerCallbacks.obj
 0001:00025f20       ??0PxTriangleMeshGeometry@physx@@QEAA@XZ 0000000180026f20 f i CctCharacterControllerCallbacks.obj
 0001:00025fa0       ??0PxVec4@physx@@QEAA@MMMM@Z 0000000180026fa0 f i CctCharacterControllerCallbacks.obj
 0001:00026020       ??0TessParams@@QEAA@XZ     0000000180027020 f i CctCharacterControllerCallbacks.obj
 0001:00026070       ??0TrianglePadded@Gu@physx@@QEAA@XZ 0000000180027070 f i CctCharacterControllerCallbacks.obj
 0001:000260a0       ??0Vec3p@Gu@physx@@QEAA@AEBVPxVec3@2@@Z 00000001800270a0 f i CctCharacterControllerCallbacks.obj
 0001:000260d0       ??1?$PxHitBuffer@UPxOverlapHit@physx@@@physx@@UEAA@XZ 00000001800270d0 f i CctCharacterControllerCallbacks.obj
 0001:00026100       ??1?$PxHitCallback@UPxOverlapHit@physx@@@physx@@UEAA@XZ 0000000180027100 f i CctCharacterControllerCallbacks.obj
 0001:00026120       ??1PxExtendedSphere@physx@@QEAA@XZ 0000000180027120 f i CctCharacterControllerCallbacks.obj
 0001:00026130       ??1TrianglePadded@Gu@physx@@QEAA@XZ 0000000180027130 f i CctCharacterControllerCallbacks.obj
 0001:00026150       ??1Vec3p@Gu@physx@@QEAA@XZ 0000000180027150 f i CctCharacterControllerCallbacks.obj
 0001:00026160       ??APxVec3@physx@@QEBAAEBMI@Z 0000000180027160 f i CctCharacterControllerCallbacks.obj
 0001:000261f0       ??DPxMat33@physx@@QEBA?BV01@AEBV01@@Z 00000001800271f0 f i CctCharacterControllerCallbacks.obj
 0001:000262b0       ??DPxVec4@physx@@QEBA?AV01@M@Z 00000001800272b0 f i CctCharacterControllerCallbacks.obj
 0001:00026350       ??HPxVec4@physx@@QEBA?AV01@AEBV01@@Z 0000000180027350 f i CctCharacterControllerCallbacks.obj
 0001:00026400       ??_E?$PxHitBuffer@UPxOverlapHit@physx@@@physx@@UEAAPEAXI@Z 0000000180027400 f i CctCharacterControllerCallbacks.obj
 0001:00026400       ??_G?$PxHitBuffer@UPxOverlapHit@physx@@@physx@@UEAAPEAXI@Z 0000000180027400 f i CctCharacterControllerCallbacks.obj
 0001:00026450       ??_G?$PxHitCallback@UPxOverlapHit@physx@@@physx@@UEAAPEAXI@Z 0000000180027450 f i CctCharacterControllerCallbacks.obj
 0001:00026450       ??_E?$PxHitCallback@UPxOverlapHit@physx@@@physx@@UEAAPEAXI@Z 0000000180027450 f i CctCharacterControllerCallbacks.obj
 0001:000264a0       ?FLoad@aos@shdfnd@physx@@YA?AT__m128@@M@Z 00000001800274a0 f i CctCharacterControllerCallbacks.obj
 0001:000264d0       ?PxPlaneEquationFromTransform@physx@@YA?AVPxPlane@1@AEBVPxTransform@1@@Z 00000001800274d0 f i CctCharacterControllerCallbacks.obj
 0001:00026530       ?V3Load@aos@shdfnd@physx@@YA?AT__m128@@M@Z 0000000180027530 f i CctCharacterControllerCallbacks.obj
 0001:00026580       ?V4Load@aos@shdfnd@physx@@YA?AT__m128@@M@Z 0000000180027580 f i CctCharacterControllerCallbacks.obj
 0001:000265b0       ?allocate@?$Array@VPxTriangle@physx@@VNamedAllocator@shdfnd@2@@shdfnd@physx@@IEAAPEAVPxTriangle@3@I@Z 00000001800275b0 f i CctCharacterControllerCallbacks.obj
 0001:00026660       ?capacityIncrement@?$Array@IVNamedAllocator@shdfnd@physx@@@shdfnd@physx@@IEBAIXZ 0000000180027660 f i CctCharacterControllerCallbacks.obj
 0001:000266b0       ?centerExtents@PxBounds3@physx@@SA?AV12@AEBVPxVec3@2@0@Z 00000001800276b0 f i CctCharacterControllerCallbacks.obj
 0001:00026730       ?computeBasis@shdfnd@physx@@YAXAEBVPxVec3@2@AEAV32@1@Z 0000000180027730 f i CctCharacterControllerCallbacks.obj
 0001:00026900       ?copy@?$Array@VPxTriangle@physx@@VNamedAllocator@shdfnd@2@@shdfnd@physx@@KAXPEAVPxTriangle@3@0PEBV43@@Z 0000000180027900 f i CctCharacterControllerCallbacks.obj
 0001:00026a10       ?decodeIndex@Cct@physx@@YAII@Z 0000000180027a10 f i CctCharacterControllerCallbacks.obj
 0001:00026a20       ?decodeType@Cct@physx@@YA?AW4UserObjectType@12@I@Z 0000000180027a20 f i CctCharacterControllerCallbacks.obj
 0001:00026a40       ?distance@PxPlane@physx@@QEBAMAEBVPxVec3@2@@Z 0000000180027a40 f i CctCharacterControllerCallbacks.obj
 0001:00026a80       ?end@?$Array@VPxTriangle@physx@@VNamedAllocator@shdfnd@2@@shdfnd@physx@@QEAAPEAVPxTriangle@3@XZ 0000000180027a80 f i CctCharacterControllerCallbacks.obj
 0001:00026aa0       ?finalizeQuery@?$PxHitCallback@UPxOverlapHit@physx@@@physx@@UEAAXXZ 0000000180027aa0 f i CctCharacterControllerCallbacks.obj
 0001:00026ab0       ?getAnyHit@?$PxHitBuffer@UPxOverlapHit@physx@@@physx@@QEBAAEBUPxOverlapHit@2@I@Z 0000000180027ab0 f i CctCharacterControllerCallbacks.obj
 0001:00026ba0       ?getCctManager@Controller@Cct@physx@@QEAAPEAVCharacterControllerManager@23@XZ 0000000180027ba0 f i CctCharacterControllerCallbacks.obj
 0001:00026bc0       ?getNbAnyHits@?$PxHitBuffer@UPxOverlapHit@physx@@@physx@@QEBAIXZ 0000000180027bc0 f i CctCharacterControllerCallbacks.obj
 0001:00026bf0       ?getNbTouches@?$PxHitBuffer@UPxOverlapHit@physx@@@physx@@QEBAIXZ 0000000180027bf0 f i CctCharacterControllerCallbacks.obj
 0001:00026c10       ?getPosition@PxMat44@physx@@QEBA?BVPxVec3@2@XZ 0000000180027c10 f i CctCharacterControllerCallbacks.obj
 0001:00026c50       ?getResults@PxMeshOverlapUtil@physx@@QEBAPEBIXZ 0000000180027c50 f i CctCharacterControllerCallbacks.obj
 0001:00026c70       ?getTouches@?$PxHitBuffer@UPxOverlapHit@physx@@@physx@@QEBAPEBUPxOverlapHit@2@XZ 0000000180027c70 f i CctCharacterControllerCallbacks.obj
 0001:00026c90       ?getTranspose@PxMat33@physx@@QEBA?BV12@XZ 0000000180027c90 f i CctCharacterControllerCallbacks.obj
 0001:00026d70       ?getXYZ@PxVec4@physx@@QEBA?AVPxVec3@2@XZ 0000000180027d70 f i CctCharacterControllerCallbacks.obj
 0001:00026dc0       ?grow@?$Array@VPxTriangle@physx@@VNamedAllocator@shdfnd@2@@shdfnd@physx@@IEAAXI@Z 0000000180027dc0 f i CctCharacterControllerCallbacks.obj
 0001:00026e60       ?growAndPushBack@?$Array@IVNamedAllocator@shdfnd@physx@@@shdfnd@physx@@IEAAAEAIAEBI@Z 0000000180027e60 f i CctCharacterControllerCallbacks.obj
 0001:00027060       ?processTouches@?$PxHitBuffer@UPxOverlapHit@physx@@@physx@@MEAA_NPEBUPxOverlapHit@2@I@Z 0000000180028060 f i CctCharacterControllerCallbacks.obj
 0001:000270a0       ?project@PxPlane@physx@@QEBA?AVPxVec3@2@AEBV32@@Z 00000001800280a0 f i CctCharacterControllerCallbacks.obj
 0001:00027110       ?pushBack@?$Array@IVNamedAllocator@shdfnd@physx@@@shdfnd@physx@@QEAAAEAIAEBI@Z 0000000180028110 f i CctCharacterControllerCallbacks.obj
 0001:00027200       ?pushBack@TriArray@Cct@physx@@QEAAXAEBVPxTriangle@3@@Z 0000000180028200 f i CctCharacterControllerCallbacks.obj
 0001:000272f0       ?recreate@?$Array@VPxTriangle@physx@@VNamedAllocator@shdfnd@2@@shdfnd@physx@@IEAAXI@Z 00000001800282f0 f i CctCharacterControllerCallbacks.obj
 0001:00027450       ?reserve@?$Array@VPxTriangle@physx@@VNamedAllocator@shdfnd@2@@shdfnd@physx@@QEAAXI@Z 0000000180028450 f i CctCharacterControllerCallbacks.obj
 0001:00027490       ?reserve@TriArray@Cct@physx@@QEAAPEAVPxTriangle@3@I@Z 0000000180028490 f i CctCharacterControllerCallbacks.obj
 0001:00027570       ?rotate@PxMat44@physx@@QEBA?BVPxVec3@2@AEBV32@@Z 0000000180028570 f i CctCharacterControllerCallbacks.obj
 0001:000275e0       ?rotate@PxMat44@physx@@QEBA?BVPxVec4@2@AEBV32@@Z 00000001800285e0 f i CctCharacterControllerCallbacks.obj
 0001:000276d0       ?rotate@PxTransform@physx@@QEBA?AVPxVec3@2@AEBV32@@Z 00000001800286d0 f i CctCharacterControllerCallbacks.obj
 0001:00027780       ?toMat33@PxMeshScale@physx@@QEBA?AVPxMat33@2@XZ 0000000180028780 f i CctCharacterControllerCallbacks.obj
 0001:00027870       ?transform@PxMat33@physx@@QEBA?BVPxVec3@2@AEBV32@@Z 0000000180028870 f i CctCharacterControllerCallbacks.obj
 0001:00027950       ?transform@PxTransform@physx@@QEBA?AVPxPlane@2@AEBV32@@Z 0000000180028950 f i CctCharacterControllerCallbacks.obj
 0001:00027a60       PxCreateControllerManager  0000000180028a60 f   CctCharacterControllerManager.obj
 0001:00027af0       ??0CharacterControllerManager@Cct@physx@@QEAA@AEAVPxScene@2@_N@Z 0000000180028af0 f   CctCharacterControllerManager.obj
 0001:00027d80       ??1CharacterControllerManager@Cct@physx@@UEAA@XZ 0000000180028d80 f   CctCharacterControllerManager.obj
 0001:00027ed0       ?release@CharacterControllerManager@Cct@physx@@UEAAXXZ 0000000180028ed0 f   CctCharacterControllerManager.obj
 0001:00028000       ?getScene@CharacterControllerManager@Cct@physx@@UEBAAEAVPxScene@3@XZ 0000000180029000 f   CctCharacterControllerManager.obj
 0001:00028020       ?getNbControllers@CharacterControllerManager@Cct@physx@@UEBAIXZ 0000000180029020 f   CctCharacterControllerManager.obj
 0001:00028050       ?getController@CharacterControllerManager@Cct@physx@@UEAAPEAVPxController@3@I@Z 0000000180029050 f   CctCharacterControllerManager.obj
 0001:00028140       ?createController@CharacterControllerManager@Cct@physx@@UEAAPEAVPxController@3@AEBVPxControllerDesc@3@@Z 0000000180029140 f   CctCharacterControllerManager.obj
 0001:000284d0       ?purgeControllers@CharacterControllerManager@Cct@physx@@UEAAXXZ 00000001800294d0 f   CctCharacterControllerManager.obj
 0001:00028540       ?getRenderBuffer@CharacterControllerManager@Cct@physx@@UEAAAEAVPxRenderBuffer@3@XZ 0000000180029540 f   CctCharacterControllerManager.obj
 0001:000285d0       ?setDebugRenderingFlags@CharacterControllerManager@Cct@physx@@UEAAXV?$PxFlags@W4Enum@PxControllerDebugRenderFlag@physx@@I@3@@Z 00000001800295d0 f   CctCharacterControllerManager.obj
 0001:00028670       ?getNbObstacleContexts@CharacterControllerManager@Cct@physx@@UEBAIXZ 0000000180029670 f   CctCharacterControllerManager.obj
 0001:000286a0       ?getObstacleContext@CharacterControllerManager@Cct@physx@@UEAAPEAVPxObstacleContext@3@I@Z 00000001800296a0 f   CctCharacterControllerManager.obj
 0001:00028780       ?createObstacleContext@CharacterControllerManager@Cct@physx@@UEAAPEAVPxObstacleContext@3@XZ 0000000180029780 f   CctCharacterControllerManager.obj
 0001:00028820       ?computeInteractions@CharacterControllerManager@Cct@physx@@UEAAXMPEAVPxControllerFilterCallback@3@@Z 0000000180029820 f   CctCharacterControllerManager.obj
 0001:00028bb0       ?setTessellation@CharacterControllerManager@Cct@physx@@UEAAX_NM@Z 0000000180029bb0 f   CctCharacterControllerManager.obj
 0001:00028bf0       ?setOverlapRecoveryModule@CharacterControllerManager@Cct@physx@@UEAAX_N@Z 0000000180029bf0 f   CctCharacterControllerManager.obj
 0001:00028c10       ?setPreciseSweeps@CharacterControllerManager@Cct@physx@@UEAAX_N@Z 0000000180029c10 f   CctCharacterControllerManager.obj
 0001:00028c30       ?setPreventVerticalSlidingAgainstCeiling@CharacterControllerManager@Cct@physx@@UEAAX_N@Z 0000000180029c30 f   CctCharacterControllerManager.obj
 0001:00028c50       ?shiftOrigin@CharacterControllerManager@Cct@physx@@UEAAXAEBVPxVec3@3@@Z 0000000180029c50 f   CctCharacterControllerManager.obj
 0001:00028df0       ?onRelease@CharacterControllerManager@Cct@physx@@UEAAXPEBVPxBase@3@PEAXW4Enum@PxDeletionEventFlag@3@@Z 0000000180029df0 f   CctCharacterControllerManager.obj
 0001:00028fc0       ?registerObservedObject@CharacterControllerManager@Cct@physx@@QEAAXPEBVPxBase@3@@Z 0000000180029fc0 f   CctCharacterControllerManager.obj
 0001:00029050       ?unregisterObservedObject@CharacterControllerManager@Cct@physx@@QEAAXPEBVPxBase@3@@Z 000000018002a050 f   CctCharacterControllerManager.obj
 0001:00029150       ?onObstacleRemoved@CharacterControllerManager@Cct@physx@@QEBAXI@Z 000000018002a150 f   CctCharacterControllerManager.obj
 0001:000291c0       ?onObstacleUpdated@CharacterControllerManager@Cct@physx@@QEBAXIPEBVPxObstacleContext@3@@Z 000000018002a1c0 f   CctCharacterControllerManager.obj
 0001:00029300       ?onObstacleAdded@CharacterControllerManager@Cct@physx@@QEBAXIPEBVPxObstacleContext@3@@Z 000000018002a300 f   CctCharacterControllerManager.obj
 0001:00029440       ?releaseController@CharacterControllerManager@Cct@physx@@QEAAXAEAVPxController@3@@Z 000000018002a440 f   CctCharacterControllerManager.obj
 0001:000296e0       ?getControllers@CharacterControllerManager@Cct@physx@@QEAAPEAPEAVController@23@XZ 000000018002a6e0 f   CctCharacterControllerManager.obj
 0001:00029710       ?releaseObstacleContext@CharacterControllerManager@Cct@physx@@QEAAXAEAVObstacleContext@23@@Z 000000018002a710 f   CctCharacterControllerManager.obj
 0001:00029830       ?resetObstaclesBuffers@CharacterControllerManager@Cct@physx@@QEAAXXZ 000000018002a830 f   CctCharacterControllerManager.obj
 0001:0002b6d0       ??$?2V?$ReflectionAllocator@VBoxController@Cct@physx@@@shdfnd@physx@@@UserAllocated@shdfnd@physx@@SAPEAX_KV?$ReflectionAllocator@VBoxController@Cct@physx@@@12@PEBDH@Z 000000018002c6d0 f i CctCharacterControllerManager.obj
 0001:0002b720       ??$?2V?$ReflectionAllocator@VCapsuleController@Cct@physx@@@shdfnd@physx@@@UserAllocated@shdfnd@physx@@SAPEAX_KV?$ReflectionAllocator@VCapsuleController@Cct@physx@@@12@PEBDH@Z 000000018002c720 f i CctCharacterControllerManager.obj
 0001:0002b770       ??$?2V?$ReflectionAllocator@VCharacterControllerManager@Cct@physx@@@shdfnd@physx@@@UserAllocated@shdfnd@physx@@SAPEAX_KV?$ReflectionAllocator@VCharacterControllerManager@Cct@physx@@@12@PEBDH@Z 000000018002c770 f i CctCharacterControllerManager.obj
 0001:0002b7c0       ??$?2V?$ReflectionAllocator@VObstacleContext@Cct@physx@@@shdfnd@physx@@@UserAllocated@shdfnd@physx@@SAPEAX_KV?$ReflectionAllocator@VObstacleContext@Cct@physx@@@12@PEBDH@Z 000000018002c7c0 f i CctCharacterControllerManager.obj
 0001:0002b810       ??$?2V?$ReflectionAllocator@VRenderBuffer@Cm@physx@@@shdfnd@physx@@@UserAllocated@shdfnd@physx@@SAPEAX_KV?$ReflectionAllocator@VRenderBuffer@Cm@physx@@@12@PEBDH@Z 000000018002c810 f i CctCharacterControllerManager.obj
 0001:0002b860       ??$PX_UNUSED@W4Enum@PxDeletionEventFlag@physx@@@@YAXAEBW4Enum@PxDeletionEventFlag@physx@@@Z 000000018002c860 f i CctCharacterControllerManager.obj
 0001:0002b870       ??$append@UPxDebugLine@physx@@@RenderBuffer@Cm@physx@@AEAAXAEAV?$Array@UPxDebugLine@physx@@VNamedAllocator@shdfnd@2@@shdfnd@2@PEBUPxDebugLine@2@I@Z 000000018002c870 f i CctCharacterControllerManager.obj
 0001:0002b910       ??$append@UPxDebugPoint@physx@@@RenderBuffer@Cm@physx@@AEAAXAEAV?$Array@UPxDebugPoint@physx@@VNamedAllocator@shdfnd@2@@shdfnd@2@PEBUPxDebugPoint@2@I@Z 000000018002c910 f i CctCharacterControllerManager.obj
 0001:0002b9b0       ??$append@UPxDebugText@physx@@@RenderBuffer@Cm@physx@@AEAAXAEAV?$Array@UPxDebugText@physx@@VNamedAllocator@shdfnd@2@@shdfnd@2@PEBUPxDebugText@2@I@Z 000000018002c9b0 f i CctCharacterControllerManager.obj
 0001:0002ba50       ??$append@UPxDebugTriangle@physx@@@RenderBuffer@Cm@physx@@AEAAXAEAV?$Array@UPxDebugTriangle@physx@@VNamedAllocator@shdfnd@2@@shdfnd@2@PEBUPxDebugTriangle@2@I@Z 000000018002ca50 f i CctCharacterControllerManager.obj
 0001:0002baf0       ??$resetOrClear@V?$Array@PEBXVNamedAllocator@shdfnd@physx@@@shdfnd@physx@@@@YAXAEAV?$Array@PEBXVNamedAllocator@shdfnd@physx@@@shdfnd@physx@@@Z 000000018002caf0 f i CctCharacterControllerManager.obj
 0001:0002bb70       ??$resetOrClear@V?$Array@UPxExtendedCapsule@physx@@VNamedAllocator@shdfnd@2@@shdfnd@physx@@@@YAXAEAV?$Array@UPxExtendedCapsule@physx@@VNamedAllocator@shdfnd@2@@shdfnd@physx@@@Z 000000018002cb70 f i CctCharacterControllerManager.obj
 0001:0002bbf0       ??$resetOrClear@V?$Array@VPxExtendedBox@physx@@VNamedAllocator@shdfnd@2@@shdfnd@physx@@@@YAXAEAV?$Array@VPxExtendedBox@physx@@VNamedAllocator@shdfnd@2@@shdfnd@physx@@@Z 000000018002cbf0 f i CctCharacterControllerManager.obj
[...]
 0003:00002140       _wenviron_table            0000000180132140     libucrtd:environment_initialization.obj
 0003:00002150       __dcrt_initial_wide_environment 0000000180132150     libucrtd:environment_initialization.obj
 0003:00002160       __dcrt_initial_narrow_environment 0000000180132160     libucrtd:environment_initialization.obj
 0003:00002170       __acrt_atexit_table        0000000180132170     libucrtd:onexit.obj
 0003:00002190       __acrt_at_quick_exit_table 0000000180132190     libucrtd:onexit.obj
 0003:000021c0       _pfnReportHook             00000001801321c0     libucrtd:dbgrptt.obj
 0003:000021c8       _pReportHookList           00000001801321c8     libucrtd:dbgrptt.obj
 0003:000021d0       _pReportHookListW          00000001801321d0     libucrtd:dbgrptt.obj
 0003:00002490       __acrt_locale_changed_data 0000000180132490     libucrtd:wsetlocale.obj
 0003:00002498       __acrt_current_locale_data 0000000180132498     libucrtd:nlsdata.obj
 0003:000024a8       __acrt_heap                00000001801324a8     libucrtd:heap_handle.obj
 0003:000026c8       __mbcodepage               00000001801326c8     libucrtd:mbctype.obj
 0003:000026cc       __ismbcodepage             00000001801326cc     libucrtd:mbctype.obj
 0003:000026d0       __mbulinfo                 00000001801326d0     libucrtd:mbctype.obj
 0003:000026e8       __mblocalename             00000001801326e8     libucrtd:mbctype.obj
 0003:000026f4       __argc                     00000001801326f4     libucrtd:argv_data.obj
 0003:000026f8       __argv                     00000001801326f8     libucrtd:argv_data.obj
 0003:00002708       __wargv                    0000000180132708     libucrtd:argv_data.obj
 0003:00002718       _acmdln                    0000000180132718     libucrtd:argv_data.obj
 0003:00002728       _wcmdln                    0000000180132728     libucrtd:argv_data.obj
 0003:00002738       _pgmptr                    0000000180132738     libucrtd:argv_data.obj
 0003:00002748       _wpgmptr                   0000000180132748     libucrtd:argv_data.obj
 0003:00002760       __pioinfo                  0000000180132760     libucrtd:ioinit.obj
 0003:00002c2c       _nhandle                   0000000180132c2c     libucrtd:ioinit.obj
 0003:00002c40       __acrt_stdout_buffer       0000000180132c40     libucrtd:_sftbuf.obj
 0003:00002c50       __acrt_stderr_buffer       0000000180132c50     libucrtd:_sftbuf.obj
 0003:00002c60       _nstream                   0000000180132c60     libucrtd:_file.obj
 0003:00002c68       __piob                     0000000180132c68     libucrtd:_file.obj
 0003:00002c74       _cflush                    0000000180132c74     libucrtd:_file.obj
 0003:000033f3       __acrt_lconv_static_null   00000001801333f3     libucrtd:localeconv.obj
 0003:000033f4       __acrt_lconv_static_W_null 00000001801333f4     libucrtd:localeconv.obj
 0003:000033fc       __fma3_is_available        00000001801333fc     libucrtd:fma3_available.obj
 0003:00003400       __use_fma3_lib             0000000180133400     libucrtd:fma3_available.obj
 0003:00003408       ?g_OutOfMemoryExceptionCallback@@3P6APEAXXZEA 0000000180133408     libvcruntimed:frame.obj
 0003:00003414       __scrt_ucrt_dll_is_in_use  0000000180133414     <common>
 0003:00003420       __dyn_tls_init_callback    0000000180133420     <common>
 0005:00000000       __imp_GetProcAddress       000000018013f000     kernel32:KERNEL32.dll
 0005:00000008       __imp_RtlPcToFileHeader    000000018013f008     kernel32:KERNEL32.dll
 0005:00000010       __imp_CreateFileW          000000018013f010     kernel32:KERNEL32.dll
 0005:00000018       __imp_SetFilePointerEx     000000018013f018     kernel32:KERNEL32.dll
 0005:00000020       __imp_GetConsoleMode       000000018013f020     kernel32:KERNEL32.dll
 0005:00000028       __imp_GetConsoleCP         000000018013f028     kernel32:KERNEL32.dll
 0005:00000030       __imp_FlushFileBuffers     000000018013f030     kernel32:KERNEL32.dll
 0005:00000038       __imp_SetStdHandle         000000018013f038     kernel32:KERNEL32.dll
 0005:00000040       __imp_GetStringTypeW       000000018013f040     kernel32:KERNEL32.dll
 0005:00000048       __imp_SetEnvironmentVariableW 000000018013f048     kernel32:KERNEL32.dll
 0005:00000050       __imp_SetEnvironmentVariableA 000000018013f050     kernel32:KERNEL32.dll
 0005:00000058       __imp_FreeEnvironmentStringsW 000000018013f058     kernel32:KERNEL32.dll
 0005:00000060       __imp_GetEnvironmentStringsW 000000018013f060     kernel32:KERNEL32.dll
 0005:00000068       __imp_GetCommandLineW      000000018013f068     kernel32:KERNEL32.dll
 0005:00000070       __imp_GetCommandLineA      000000018013f070     kernel32:KERNEL32.dll
 0005:00000078       __imp_GetCPInfo            000000018013f078     kernel32:KERNEL32.dll
 0005:00000080       __imp_GetOEMCP             000000018013f080     kernel32:KERNEL32.dll
 0005:00000088       __imp_IsValidCodePage      000000018013f088     kernel32:KERNEL32.dll
 0005:00000090       __imp_FindNextFileW        000000018013f090     kernel32:KERNEL32.dll
 0005:00000098       __imp_FindNextFileA        000000018013f098     kernel32:KERNEL32.dll
 0005:000000a0       __imp_FindFirstFileExW     000000018013f0a0     kernel32:KERNEL32.dll
 0005:000000a8       __imp_FindFirstFileExA     000000018013f0a8     kernel32:KERNEL32.dll
 0005:000000b0       __imp_FindClose            000000018013f0b0     kernel32:KERNEL32.dll
 0005:000000b8       __imp_EnumSystemLocalesW   000000018013f0b8     kernel32:KERNEL32.dll
 0005:000000c0       __imp_GetUserDefaultLCID   000000018013f0c0     kernel32:KERNEL32.dll
 0005:000000c8       __imp_IsValidLocale        000000018013f0c8     kernel32:KERNEL32.dll
 0005:000000d0       __imp_GetLocaleInfoW       000000018013f0d0     kernel32:KERNEL32.dll
 0005:000000d8       __imp_LCMapStringW         000000018013f0d8     kernel32:KERNEL32.dll
 0005:000000e0       __imp_CompareStringW       000000018013f0e0     kernel32:KERNEL32.dll
 0005:000000e8       __imp_GetTimeFormatW       000000018013f0e8     kernel32:KERNEL32.dll
 0005:000000f0       __imp_GetDateFormatW       000000018013f0f0     kernel32:KERNEL32.dll
 0005:000000f8       __imp_GetACP               000000018013f0f8     kernel32:KERNEL32.dll
 0005:00000100       __imp_HeapQueryInformation 000000018013f100     kernel32:KERNEL32.dll
 0005:00000108       __imp_GetCurrentThread     000000018013f108     kernel32:KERNEL32.dll
 0005:00000110       __imp_HeapReAlloc          000000018013f110     kernel32:KERNEL32.dll
 0005:00000118       __imp_SetConsoleCtrlHandler 000000018013f118     kernel32:KERNEL32.dll
 0005:00000120       __imp_CreateThread         000000018013f120     kernel32:KERNEL32.dll
 0005:00000128       __imp_WaitForSingleObjectEx 000000018013f128     kernel32:KERNEL32.dll
 0005:00000130       __imp_CloseHandle          000000018013f130     kernel32:KERNEL32.dll
 0005:00000138       __imp_WriteConsoleW        000000018013f138     kernel32:KERNEL32.dll
 0005:00000140       __imp_OutputDebugStringW   000000018013f140     kernel32:KERNEL32.dll
 0005:00000148       __imp_OutputDebugStringA   000000018013f148     kernel32:KERNEL32.dll
 0005:00000150       __imp_WriteFile            000000018013f150     kernel32:KERNEL32.dll
 0005:00000158       __imp_GetFileType          000000018013f158     kernel32:KERNEL32.dll
 0005:00000160       __imp_InitializeSListHead  000000018013f160     kernel32:KERNEL32.dll
 0005:00000168       __imp_QueryPerformanceCounter 000000018013f168     kernel32:KERNEL32.dll
 0005:00000170       __imp_GetCurrentProcessId  000000018013f170     kernel32:KERNEL32.dll
 0005:00000178       __imp_GetCurrentThreadId   000000018013f178     kernel32:KERNEL32.dll
 0005:00000180       __imp_GetSystemTimeAsFileTime 000000018013f180     kernel32:KERNEL32.dll
 0005:00000188       __imp_RtlCaptureContext    000000018013f188     kernel32:KERNEL32.dll
 0005:00000190       __imp_RtlLookupFunctionEntry 000000018013f190     kernel32:KERNEL32.dll
 0005:00000198       __imp_RtlVirtualUnwind     000000018013f198     kernel32:KERNEL32.dll
 0005:000001a0       __imp_IsDebuggerPresent    000000018013f1a0     kernel32:KERNEL32.dll
 0005:000001a8       __imp_UnhandledExceptionFilter 000000018013f1a8     kernel32:KERNEL32.dll
 0005:000001b0       __imp_SetUnhandledExceptionFilter 000000018013f1b0     kernel32:KERNEL32.dll
 0005:000001b8       __imp_GetStartupInfoW      000000018013f1b8     kernel32:KERNEL32.dll
 0005:000001c0       __imp_IsProcessorFeaturePresent 000000018013f1c0     kernel32:KERNEL32.dll
 0005:000001c8       __imp_GetModuleHandleW     000000018013f1c8     kernel32:KERNEL32.dll
 0005:000001d0       __imp_RaiseException       000000018013f1d0     kernel32:KERNEL32.dll
 0005:000001d8       __imp_MultiByteToWideChar  000000018013f1d8     kernel32:KERNEL32.dll
 0005:000001e0       __imp_WideCharToMultiByte  000000018013f1e0     kernel32:KERNEL32.dll
 0005:000001e8       __imp_GetLastError         000000018013f1e8     kernel32:KERNEL32.dll
 0005:000001f0       __imp_HeapAlloc            000000018013f1f0     kernel32:KERNEL32.dll
 0005:000001f8       __imp_HeapFree             000000018013f1f8     kernel32:KERNEL32.dll
 0005:00000200       __imp_GetProcessHeap       000000018013f200     kernel32:KERNEL32.dll
 0005:00000208       __imp_VirtualQuery         000000018013f208     kernel32:KERNEL32.dll
 0005:00000210       __imp_FreeLibrary          000000018013f210     kernel32:KERNEL32.dll
 0005:00000218       __imp_EncodePointer        000000018013f218     kernel32:KERNEL32.dll
 0005:00000220       __imp_GetCurrentProcess    000000018013f220     kernel32:KERNEL32.dll
 0005:00000228       __imp_TerminateProcess     000000018013f228     kernel32:KERNEL32.dll
 0005:00000230       __imp_InterlockedPushEntrySList 000000018013f230     kernel32:KERNEL32.dll
 0005:00000238       __imp_InterlockedFlushSList 000000018013f238     kernel32:KERNEL32.dll
 0005:00000240       __imp_RtlUnwindEx          000000018013f240     kernel32:KERNEL32.dll
 0005:00000248       __imp_GetModuleFileNameW   000000018013f248     kernel32:KERNEL32.dll
 0005:00000250       __imp_LoadLibraryExW       000000018013f250     kernel32:KERNEL32.dll
 0005:00000258       __imp_SetLastError         000000018013f258     kernel32:KERNEL32.dll
 0005:00000260       __imp_EnterCriticalSection 000000018013f260     kernel32:KERNEL32.dll
 0005:00000268       __imp_LeaveCriticalSection 000000018013f268     kernel32:KERNEL32.dll
 0005:00000270       __imp_DeleteCriticalSection 000000018013f270     kernel32:KERNEL32.dll
 0005:00000278       __imp_InitializeCriticalSectionAndSpinCount 000000018013f278     kernel32:KERNEL32.dll
 0005:00000280       __imp_TlsAlloc             000000018013f280     kernel32:KERNEL32.dll
 0005:00000288       __imp_TlsGetValue          000000018013f288     kernel32:KERNEL32.dll
 0005:00000290       __imp_TlsSetValue          000000018013f290     kernel32:KERNEL32.dll
 0005:00000298       __imp_TlsFree              000000018013f298     kernel32:KERNEL32.dll
 0005:000002a0       __imp_GetModuleFileNameA   000000018013f2a0     kernel32:KERNEL32.dll
 0005:000002a8       __imp_GetModuleHandleExW   000000018013f2a8     kernel32:KERNEL32.dll
 0005:000002b0       __imp_HeapSize             000000018013f2b0     kernel32:KERNEL32.dll
 0005:000002b8       __imp_HeapValidate         000000018013f2b8     kernel32:KERNEL32.dll
 0005:000002c0       __imp_GetSystemInfo        000000018013f2c0     kernel32:KERNEL32.dll
 0005:000002c8       __imp_ExitProcess          000000018013f2c8     kernel32:KERNEL32.dll
 0005:000002d0       __imp_GetStdHandle         000000018013f2d0     kernel32:KERNEL32.dll
 0005:000002d8       \177KERNEL32_NULL_THUNK_DATA 000000018013f2d8     kernel32:KERNEL32.dll
 0005:000003c0       __imp_?findOverlapHeightField@PxMeshQuery@physx@@SAIAEBVPxGeometry@2@AEBVPxTransform@2@AEBVPxHeightFieldGeometry@2@1PEAIIIAEA_N@Z 000000018013f3c0     PhysX3CommonDEBUG_x64:PhysX3CommonDEBUG_x64.dll
 0005:000003c8       __imp_?findOverlapTriangleMesh@PxMeshQuery@physx@@SAIAEBVPxGeometry@2@AEBVPxTransform@2@AEBVPxTriangleMeshGeometry@2@1PEAIIIAEA_N@Z 000000018013f3c8     PhysX3CommonDEBUG_x64:PhysX3CommonDEBUG_x64.dll
 0005:000003d0       __imp_?getRaycastFuncTable@Gu@physx@@YAAEAY06Q6AIAEBVPxGeometry@2@AEBVPxTransform@2@AEBVPxVec3@2@2MV?$PxFlags@W4Enum@PxHitFlag@physx@@G@2@IPEIAUPxRaycastHit@2@@ZXZ 000000018013f3d0     PhysX3CommonDEBUG_x64:PhysX3CommonDEBUG_x64.dll
 0005:000003d8       __imp_?distanceSegmentSegmentSquared@Gu@physx@@YAMAEBVPxVec3@2@000PEAM1@Z 000000018013f3d8     PhysX3CommonDEBUG_x64:PhysX3CommonDEBUG_x64.dll
 0005:000003e0       __imp_?CompleteBoxPruning@Cm@physx@@YA_NPEBVPxBounds3@2@IAEAV?$Array@IVNamedAllocator@shdfnd@physx@@@shdfnd@2@AEBVAxes@Gu@2@@Z 000000018013f3e0     PhysX3CommonDEBUG_x64:PhysX3CommonDEBUG_x64.dll
 0005:000003e8       __imp_?intersectTriangleBox_Unsafe@Gu@physx@@YAHAEBVPxVec3@2@0000@Z 000000018013f3e8     PhysX3CommonDEBUG_x64:PhysX3CommonDEBUG_x64.dll
 0005:000003f0       __imp_??6RenderOutput@Cm@physx@@QEAAAEAV012@VPxVec3@2@@Z 000000018013f3f0     PhysX3CommonDEBUG_x64:PhysX3CommonDEBUG_x64.dll
 0005:000003f8       __imp_??6RenderOutput@Cm@physx@@QEAAAEAV012@W4Primitive@012@@Z 000000018013f3f8     PhysX3CommonDEBUG_x64:PhysX3CommonDEBUG_x64.dll
 0005:00000400       __imp_?getTriangle@PxMeshQuery@physx@@SAXAEBVPxHeightFieldGeometry@2@AEBVPxTransform@2@IAEAVPxTriangle@2@PEAI3@Z 000000018013f400     PhysX3CommonDEBUG_x64:PhysX3CommonDEBUG_x64.dll
 0005:00000408       __imp_?getTriangle@PxMeshQuery@physx@@SAXAEBVPxTriangleMeshGeometry@2@AEBVPxTransform@2@IAEAVPxTriangle@2@PEAI3@Z 000000018013f408     PhysX3CommonDEBUG_x64:PhysX3CommonDEBUG_x64.dll
 0005:00000410       __imp_?distanceSegmentBoxSquared@Gu@physx@@YAMAEBVPxVec3@2@000AEBVPxMat33@2@PEAMPEAV32@@Z 000000018013f410     PhysX3CommonDEBUG_x64:PhysX3CommonDEBUG_x64.dll
 0005:00000418       __imp_?intersectOBBOBB@Gu@physx@@YA_NAEBVPxVec3@2@0AEBVPxMat33@2@001_N@Z 000000018013f418     PhysX3CommonDEBUG_x64:PhysX3CommonDEBUG_x64.dll
 0005:00000420       __imp_??1Box@Gu@physx@@QEAA@XZ 000000018013f420     PhysX3CommonDEBUG_x64:PhysX3CommonDEBUG_x64.dll
 0005:00000428       __imp_??0Box@Gu@physx@@QEAA@AEBVPxVec3@2@0AEBVPxMat33@2@@Z 000000018013f428     PhysX3CommonDEBUG_x64:PhysX3CommonDEBUG_x64.dll
 0005:00000430       __imp_?computePenetration@PxGeometryQuery@physx@@SA_NAEAVPxVec3@2@AEAMAEBVPxGeometry@2@AEBVPxTransform@2@23@Z 000000018013f430     PhysX3CommonDEBUG_x64:PhysX3CommonDEBUG_x64.dll
 0005:00000438       __imp_?sweep@PxGeometryQuery@physx@@SA_NAEBVPxVec3@2@MAEBVPxGeometry@2@AEBVPxTransform@2@12AEAUPxSweepHit@2@V?$PxFlags@W4Enum@PxHitFlag@physx@@G@2@M@Z 000000018013f438     PhysX3CommonDEBUG_x64:PhysX3CommonDEBUG_x64.dll
 0005:00000440       __imp_?PxTransformFromSegment@physx@@YA?AVPxTransform@1@AEBVPxVec3@1@0PEAM@Z 000000018013f440     PhysX3CommonDEBUG_x64:PhysX3CommonDEBUG_x64.dll
 0005:00000448       __imp_??6Cm@physx@@YAAEAVRenderOutput@01@AEAV201@AEBUDebugBox@01@@Z 000000018013f448     PhysX3CommonDEBUG_x64:PhysX3CommonDEBUG_x64.dll
 0005:00000450       __imp_?outputCapsule@RenderOutput@Cm@physx@@QEAAAEAV123@MMAEBVPxMat44@3@@Z 000000018013f450     PhysX3CommonDEBUG_x64:PhysX3CommonDEBUG_x64.dll
 0005:00000458       __imp_??6RenderOutput@Cm@physx@@QEAAAEAV012@AEBVPxTransform@2@@Z 000000018013f458     PhysX3CommonDEBUG_x64:PhysX3CommonDEBUG_x64.dll
 0005:00000460       __imp_??6RenderOutput@Cm@physx@@QEAAAEAV012@I@Z 000000018013f460     PhysX3CommonDEBUG_x64:PhysX3CommonDEBUG_x64.dll
 0005:00000468       __imp_??0RenderOutput@Cm@physx@@QEAA@AEAVRenderBuffer@12@@Z 000000018013f468     PhysX3CommonDEBUG_x64:PhysX3CommonDEBUG_x64.dll
 0005:00000470       __imp_?sweep@PxMeshQuery@physx@@SA_NAEBVPxVec3@2@MAEBVPxGeometry@2@AEBVPxTransform@2@IPEBVPxTriangle@2@AEAUPxSweepHit@2@V?$PxFlags@W4Enum@PxHitFlag@physx@@G@2@PEBIM_N@Z 000000018013f470     PhysX3CommonDEBUG_x64:PhysX3CommonDEBUG_x64.dll
 0005:00000478       \177PhysX3CommonDEBUG_x64_NULL_THUNK_DATA 000000018013f478     PhysX3CommonDEBUG_x64:PhysX3CommonDEBUG_x64.dll
 0005:000004f0       __imp_?PxDiagonalize@physx@@YA?AVPxVec3@1@AEBVPxMat33@1@AEAVPxQuat@1@@Z 000000018013f4f0     PxFoundationDEBUG_x64:PxFoundationDEBUG_x64.dll
 0005:000004f8       __imp_?PxShortestRotation@physx@@YA?AVPxQuat@1@AEBVPxVec3@1@0@Z 000000018013f4f8     PxFoundationDEBUG_x64:PxFoundationDEBUG_x64.dll
 0005:00000500       __imp_?error@Foundation@shdfnd@physx@@QEAAXW4Enum@PxErrorCode@3@PEBDH1ZZ 000000018013f500     PxFoundationDEBUG_x64:PxFoundationDEBUG_x64.dll
 0005:00000508       __imp_?decRefCount@Foundation@shdfnd@physx@@SAXXZ 000000018013f508     PxFoundationDEBUG_x64:PxFoundationDEBUG_x64.dll
 0005:00000510       __imp_?incRefCount@Foundation@shdfnd@physx@@SAXXZ 000000018013f510     PxFoundationDEBUG_x64:PxFoundationDEBUG_x64.dll
 0005:00000518       __imp_?getInstance@Foundation@shdfnd@physx@@SAAEAV123@XZ 000000018013f518     PxFoundationDEBUG_x64:PxFoundationDEBUG_x64.dll
 0005:00000520       __imp_?getSize@MutexImpl@shdfnd@physx@@SAAEBIXZ 000000018013f520     PxFoundationDEBUG_x64:PxFoundationDEBUG_x64.dll
 0005:00000528       __imp_??1MutexImpl@shdfnd@physx@@QEAA@XZ 000000018013f528     PxFoundationDEBUG_x64:PxFoundationDEBUG_x64.dll
 0005:00000530       __imp_??0MutexImpl@shdfnd@physx@@QEAA@XZ 000000018013f530     PxFoundationDEBUG_x64:PxFoundationDEBUG_x64.dll
 0005:00000538       __imp_PxGetFoundation      000000018013f538     PxFoundationDEBUG_x64:PxFoundationDEBUG_x64.dll
 0005:00000540       __imp_?deallocate@NamedAllocator@shdfnd@physx@@QEAAXPEAX@Z 000000018013f540     PxFoundationDEBUG_x64:PxFoundationDEBUG_x64.dll
 0005:00000548       __imp_?allocate@NamedAllocator@shdfnd@physx@@QEAAPEAX_KPEBDH@Z 000000018013f548     PxFoundationDEBUG_x64:PxFoundationDEBUG_x64.dll
 0005:00000550       __imp_??1NamedAllocator@shdfnd@physx@@QEAA@XZ 000000018013f550     PxFoundationDEBUG_x64:PxFoundationDEBUG_x64.dll
 0005:00000558       __imp_??0NamedAllocator@shdfnd@physx@@QEAA@AEBV012@@Z 000000018013f558     PxFoundationDEBUG_x64:PxFoundationDEBUG_x64.dll
 0005:00000560       __imp_PxGetProfilerCallback 000000018013f560     PxFoundationDEBUG_x64:PxFoundationDEBUG_x64.dll
 0005:00000568       __imp_?unlock@MutexImpl@shdfnd@physx@@QEAAXXZ 000000018013f568     PxFoundationDEBUG_x64:PxFoundationDEBUG_x64.dll
 0005:00000570       __imp_?lock@MutexImpl@shdfnd@physx@@QEAAXXZ 000000018013f570     PxFoundationDEBUG_x64:PxFoundationDEBUG_x64.dll
 0005:00000578       __imp_??0NamedAllocator@shdfnd@physx@@QEAA@PEBD@Z 000000018013f578     PxFoundationDEBUG_x64:PxFoundationDEBUG_x64.dll
 0005:00000580       __imp_?getAllocator@shdfnd@physx@@YAAEAVPxAllocatorCallback@2@XZ 000000018013f580     PxFoundationDEBUG_x64:PxFoundationDEBUG_x64.dll
 0005:00000588       __imp_?PxGetAssertHandler@physx@@YAAEAVPxAssertHandler@1@XZ 000000018013f588     PxFoundationDEBUG_x64:PxFoundationDEBUG_x64.dll
 0005:00000590       \177PxFoundationDEBUG_x64_NULL_THUNK_DATA 000000018013f590     PxFoundationDEBUG_x64:PxFoundationDEBUG_x64.dll
 0005:00000608       __IMPORT_DESCRIPTOR_PxFoundationDEBUG_x64 000000018013f608     PxFoundationDEBUG_x64:PxFoundationDEBUG_x64.dll
 0005:0000061c       __IMPORT_DESCRIPTOR_PhysX3CommonDEBUG_x64 000000018013f61c     PhysX3CommonDEBUG_x64:PhysX3CommonDEBUG_x64.dll
 0005:00000630       __IMPORT_DESCRIPTOR_KERNEL32 000000018013f630     kernel32:KERNEL32.dll
 0005:00000644       __NULL_IMPORT_DESCRIPTOR   000000018013f644     PxFoundationDEBUG_x64:PxFoundationDEBUG_x64.dll
 0007:00000000       __guard_check_icall_fptr   0000000180143000     LIBCMTD:guard_support.obj
 0007:00000010       __guard_dispatch_icall_fptr 0000000180143010     LIBCMTD:guard_support.obj
